  Determining projects to restore...
  All projects are up-to-date for restore.
  /usr/bin/cp: cannot stat 'Generated Files\Secrets.Generated.cs': No such file or directory
  ExternalLibraries.FilePickers -> /home/runner/work/UniGetUI/UniGetUI/src/ExternalLibraries.FilePickers/bin/Debug/net8.0/ExternalLibraries.FilePickers.dll
  UniGetUI.Interface.Enums -> /home/runner/work/UniGetUI/UniGetUI/src/UniGetUI.Interface.Enums/bin/Debug/net8.0/UniGetUI.Interface.Enums.dll
  ExternalLibraries.Clipboard -> /home/runner/work/UniGetUI/UniGetUI/src/ExternalLibraries.Clipboard/bin/Debug/net8.0/ExternalLibraries.Clipboard.dll
  UniGetUI.Core.Logging -> /home/runner/work/UniGetUI/UniGetUI/src/UniGetUI.Core.Logger/bin/Debug/net8.0/UniGetUI.Core.Logging.dll
  UniGetUI.PackageEngine.Structs -> /home/runner/work/UniGetUI/UniGetUI/src/UniGetUI.PackageEngine.Enums/bin/Debug/net8.0/UniGetUI.PackageEngine.Structs.dll
  UniGetUI.Core.Classes -> /home/runner/work/UniGetUI/UniGetUI/src/UniGetUI.Core.Classes/bin/Debug/net8.0/UniGetUI.Core.Classes.dll
  UniGetUI.Core.Data -> /home/runner/work/UniGetUI/UniGetUI/src/UniGetUI.Core.Data/bin/Debug/net8.0/UniGetUI.Core.Data.dll
  UniGetUI.Core.Settings -> /home/runner/work/UniGetUI/UniGetUI/src/UniGetUI.Core.Settings/bin/Debug/net8.0/UniGetUI.Core.Settings.dll
  UniGetUI.Core.LanguageEngine -> /home/runner/work/UniGetUI/UniGetUI/src/UniGetUI.Core.LanguageEngine/bin/Debug/net8.0/UniGetUI.Core.LanguageEngine.dll
  UniGetUI.Core.Tools -> /home/runner/work/UniGetUI/UniGetUI/src/UniGetUI.Core.Tools/bin/Debug/net8.0/UniGetUI.Core.Tools.dll
  UniGetUI.Core.IconEngine -> /home/runner/work/UniGetUI/UniGetUI/src/UniGetUI.Core.IconStore/bin/Debug/net8.0/UniGetUI.Core.IconEngine.dll
  UniGetUI.Core.SecureSettings -> /home/runner/work/UniGetUI/UniGetUI/src/UniGetUI.Core.SecureSettings/bin/Debug/net8.0/UniGetUI.Core.SecureSettings.dll
  UniGetUI.PackageEngine.Serializable -> /home/runner/work/UniGetUI/UniGetUI/src/UniGetUI.PackageEngine.Serializable/bin/Debug/net8.0/UniGetUI.PackageEngine.Serializable.dll
  UniGetUI.PackageEngine.Interfaces -> /home/runner/work/UniGetUI/UniGetUI/src/UniGetUI.PAckageEngine.Interfaces/bin/Debug/net8.0/UniGetUI.PackageEngine.Interfaces.dll
  UniGetUI.PackageEngine.PackageLoaders -> /home/runner/work/UniGetUI/UniGetUI/src/UniGetUI.PackageEngine.PackageLoader/bin/Debug/net8.0/UniGetUI.PackageEngine.PackageLoaders.dll
  UniGetUI.PackageEngine.Classes -> /home/runner/work/UniGetUI/UniGetUI/src/UniGetUI.PackageEngine.PackageManagerClasses/bin/Debug/net8.0/UniGetUI.PackageEngine.Classes.dll
  UniGetUI.PackageEngine.Managers.Npm -> /home/runner/work/UniGetUI/UniGetUI/src/UniGetUI.PackageEngine.Managers.Npm/bin/Debug/net8.0/UniGetUI.PackageEngine.Managers.Npm.dll
  UniGetUI.PackageEngine.Managers.Cargo -> /home/runner/work/UniGetUI/UniGetUI/src/UniGetUI.PackageEngine.Managers.Cargo/bin/Debug/net8.0/UniGetUI.PackageEngine.Managers.Cargo.dll
  UniGetUI.PackageEngine.Managers.Scoop -> /home/runner/work/UniGetUI/UniGetUI/src/UniGetUI.PackageEngine.Managers.Scoop/bin/Debug/net8.0/UniGetUI.PackageEngine.Managers.Scoop.dll
  UniGetUI.PackageEngine.Managers.Generic.NuGet -> /home/runner/work/UniGetUI/UniGetUI/src/UniGetUI.PackageEngine.Managers.Generic.NuGet/bin/Debug/net8.0/UniGetUI.PackageEngine.Managers.Generic.NuGet.dll
  UniGetUI.PackageEngine.Managers.Vcpkg -> /home/runner/work/UniGetUI/UniGetUI/src/UniGetUI.PackageEngine.Managers.Vcpkg/bin/Debug/net8.0/UniGetUI.PackageEngine.Managers.Vcpkg.dll
  UniGetUI.PackageEngine.Managers.WinGet -> /home/runner/work/UniGetUI/UniGetUI/src/UniGetUI.PackageEngine.Managers.WinGet/bin/Debug/net8.0/UniGetUI.PackageEngine.Managers.WinGet.dll
  UniGetUI.PackageEngine.Managers.Dotnet -> /home/runner/work/UniGetUI/UniGetUI/src/UniGetUI.PackageEngine.Managers.Dotnet/bin/Debug/net8.0/UniGetUI.PackageEngine.Managers.Dotnet.dll
  UniGetUI.PackageEngine.Managers.PowerShell7 -> /home/runner/work/UniGetUI/UniGetUI/src/UniGetUI.PackageEngine.Managers.PowerShell7/bin/Debug/net8.0/UniGetUI.PackageEngine.Managers.PowerShell7.dll
  UniGetUI.PackageEngine.Managers.Chocolatey -> /home/runner/work/UniGetUI/UniGetUI/src/UniGetUI.PackageEngine.Managers.Chocolatey/bin/Debug/net8.0/UniGetUI.PackageEngine.Managers.Chocolatey.dll
  UniGetUI.PackageEngine.Managers.PowerShell -> /home/runner/work/UniGetUI/UniGetUI/src/UniGetUI.PackageEngine.Managers.PowerShell/bin/Debug/net8.0/UniGetUI.PackageEngine.Managers.PowerShell.dll
  UniGetUI.PackageEngine.Managers.Pip -> /home/runner/work/UniGetUI/UniGetUI/src/UniGetUI.PackageEngine.Managers.Pip/bin/Debug/net8.0/UniGetUI.PackageEngine.Managers.Pip.dll
  UniGetUI.PackageEngine.Operations -> /home/runner/work/UniGetUI/UniGetUI/src/UniGetUI.PackageEngine.Operations/bin/Debug/net8.0/UniGetUI.PackageEngine.Operations.dll
  UniGetUI.PackageEngine.PEInterface -> /home/runner/work/UniGetUI/UniGetUI/src/UniGetUI.PackageEngine.PackageEngine/bin/Debug/net8.0/UniGetUI.PackageEngine.PEInterface.dll
  UniGetUI.Interface.BackgroundApi -> /home/runner/work/UniGetUI/UniGetUI/src/UniGetUI.Interface.BackgroundApi/bin/Debug/net8.0/UniGetUI.Interface.BackgroundApi.dll
  UniGetUI.Interface.Telemetry -> /home/runner/work/UniGetUI/UniGetUI/src/UniGetUI.Interface.Telemetry/bin/Debug/net8.0/UniGetUI.Interface.Telemetry.dll
/home/runner/work/UniGetUI/UniGetUI/src/UniGetUI/Controls/PackageWrapper.cs(7,7): warning CS0105: The using directive for 'Avalonia.Interactivity' appeared previously in this namespace [/home/runner/work/UniGetUI/UniGetUI/src/UniGetUI/UniGetUI.csproj]
/home/runner/work/UniGetUI/UniGetUI/src/UniGetUI/Controls/PackageWrapper.cs(9,7): warning CS0105: The using directive for 'Avalonia.Interactivity' appeared previously in this namespace [/home/runner/work/UniGetUI/UniGetUI/src/UniGetUI/UniGetUI.csproj]
/home/runner/work/UniGetUI/UniGetUI/src/UniGetUI/Controls/SettingsWidgets/CheckboxButtonCard.cs(4,7): warning CS0105: The using directive for 'Avalonia.Interactivity' appeared previously in this namespace [/home/runner/work/UniGetUI/UniGetUI/src/UniGetUI/UniGetUI.csproj]
/home/runner/work/UniGetUI/UniGetUI/src/UniGetUI/Controls/SettingsWidgets/CheckboxButtonCard.cs(6,7): warning CS0105: The using directive for 'Avalonia.Interactivity' appeared previously in this namespace [/home/runner/work/UniGetUI/UniGetUI/src/UniGetUI/UniGetUI.csproj]
/home/runner/work/UniGetUI/UniGetUI/src/UniGetUI/Controls/SettingsWidgets/CheckboxButtonCard.cs(8,7): warning CS0105: The using directive for 'Avalonia.Interactivity' appeared previously in this namespace [/home/runner/work/UniGetUI/UniGetUI/src/UniGetUI/UniGetUI.csproj]
/home/runner/work/UniGetUI/UniGetUI/src/UniGetUI/Controls/SettingsWidgets/CheckboxCard.cs(5,7): warning CS0105: The using directive for 'Avalonia.Interactivity' appeared previously in this namespace [/home/runner/work/UniGetUI/UniGetUI/src/UniGetUI/UniGetUI.csproj]
/home/runner/work/UniGetUI/UniGetUI/src/UniGetUI/Controls/SettingsWidgets/CheckboxCard.cs(7,7): warning CS0105: The using directive for 'Avalonia.Interactivity' appeared previously in this namespace [/home/runner/work/UniGetUI/UniGetUI/src/UniGetUI/UniGetUI.csproj]
/home/runner/work/UniGetUI/UniGetUI/src/UniGetUI/Pages/DialogPages/AboutUniGetUI.xaml.cs(3,7): warning CS0105: The using directive for 'Avalonia.Interactivity' appeared previously in this namespace [/home/runner/work/UniGetUI/UniGetUI/src/UniGetUI/UniGetUI.csproj]
/home/runner/work/UniGetUI/UniGetUI/src/UniGetUI/Pages/DialogPages/ReleaseNotes.xaml.cs(4,7): warning CS0105: The using directive for 'Avalonia.Interactivity' appeared previously in this namespace [/home/runner/work/UniGetUI/UniGetUI/src/UniGetUI/UniGetUI.csproj]
/home/runner/work/UniGetUI/UniGetUI/src/UniGetUI/Pages/HelpPage.xaml.cs(5,7): warning CS0105: The using directive for 'Avalonia.Interactivity' appeared previously in this namespace [/home/runner/work/UniGetUI/UniGetUI/src/UniGetUI/UniGetUI.csproj]
/home/runner/work/UniGetUI/UniGetUI/src/UniGetUI/Pages/SettingsPages/GeneralPages/Updates.axaml.cs(4,7): warning CS0105: The using directive for 'Avalonia.Interactivity' appeared previously in this namespace [/home/runner/work/UniGetUI/UniGetUI/src/UniGetUI/UniGetUI.csproj]
/home/runner/work/UniGetUI/UniGetUI/src/UniGetUI/Pages/SettingsPages/ManagersPages/PackageManager.xaml.cs(6,7): warning CS0105: The using directive for 'Avalonia.Interactivity' appeared previously in this namespace [/home/runner/work/UniGetUI/UniGetUI/src/UniGetUI/UniGetUI.csproj]
/home/runner/work/UniGetUI/UniGetUI/src/UniGetUI/Services/UserAvatar.cs(5,7): warning CS0105: The using directive for 'Avalonia.Interactivity' appeared previously in this namespace [/home/runner/work/UniGetUI/UniGetUI/src/UniGetUI/UniGetUI.csproj]
/home/runner/work/UniGetUI/UniGetUI/src/UniGetUI/Services/UserAvatar.cs(7,7): warning CS0105: The using directive for 'Avalonia.Interactivity' appeared previously in this namespace [/home/runner/work/UniGetUI/UniGetUI/src/UniGetUI/UniGetUI.csproj]
/home/runner/work/UniGetUI/UniGetUI/src/UniGetUI/Services/UserAvatar.cs(9,7): warning CS0105: The using directive for 'Avalonia.Interactivity' appeared previously in this namespace [/home/runner/work/UniGetUI/UniGetUI/src/UniGetUI/UniGetUI.csproj]
/home/runner/work/UniGetUI/UniGetUI/src/UniGetUI/Services/UserAvatar.cs(11,7): warning CS0105: The using directive for 'Avalonia.Interactivity' appeared previously in this namespace [/home/runner/work/UniGetUI/UniGetUI/src/UniGetUI/UniGetUI.csproj]
/home/runner/work/UniGetUI/UniGetUI/src/UniGetUI/Services/UserAvatar.cs(13,7): warning CS0105: The using directive for 'Avalonia.Interactivity' appeared previously in this namespace [/home/runner/work/UniGetUI/UniGetUI/src/UniGetUI/UniGetUI.csproj]
/home/runner/work/UniGetUI/UniGetUI/src/UniGetUI/Controls/MenuForPackage.cs(35,27): warning CS0109: The member 'BetterMenuItem.Text' does not hide an accessible member. The new keyword is not required. [/home/runner/work/UniGetUI/UniGetUI/src/UniGetUI/UniGetUI.csproj]
/home/runner/work/UniGetUI/UniGetUI/src/UniGetUI/Controls/MenuForPackage.cs(57,27): warning CS0109: The member 'BetterToggleMenuItem.Text' does not hide an accessible member. The new keyword is not required. [/home/runner/work/UniGetUI/UniGetUI/src/UniGetUI/UniGetUI.csproj]
/home/runner/work/UniGetUI/UniGetUI/src/UniGetUI/Controls/SettingsWidgets/ButtonCard.cs(23,51): warning CS0109: The member 'ButtonCard.Click' does not hide an accessible member. The new keyword is not required. [/home/runner/work/UniGetUI/UniGetUI/src/UniGetUI/UniGetUI.csproj]
/home/runner/work/UniGetUI/UniGetUI/src/UniGetUI/Controls/SettingsWidgets/CheckboxButtonCard.cs(44,80): warning CS0109: The member 'CheckboxButtonCard.Click' does not hide an accessible member. The new keyword is not required. [/home/runner/work/UniGetUI/UniGetUI/src/UniGetUI/UniGetUI.csproj]
/home/runner/work/UniGetUI/UniGetUI/src/UniGetUI/Pages/DialogPages/PackageDetailsPage.xaml.cs(488,63): warning CS0436: The type 'Run' in '/home/runner/work/UniGetUI/UniGetUI/src/UniGetUI/Controls/DocumentStubs.cs' conflicts with the imported type 'Run' in 'Avalonia.Controls, Version=11.2.2.0, Culture=neutral, PublicKeyToken=c8d484a7012f9a8b'. Using the type defined in '/home/runner/work/UniGetUI/UniGetUI/src/UniGetUI/Controls/DocumentStubs.cs'. [/home/runner/work/UniGetUI/UniGetUI/src/UniGetUI/UniGetUI.csproj]
/home/runner/work/UniGetUI/UniGetUI/src/UniGetUI/Pages/HelpPage.xaml.cs(19,22): warning CS0108: 'HelpPage.Initialized' hides inherited member 'StyledElement.Initialized'. Use the new keyword if hiding was intended. [/home/runner/work/UniGetUI/UniGetUI/src/UniGetUI/UniGetUI.csproj]
/home/runner/work/UniGetUI/UniGetUI/src/UniGetUI/Controls/LocalIcon.cs(35,40): warning CS8602: Dereference of a possibly null reference. [/home/runner/work/UniGetUI/UniGetUI/src/UniGetUI/UniGetUI.csproj]
/home/runner/work/UniGetUI/UniGetUI/src/UniGetUI/Controls/LocalIcon.cs(35,28): warning CS8600: Converting null literal or possible null value to non-nullable type. [/home/runner/work/UniGetUI/UniGetUI/src/UniGetUI/UniGetUI.csproj]
/home/runner/work/UniGetUI/UniGetUI/src/UniGetUI/Controls/LocalIcon.cs(35,28): warning CS8601: Possible null reference assignment. [/home/runner/work/UniGetUI/UniGetUI/src/UniGetUI/UniGetUI.csproj]
/home/runner/work/UniGetUI/UniGetUI/src/UniGetUI/Controls/LocalIcon.cs(37,32): warning CS8601: Possible null reference assignment. [/home/runner/work/UniGetUI/UniGetUI/src/UniGetUI/UniGetUI.csproj]
/home/runner/work/UniGetUI/UniGetUI/src/UniGetUI/Controls/LocalIcon.cs(10,53): warning CS8602: Dereference of a possibly null reference. [/home/runner/work/UniGetUI/UniGetUI/src/UniGetUI/UniGetUI.csproj]
/home/runner/work/UniGetUI/UniGetUI/src/UniGetUI/Controls/LocalIcon.cs(10,41): warning CS8600: Converting null literal or possible null value to non-nullable type. [/home/runner/work/UniGetUI/UniGetUI/src/UniGetUI/UniGetUI.csproj]
/home/runner/work/UniGetUI/UniGetUI/src/UniGetUI/Controls/LocalIcon.cs(10,41): warning CS8601: Possible null reference assignment. [/home/runner/work/UniGetUI/UniGetUI/src/UniGetUI/UniGetUI.csproj]
/home/runner/work/UniGetUI/UniGetUI/src/UniGetUI/Controls/MenuForPackage.cs(12,86): warning CS8602: Dereference of a possibly null reference. [/home/runner/work/UniGetUI/UniGetUI/src/UniGetUI/UniGetUI.csproj]
/home/runner/work/UniGetUI/UniGetUI/src/UniGetUI/Controls/MenuForPackage.cs(12,62): warning CS8600: Converting null literal or possible null value to non-nullable type. [/home/runner/work/UniGetUI/UniGetUI/src/UniGetUI/UniGetUI.csproj]
/home/runner/work/UniGetUI/UniGetUI/src/UniGetUI/Controls/MenuForPackage.cs(12,62): warning CS8601: Possible null reference assignment. [/home/runner/work/UniGetUI/UniGetUI/src/UniGetUI/UniGetUI.csproj]
/home/runner/work/UniGetUI/UniGetUI/src/UniGetUI/Pages/SettingsPages/SettingsBasePage.axaml.cs(35,29): error CS1061: 'Border' does not contain a definition for 'Message' and no accessible extension method 'Message' accepting a first argument of type 'Border' could be found (are you missing a using directive or an assembly reference?) [/home/runner/work/UniGetUI/UniGetUI/src/UniGetUI/UniGetUI.csproj]
/home/runner/work/UniGetUI/UniGetUI/src/UniGetUI/Pages/SettingsPages/SettingsBasePage.axaml.cs(42,29): error CS1061: 'Border' does not contain a definition for 'ActionButton' and no accessible extension method 'ActionButton' accepting a first argument of type 'Border' could be found (are you missing a using directive or an assembly reference?) [/home/runner/work/UniGetUI/UniGetUI/src/UniGetUI/UniGetUI.csproj]
/home/runner/work/UniGetUI/UniGetUI/src/UniGetUI/Pages/SettingsPages/SettingsBasePage.axaml.cs(31,52): warning CS8622: Nullability of reference types in type of parameter 'sender' of 'void SettingsBasePage.MainNavigationFrame_Navigated(object sender, object e)' doesn't match the target delegate 'EventHandler<object>' (possibly because of nullability attributes). [/home/runner/work/UniGetUI/UniGetUI/src/UniGetUI/UniGetUI.csproj]
/home/runner/work/UniGetUI/UniGetUI/src/UniGetUI/Pages/SettingsPages/SettingsBasePage.axaml.cs(32,53): warning CS8622: Nullability of reference types in type of parameter 'sender' of 'void SettingsBasePage.MainNavigationFrame_Navigating(object sender, object e)' doesn't match the target delegate 'EventHandler<object>' (possibly because of nullability attributes). [/home/runner/work/UniGetUI/UniGetUI/src/UniGetUI/UniGetUI.csproj]
/home/runner/work/UniGetUI/UniGetUI/src/UniGetUI/Controls/LocalIcon.cs(56,20): warning CS8603: Possible null reference return. [/home/runner/work/UniGetUI/UniGetUI/src/UniGetUI/UniGetUI.csproj]
/home/runner/work/UniGetUI/UniGetUI/src/UniGetUI/Controls/LocalIcon.cs(62,53): warning CS8602: Dereference of a possibly null reference. [/home/runner/work/UniGetUI/UniGetUI/src/UniGetUI/UniGetUI.csproj]
/home/runner/work/UniGetUI/UniGetUI/src/UniGetUI/Controls/LocalIcon.cs(62,41): warning CS8600: Converting null literal or possible null value to non-nullable type. [/home/runner/work/UniGetUI/UniGetUI/src/UniGetUI/UniGetUI.csproj]
/home/runner/work/UniGetUI/UniGetUI/src/UniGetUI/Controls/LocalIcon.cs(62,41): warning CS8601: Possible null reference assignment. [/home/runner/work/UniGetUI/UniGetUI/src/UniGetUI/UniGetUI.csproj]
/home/runner/work/UniGetUI/UniGetUI/src/UniGetUI/Controls/MenuForPackage.cs(39,13): error CS0118: 'Style' is a type but is used like a variable [/home/runner/work/UniGetUI/UniGetUI/src/UniGetUI/UniGetUI.csproj]
/home/runner/work/UniGetUI/UniGetUI/src/UniGetUI/Controls/MenuForPackage.cs(22,85): warning CS8602: Dereference of a possibly null reference. [/home/runner/work/UniGetUI/UniGetUI/src/UniGetUI/UniGetUI.csproj]
/home/runner/work/UniGetUI/UniGetUI/src/UniGetUI/Controls/MenuForPackage.cs(22,61): warning CS8600: Converting null literal or possible null value to non-nullable type. [/home/runner/work/UniGetUI/UniGetUI/src/UniGetUI/UniGetUI.csproj]
/home/runner/work/UniGetUI/UniGetUI/src/UniGetUI/Controls/MenuForPackage.cs(22,61): warning CS8601: Possible null reference assignment. [/home/runner/work/UniGetUI/UniGetUI/src/UniGetUI/UniGetUI.csproj]
/home/runner/work/UniGetUI/UniGetUI/src/UniGetUI/Controls/Announcer.xaml.cs(36,70): warning CS4014: Because this call is not awaited, execution of the current method continues before the call is completed. Consider applying the 'await' operator to the result of the call. [/home/runner/work/UniGetUI/UniGetUI/src/UniGetUI/UniGetUI.csproj]
/home/runner/work/UniGetUI/UniGetUI/src/UniGetUI/Controls/MenuForPackage.cs(64,13): error CS0118: 'Style' is a type but is used like a variable [/home/runner/work/UniGetUI/UniGetUI/src/UniGetUI/UniGetUI.csproj]
/home/runner/work/UniGetUI/UniGetUI/src/UniGetUI/Controls/MenuForPackage.cs(45,85): warning CS8602: Dereference of a possibly null reference. [/home/runner/work/UniGetUI/UniGetUI/src/UniGetUI/UniGetUI.csproj]
/home/runner/work/UniGetUI/UniGetUI/src/UniGetUI/Controls/MenuForPackage.cs(45,61): warning CS8600: Converting null literal or possible null value to non-nullable type. [/home/runner/work/UniGetUI/UniGetUI/src/UniGetUI/UniGetUI.csproj]
/home/runner/work/UniGetUI/UniGetUI/src/UniGetUI/Controls/MenuForPackage.cs(45,61): warning CS8601: Possible null reference assignment. [/home/runner/work/UniGetUI/UniGetUI/src/UniGetUI/UniGetUI.csproj]
/home/runner/work/UniGetUI/UniGetUI/src/UniGetUI/Pages/SettingsPages/GeneralPages/Administrator.axaml.cs(24,29): error CS1061: 'Border' does not contain a definition for 'Title' and no accessible extension method 'Title' accepting a first argument of type 'Border' could be found (are you missing a using directive or an assembly reference?) [/home/runner/work/UniGetUI/UniGetUI/src/UniGetUI/UniGetUI.csproj]
/home/runner/work/UniGetUI/UniGetUI/src/UniGetUI/Pages/SettingsPages/GeneralPages/Administrator.axaml.cs(25,29): error CS1061: 'Border' does not contain a definition for 'Message' and no accessible extension method 'Message' accepting a first argument of type 'Border' could be found (are you missing a using directive or an assembly reference?) [/home/runner/work/UniGetUI/UniGetUI/src/UniGetUI/UniGetUI.csproj]
/home/runner/work/UniGetUI/UniGetUI/src/UniGetUI/Pages/SettingsPages/SettingsBasePage.axaml.cs(78,29): error CS1061: 'Border' does not contain a definition for 'IsOpen' and no accessible extension method 'IsOpen' accepting a first argument of type 'Border' could be found (are you missing a using directive or an assembly reference?) [/home/runner/work/UniGetUI/UniGetUI/src/UniGetUI/UniGetUI.csproj]
/home/runner/work/UniGetUI/UniGetUI/src/UniGetUI/Pages/DialogPages/OperationLiveLogPage.xaml.cs(36,65): warning CS0436: The type 'Run' in '/home/runner/work/UniGetUI/UniGetUI/src/UniGetUI/Controls/DocumentStubs.cs' conflicts with the imported type 'Run' in 'Avalonia.Controls, Version=11.2.2.0, Culture=neutral, PublicKeyToken=c8d484a7012f9a8b'. Using the type defined in '/home/runner/work/UniGetUI/UniGetUI/src/UniGetUI/Controls/DocumentStubs.cs'. [/home/runner/work/UniGetUI/UniGetUI/src/UniGetUI/UniGetUI.csproj]
/home/runner/work/UniGetUI/UniGetUI/src/UniGetUI/Pages/DialogPages/OperationLiveLogPage.xaml.cs(41,65): warning CS0436: The type 'Run' in '/home/runner/work/UniGetUI/UniGetUI/src/UniGetUI/Controls/DocumentStubs.cs' conflicts with the imported type 'Run' in 'Avalonia.Controls, Version=11.2.2.0, Culture=neutral, PublicKeyToken=c8d484a7012f9a8b'. Using the type defined in '/home/runner/work/UniGetUI/UniGetUI/src/UniGetUI/Controls/DocumentStubs.cs'. [/home/runner/work/UniGetUI/UniGetUI/src/UniGetUI/UniGetUI.csproj]
/home/runner/work/UniGetUI/UniGetUI/src/UniGetUI/Pages/DialogPages/OperationLiveLogPage.xaml.cs(46,65): warning CS0436: The type 'Run' in '/home/runner/work/UniGetUI/UniGetUI/src/UniGetUI/Controls/DocumentStubs.cs' conflicts with the imported type 'Run' in 'Avalonia.Controls, Version=11.2.2.0, Culture=neutral, PublicKeyToken=c8d484a7012f9a8b'. Using the type defined in '/home/runner/work/UniGetUI/UniGetUI/src/UniGetUI/Controls/DocumentStubs.cs'. [/home/runner/work/UniGetUI/UniGetUI/src/UniGetUI/UniGetUI.csproj]
/home/runner/work/UniGetUI/UniGetUI/src/UniGetUI/Pages/DialogPages/OperationLiveLogPage.xaml.cs(25,41): warning CS8602: Dereference of a possibly null reference. [/home/runner/work/UniGetUI/UniGetUI/src/UniGetUI/UniGetUI.csproj]
/home/runner/work/UniGetUI/UniGetUI/src/UniGetUI/Pages/DialogPages/OperationLiveLogPage.xaml.cs(25,24): warning CS8600: Converting null literal or possible null value to non-nullable type. [/home/runner/work/UniGetUI/UniGetUI/src/UniGetUI/UniGetUI.csproj]
/home/runner/work/UniGetUI/UniGetUI/src/UniGetUI/Pages/DialogPages/OperationLiveLogPage.xaml.cs(25,24): warning CS8601: Possible null reference assignment. [/home/runner/work/UniGetUI/UniGetUI/src/UniGetUI/UniGetUI.csproj]
/home/runner/work/UniGetUI/UniGetUI/src/UniGetUI/Pages/DialogPages/OperationLiveLogPage.xaml.cs(26,41): warning CS8602: Dereference of a possibly null reference. [/home/runner/work/UniGetUI/UniGetUI/src/UniGetUI/UniGetUI.csproj]
/home/runner/work/UniGetUI/UniGetUI/src/UniGetUI/Pages/DialogPages/OperationLiveLogPage.xaml.cs(26,24): warning CS8600: Converting null literal or possible null value to non-nullable type. [/home/runner/work/UniGetUI/UniGetUI/src/UniGetUI/UniGetUI.csproj]
/home/runner/work/UniGetUI/UniGetUI/src/UniGetUI/Pages/DialogPages/OperationLiveLogPage.xaml.cs(26,24): warning CS8601: Possible null reference assignment. [/home/runner/work/UniGetUI/UniGetUI/src/UniGetUI/UniGetUI.csproj]
/home/runner/work/UniGetUI/UniGetUI/src/UniGetUI/Pages/DialogPages/OperationLiveLogPage.xaml.cs(36,17): warning CS8602: Dereference of a possibly null reference. [/home/runner/work/UniGetUI/UniGetUI/src/UniGetUI/UniGetUI.csproj]
/home/runner/work/UniGetUI/UniGetUI/src/UniGetUI/Pages/DialogPages/OperationLiveLogPage.xaml.cs(41,17): warning CS8602: Dereference of a possibly null reference. [/home/runner/work/UniGetUI/UniGetUI/src/UniGetUI/UniGetUI.csproj]
/home/runner/work/UniGetUI/UniGetUI/src/UniGetUI/Pages/DialogPages/OperationLiveLogPage.xaml.cs(46,17): warning CS8602: Dereference of a possibly null reference. [/home/runner/work/UniGetUI/UniGetUI/src/UniGetUI/UniGetUI.csproj]
/home/runner/work/UniGetUI/UniGetUI/src/UniGetUI/Pages/SettingsPages/GeneralPages/Backup.axaml.cs(62,97): error CS1061: 'MainWindow' does not contain a definition for 'GetWindowHandle' and no accessible extension method 'GetWindowHandle' accepting a first argument of type 'MainWindow' could be found (are you missing a using directive or an assembly reference?) [/home/runner/work/UniGetUI/UniGetUI/src/UniGetUI/UniGetUI.csproj]
/home/runner/work/UniGetUI/UniGetUI/src/UniGetUI/Pages/DialogPages/OperationLiveLogPage.xaml.cs(59,61): warning CS0436: The type 'Run' in '/home/runner/work/UniGetUI/UniGetUI/src/UniGetUI/Controls/DocumentStubs.cs' conflicts with the imported type 'Run' in 'Avalonia.Controls, Version=11.2.2.0, Culture=neutral, PublicKeyToken=c8d484a7012f9a8b'. Using the type defined in '/home/runner/work/UniGetUI/UniGetUI/src/UniGetUI/Controls/DocumentStubs.cs'. [/home/runner/work/UniGetUI/UniGetUI/src/UniGetUI/UniGetUI.csproj]
/home/runner/work/UniGetUI/UniGetUI/src/UniGetUI/Pages/DialogPages/OperationLiveLogPage.xaml.cs(64,61): warning CS0436: The type 'Run' in '/home/runner/work/UniGetUI/UniGetUI/src/UniGetUI/Controls/DocumentStubs.cs' conflicts with the imported type 'Run' in 'Avalonia.Controls, Version=11.2.2.0, Culture=neutral, PublicKeyToken=c8d484a7012f9a8b'. Using the type defined in '/home/runner/work/UniGetUI/UniGetUI/src/UniGetUI/Controls/DocumentStubs.cs'. [/home/runner/work/UniGetUI/UniGetUI/src/UniGetUI/UniGetUI.csproj]
/home/runner/work/UniGetUI/UniGetUI/src/UniGetUI/Pages/DialogPages/OperationLiveLogPage.xaml.cs(69,61): warning CS0436: The type 'Run' in '/home/runner/work/UniGetUI/UniGetUI/src/UniGetUI/Controls/DocumentStubs.cs' conflicts with the imported type 'Run' in 'Avalonia.Controls, Version=11.2.2.0, Culture=neutral, PublicKeyToken=c8d484a7012f9a8b'. Using the type defined in '/home/runner/work/UniGetUI/UniGetUI/src/UniGetUI/Controls/DocumentStubs.cs'. [/home/runner/work/UniGetUI/UniGetUI/src/UniGetUI/UniGetUI.csproj]
/home/runner/work/UniGetUI/UniGetUI/src/UniGetUI/Pages/DialogPages/OperationLiveLogPage.xaml.cs(74,61): warning CS0436: The type 'Run' in '/home/runner/work/UniGetUI/UniGetUI/src/UniGetUI/Controls/DocumentStubs.cs' conflicts with the imported type 'Run' in 'Avalonia.Controls, Version=11.2.2.0, Culture=neutral, PublicKeyToken=c8d484a7012f9a8b'. Using the type defined in '/home/runner/work/UniGetUI/UniGetUI/src/UniGetUI/Controls/DocumentStubs.cs'. [/home/runner/work/UniGetUI/UniGetUI/src/UniGetUI/UniGetUI.csproj]
/home/runner/work/UniGetUI/UniGetUI/src/UniGetUI/Pages/DialogPages/OperationLiveLogPage.xaml.cs(54,34): warning CS8602: Dereference of a possibly null reference. [/home/runner/work/UniGetUI/UniGetUI/src/UniGetUI/UniGetUI.csproj]
/home/runner/work/UniGetUI/UniGetUI/src/UniGetUI/Pages/DialogPages/OperationLiveLogPage.xaml.cs(59,13): warning CS8602: Dereference of a possibly null reference. [/home/runner/work/UniGetUI/UniGetUI/src/UniGetUI/UniGetUI.csproj]
/home/runner/work/UniGetUI/UniGetUI/src/UniGetUI/Pages/DialogPages/OperationLiveLogPage.xaml.cs(64,13): warning CS8602: Dereference of a possibly null reference. [/home/runner/work/UniGetUI/UniGetUI/src/UniGetUI/UniGetUI.csproj]
/home/runner/work/UniGetUI/UniGetUI/src/UniGetUI/Pages/DialogPages/OperationLiveLogPage.xaml.cs(69,13): warning CS8602: Dereference of a possibly null reference. [/home/runner/work/UniGetUI/UniGetUI/src/UniGetUI/UniGetUI.csproj]
/home/runner/work/UniGetUI/UniGetUI/src/UniGetUI/Pages/DialogPages/OperationLiveLogPage.xaml.cs(74,13): warning CS8602: Dereference of a possibly null reference. [/home/runner/work/UniGetUI/UniGetUI/src/UniGetUI/UniGetUI.csproj]
/home/runner/work/UniGetUI/UniGetUI/src/UniGetUI/Services/UserAvatar.cs(157,34): warning CS8622: Nullability of reference types in type of parameter 'sender' of 'void UserAvatar.LoginButton_Click(object sender, RoutedEventArgs e)' doesn't match the target delegate 'EventHandler<RoutedEventArgs>' (possibly because of nullability attributes). [/home/runner/work/UniGetUI/UniGetUI/src/UniGetUI/UniGetUI.csproj]
/home/runner/work/UniGetUI/UniGetUI/src/UniGetUI/Controls/Announcer.xaml.cs(50,40): warning CS8600: Converting null literal or possible null value to non-nullable type. [/home/runner/work/UniGetUI/UniGetUI/src/UniGetUI/UniGetUI.csproj]
/home/runner/work/UniGetUI/UniGetUI/src/UniGetUI/Controls/Announcer.xaml.cs(53,48): warning CS8602: Dereference of a possibly null reference. [/home/runner/work/UniGetUI/UniGetUI/src/UniGetUI/UniGetUI.csproj]
/home/runner/work/UniGetUI/UniGetUI/src/UniGetUI/Controls/SettingsWidgets/CheckboxCard.cs(99,43): warning CS8622: Nullability of reference types in type of parameter 'sender' of 'void CheckboxCard._checkbox_Toggled(object sender, RoutedEventArgs e)' doesn't match the target delegate 'EventHandler<RoutedEventArgs>' (possibly because of nullability attributes). [/home/runner/work/UniGetUI/UniGetUI/src/UniGetUI/UniGetUI.csproj]
/home/runner/work/UniGetUI/UniGetUI/src/UniGetUI/Pages/SoftwarePages/SoftwareUpdatesPage.cs(67,34): warning CS8622: Nullability of reference types in type of parameter 'sender' of 'void SoftwareUpdatesPage.MenuInstall_Invoked(object sender, RoutedEventArgs e)' doesn't match the target delegate 'EventHandler<RoutedEventArgs>' (possibly because of nullability attributes). [/home/runner/work/UniGetUI/UniGetUI/src/UniGetUI/UniGetUI.csproj]
/home/runner/work/UniGetUI/UniGetUI/src/UniGetUI/Pages/SoftwarePages/SoftwareUpdatesPage.cs(90,34): warning CS8622: Nullability of reference types in type of parameter 'sender' of 'void SoftwareUpdatesPage.MenuAsAdmin_Invoked(object sender, RoutedEventArgs e)' doesn't match the target delegate 'EventHandler<RoutedEventArgs>' (possibly because of nullability attributes). [/home/runner/work/UniGetUI/UniGetUI/src/UniGetUI/UniGetUI.csproj]
/home/runner/work/UniGetUI/UniGetUI/src/UniGetUI/Pages/SoftwarePages/SoftwareUpdatesPage.cs(97,38): warning CS8622: Nullability of reference types in type of parameter 'sender' of 'void SoftwareUpdatesPage.MenuInteractive_Invoked(object sender, RoutedEventArgs e)' doesn't match the target delegate 'EventHandler<RoutedEventArgs>' (possibly because of nullability attributes). [/home/runner/work/UniGetUI/UniGetUI/src/UniGetUI/UniGetUI.csproj]
/home/runner/work/UniGetUI/UniGetUI/src/UniGetUI/Pages/SoftwarePages/SoftwareUpdatesPage.cs(104,35): warning CS8622: Nullability of reference types in type of parameter 'sender' of 'void SoftwareUpdatesPage.MenuSkipHash_Invoked(object sender, RoutedEventArgs e)' doesn't match the target delegate 'EventHandler<RoutedEventArgs>' (possibly because of nullability attributes). [/home/runner/work/UniGetUI/UniGetUI/src/UniGetUI/UniGetUI.csproj]
/home/runner/work/UniGetUI/UniGetUI/src/UniGetUI/Pages/SoftwarePages/SoftwareUpdatesPage.cs(118,47): warning CS8622: Nullability of reference types in type of parameter 'sender' of 'void SoftwareUpdatesPage.MenuUpdateAfterUninstall_Invoked(object sender, RoutedEventArgs e)' doesn't match the target delegate 'EventHandler<RoutedEventArgs>' (possibly because of nullability attributes). [/home/runner/work/UniGetUI/UniGetUI/src/UniGetUI/UniGetUI.csproj]
/home/runner/work/UniGetUI/UniGetUI/src/UniGetUI/Pages/SoftwarePages/SoftwareUpdatesPage.cs(125,36): warning CS8622: Nullability of reference types in type of parameter 'sender' of 'void SoftwareUpdatesPage.MenuUninstall_Invoked(object sender, RoutedEventArgs e)' doesn't match the target delegate 'EventHandler<RoutedEventArgs>' (possibly because of nullability attributes). [/home/runner/work/UniGetUI/UniGetUI/src/UniGetUI/UniGetUI.csproj]
/home/runner/work/UniGetUI/UniGetUI/src/UniGetUI/Pages/SoftwarePages/SoftwareUpdatesPage.cs(132,40): warning CS8622: Nullability of reference types in type of parameter 'sender' of 'void SoftwareUpdatesPage.MenuIgnorePackage_Invoked(object sender, RoutedEventArgs e)' doesn't match the target delegate 'EventHandler<RoutedEventArgs>' (possibly because of nullability attributes). [/home/runner/work/UniGetUI/UniGetUI/src/UniGetUI/UniGetUI.csproj]
/home/runner/work/UniGetUI/UniGetUI/src/UniGetUI/Pages/SoftwarePages/SoftwareUpdatesPage.cs(139,38): warning CS8622: Nullability of reference types in type of parameter 'sender' of 'void SoftwareUpdatesPage.MenuSkipVersion_Invoked(object sender, RoutedEventArgs e)' doesn't match the target delegate 'EventHandler<RoutedEventArgs>' (possibly because of nullability attributes). [/home/runner/work/UniGetUI/UniGetUI/src/UniGetUI/UniGetUI.csproj]
/home/runner/work/UniGetUI/UniGetUI/src/UniGetUI/Pages/AboutPages/AboutUniGetUI.xaml.cs(22,13): error CS0103: The name 'DisclaimerBanner' does not exist in the current context [/home/runner/work/UniGetUI/UniGetUI/src/UniGetUI/UniGetUI.csproj]
/home/runner/work/UniGetUI/UniGetUI/src/UniGetUI/Pages/AboutPages/AboutUniGetUI.xaml.cs(23,13): error CS0103: The name 'DisclaimerBanner' does not exist in the current context [/home/runner/work/UniGetUI/UniGetUI/src/UniGetUI/UniGetUI.csproj]
/home/runner/work/UniGetUI/UniGetUI/src/UniGetUI/Pages/DialogPages/AboutUniGetUI.xaml.cs(25,34): error CS1061: 'TabItem' does not contain a definition for 'Text' and no accessible extension method 'Text' accepting a first argument of type 'TabItem' could be found (are you missing a using directive or an assembly reference?) [/home/runner/work/UniGetUI/UniGetUI/src/UniGetUI/UniGetUI.csproj]
/home/runner/work/UniGetUI/UniGetUI/src/UniGetUI/Pages/DialogPages/AboutUniGetUI.xaml.cs(26,34): error CS1061: 'TabItem' does not contain a definition for 'Text' and no accessible extension method 'Text' accepting a first argument of type 'TabItem' could be found (are you missing a using directive or an assembly reference?) [/home/runner/work/UniGetUI/UniGetUI/src/UniGetUI/UniGetUI.csproj]
/home/runner/work/UniGetUI/UniGetUI/src/UniGetUI/Pages/DialogPages/AboutUniGetUI.xaml.cs(27,34): error CS1061: 'TabItem' does not contain a definition for 'Text' and no accessible extension method 'Text' accepting a first argument of type 'TabItem' could be found (are you missing a using directive or an assembly reference?) [/home/runner/work/UniGetUI/UniGetUI/src/UniGetUI/UniGetUI.csproj]
/home/runner/work/UniGetUI/UniGetUI/src/UniGetUI/Pages/DialogPages/AboutUniGetUI.xaml.cs(28,34): error CS1061: 'TabItem' does not contain a definition for 'Text' and no accessible extension method 'Text' accepting a first argument of type 'TabItem' could be found (are you missing a using directive or an assembly reference?) [/home/runner/work/UniGetUI/UniGetUI/src/UniGetUI/UniGetUI.csproj]
/home/runner/work/UniGetUI/UniGetUI/src/UniGetUI/Pages/DialogPages/AboutUniGetUI.xaml.cs(29,34): error CS1061: 'TabItem' does not contain a definition for 'Text' and no accessible extension method 'Text' accepting a first argument of type 'TabItem' could be found (are you missing a using directive or an assembly reference?) [/home/runner/work/UniGetUI/UniGetUI/src/UniGetUI/UniGetUI.csproj]
/home/runner/work/UniGetUI/UniGetUI/src/UniGetUI/Controls/SettingsWidgets/CheckboxButtonCard.cs(82,17): error CS0118: 'Style' is a type but is used like a variable [/home/runner/work/UniGetUI/UniGetUI/src/UniGetUI/UniGetUI.csproj]
/home/runner/work/UniGetUI/UniGetUI/src/UniGetUI/Controls/SettingsWidgets/CheckboxButtonCard.cs(82,17): error CS0747: Invalid initializer member declarator [/home/runner/work/UniGetUI/UniGetUI/src/UniGetUI/UniGetUI.csproj]
/home/runner/work/UniGetUI/UniGetUI/src/UniGetUI/Controls/SettingsWidgets/CheckboxButtonCard.cs(89,22): error CS0029: Cannot implicitly convert type 'Avalonia.Controls.TextBlock' to 'string' [/home/runner/work/UniGetUI/UniGetUI/src/UniGetUI/UniGetUI.csproj]
/home/runner/work/UniGetUI/UniGetUI/src/UniGetUI/Controls/SettingsWidgets/CheckboxButtonCard.cs(90,27): error CS0029: Cannot implicitly convert type 'Avalonia.Controls.Button' to 'string' [/home/runner/work/UniGetUI/UniGetUI/src/UniGetUI/UniGetUI.csproj]
/home/runner/work/UniGetUI/UniGetUI/src/UniGetUI/Controls/SettingsWidgets/CheckboxButtonCard.cs(82,66): warning CS8602: Dereference of a possibly null reference. [/home/runner/work/UniGetUI/UniGetUI/src/UniGetUI/UniGetUI.csproj]
/home/runner/work/UniGetUI/UniGetUI/src/UniGetUI/Controls/SettingsWidgets/CheckboxButtonCard.cs(82,42): warning CS8600: Converting null literal or possible null value to non-nullable type. [/home/runner/work/UniGetUI/UniGetUI/src/UniGetUI/UniGetUI.csproj]
/home/runner/work/UniGetUI/UniGetUI/src/UniGetUI/Controls/SettingsWidgets/CheckboxButtonCard.cs(84,30): warning CS8600: Converting null literal or possible null value to non-nullable type. [/home/runner/work/UniGetUI/UniGetUI/src/UniGetUI/UniGetUI.csproj]
/home/runner/work/UniGetUI/UniGetUI/src/UniGetUI/Controls/SettingsWidgets/ComboboxCard.cs(39,23): error CS1061: 'ComboBox' does not contain a definition for 'SetBinding' and no accessible extension method 'SetBinding' accepting a first argument of type 'ComboBox' could be found (are you missing a using directive or an assembly reference?) [/home/runner/work/UniGetUI/UniGetUI/src/UniGetUI/UniGetUI.csproj]
/home/runner/work/UniGetUI/UniGetUI/src/UniGetUI/Controls/Announcer.xaml.cs(99,67): warning CS0436: The type 'Run' in '/home/runner/work/UniGetUI/UniGetUI/src/UniGetUI/Controls/DocumentStubs.cs' conflicts with the imported type 'Run' in 'Avalonia.Controls, Version=11.2.2.0, Culture=neutral, PublicKeyToken=c8d484a7012f9a8b'. Using the type defined in '/home/runner/work/UniGetUI/UniGetUI/src/UniGetUI/Controls/DocumentStubs.cs'. [/home/runner/work/UniGetUI/UniGetUI/src/UniGetUI/UniGetUI.csproj]
/home/runner/work/UniGetUI/UniGetUI/src/UniGetUI/Controls/Announcer.xaml.cs(99,13): warning CS8602: Dereference of a possibly null reference. [/home/runner/work/UniGetUI/UniGetUI/src/UniGetUI/UniGetUI.csproj]
/home/runner/work/UniGetUI/UniGetUI/src/UniGetUI/Pages/SettingsPages/GeneralPages/Backup.axaml.cs(155,25): error CS1061: 'Border' does not contain a definition for 'ProfilePicture' and no accessible extension method 'ProfilePicture' accepting a first argument of type 'Border' could be found (are you missing a using directive or an assembly reference?) [/home/runner/work/UniGetUI/UniGetUI/src/UniGetUI/UniGetUI.csproj]
/home/runner/work/UniGetUI/UniGetUI/src/UniGetUI/Pages/DialogPages/AboutUniGetUI.xaml.cs(34,13): error CS0246: The type or namespace name 'SelectorBarItem' could not be found (are you missing a using directive or an assembly reference?) [/home/runner/work/UniGetUI/UniGetUI/src/UniGetUI/UniGetUI.csproj]
/home/runner/work/UniGetUI/UniGetUI/src/UniGetUI/Pages/DialogPages/DesktopShortcuts.xaml.cs(32,52): warning CS8622: Nullability of reference types in type of parameter 'sender' of 'void DesktopShortcutsManager.HandleAllDesktop_Checked(object sender, RoutedEventArgs e)' doesn't match the target delegate 'EventHandler<RoutedEventArgs>' (possibly because of nullability attributes). [/home/runner/work/UniGetUI/UniGetUI/src/UniGetUI/UniGetUI.csproj]
/home/runner/work/UniGetUI/UniGetUI/src/UniGetUI/Pages/DialogPages/DesktopShortcuts.xaml.cs(33,54): warning CS8622: Nullability of reference types in type of parameter 'sender' of 'void DesktopShortcutsManager.HandleAllDesktop_Unchecked(object sender, RoutedEventArgs e)' doesn't match the target delegate 'EventHandler<RoutedEventArgs>' (possibly because of nullability attributes). [/home/runner/work/UniGetUI/UniGetUI/src/UniGetUI/UniGetUI.csproj]
/home/runner/work/UniGetUI/UniGetUI/src/UniGetUI/Pages/DialogPages/DesktopShortcuts.xaml.cs(32,13): warning CS0618: 'ToggleButton.Checked' is obsolete: 'Use IsCheckedChanged instead.' [/home/runner/work/UniGetUI/UniGetUI/src/UniGetUI/UniGetUI.csproj]
/home/runner/work/UniGetUI/UniGetUI/src/UniGetUI/Pages/DialogPages/DesktopShortcuts.xaml.cs(33,13): warning CS0618: 'ToggleButton.Unchecked' is obsolete: 'Use IsCheckedChanged instead.' [/home/runner/work/UniGetUI/UniGetUI/src/UniGetUI/UniGetUI.csproj]
/home/runner/work/UniGetUI/UniGetUI/src/UniGetUI/Controls/SettingsWidgets/ComboboxCard.cs(85,42): warning CS8602: Dereference of a possibly null reference. [/home/runner/work/UniGetUI/UniGetUI/src/UniGetUI/UniGetUI.csproj]
/home/runner/work/UniGetUI/UniGetUI/src/UniGetUI/Pages/SettingsPages/GeneralPages/General.axaml.cs(57,75): error CS1061: 'MainWindow' does not contain a definition for 'UpdatesBanner' and no accessible extension method 'UpdatesBanner' accepting a first argument of type 'MainWindow' could be found (are you missing a using directive or an assembly reference?) [/home/runner/work/UniGetUI/UniGetUI/src/UniGetUI/UniGetUI.csproj]
/home/runner/work/UniGetUI/UniGetUI/src/UniGetUI/Controls/SourceManager.xaml.cs(101,29): warning CS8602: Dereference of a possibly null reference. [/home/runner/work/UniGetUI/UniGetUI/src/UniGetUI/UniGetUI.csproj]
/home/runner/work/UniGetUI/UniGetUI/src/UniGetUI/Controls/SourceManager.xaml.cs(132,61): warning CS8602: Dereference of a possibly null reference. [/home/runner/work/UniGetUI/UniGetUI/src/UniGetUI/UniGetUI.csproj]
/home/runner/work/UniGetUI/UniGetUI/src/UniGetUI/Controls/SourceManager.xaml.cs(135,121): warning CS8604: Possible null reference argument for parameter 'uriString' in 'Uri.Uri(string uriString)'. [/home/runner/work/UniGetUI/UniGetUI/src/UniGetUI/UniGetUI.csproj]
/home/runner/work/UniGetUI/UniGetUI/src/UniGetUI/Controls/SourceManager.xaml.cs(135,89): warning CS8604: Possible null reference argument for parameter 'name' in 'ManagerSource.ManagerSource(IPackageManager manager, string name, Uri url, int? packageCount = 0, string updateDate = "", bool isVirtualManager = false)'. [/home/runner/work/UniGetUI/UniGetUI/src/UniGetUI/UniGetUI.csproj]
/home/runner/work/UniGetUI/UniGetUI/src/UniGetUI/Controls/OperationWidgets/OperationControl.cs(198,55): warning CS8602: Dereference of a possibly null reference. [/home/runner/work/UniGetUI/UniGetUI/src/UniGetUI/UniGetUI.csproj]
/home/runner/work/UniGetUI/UniGetUI/src/UniGetUI/Controls/OperationWidgets/OperationControl.cs(198,38): warning CS8600: Converting null literal or possible null value to non-nullable type. [/home/runner/work/UniGetUI/UniGetUI/src/UniGetUI/UniGetUI.csproj]
/home/runner/work/UniGetUI/UniGetUI/src/UniGetUI/Controls/OperationWidgets/OperationControl.cs(198,38): warning CS8601: Possible null reference assignment. [/home/runner/work/UniGetUI/UniGetUI/src/UniGetUI/UniGetUI.csproj]
/home/runner/work/UniGetUI/UniGetUI/src/UniGetUI/Controls/OperationWidgets/OperationControl.cs(199,30): warning CS8600: Converting null literal or possible null value to non-nullable type. [/home/runner/work/UniGetUI/UniGetUI/src/UniGetUI/UniGetUI.csproj]
/home/runner/work/UniGetUI/UniGetUI/src/UniGetUI/Controls/OperationWidgets/OperationControl.cs(199,30): warning CS8601: Possible null reference assignment. [/home/runner/work/UniGetUI/UniGetUI/src/UniGetUI/UniGetUI.csproj]
/home/runner/work/UniGetUI/UniGetUI/src/UniGetUI/Controls/OperationWidgets/OperationControl.cs(205,55): warning CS8602: Dereference of a possibly null reference. [/home/runner/work/UniGetUI/UniGetUI/src/UniGetUI/UniGetUI.csproj]
/home/runner/work/UniGetUI/UniGetUI/src/UniGetUI/Controls/OperationWidgets/OperationControl.cs(205,38): warning CS8600: Converting null literal or possible null value to non-nullable type. [/home/runner/work/UniGetUI/UniGetUI/src/UniGetUI/UniGetUI.csproj]
/home/runner/work/UniGetUI/UniGetUI/src/UniGetUI/Controls/OperationWidgets/OperationControl.cs(205,38): warning CS8601: Possible null reference assignment. [/home/runner/work/UniGetUI/UniGetUI/src/UniGetUI/UniGetUI.csproj]
/home/runner/work/UniGetUI/UniGetUI/src/UniGetUI/Controls/OperationWidgets/OperationControl.cs(206,30): warning CS8600: Converting null literal or possible null value to non-nullable type. [/home/runner/work/UniGetUI/UniGetUI/src/UniGetUI/UniGetUI.csproj]
/home/runner/work/UniGetUI/UniGetUI/src/UniGetUI/Controls/OperationWidgets/OperationControl.cs(206,30): warning CS8601: Possible null reference assignment. [/home/runner/work/UniGetUI/UniGetUI/src/UniGetUI/UniGetUI.csproj]
/home/runner/work/UniGetUI/UniGetUI/src/UniGetUI/Controls/OperationWidgets/OperationControl.cs(211,55): warning CS8602: Dereference of a possibly null reference. [/home/runner/work/UniGetUI/UniGetUI/src/UniGetUI/UniGetUI.csproj]
/home/runner/work/UniGetUI/UniGetUI/src/UniGetUI/Controls/OperationWidgets/OperationControl.cs(211,38): warning CS8600: Converting null literal or possible null value to non-nullable type. [/home/runner/work/UniGetUI/UniGetUI/src/UniGetUI/UniGetUI.csproj]
/home/runner/work/UniGetUI/UniGetUI/src/UniGetUI/Controls/OperationWidgets/OperationControl.cs(211,38): warning CS8601: Possible null reference assignment. [/home/runner/work/UniGetUI/UniGetUI/src/UniGetUI/UniGetUI.csproj]
/home/runner/work/UniGetUI/UniGetUI/src/UniGetUI/Controls/OperationWidgets/OperationControl.cs(212,30): warning CS8600: Converting null literal or possible null value to non-nullable type. [/home/runner/work/UniGetUI/UniGetUI/src/UniGetUI/UniGetUI.csproj]
/home/runner/work/UniGetUI/UniGetUI/src/UniGetUI/Controls/OperationWidgets/OperationControl.cs(212,30): warning CS8601: Possible null reference assignment. [/home/runner/work/UniGetUI/UniGetUI/src/UniGetUI/UniGetUI.csproj]
/home/runner/work/UniGetUI/UniGetUI/src/UniGetUI/Controls/OperationWidgets/OperationControl.cs(218,55): warning CS8602: Dereference of a possibly null reference. [/home/runner/work/UniGetUI/UniGetUI/src/UniGetUI/UniGetUI.csproj]
/home/runner/work/UniGetUI/UniGetUI/src/UniGetUI/Controls/OperationWidgets/OperationControl.cs(218,38): warning CS8600: Converting null literal or possible null value to non-nullable type. [/home/runner/work/UniGetUI/UniGetUI/src/UniGetUI/UniGetUI.csproj]
/home/runner/work/UniGetUI/UniGetUI/src/UniGetUI/Controls/OperationWidgets/OperationControl.cs(218,38): warning CS8601: Possible null reference assignment. [/home/runner/work/UniGetUI/UniGetUI/src/UniGetUI/UniGetUI.csproj]
/home/runner/work/UniGetUI/UniGetUI/src/UniGetUI/Controls/OperationWidgets/OperationControl.cs(219,30): warning CS8600: Converting null literal or possible null value to non-nullable type. [/home/runner/work/UniGetUI/UniGetUI/src/UniGetUI/UniGetUI.csproj]
/home/runner/work/UniGetUI/UniGetUI/src/UniGetUI/Controls/OperationWidgets/OperationControl.cs(219,30): warning CS8601: Possible null reference assignment. [/home/runner/work/UniGetUI/UniGetUI/src/UniGetUI/UniGetUI.csproj]
/home/runner/work/UniGetUI/UniGetUI/src/UniGetUI/Controls/OperationWidgets/OperationControl.cs(225,55): warning CS8602: Dereference of a possibly null reference. [/home/runner/work/UniGetUI/UniGetUI/src/UniGetUI/UniGetUI.csproj]
/home/runner/work/UniGetUI/UniGetUI/src/UniGetUI/Controls/OperationWidgets/OperationControl.cs(225,38): warning CS8600: Converting null literal or possible null value to non-nullable type. [/home/runner/work/UniGetUI/UniGetUI/src/UniGetUI/UniGetUI.csproj]
/home/runner/work/UniGetUI/UniGetUI/src/UniGetUI/Controls/OperationWidgets/OperationControl.cs(225,38): warning CS8601: Possible null reference assignment. [/home/runner/work/UniGetUI/UniGetUI/src/UniGetUI/UniGetUI.csproj]
/home/runner/work/UniGetUI/UniGetUI/src/UniGetUI/Controls/OperationWidgets/OperationControl.cs(226,30): warning CS8600: Converting null literal or possible null value to non-nullable type. [/home/runner/work/UniGetUI/UniGetUI/src/UniGetUI/UniGetUI.csproj]
/home/runner/work/UniGetUI/UniGetUI/src/UniGetUI/Controls/OperationWidgets/OperationControl.cs(226,30): warning CS8601: Possible null reference assignment. [/home/runner/work/UniGetUI/UniGetUI/src/UniGetUI/UniGetUI.csproj]
/home/runner/work/UniGetUI/UniGetUI/src/UniGetUI/Pages/SettingsPages/GeneralPages/Backup.axaml.cs(169,25): error CS1061: 'Border' does not contain a definition for 'Initials' and no accessible extension method 'Initials' accepting a first argument of type 'Border' could be found (are you missing a using directive or an assembly reference?) [/home/runner/work/UniGetUI/UniGetUI/src/UniGetUI/UniGetUI.csproj]
/home/runner/work/UniGetUI/UniGetUI/src/UniGetUI/Controls/SettingsWidgets/SecureCheckboxCard.cs(100,22): error CS0029: Cannot implicitly convert type 'Avalonia.Controls.StackPanel' to 'string' [/home/runner/work/UniGetUI/UniGetUI/src/UniGetUI/UniGetUI.csproj]
/home/runner/work/UniGetUI/UniGetUI/src/UniGetUI/Controls/SettingsWidgets/SecureCheckboxCard.cs(88,47): warning CS8602: Dereference of a possibly null reference. [/home/runner/work/UniGetUI/UniGetUI/src/UniGetUI/UniGetUI.csproj]
/home/runner/work/UniGetUI/UniGetUI/src/UniGetUI/Controls/SettingsWidgets/SecureCheckboxCard.cs(88,30): warning CS8600: Converting null literal or possible null value to non-nullable type. [/home/runner/work/UniGetUI/UniGetUI/src/UniGetUI/UniGetUI.csproj]
/home/runner/work/UniGetUI/UniGetUI/src/UniGetUI/obj/Debug/net8.0/Avalonia.Generators/Avalonia.Generators.NameGenerator.AvaloniaNameSourceGenerator/UniGetUI.Interface.Pages.BaseLogPage.g.cs(38,37): error CS1929: 'BaseLogPage' does not contain a definition for 'FindNameScope' and the best extension method overload 'NameScopeExtensions.FindNameScope(ILogical)' requires a receiver of type 'Avalonia.LogicalTree.ILogical' [/home/runner/work/UniGetUI/UniGetUI/src/UniGetUI/UniGetUI.csproj]
/home/runner/work/UniGetUI/UniGetUI/src/UniGetUI/Pages/SettingsPages/ManagersPages/ManagersHomepage.axaml.cs(50,24): error CS1061: 'SettingsPageButton' does not contain a definition for 'Click' and no accessible extension method 'Click' accepting a first argument of type 'SettingsPageButton' could be found (are you missing a using directive or an assembly reference?) [/home/runner/work/UniGetUI/UniGetUI/src/UniGetUI/UniGetUI.csproj]
/home/runner/work/UniGetUI/UniGetUI/src/UniGetUI/Pages/SettingsPages/ManagersPages/ManagersHomepage.axaml.cs(98,37): error CS0266: Cannot implicitly convert type 'bool?' to 'bool'. An explicit conversion exists (are you missing a cast?) [/home/runner/work/UniGetUI/UniGetUI/src/UniGetUI/UniGetUI.csproj]
/home/runner/work/UniGetUI/UniGetUI/src/UniGetUI/Pages/SettingsPages/ManagersPages/ManagersHomepage.axaml.cs(98,37): warning CS8629: Nullable value type may be null. [/home/runner/work/UniGetUI/UniGetUI/src/UniGetUI/UniGetUI.csproj]
/home/runner/work/UniGetUI/UniGetUI/src/UniGetUI/Pages/SettingsPages/ManagersPages/ManagersHomepage.axaml.cs(66,56): warning CS8602: Dereference of a possibly null reference. [/home/runner/work/UniGetUI/UniGetUI/src/UniGetUI/UniGetUI.csproj]
/home/runner/work/UniGetUI/UniGetUI/src/UniGetUI/Pages/SettingsPages/ManagersPages/ManagersHomepage.axaml.cs(66,49): warning CS8600: Converting null literal or possible null value to non-nullable type. [/home/runner/work/UniGetUI/UniGetUI/src/UniGetUI/UniGetUI.csproj]
/home/runner/work/UniGetUI/UniGetUI/src/UniGetUI/Pages/SettingsPages/ManagersPages/ManagersHomepage.axaml.cs(67,51): warning CS8600: Converting null literal or possible null value to non-nullable type. [/home/runner/work/UniGetUI/UniGetUI/src/UniGetUI/UniGetUI.csproj]
/home/runner/work/UniGetUI/UniGetUI/src/UniGetUI/Pages/SettingsPages/ManagersPages/ManagersHomepage.axaml.cs(73,56): warning CS8602: Dereference of a possibly null reference. [/home/runner/work/UniGetUI/UniGetUI/src/UniGetUI/UniGetUI.csproj]
/home/runner/work/UniGetUI/UniGetUI/src/UniGetUI/Pages/SettingsPages/ManagersPages/ManagersHomepage.axaml.cs(73,49): warning CS8600: Converting null literal or possible null value to non-nullable type. [/home/runner/work/UniGetUI/UniGetUI/src/UniGetUI/UniGetUI.csproj]
/home/runner/work/UniGetUI/UniGetUI/src/UniGetUI/Pages/SettingsPages/ManagersPages/ManagersHomepage.axaml.cs(74,51): warning CS8600: Converting null literal or possible null value to non-nullable type. [/home/runner/work/UniGetUI/UniGetUI/src/UniGetUI/UniGetUI.csproj]
/home/runner/work/UniGetUI/UniGetUI/src/UniGetUI/Pages/SettingsPages/ManagersPages/ManagersHomepage.axaml.cs(80,56): warning CS8602: Dereference of a possibly null reference. [/home/runner/work/UniGetUI/UniGetUI/src/UniGetUI/UniGetUI.csproj]
/home/runner/work/UniGetUI/UniGetUI/src/UniGetUI/Pages/SettingsPages/ManagersPages/ManagersHomepage.axaml.cs(80,49): warning CS8600: Converting null literal or possible null value to non-nullable type. [/home/runner/work/UniGetUI/UniGetUI/src/UniGetUI/UniGetUI.csproj]
/home/runner/work/UniGetUI/UniGetUI/src/UniGetUI/Pages/SettingsPages/ManagersPages/ManagersHomepage.axaml.cs(81,51): warning CS8600: Converting null literal or possible null value to non-nullable type. [/home/runner/work/UniGetUI/UniGetUI/src/UniGetUI/UniGetUI.csproj]
/home/runner/work/UniGetUI/UniGetUI/src/UniGetUI/Pages/SettingsPages/GeneralPages/General.axaml.cs(66,95): error CS1061: 'MainWindow' does not contain a definition for 'GetWindowHandle' and no accessible extension method 'GetWindowHandle' accepting a first argument of type 'MainWindow' could be found (are you missing a using directive or an assembly reference?) [/home/runner/work/UniGetUI/UniGetUI/src/UniGetUI/UniGetUI.csproj]
/home/runner/work/UniGetUI/UniGetUI/src/UniGetUI/Pages/DialogPages/IgnoredUpdates.xaml.cs(49,55): error CS0117: 'PEInterface' does not contain a definition for 'WinGet' [/home/runner/work/UniGetUI/UniGetUI/src/UniGetUI/UniGetUI.csproj]
/home/runner/work/UniGetUI/UniGetUI/src/UniGetUI/Controls/SettingsWidgets/SecureCheckboxCard.cs(122,18): error CS0131: The left-hand side of an assignment must be a variable, property or indexer [/home/runner/work/UniGetUI/UniGetUI/src/UniGetUI/UniGetUI.csproj]
/home/runner/work/UniGetUI/UniGetUI/src/UniGetUI/Controls/SettingsWidgets/SecureCheckboxCard.cs(129,18): error CS0131: The left-hand side of an assignment must be a variable, property or indexer [/home/runner/work/UniGetUI/UniGetUI/src/UniGetUI/UniGetUI.csproj]
/home/runner/work/UniGetUI/UniGetUI/src/UniGetUI/Services/UserAvatar.cs(283,34): warning CS8622: Nullability of reference types in type of parameter 'sender' of 'void UserAvatar.LogoutButton_Click(object sender, RoutedEventArgs e)' doesn't match the target delegate 'EventHandler<RoutedEventArgs>' (possibly because of nullability attributes). [/home/runner/work/UniGetUI/UniGetUI/src/UniGetUI/UniGetUI.csproj]
/home/runner/work/UniGetUI/UniGetUI/src/UniGetUI/Pages/SettingsPages/ManagersPages/ManagersHomepage.axaml.cs(135,45): warning CS8600: Converting null literal or possible null value to non-nullable type. [/home/runner/work/UniGetUI/UniGetUI/src/UniGetUI/UniGetUI.csproj]
/home/runner/work/UniGetUI/UniGetUI/src/UniGetUI/Pages/SettingsPages/ManagersPages/ManagersHomepage.axaml.cs(135,45): warning CS8602: Dereference of a possibly null reference. [/home/runner/work/UniGetUI/UniGetUI/src/UniGetUI/UniGetUI.csproj]
/home/runner/work/UniGetUI/UniGetUI/src/UniGetUI/Pages/DialogPages/IgnoredUpdates.xaml.cs(79,13): error CS0103: The name 'ConfirmResetFlyout' does not exist in the current context [/home/runner/work/UniGetUI/UniGetUI/src/UniGetUI/UniGetUI.csproj]
/home/runner/work/UniGetUI/UniGetUI/src/UniGetUI/Pages/DialogPages/IgnoredUpdates.xaml.cs(84,13): error CS0103: The name 'ConfirmResetFlyout' does not exist in the current context [/home/runner/work/UniGetUI/UniGetUI/src/UniGetUI/UniGetUI.csproj]
/home/runner/work/UniGetUI/UniGetUI/src/UniGetUI/Pages/SoftwarePages/AbstractPackagesPage.xaml.cs(134,55): warning CS8603: Possible null reference return. [/home/runner/work/UniGetUI/UniGetUI/src/UniGetUI/UniGetUI.csproj]
/home/runner/work/UniGetUI/UniGetUI/src/UniGetUI/Pages/SettingsPages/GeneralPages/Internet.xaml.cs(39,29): error CS1061: 'TextBox' does not contain a definition for 'Password' and no accessible extension method 'Password' accepting a first argument of type 'TextBox' could be found (are you missing a using directive or an assembly reference?) [/home/runner/work/UniGetUI/UniGetUI/src/UniGetUI/UniGetUI.csproj]
/home/runner/work/UniGetUI/UniGetUI/src/UniGetUI/Pages/SettingsPages/GeneralPages/Internet.xaml.cs(42,39): warning CS8602: Dereference of a possibly null reference. [/home/runner/work/UniGetUI/UniGetUI/src/UniGetUI/UniGetUI.csproj]
/home/runner/work/UniGetUI/UniGetUI/src/UniGetUI/Pages/SettingsPages/GeneralPages/Internet.xaml.cs(42,32): warning CS8600: Converting null literal or possible null value to non-nullable type. [/home/runner/work/UniGetUI/UniGetUI/src/UniGetUI/UniGetUI.csproj]
/home/runner/work/UniGetUI/UniGetUI/src/UniGetUI/Pages/SettingsPages/GeneralPages/Internet.xaml.cs(43,29): warning CS8600: Converting null literal or possible null value to non-nullable type. [/home/runner/work/UniGetUI/UniGetUI/src/UniGetUI/UniGetUI.csproj]
/home/runner/work/UniGetUI/UniGetUI/src/UniGetUI/Pages/SettingsPages/GeneralPages/Internet.xaml.cs(44,30): warning CS8600: Converting null literal or possible null value to non-nullable type. [/home/runner/work/UniGetUI/UniGetUI/src/UniGetUI/UniGetUI.csproj]
/home/runner/work/UniGetUI/UniGetUI/src/UniGetUI/Pages/SettingsPages/GeneralPages/Internet.xaml.cs(45,31): warning CS8600: Converting null literal or possible null value to non-nullable type. [/home/runner/work/UniGetUI/UniGetUI/src/UniGetUI/UniGetUI.csproj]
/home/runner/work/UniGetUI/UniGetUI/src/UniGetUI/Pages/SettingsPages/GeneralPages/Internet.xaml.cs(46,29): warning CS8600: Converting null literal or possible null value to non-nullable type. [/home/runner/work/UniGetUI/UniGetUI/src/UniGetUI/UniGetUI.csproj]
/home/runner/work/UniGetUI/UniGetUI/src/UniGetUI/Pages/SettingsPages/GeneralPages/Internet.xaml.cs(110,46): error CS1061: 'TextBox' does not contain a definition for 'Password' and no accessible extension method 'Password' accepting a first argument of type 'TextBox' could be found (are you missing a using directive or an assembly reference?) [/home/runner/work/UniGetUI/UniGetUI/src/UniGetUI/UniGetUI.csproj]
/home/runner/work/UniGetUI/UniGetUI/src/UniGetUI/Pages/SettingsPages/GeneralPages/Internet.xaml.cs(113,44): error CS1061: 'TextBox' does not contain a definition for 'Password' and no accessible extension method 'Password' accepting a first argument of type 'TextBox' could be found (are you missing a using directive or an assembly reference?) [/home/runner/work/UniGetUI/UniGetUI/src/UniGetUI/UniGetUI.csproj]
/home/runner/work/UniGetUI/UniGetUI/src/UniGetUI/Pages/SettingsPages/GeneralPages/Internet.xaml.cs(114,72): error CS1061: 'TextBox' does not contain a definition for 'Password' and no accessible extension method 'Password' accepting a first argument of type 'TextBox' could be found (are you missing a using directive or an assembly reference?) [/home/runner/work/UniGetUI/UniGetUI/src/UniGetUI/UniGetUI.csproj]
/home/runner/work/UniGetUI/UniGetUI/src/UniGetUI/Pages/SettingsPages/GeneralPages/Internet.xaml.cs(109,34): warning CS8600: Converting null literal or possible null value to non-nullable type. [/home/runner/work/UniGetUI/UniGetUI/src/UniGetUI/UniGetUI.csproj]
/home/runner/work/UniGetUI/UniGetUI/src/UniGetUI/Pages/DialogPages/DialogHelper_Generic.cs(62,25): error CS0234: The type or namespace name 'UI' does not exist in the namespace 'Windows' (are you missing an assembly reference?) [/home/runner/work/UniGetUI/UniGetUI/src/UniGetUI/UniGetUI.csproj]
/home/runner/work/UniGetUI/UniGetUI/src/UniGetUI/Pages/DialogPages/DialogHelper_Generic.cs(83,13): error CS0117: 'TextBlock' does not contain a definition for 'IsTextSelectionEnabled' [/home/runner/work/UniGetUI/UniGetUI/src/UniGetUI/UniGetUI.csproj]
/home/runner/work/UniGetUI/UniGetUI/src/UniGetUI/Pages/DialogPages/DialogHelper_Generic.cs(101,16): error CS1061: 'Window' does not contain a definition for 'PrimaryButtonClick' and no accessible extension method 'PrimaryButtonClick' accepting a first argument of type 'Window' could be found (are you missing a using directive or an assembly reference?) [/home/runner/work/UniGetUI/UniGetUI/src/UniGetUI/UniGetUI.csproj]
/home/runner/work/UniGetUI/UniGetUI/src/UniGetUI/Pages/DialogPages/DialogHelper_Generic.cs(93,13): warning CS0618: 'ToggleButton.Checked' is obsolete: 'Use IsCheckedChanged instead.' [/home/runner/work/UniGetUI/UniGetUI/src/UniGetUI/UniGetUI.csproj]
/home/runner/work/UniGetUI/UniGetUI/src/UniGetUI/Pages/DialogPages/DialogHelper_Generic.cs(94,13): warning CS0618: 'ToggleButton.Unchecked' is obsolete: 'Use IsCheckedChanged instead.' [/home/runner/work/UniGetUI/UniGetUI/src/UniGetUI/UniGetUI.csproj]
/home/runner/work/UniGetUI/UniGetUI/src/UniGetUI/Pages/DialogPages/DesktopShortcuts.xaml.cs(92,13): error CS0103: The name 'ConfirmResetFlyout' does not exist in the current context [/home/runner/work/UniGetUI/UniGetUI/src/UniGetUI/UniGetUI.csproj]
/home/runner/work/UniGetUI/UniGetUI/src/UniGetUI/Pages/SettingsPages/GeneralPages/General.axaml.cs(83,99): error CS1061: 'MainWindow' does not contain a definition for 'GetWindowHandle' and no accessible extension method 'GetWindowHandle' accepting a first argument of type 'MainWindow' could be found (are you missing a using directive or an assembly reference?) [/home/runner/work/UniGetUI/UniGetUI/src/UniGetUI/UniGetUI.csproj]
/home/runner/work/UniGetUI/UniGetUI/src/UniGetUI/Pages/DialogPages/DesktopShortcuts.xaml.cs(97,13): error CS0103: The name 'ConfirmResetFlyout' does not exist in the current context [/home/runner/work/UniGetUI/UniGetUI/src/UniGetUI/UniGetUI.csproj]
/home/runner/work/UniGetUI/UniGetUI/src/UniGetUI/Pages/DialogPages/ReleaseNotes.xaml.cs(26,21): error CS1061: 'object' does not contain a definition for 'NavigationStarting' and no accessible extension method 'NavigationStarting' accepting a first argument of type 'object' could be found (are you missing a using directive or an assembly reference?) [/home/runner/work/UniGetUI/UniGetUI/src/UniGetUI/UniGetUI.csproj]
/home/runner/work/UniGetUI/UniGetUI/src/UniGetUI/Pages/DialogPages/ReleaseNotes.xaml.cs(27,21): error CS1061: 'object' does not contain a definition for 'NavigationCompleted' and no accessible extension method 'NavigationCompleted' accepting a first argument of type 'object' could be found (are you missing a using directive or an assembly reference?) [/home/runner/work/UniGetUI/UniGetUI/src/UniGetUI/UniGetUI.csproj]
/home/runner/work/UniGetUI/UniGetUI/src/UniGetUI/Pages/DialogPages/ReleaseNotes.xaml.cs(32,27): error CS1061: 'object' does not contain a definition for 'EnsureCoreWebView2Async' and no accessible extension method 'EnsureCoreWebView2Async' accepting a first argument of type 'object' could be found (are you missing a using directive or an assembly reference?) [/home/runner/work/UniGetUI/UniGetUI/src/UniGetUI/UniGetUI.csproj]
/home/runner/work/UniGetUI/UniGetUI/src/UniGetUI/Pages/DialogPages/ReleaseNotes.xaml.cs(33,21): error CS1061: 'object' does not contain a definition for 'Source' and no accessible extension method 'Source' accepting a first argument of type 'object' could be found (are you missing a using directive or an assembly reference?) [/home/runner/work/UniGetUI/UniGetUI/src/UniGetUI/UniGetUI.csproj]
/home/runner/work/UniGetUI/UniGetUI/src/UniGetUI/AutoUpdater.cs(224,20): error CS1061: 'UserControl' does not contain a definition for 'IsOpen' and no accessible extension method 'IsOpen' accepting a first argument of type 'UserControl' could be found (are you missing a using directive or an assembly reference?) [/home/runner/work/UniGetUI/UniGetUI/src/UniGetUI/UniGetUI.csproj]
/home/runner/work/UniGetUI/UniGetUI/src/UniGetUI/AutoUpdater.cs(262,35): error CS1061: 'Window' does not contain a definition for 'Visible' and no accessible extension method 'Visible' accepting a first argument of type 'Window' could be found (are you missing a using directive or an assembly reference?) [/home/runner/work/UniGetUI/UniGetUI/src/UniGetUI/UniGetUI.csproj]
/home/runner/work/UniGetUI/UniGetUI/src/UniGetUI/Pages/DialogPages/ReleaseNotes.xaml.cs(38,21): error CS1061: 'object' does not contain a definition for 'Close' and no accessible extension method 'Close' accepting a first argument of type 'object' could be found (are you missing a using directive or an assembly reference?) [/home/runner/work/UniGetUI/UniGetUI/src/UniGetUI/UniGetUI.csproj]
/home/runner/work/UniGetUI/UniGetUI/src/UniGetUI/Pages/DialogPages/OperationFailedDialog.xaml.cs(43,65): warning CS0436: The type 'Run' in '/home/runner/work/UniGetUI/UniGetUI/src/UniGetUI/Controls/DocumentStubs.cs' conflicts with the imported type 'Run' in 'Avalonia.Controls, Version=11.2.2.0, Culture=neutral, PublicKeyToken=c8d484a7012f9a8b'. Using the type defined in '/home/runner/work/UniGetUI/UniGetUI/src/UniGetUI/Controls/DocumentStubs.cs'. [/home/runner/work/UniGetUI/UniGetUI/src/UniGetUI/UniGetUI.csproj]
/home/runner/work/UniGetUI/UniGetUI/src/UniGetUI/Pages/DialogPages/OperationFailedDialog.xaml.cs(48,65): warning CS0436: The type 'Run' in '/home/runner/work/UniGetUI/UniGetUI/src/UniGetUI/Controls/DocumentStubs.cs' conflicts with the imported type 'Run' in 'Avalonia.Controls, Version=11.2.2.0, Culture=neutral, PublicKeyToken=c8d484a7012f9a8b'. Using the type defined in '/home/runner/work/UniGetUI/UniGetUI/src/UniGetUI/Controls/DocumentStubs.cs'. [/home/runner/work/UniGetUI/UniGetUI/src/UniGetUI/UniGetUI.csproj]
/home/runner/work/UniGetUI/UniGetUI/src/UniGetUI/Pages/DialogPages/OperationFailedDialog.xaml.cs(53,65): warning CS0436: The type 'Run' in '/home/runner/work/UniGetUI/UniGetUI/src/UniGetUI/Controls/DocumentStubs.cs' conflicts with the imported type 'Run' in 'Avalonia.Controls, Version=11.2.2.0, Culture=neutral, PublicKeyToken=c8d484a7012f9a8b'. Using the type defined in '/home/runner/work/UniGetUI/UniGetUI/src/UniGetUI/Controls/DocumentStubs.cs'. [/home/runner/work/UniGetUI/UniGetUI/src/UniGetUI/UniGetUI.csproj]
/home/runner/work/UniGetUI/UniGetUI/src/UniGetUI/Pages/DialogPages/OperationFailedDialog.xaml.cs(32,41): warning CS8602: Dereference of a possibly null reference. [/home/runner/work/UniGetUI/UniGetUI/src/UniGetUI/UniGetUI.csproj]
/home/runner/work/UniGetUI/UniGetUI/src/UniGetUI/Pages/DialogPages/OperationFailedDialog.xaml.cs(32,24): warning CS8600: Converting null literal or possible null value to non-nullable type. [/home/runner/work/UniGetUI/UniGetUI/src/UniGetUI/UniGetUI.csproj]
/home/runner/work/UniGetUI/UniGetUI/src/UniGetUI/Pages/DialogPages/OperationFailedDialog.xaml.cs(32,24): warning CS8601: Possible null reference assignment. [/home/runner/work/UniGetUI/UniGetUI/src/UniGetUI/UniGetUI.csproj]
/home/runner/work/UniGetUI/UniGetUI/src/UniGetUI/Pages/DialogPages/OperationFailedDialog.xaml.cs(33,41): warning CS8602: Dereference of a possibly null reference. [/home/runner/work/UniGetUI/UniGetUI/src/UniGetUI/UniGetUI.csproj]
/home/runner/work/UniGetUI/UniGetUI/src/UniGetUI/Pages/DialogPages/OperationFailedDialog.xaml.cs(33,24): warning CS8600: Converting null literal or possible null value to non-nullable type. [/home/runner/work/UniGetUI/UniGetUI/src/UniGetUI/UniGetUI.csproj]
/home/runner/work/UniGetUI/UniGetUI/src/UniGetUI/Pages/DialogPages/OperationFailedDialog.xaml.cs(33,24): warning CS8601: Possible null reference assignment. [/home/runner/work/UniGetUI/UniGetUI/src/UniGetUI/UniGetUI.csproj]
/home/runner/work/UniGetUI/UniGetUI/src/UniGetUI/Pages/DialogPages/OperationFailedDialog.xaml.cs(43,17): warning CS8602: Dereference of a possibly null reference. [/home/runner/work/UniGetUI/UniGetUI/src/UniGetUI/UniGetUI.csproj]
/home/runner/work/UniGetUI/UniGetUI/src/UniGetUI/Pages/DialogPages/OperationFailedDialog.xaml.cs(48,17): warning CS8602: Dereference of a possibly null reference. [/home/runner/work/UniGetUI/UniGetUI/src/UniGetUI/UniGetUI.csproj]
/home/runner/work/UniGetUI/UniGetUI/src/UniGetUI/Pages/DialogPages/OperationFailedDialog.xaml.cs(53,17): warning CS8602: Dereference of a possibly null reference. [/home/runner/work/UniGetUI/UniGetUI/src/UniGetUI/UniGetUI.csproj]
/home/runner/work/UniGetUI/UniGetUI/src/UniGetUI/AutoUpdater.cs(332,20): error CS1061: 'UserControl' does not contain a definition for 'Title' and no accessible extension method 'Title' accepting a first argument of type 'UserControl' could be found (are you missing a using directive or an assembly reference?) [/home/runner/work/UniGetUI/UniGetUI/src/UniGetUI/UniGetUI.csproj]
/home/runner/work/UniGetUI/UniGetUI/src/UniGetUI/AutoUpdater.cs(333,20): error CS1061: 'UserControl' does not contain a definition for 'Message' and no accessible extension method 'Message' accepting a first argument of type 'UserControl' could be found (are you missing a using directive or an assembly reference?) [/home/runner/work/UniGetUI/UniGetUI/src/UniGetUI/UniGetUI.csproj]
/home/runner/work/UniGetUI/UniGetUI/src/UniGetUI/AutoUpdater.cs(334,20): error CS1061: 'UserControl' does not contain a definition for 'Severity' and no accessible extension method 'Severity' accepting a first argument of type 'UserControl' could be found (are you missing a using directive or an assembly reference?) [/home/runner/work/UniGetUI/UniGetUI/src/UniGetUI/UniGetUI.csproj]
/home/runner/work/UniGetUI/UniGetUI/src/UniGetUI/AutoUpdater.cs(335,20): error CS1061: 'UserControl' does not contain a definition for 'IsClosable' and no accessible extension method 'IsClosable' accepting a first argument of type 'UserControl' could be found (are you missing a using directive or an assembly reference?) [/home/runner/work/UniGetUI/UniGetUI/src/UniGetUI/UniGetUI.csproj]
/home/runner/work/UniGetUI/UniGetUI/src/UniGetUI/AutoUpdater.cs(336,20): error CS1061: 'UserControl' does not contain a definition for 'ActionButton' and no accessible extension method 'ActionButton' accepting a first argument of type 'UserControl' could be found (are you missing a using directive or an assembly reference?) [/home/runner/work/UniGetUI/UniGetUI/src/UniGetUI/UniGetUI.csproj]
/home/runner/work/UniGetUI/UniGetUI/src/UniGetUI/AutoUpdater.cs(337,20): error CS1061: 'UserControl' does not contain a definition for 'IsOpen' and no accessible extension method 'IsOpen' accepting a first argument of type 'UserControl' could be found (are you missing a using directive or an assembly reference?) [/home/runner/work/UniGetUI/UniGetUI/src/UniGetUI/UniGetUI.csproj]
/home/runner/work/UniGetUI/UniGetUI/src/UniGetUI/MainWindow.axaml.cs(216,21): warning CS1717: Assignment made to same variable; did you mean to assign something else? [/home/runner/work/UniGetUI/UniGetUI/src/UniGetUI/UniGetUI.csproj]
/home/runner/work/UniGetUI/UniGetUI/src/UniGetUI/MainWindow.axaml.cs(217,21): warning CS1717: Assignment made to same variable; did you mean to assign something else? [/home/runner/work/UniGetUI/UniGetUI/src/UniGetUI/UniGetUI.csproj]
/home/runner/work/UniGetUI/UniGetUI/src/UniGetUI/Pages/SoftwarePages/DiscoverSoftwarePage.cs(54,62): error CS0103: The name 'VirtualKey' does not exist in the current context [/home/runner/work/UniGetUI/UniGetUI/src/UniGetUI/UniGetUI.csproj]
/home/runner/work/UniGetUI/UniGetUI/src/UniGetUI/Pages/SoftwarePages/DiscoverSoftwarePage.cs(53,37): warning CS8622: Nullability of reference types in type of parameter 'sender' of 'void DiscoverSoftwarePage.Event_SearchPackages(object sender, RoutedEventArgs e)' doesn't match the target delegate 'EventHandler<RoutedEventArgs>' (possibly because of nullability attributes). [/home/runner/work/UniGetUI/UniGetUI/src/UniGetUI/UniGetUI.csproj]
/home/runner/work/UniGetUI/UniGetUI/src/UniGetUI/Pages/SoftwarePages/DiscoverSoftwarePage.cs(54,103): warning CS8604: Possible null reference argument for parameter 'sender' in 'void DiscoverSoftwarePage.Event_SearchPackages(object sender, RoutedEventArgs e)'. [/home/runner/work/UniGetUI/UniGetUI/src/UniGetUI/UniGetUI.csproj]
/home/runner/work/UniGetUI/UniGetUI/src/UniGetUI/Pages/SoftwarePages/DiscoverSoftwarePage.cs(60,34): warning CS8604: Possible null reference argument for parameter 'sender' in 'void DiscoverSoftwarePage.Event_SearchPackages(object sender, RoutedEventArgs e)'. [/home/runner/work/UniGetUI/UniGetUI/src/UniGetUI/UniGetUI.csproj]
/home/runner/work/UniGetUI/UniGetUI/src/UniGetUI/Controls/SettingsWidgets/TextboxCard.cs(76,36): warning CS8600: Converting null literal or possible null value to non-nullable type. [/home/runner/work/UniGetUI/UniGetUI/src/UniGetUI/UniGetUI.csproj]
/home/runner/work/UniGetUI/UniGetUI/src/UniGetUI/Controls/SettingsWidgets/TextboxCard.cs(80,61): warning CS8604: Possible null reference argument for parameter 'name' in 'string CoreTools.MakeValidFileName(string name)'. [/home/runner/work/UniGetUI/UniGetUI/src/UniGetUI/UniGetUI.csproj]
/home/runner/work/UniGetUI/UniGetUI/src/UniGetUI/Controls/SettingsWidgets/TextboxCard.cs(85,49): warning CS8604: Possible null reference argument for parameter 'value' in 'void Settings.SetValue(K key, string value)'. [/home/runner/work/UniGetUI/UniGetUI/src/UniGetUI/UniGetUI.csproj]
/home/runner/work/UniGetUI/UniGetUI/src/UniGetUI/AppOperationHelper.cs(68,25): error CS0117: 'Window' does not contain a definition for 'PrimaryButtonText' [/home/runner/work/UniGetUI/UniGetUI/src/UniGetUI/UniGetUI.csproj]
/home/runner/work/UniGetUI/UniGetUI/src/UniGetUI/Pages/DialogPages/DialogHelper_Generic.cs(273,9): error CS1922: Cannot initialize type 'Window' with a collection initializer because it does not implement 'System.Collections.IEnumerable' [/home/runner/work/UniGetUI/UniGetUI/src/UniGetUI/UniGetUI.csproj]
/home/runner/work/UniGetUI/UniGetUI/src/UniGetUI/Pages/DialogPages/DialogHelper_Generic.cs(274,13): error CS0747: Invalid initializer member declarator [/home/runner/work/UniGetUI/UniGetUI/src/UniGetUI/UniGetUI.csproj]
/home/runner/work/UniGetUI/UniGetUI/src/UniGetUI/Pages/DialogPages/DialogHelper_Generic.cs(274,13): error CS0118: 'Style' is a type but is used like a variable [/home/runner/work/UniGetUI/UniGetUI/src/UniGetUI/UniGetUI.csproj]
/home/runner/work/UniGetUI/UniGetUI/src/UniGetUI/Pages/DialogPages/DialogHelper_Generic.cs(277,23): error CS1061: 'MainWindow' does not contain a definition for 'XamlRoot' and no accessible extension method 'XamlRoot' accepting a first argument of type 'MainWindow' could be found (are you missing a using directive or an assembly reference?) [/home/runner/work/UniGetUI/UniGetUI/src/UniGetUI/UniGetUI.csproj]
/home/runner/work/UniGetUI/UniGetUI/src/UniGetUI/Pages/DialogPages/DialogHelper_Generic.cs(274,38): warning CS8602: Dereference of a possibly null reference. [/home/runner/work/UniGetUI/UniGetUI/src/UniGetUI/UniGetUI.csproj]
/home/runner/work/UniGetUI/UniGetUI/src/UniGetUI/Pages/DialogPages/InstallOptions_Manager.xaml.cs(51,9): error CS0103: The name 'LoadingIndicator' does not exist in the current context [/home/runner/work/UniGetUI/UniGetUI/src/UniGetUI/UniGetUI.csproj]
/home/runner/work/UniGetUI/UniGetUI/src/UniGetUI/Pages/DialogPages/InstallOptions_Manager.xaml.cs(159,21): error CS1061: 'Button' does not contain a definition for 'Avalonia' and no accessible extension method 'Avalonia' accepting a first argument of type 'Button' could be found (are you missing a using directive or an assembly reference?) [/home/runner/work/UniGetUI/UniGetUI/src/UniGetUI/UniGetUI.csproj]
/home/runner/work/UniGetUI/UniGetUI/src/UniGetUI/Pages/DialogPages/InstallOptions_Manager.xaml.cs(161,9): error CS0103: The name 'LoadingIndicator' does not exist in the current context [/home/runner/work/UniGetUI/UniGetUI/src/UniGetUI/UniGetUI.csproj]
/home/runner/work/UniGetUI/UniGetUI/src/UniGetUI/Pages/DialogPages/InstallOptions_Manager.xaml.cs(159,70): warning CS8602: Dereference of a possibly null reference. [/home/runner/work/UniGetUI/UniGetUI/src/UniGetUI/UniGetUI.csproj]
/home/runner/work/UniGetUI/UniGetUI/src/UniGetUI/Pages/DialogPages/InstallOptions_Manager.xaml.cs(159,46): warning CS8600: Converting null literal or possible null value to non-nullable type. [/home/runner/work/UniGetUI/UniGetUI/src/UniGetUI/UniGetUI.csproj]
/home/runner/work/UniGetUI/UniGetUI/src/UniGetUI/Pages/DialogPages/InstallOptions_Manager.xaml.cs(166,9): error CS0103: The name 'LoadingIndicator' does not exist in the current context [/home/runner/work/UniGetUI/UniGetUI/src/UniGetUI/UniGetUI.csproj]
/home/runner/work/UniGetUI/UniGetUI/src/UniGetUI/Pages/DialogPages/InstallOptions_Manager.xaml.cs(197,45): warning CS8601: Possible null reference assignment. [/home/runner/work/UniGetUI/UniGetUI/src/UniGetUI/UniGetUI.csproj]
/home/runner/work/UniGetUI/UniGetUI/src/UniGetUI/Pages/DialogPages/InstallOptions_Manager.xaml.cs(201,44): warning CS8602: Dereference of a possibly null reference. [/home/runner/work/UniGetUI/UniGetUI/src/UniGetUI/UniGetUI.csproj]
/home/runner/work/UniGetUI/UniGetUI/src/UniGetUI/Pages/DialogPages/InstallOptions_Manager.xaml.cs(202,43): warning CS8602: Dereference of a possibly null reference. [/home/runner/work/UniGetUI/UniGetUI/src/UniGetUI/UniGetUI.csproj]
/home/runner/work/UniGetUI/UniGetUI/src/UniGetUI/Pages/DialogPages/InstallOptions_Manager.xaml.cs(203,46): warning CS8602: Dereference of a possibly null reference. [/home/runner/work/UniGetUI/UniGetUI/src/UniGetUI/UniGetUI.csproj]
/home/runner/work/UniGetUI/UniGetUI/src/UniGetUI/Pages/DialogPages/InstallOptions_Manager.xaml.cs(211,9): error CS0103: The name 'LoadingIndicator' does not exist in the current context [/home/runner/work/UniGetUI/UniGetUI/src/UniGetUI/UniGetUI.csproj]
/home/runner/work/UniGetUI/UniGetUI/src/UniGetUI/Pages/DialogPages/InstallOptions_Manager.xaml.cs(238,21): error CS1061: 'Button' does not contain a definition for 'Avalonia' and no accessible extension method 'Avalonia' accepting a first argument of type 'Button' could be found (are you missing a using directive or an assembly reference?) [/home/runner/work/UniGetUI/UniGetUI/src/UniGetUI/UniGetUI.csproj]
/home/runner/work/UniGetUI/UniGetUI/src/UniGetUI/Pages/DialogPages/InstallOptions_Manager.xaml.cs(238,70): warning CS8602: Dereference of a possibly null reference. [/home/runner/work/UniGetUI/UniGetUI/src/UniGetUI/UniGetUI.csproj]
/home/runner/work/UniGetUI/UniGetUI/src/UniGetUI/Pages/DialogPages/InstallOptions_Manager.xaml.cs(238,46): warning CS8600: Converting null literal or possible null value to non-nullable type. [/home/runner/work/UniGetUI/UniGetUI/src/UniGetUI/UniGetUI.csproj]
/home/runner/work/UniGetUI/UniGetUI/src/UniGetUI/Pages/DialogPages/InstallOptions_Manager.xaml.cs(245,21): error CS1061: 'Button' does not contain a definition for 'Avalonia' and no accessible extension method 'Avalonia' accepting a first argument of type 'Button' could be found (are you missing a using directive or an assembly reference?) [/home/runner/work/UniGetUI/UniGetUI/src/UniGetUI/UniGetUI.csproj]
/home/runner/work/UniGetUI/UniGetUI/src/UniGetUI/Pages/DialogPages/InstallOptions_Manager.xaml.cs(245,70): warning CS8602: Dereference of a possibly null reference. [/home/runner/work/UniGetUI/UniGetUI/src/UniGetUI/UniGetUI.csproj]
/home/runner/work/UniGetUI/UniGetUI/src/UniGetUI/Pages/DialogPages/InstallOptions_Manager.xaml.cs(245,46): warning CS8600: Converting null literal or possible null value to non-nullable type. [/home/runner/work/UniGetUI/UniGetUI/src/UniGetUI/UniGetUI.csproj]
/home/runner/work/UniGetUI/UniGetUI/src/UniGetUI/Pages/DialogPages/InstallOptions_Manager.xaml.cs(250,93): error CS1061: 'MainWindow' does not contain a definition for 'GetWindowHandle' and no accessible extension method 'GetWindowHandle' accepting a first argument of type 'MainWindow' could be found (are you missing a using directive or an assembly reference?) [/home/runner/work/UniGetUI/UniGetUI/src/UniGetUI/UniGetUI.csproj]
/home/runner/work/UniGetUI/UniGetUI/src/UniGetUI/Pages/DialogPages/InstallOptions_Manager.xaml.cs(256,25): error CS1061: 'Button' does not contain a definition for 'Avalonia' and no accessible extension method 'Avalonia' accepting a first argument of type 'Button' could be found (are you missing a using directive or an assembly reference?) [/home/runner/work/UniGetUI/UniGetUI/src/UniGetUI/UniGetUI.csproj]
/home/runner/work/UniGetUI/UniGetUI/src/UniGetUI/Pages/DialogPages/InstallOptions_Manager.xaml.cs(256,74): warning CS8602: Dereference of a possibly null reference. [/home/runner/work/UniGetUI/UniGetUI/src/UniGetUI/UniGetUI.csproj]
/home/runner/work/UniGetUI/UniGetUI/src/UniGetUI/Pages/DialogPages/InstallOptions_Manager.xaml.cs(256,50): warning CS8600: Converting null literal or possible null value to non-nullable type. [/home/runner/work/UniGetUI/UniGetUI/src/UniGetUI/UniGetUI.csproj]
/home/runner/work/UniGetUI/UniGetUI/src/UniGetUI/Pages/SettingsPages/ManagersPages/PackageManager.xaml.cs(61,68): error CS0117: 'PEInterface' does not contain a definition for 'WinGet' [/home/runner/work/UniGetUI/UniGetUI/src/UniGetUI/UniGetUI.csproj]
/home/runner/work/UniGetUI/UniGetUI/src/UniGetUI/Pages/SettingsPages/ManagersPages/PackageManager.xaml.cs(98,47): error CS0029: Cannot implicitly convert type 'UniGetUI.Pages.DialogPages.InstallOptions_Manager' to 'string' [/home/runner/work/UniGetUI/UniGetUI/src/UniGetUI/UniGetUI.csproj]
/home/runner/work/UniGetUI/UniGetUI/src/UniGetUI/Pages/SettingsPages/ManagersPages/PackageManager.xaml.cs(114,49): error CS0029: Cannot implicitly convert type 'UniGetUI.Interface.Widgets.SourceManager' to 'string' [/home/runner/work/UniGetUI/UniGetUI/src/UniGetUI/UniGetUI.csproj]
/home/runner/work/UniGetUI/UniGetUI/src/UniGetUI/Pages/SettingsPages/ManagersPages/PackageManager.xaml.cs(120,34): error CS0176: Member 'FontWeight.SemiBold' cannot be accessed with an instance reference; qualify it with a type name instead [/home/runner/work/UniGetUI/UniGetUI/src/UniGetUI/UniGetUI.csproj]
/home/runner/work/UniGetUI/UniGetUI/src/UniGetUI/Pages/SettingsPages/ManagersPages/PackageManager.xaml.cs(348,53): error CS0029: Cannot implicitly convert type 'Avalonia.Controls.StackPanel' to 'string' [/home/runner/work/UniGetUI/UniGetUI/src/UniGetUI/UniGetUI.csproj]
/home/runner/work/UniGetUI/UniGetUI/src/UniGetUI/Pages/SoftwarePages/InstalledPackagesPage.cs(75,36): warning CS8622: Nullability of reference types in type of parameter 'sender' of 'void InstalledPackagesPage.MenuUninstall_Invoked(object sender, RoutedEventArgs args)' doesn't match the target delegate 'EventHandler<RoutedEventArgs>' (possibly because of nullability attributes). [/home/runner/work/UniGetUI/UniGetUI/src/UniGetUI/UniGetUI.csproj]
/home/runner/work/UniGetUI/UniGetUI/src/UniGetUI/Pages/SoftwarePages/InstalledPackagesPage.cs(87,46): warning CS8622: Nullability of reference types in type of parameter 'sender' of 'void InstalledPackagesPage.MenuInstallSettings_Invoked(object sender, RoutedEventArgs e)' doesn't match the target delegate 'EventHandler<RoutedEventArgs>' (possibly because of nullability attributes). [/home/runner/work/UniGetUI/UniGetUI/src/UniGetUI/UniGetUI.csproj]
/home/runner/work/UniGetUI/UniGetUI/src/UniGetUI/Pages/SoftwarePages/InstalledPackagesPage.cs(105,34): warning CS8622: Nullability of reference types in type of parameter 'sender' of 'void InstalledPackagesPage.MenuAsAdmin_Invoked(object sender, RoutedEventArgs args)' doesn't match the target delegate 'EventHandler<RoutedEventArgs>' (possibly because of nullability attributes). [/home/runner/work/UniGetUI/UniGetUI/src/UniGetUI/UniGetUI.csproj]
/home/runner/work/UniGetUI/UniGetUI/src/UniGetUI/Pages/SoftwarePages/InstalledPackagesPage.cs(113,38): warning CS8622: Nullability of reference types in type of parameter 'sender' of 'void InstalledPackagesPage.MenuInteractive_Invoked(object sender, RoutedEventArgs args)' doesn't match the target delegate 'EventHandler<RoutedEventArgs>' (possibly because of nullability attributes). [/home/runner/work/UniGetUI/UniGetUI/src/UniGetUI/UniGetUI.csproj]
/home/runner/work/UniGetUI/UniGetUI/src/UniGetUI/Pages/SoftwarePages/InstalledPackagesPage.cs(121,37): warning CS8622: Nullability of reference types in type of parameter 'sender' of 'void InstalledPackagesPage.MenuRemoveData_Invoked(object sender, RoutedEventArgs args)' doesn't match the target delegate 'EventHandler<RoutedEventArgs>' (possibly because of nullability attributes). [/home/runner/work/UniGetUI/UniGetUI/src/UniGetUI/UniGetUI.csproj]
/home/runner/work/UniGetUI/UniGetUI/src/UniGetUI/Pages/SoftwarePages/InstalledPackagesPage.cs(141,43): warning CS8622: Nullability of reference types in type of parameter 'sender' of 'void InstalledPackagesPage.MenuReinstall_Invoked(object sender, RoutedEventArgs args)' doesn't match the target delegate 'EventHandler<RoutedEventArgs>' (possibly because of nullability attributes). [/home/runner/work/UniGetUI/UniGetUI/src/UniGetUI/UniGetUI.csproj]
/home/runner/work/UniGetUI/UniGetUI/src/UniGetUI/Pages/SoftwarePages/InstalledPackagesPage.cs(149,49): warning CS8622: Nullability of reference types in type of parameter 'sender' of 'void InstalledPackagesPage.MenuUninstallThenReinstall_Invoked(object sender, RoutedEventArgs args)' doesn't match the target delegate 'EventHandler<RoutedEventArgs>' (possibly because of nullability attributes). [/home/runner/work/UniGetUI/UniGetUI/src/UniGetUI/UniGetUI.csproj]
/home/runner/work/UniGetUI/UniGetUI/src/UniGetUI/Pages/SoftwarePages/InstalledPackagesPage.cs(158,40): warning CS8622: Nullability of reference types in type of parameter 'sender' of 'void InstalledPackagesPage.MenuIgnorePackage_Invoked(object sender, RoutedEventArgs args)' doesn't match the target delegate 'EventHandler<RoutedEventArgs>' (possibly because of nullability attributes). [/home/runner/work/UniGetUI/UniGetUI/src/UniGetUI/UniGetUI.csproj]
/home/runner/work/UniGetUI/UniGetUI/src/UniGetUI/Pages/SoftwarePages/InstalledPackagesPage.cs(168,39): warning CS8622: Nullability of reference types in type of parameter 'sender' of 'void InstalledPackagesPage.MenuShare_Invoked(object sender, RoutedEventArgs args)' doesn't match the target delegate 'EventHandler<RoutedEventArgs>' (possibly because of nullability attributes). [/home/runner/work/UniGetUI/UniGetUI/src/UniGetUI/UniGetUI.csproj]
/home/runner/work/UniGetUI/UniGetUI/src/UniGetUI/Pages/SoftwarePages/InstalledPackagesPage.cs(178,41): warning CS8622: Nullability of reference types in type of parameter 'sender' of 'void InstalledPackagesPage.MenuDetails_Invoked(object sender, RoutedEventArgs args)' doesn't match the target delegate 'EventHandler<RoutedEventArgs>' (possibly because of nullability attributes). [/home/runner/work/UniGetUI/UniGetUI/src/UniGetUI/UniGetUI.csproj]
/home/runner/work/UniGetUI/UniGetUI/src/UniGetUI/Pages/SoftwarePages/DiscoverSoftwarePage.cs(74,34): warning CS8622: Nullability of reference types in type of parameter 'sender' of 'void DiscoverSoftwarePage.MenuInstall_Invoked(object sender, RoutedEventArgs e)' doesn't match the target delegate 'EventHandler<RoutedEventArgs>' (possibly because of nullability attributes). [/home/runner/work/UniGetUI/UniGetUI/src/UniGetUI/UniGetUI.csproj]
/home/runner/work/UniGetUI/UniGetUI/src/UniGetUI/Pages/SoftwarePages/DiscoverSoftwarePage.cs(86,42): warning CS8622: Nullability of reference types in type of parameter 'sender' of 'void DiscoverSoftwarePage.MenuInstallSettings_Invoked(object sender, RoutedEventArgs e)' doesn't match the target delegate 'EventHandler<RoutedEventArgs>' (possibly because of nullability attributes). [/home/runner/work/UniGetUI/UniGetUI/src/UniGetUI/UniGetUI.csproj]
/home/runner/work/UniGetUI/UniGetUI/src/UniGetUI/Pages/SoftwarePages/DiscoverSoftwarePage.cs(96,34): warning CS8622: Nullability of reference types in type of parameter 'sender' of 'void DiscoverSoftwarePage.MenuAsAdmin_Invoked(object sender, RoutedEventArgs e)' doesn't match the target delegate 'EventHandler<RoutedEventArgs>' (possibly because of nullability attributes). [/home/runner/work/UniGetUI/UniGetUI/src/UniGetUI/UniGetUI.csproj]
/home/runner/work/UniGetUI/UniGetUI/src/UniGetUI/Pages/SoftwarePages/DiscoverSoftwarePage.cs(104,38): warning CS8622: Nullability of reference types in type of parameter 'sender' of 'void DiscoverSoftwarePage.MenuInteractive_Invoked(object sender, RoutedEventArgs e)' doesn't match the target delegate 'EventHandler<RoutedEventArgs>' (possibly because of nullability attributes). [/home/runner/work/UniGetUI/UniGetUI/src/UniGetUI/UniGetUI.csproj]
/home/runner/work/UniGetUI/UniGetUI/src/UniGetUI/Pages/SoftwarePages/DiscoverSoftwarePage.cs(112,35): warning CS8622: Nullability of reference types in type of parameter 'sender' of 'void DiscoverSoftwarePage.MenuSkipHash_Invoked(object sender, RoutedEventArgs e)' doesn't match the target delegate 'EventHandler<RoutedEventArgs>' (possibly because of nullability attributes). [/home/runner/work/UniGetUI/UniGetUI/src/UniGetUI/UniGetUI.csproj]
/home/runner/work/UniGetUI/UniGetUI/src/UniGetUI/Pages/SoftwarePages/DiscoverSoftwarePage.cs(130,32): warning CS8622: Nullability of reference types in type of parameter 'sender' of 'void DiscoverSoftwarePage.MenuShare_Invoked(object sender, RoutedEventArgs e)' doesn't match the target delegate 'EventHandler<RoutedEventArgs>' (possibly because of nullability attributes). [/home/runner/work/UniGetUI/UniGetUI/src/UniGetUI/UniGetUI.csproj]
/home/runner/work/UniGetUI/UniGetUI/src/UniGetUI/Pages/SoftwarePages/DiscoverSoftwarePage.cs(140,34): warning CS8622: Nullability of reference types in type of parameter 'sender' of 'void DiscoverSoftwarePage.MenuDetails_Invoked(object sender, RoutedEventArgs e)' doesn't match the target delegate 'EventHandler<RoutedEventArgs>' (possibly because of nullability attributes). [/home/runner/work/UniGetUI/UniGetUI/src/UniGetUI/UniGetUI.csproj]
/home/runner/work/UniGetUI/UniGetUI/src/UniGetUI/Pages/SoftwarePages/PackageBundlesPage.cs(94,34): warning CS8622: Nullability of reference types in type of parameter 'sender' of 'void PackageBundlesPage.MenuInstall_Invoked(object sender, RoutedEventArgs args)' doesn't match the target delegate 'EventHandler<RoutedEventArgs>' (possibly because of nullability attributes). [/home/runner/work/UniGetUI/UniGetUI/src/UniGetUI/UniGetUI.csproj]
/home/runner/work/UniGetUI/UniGetUI/src/UniGetUI/Pages/SoftwarePages/PackageBundlesPage.cs(106,41): warning CS8622: Nullability of reference types in type of parameter 'sender' of 'void PackageBundlesPage.MenuInstallSettings_Invoked(object sender, RoutedEventArgs e)' doesn't match the target delegate 'EventHandler<RoutedEventArgs>' (possibly because of nullability attributes). [/home/runner/work/UniGetUI/UniGetUI/src/UniGetUI/UniGetUI.csproj]
/home/runner/work/UniGetUI/UniGetUI/src/UniGetUI/Pages/SoftwarePages/PackageBundlesPage.cs(116,34): warning CS8622: Nullability of reference types in type of parameter 'sender' of 'void PackageBundlesPage.MenuAsAdmin_Invoked(object sender, RoutedEventArgs args)' doesn't match the target delegate 'EventHandler<RoutedEventArgs>' (possibly because of nullability attributes). [/home/runner/work/UniGetUI/UniGetUI/src/UniGetUI/UniGetUI.csproj]
/home/runner/work/UniGetUI/UniGetUI/src/UniGetUI/Pages/SoftwarePages/PackageBundlesPage.cs(124,38): warning CS8622: Nullability of reference types in type of parameter 'sender' of 'void PackageBundlesPage.MenuInteractive_Invoked(object sender, RoutedEventArgs args)' doesn't match the target delegate 'EventHandler<RoutedEventArgs>' (possibly because of nullability attributes). [/home/runner/work/UniGetUI/UniGetUI/src/UniGetUI/UniGetUI.csproj]
/home/runner/work/UniGetUI/UniGetUI/src/UniGetUI/Pages/SoftwarePages/PackageBundlesPage.cs(132,35): warning CS8622: Nullability of reference types in type of parameter 'sender' of 'void PackageBundlesPage.MenuSkipHash_Invoked(object sender, RoutedEventArgs args)' doesn't match the target delegate 'EventHandler<RoutedEventArgs>' (possibly because of nullability attributes). [/home/runner/work/UniGetUI/UniGetUI/src/UniGetUI/UniGetUI.csproj]
/home/runner/work/UniGetUI/UniGetUI/src/UniGetUI/Pages/SoftwarePages/PackageBundlesPage.cs(150,41): warning CS8622: Nullability of reference types in type of parameter 'sender' of 'void PackageBundlesPage.MenuRemoveFromList_Invoked(object sender, RoutedEventArgs args)' doesn't match the target delegate 'EventHandler<RoutedEventArgs>' (possibly because of nullability attributes). [/home/runner/work/UniGetUI/UniGetUI/src/UniGetUI/UniGetUI.csproj]
/home/runner/work/UniGetUI/UniGetUI/src/UniGetUI/Pages/SoftwarePages/PackageBundlesPage.cs(159,32): warning CS8622: Nullability of reference types in type of parameter 'sender' of 'void PackageBundlesPage.MenuShare_Invoked(object sender, RoutedEventArgs args)' doesn't match the target delegate 'EventHandler<RoutedEventArgs>' (possibly because of nullability attributes). [/home/runner/work/UniGetUI/UniGetUI/src/UniGetUI/UniGetUI.csproj]
/home/runner/work/UniGetUI/UniGetUI/src/UniGetUI/Pages/SoftwarePages/PackageBundlesPage.cs(169,34): warning CS8622: Nullability of reference types in type of parameter 'sender' of 'void PackageBundlesPage.MenuDetails_Invoked(object sender, RoutedEventArgs args)' doesn't match the target delegate 'EventHandler<RoutedEventArgs>' (possibly because of nullability attributes). [/home/runner/work/UniGetUI/UniGetUI/src/UniGetUI/UniGetUI.csproj]
/home/runner/work/UniGetUI/UniGetUI/src/UniGetUI/Pages/SettingsPages/ManagersPages/PackageManager.xaml.cs(410,34): error CS1061: 'Panel' does not contain a definition for 'Severity' and no accessible extension method 'Severity' accepting a first argument of type 'Panel' could be found (are you missing a using directive or an assembly reference?) [/home/runner/work/UniGetUI/UniGetUI/src/UniGetUI/UniGetUI.csproj]
/home/runner/work/UniGetUI/UniGetUI/src/UniGetUI/Pages/SettingsPages/ManagersPages/PackageManager.xaml.cs(410,49): error CS0117: 'int' does not contain a definition for 'Informational' [/home/runner/work/UniGetUI/UniGetUI/src/UniGetUI/UniGetUI.csproj]
/home/runner/work/UniGetUI/UniGetUI/src/UniGetUI/Pages/SettingsPages/ManagersPages/PackageManager.xaml.cs(411,34): error CS1061: 'Panel' does not contain a definition for 'Title' and no accessible extension method 'Title' accepting a first argument of type 'Panel' could be found (are you missing a using directive or an assembly reference?) [/home/runner/work/UniGetUI/UniGetUI/src/UniGetUI/UniGetUI.csproj]
/home/runner/work/UniGetUI/UniGetUI/src/UniGetUI/Pages/SettingsPages/ManagersPages/PackageManager.xaml.cs(412,34): error CS1061: 'Panel' does not contain a definition for 'Message' and no accessible extension method 'Message' accepting a first argument of type 'Panel' could be found (are you missing a using directive or an assembly reference?) [/home/runner/work/UniGetUI/UniGetUI/src/UniGetUI/UniGetUI.csproj]
/home/runner/work/UniGetUI/UniGetUI/src/UniGetUI/Pages/SettingsPages/ManagersPages/PackageManager.xaml.cs(416,34): error CS1061: 'Panel' does not contain a definition for 'Severity' and no accessible extension method 'Severity' accepting a first argument of type 'Panel' could be found (are you missing a using directive or an assembly reference?) [/home/runner/work/UniGetUI/UniGetUI/src/UniGetUI/UniGetUI.csproj]
/home/runner/work/UniGetUI/UniGetUI/src/UniGetUI/Pages/SettingsPages/ManagersPages/PackageManager.xaml.cs(416,49): error CS0117: 'int' does not contain a definition for 'Warning' [/home/runner/work/UniGetUI/UniGetUI/src/UniGetUI/UniGetUI.csproj]
/home/runner/work/UniGetUI/UniGetUI/src/UniGetUI/Pages/SettingsPages/ManagersPages/PackageManager.xaml.cs(417,34): error CS1061: 'Panel' does not contain a definition for 'Title' and no accessible extension method 'Title' accepting a first argument of type 'Panel' could be found (are you missing a using directive or an assembly reference?) [/home/runner/work/UniGetUI/UniGetUI/src/UniGetUI/UniGetUI.csproj]
/home/runner/work/UniGetUI/UniGetUI/src/UniGetUI/Pages/SettingsPages/ManagersPages/PackageManager.xaml.cs(418,34): error CS1061: 'Panel' does not contain a definition for 'Message' and no accessible extension method 'Message' accepting a first argument of type 'Panel' could be found (are you missing a using directive or an assembly reference?) [/home/runner/work/UniGetUI/UniGetUI/src/UniGetUI/UniGetUI.csproj]
/home/runner/work/UniGetUI/UniGetUI/src/UniGetUI/Pages/SettingsPages/ManagersPages/PackageManager.xaml.cs(422,34): error CS1061: 'Panel' does not contain a definition for 'Severity' and no accessible extension method 'Severity' accepting a first argument of type 'Panel' could be found (are you missing a using directive or an assembly reference?) [/home/runner/work/UniGetUI/UniGetUI/src/UniGetUI/UniGetUI.csproj]
/home/runner/work/UniGetUI/UniGetUI/src/UniGetUI/Pages/SettingsPages/ManagersPages/PackageManager.xaml.cs(422,49): error CS0117: 'int' does not contain a definition for 'Success' [/home/runner/work/UniGetUI/UniGetUI/src/UniGetUI/UniGetUI.csproj]
/home/runner/work/UniGetUI/UniGetUI/src/UniGetUI/Pages/SettingsPages/ManagersPages/PackageManager.xaml.cs(423,34): error CS1061: 'Panel' does not contain a definition for 'Title' and no accessible extension method 'Title' accepting a first argument of type 'Panel' could be found (are you missing a using directive or an assembly reference?) [/home/runner/work/UniGetUI/UniGetUI/src/UniGetUI/UniGetUI.csproj]
/home/runner/work/UniGetUI/UniGetUI/src/UniGetUI/Pages/SettingsPages/ManagersPages/PackageManager.xaml.cs(426,38): error CS1061: 'Panel' does not contain a definition for 'Message' and no accessible extension method 'Message' accepting a first argument of type 'Panel' could be found (are you missing a using directive or an assembly reference?) [/home/runner/work/UniGetUI/UniGetUI/src/UniGetUI/UniGetUI.csproj]
/home/runner/work/UniGetUI/UniGetUI/src/UniGetUI/Pages/SettingsPages/ManagersPages/PackageManager.xaml.cs(431,38): error CS1061: 'Panel' does not contain a definition for 'Message' and no accessible extension method 'Message' accepting a first argument of type 'Panel' could be found (are you missing a using directive or an assembly reference?) [/home/runner/work/UniGetUI/UniGetUI/src/UniGetUI/UniGetUI.csproj]
/home/runner/work/UniGetUI/UniGetUI/src/UniGetUI/Pages/SettingsPages/ManagersPages/PackageManager.xaml.cs(436,38): error CS1061: 'Panel' does not contain a definition for 'Message' and no accessible extension method 'Message' accepting a first argument of type 'Panel' could be found (are you missing a using directive or an assembly reference?) [/home/runner/work/UniGetUI/UniGetUI/src/UniGetUI/UniGetUI.csproj]
/home/runner/work/UniGetUI/UniGetUI/src/UniGetUI/Pages/SettingsPages/ManagersPages/PackageManager.xaml.cs(442,34): error CS1061: 'Panel' does not contain a definition for 'Severity' and no accessible extension method 'Severity' accepting a first argument of type 'Panel' could be found (are you missing a using directive or an assembly reference?) [/home/runner/work/UniGetUI/UniGetUI/src/UniGetUI/UniGetUI.csproj]
/home/runner/work/UniGetUI/UniGetUI/src/UniGetUI/Pages/SettingsPages/ManagersPages/PackageManager.xaml.cs(442,49): error CS0117: 'int' does not contain a definition for 'Error' [/home/runner/work/UniGetUI/UniGetUI/src/UniGetUI/UniGetUI.csproj]
/home/runner/work/UniGetUI/UniGetUI/src/UniGetUI/Pages/SettingsPages/ManagersPages/PackageManager.xaml.cs(443,34): error CS1061: 'Panel' does not contain a definition for 'Title' and no accessible extension method 'Title' accepting a first argument of type 'Panel' could be found (are you missing a using directive or an assembly reference?) [/home/runner/work/UniGetUI/UniGetUI/src/UniGetUI/UniGetUI.csproj]
/home/runner/work/UniGetUI/UniGetUI/src/UniGetUI/Pages/SettingsPages/ManagersPages/PackageManager.xaml.cs(444,34): error CS1061: 'Panel' does not contain a definition for 'Message' and no accessible extension method 'Message' accepting a first argument of type 'Panel' could be found (are you missing a using directive or an assembly reference?) [/home/runner/work/UniGetUI/UniGetUI/src/UniGetUI/UniGetUI.csproj]
/home/runner/work/UniGetUI/UniGetUI/src/UniGetUI/Pages/SettingsPages/ManagersPages/PackageManager.xaml.cs(390,52): warning CS8622: Nullability of reference types in type of parameter 'sender' of 'void PackageManagerPage.ExecutableComboBox_SelectionChanged(object sender, SelectionChangedEventArgs e)' doesn't match the target delegate 'EventHandler<SelectionChangedEventArgs>' (possibly because of nullability attributes). [/home/runner/work/UniGetUI/UniGetUI/src/UniGetUI/UniGetUI.csproj]
/home/runner/work/UniGetUI/UniGetUI/src/UniGetUI/Pages/SettingsPages/ManagersPages/PackageManager.xaml.cs(404,52): warning CS8622: Nullability of reference types in type of parameter 'sender' of 'void PackageManagerPage.ExecutableComboBox_SelectionChanged(object sender, SelectionChangedEventArgs e)' doesn't match the target delegate 'EventHandler<SelectionChangedEventArgs>' (possibly because of nullability attributes). [/home/runner/work/UniGetUI/UniGetUI/src/UniGetUI/UniGetUI.csproj]
/home/runner/work/UniGetUI/UniGetUI/src/UniGetUI/Pages/SoftwarePages/SoftwareUpdatesPage.cs(357,42): error CS0103: The name 'NetworkInformation' does not exist in the current context [/home/runner/work/UniGetUI/UniGetUI/src/UniGetUI/UniGetUI.csproj]
/home/runner/work/UniGetUI/UniGetUI/src/UniGetUI/Pages/SoftwarePages/SoftwareUpdatesPage.cs(358,43): error CS0103: The name 'NetworkCostType' does not exist in the current context [/home/runner/work/UniGetUI/UniGetUI/src/UniGetUI/UniGetUI.csproj]
/home/runner/work/UniGetUI/UniGetUI/src/UniGetUI/Pages/SoftwarePages/SoftwareUpdatesPage.cs(358,68): error CS0103: The name 'NetworkCostType' does not exist in the current context [/home/runner/work/UniGetUI/UniGetUI/src/UniGetUI/UniGetUI.csproj]
/home/runner/work/UniGetUI/UniGetUI/src/UniGetUI/Pages/SoftwarePages/SoftwareUpdatesPage.cs(364,25): error CS0103: The name 'PowerManager' does not exist in the current context [/home/runner/work/UniGetUI/UniGetUI/src/UniGetUI/UniGetUI.csproj]
/home/runner/work/UniGetUI/UniGetUI/src/UniGetUI/Pages/SoftwarePages/SoftwareUpdatesPage.cs(364,59): error CS0246: The type or namespace name 'PowerSupplyStatus' could not be found (are you missing a using directive or an assembly reference?) [/home/runner/work/UniGetUI/UniGetUI/src/UniGetUI/UniGetUI.csproj]
/home/runner/work/UniGetUI/UniGetUI/src/UniGetUI/Pages/SoftwarePages/SoftwareUpdatesPage.cs(370,25): error CS0103: The name 'PowerManager' does not exist in the current context [/home/runner/work/UniGetUI/UniGetUI/src/UniGetUI/UniGetUI.csproj]
/home/runner/work/UniGetUI/UniGetUI/src/UniGetUI/Pages/SoftwarePages/SoftwareUpdatesPage.cs(370,59): error CS0246: The type or namespace name 'EnergySaverStatus' could not be found (are you missing a using directive or an assembly reference?) [/home/runner/work/UniGetUI/UniGetUI/src/UniGetUI/UniGetUI.csproj]
/home/runner/work/UniGetUI/UniGetUI/src/UniGetUI/Pages/SettingsPages/ManagersPages/PackageManager.xaml.cs(453,13): error CS0103: The name 'CopyButtonIcon' does not exist in the current context [/home/runner/work/UniGetUI/UniGetUI/src/UniGetUI/UniGetUI.csproj]
/home/runner/work/UniGetUI/UniGetUI/src/UniGetUI/Pages/SettingsPages/ManagersPages/PackageManager.xaml.cs(453,37): error CS0103: The name 'Symbol' does not exist in the current context [/home/runner/work/UniGetUI/UniGetUI/src/UniGetUI/UniGetUI.csproj]
/home/runner/work/UniGetUI/UniGetUI/src/UniGetUI/Pages/SettingsPages/ManagersPages/PackageManager.xaml.cs(455,13): error CS0103: The name 'CopyButtonIcon' does not exist in the current context [/home/runner/work/UniGetUI/UniGetUI/src/UniGetUI/UniGetUI.csproj]
/home/runner/work/UniGetUI/UniGetUI/src/UniGetUI/Pages/SettingsPages/ManagersPages/PackageManager.xaml.cs(455,37): error CS0103: The name 'Symbol' does not exist in the current context [/home/runner/work/UniGetUI/UniGetUI/src/UniGetUI/UniGetUI.csproj]
/home/runner/work/UniGetUI/UniGetUI/src/UniGetUI/Pages/SettingsPages/ManagersPages/PackageManager.xaml.cs(452,38): warning CS8604: Possible null reference argument for parameter 'text' in 'void WindowsClipboard.SetText(string text)'. [/home/runner/work/UniGetUI/UniGetUI/src/UniGetUI/UniGetUI.csproj]
/home/runner/work/UniGetUI/UniGetUI/src/UniGetUI/Pages/DialogPages/PackageDetailsPage.xaml.cs(137,79): warning CS0436: The type 'Run' in '/home/runner/work/UniGetUI/UniGetUI/src/UniGetUI/Controls/DocumentStubs.cs' conflicts with the imported type 'Run' in 'Avalonia.Controls, Version=11.2.2.0, Culture=neutral, PublicKeyToken=c8d484a7012f9a8b'. Using the type defined in '/home/runner/work/UniGetUI/UniGetUI/src/UniGetUI/Controls/DocumentStubs.cs'. [/home/runner/work/UniGetUI/UniGetUI/src/UniGetUI/UniGetUI.csproj]
/home/runner/work/UniGetUI/UniGetUI/src/UniGetUI/Pages/DialogPages/PackageDetailsPage.xaml.cs(130,47): warning CS8622: Nullability of reference types in type of parameter 'sender' of 'void PackageDetailsPage.DownloadInstallerButton_Click(object sender, RoutedEventArgs e)' doesn't match the target delegate 'EventHandler<RoutedEventArgs>' (possibly because of nullability attributes). [/home/runner/work/UniGetUI/UniGetUI/src/UniGetUI/UniGetUI.csproj]
/home/runner/work/UniGetUI/UniGetUI/src/UniGetUI/Pages/DialogPages/PackageDetailsPage.xaml.cs(135,13): warning CS8602: Dereference of a possibly null reference. [/home/runner/work/UniGetUI/UniGetUI/src/UniGetUI/UniGetUI.csproj]
/home/runner/work/UniGetUI/UniGetUI/src/UniGetUI/Pages/SettingsPages/ManagersPages/PackageManager.xaml.cs(466,38): warning CS8602: Dereference of a possibly null reference. [/home/runner/work/UniGetUI/UniGetUI/src/UniGetUI/UniGetUI.csproj]
/home/runner/work/UniGetUI/UniGetUI/src/UniGetUI/Pages/SoftwarePages/InstalledPackagesPage.cs(262,38): warning CS8622: Nullability of reference types in type of parameter 'sender' of 'void InstalledPackagesPage.ExportSelection_Click(object sender, RoutedEventArgs e)' doesn't match the target delegate 'EventHandler<RoutedEventArgs>' (possibly because of nullability attributes). [/home/runner/work/UniGetUI/UniGetUI/src/UniGetUI/UniGetUI.csproj]
/home/runner/work/UniGetUI/UniGetUI/src/UniGetUI/Pages/SoftwarePages/DiscoverSoftwarePage.cs(217,38): warning CS8622: Nullability of reference types in type of parameter 'sender' of 'void DiscoverSoftwarePage.ExportSelection_Click(object sender, RoutedEventArgs e)' doesn't match the target delegate 'EventHandler<RoutedEventArgs>' (possibly because of nullability attributes). [/home/runner/work/UniGetUI/UniGetUI/src/UniGetUI/UniGetUI.csproj]
/home/runner/work/UniGetUI/UniGetUI/src/UniGetUI/Pages/DialogPages/InstallOptions_Package.xaml.cs(171,32): warning CS8602: Dereference of a possibly null reference. [/home/runner/work/UniGetUI/UniGetUI/src/UniGetUI/UniGetUI.csproj]
/home/runner/work/UniGetUI/UniGetUI/src/UniGetUI/Pages/DialogPages/DialogHelper_Generic.cs(405,55): warning CS0436: The type 'Run' in '/home/runner/work/UniGetUI/UniGetUI/src/UniGetUI/Controls/DocumentStubs.cs' conflicts with the imported type 'Run' in 'Avalonia.Controls, Version=11.2.2.0, Culture=neutral, PublicKeyToken=c8d484a7012f9a8b'. Using the type defined in '/home/runner/work/UniGetUI/UniGetUI/src/UniGetUI/Controls/DocumentStubs.cs'. [/home/runner/work/UniGetUI/UniGetUI/src/UniGetUI/UniGetUI.csproj]
/home/runner/work/UniGetUI/UniGetUI/src/UniGetUI/Pages/DialogPages/DialogHelper_Generic.cs(409,23): error CS1503: Argument 1: cannot convert from 'UniGetUI.Interface.LineBreak' to 'Avalonia.Controls.Documents.Inline' [/home/runner/work/UniGetUI/UniGetUI/src/UniGetUI/UniGetUI.csproj]
/home/runner/work/UniGetUI/UniGetUI/src/UniGetUI/Pages/DialogPages/DialogHelper_Generic.cs(410,55): warning CS0436: The type 'Run' in '/home/runner/work/UniGetUI/UniGetUI/src/UniGetUI/Controls/DocumentStubs.cs' conflicts with the imported type 'Run' in 'Avalonia.Controls, Version=11.2.2.0, Culture=neutral, PublicKeyToken=c8d484a7012f9a8b'. Using the type defined in '/home/runner/work/UniGetUI/UniGetUI/src/UniGetUI/Controls/DocumentStubs.cs'. [/home/runner/work/UniGetUI/UniGetUI/src/UniGetUI/UniGetUI.csproj]
/home/runner/work/UniGetUI/UniGetUI/src/UniGetUI/Pages/DialogPages/DialogHelper_Generic.cs(414,23): error CS1503: Argument 1: cannot convert from 'UniGetUI.Interface.LineBreak' to 'Avalonia.Controls.Documents.Inline' [/home/runner/work/UniGetUI/UniGetUI/src/UniGetUI/UniGetUI.csproj]
/home/runner/work/UniGetUI/UniGetUI/src/UniGetUI/Pages/DialogPages/DialogHelper_Generic.cs(415,23): error CS1503: Argument 1: cannot convert from 'UniGetUI.Interface.LineBreak' to 'Avalonia.Controls.Documents.Inline' [/home/runner/work/UniGetUI/UniGetUI/src/UniGetUI/UniGetUI.csproj]
/home/runner/work/UniGetUI/UniGetUI/src/UniGetUI/Pages/DialogPages/DialogHelper_Generic.cs(416,33): error CS0117: 'Button' does not contain a definition for 'NavigateUri' [/home/runner/work/UniGetUI/UniGetUI/src/UniGetUI/UniGetUI.csproj]
/home/runner/work/UniGetUI/UniGetUI/src/UniGetUI/Pages/DialogPages/DialogHelper_Generic.cs(417,14): error CS1061: 'Button' does not contain a definition for 'Inlines' and no accessible extension method 'Inlines' accepting a first argument of type 'Button' could be found (are you missing a using directive or an assembly reference?) [/home/runner/work/UniGetUI/UniGetUI/src/UniGetUI/UniGetUI.csproj]
/home/runner/work/UniGetUI/UniGetUI/src/UniGetUI/Pages/DialogPages/DialogHelper_Generic.cs(417,58): warning CS0436: The type 'Run' in '/home/runner/work/UniGetUI/UniGetUI/src/UniGetUI/Controls/DocumentStubs.cs' conflicts with the imported type 'Run' in 'Avalonia.Controls, Version=11.2.2.0, Culture=neutral, PublicKeyToken=c8d484a7012f9a8b'. Using the type defined in '/home/runner/work/UniGetUI/UniGetUI/src/UniGetUI/Controls/DocumentStubs.cs'. [/home/runner/work/UniGetUI/UniGetUI/src/UniGetUI/UniGetUI.csproj]
/home/runner/work/UniGetUI/UniGetUI/src/UniGetUI/Pages/DialogPages/DialogHelper_Generic.cs(423,23): error CS1503: Argument 1: cannot convert from 'UniGetUI.Interface.LineBreak' to 'Avalonia.Controls.Documents.Inline' [/home/runner/work/UniGetUI/UniGetUI/src/UniGetUI/UniGetUI.csproj]
/home/runner/work/UniGetUI/UniGetUI/src/UniGetUI/Pages/DialogPages/DialogHelper_Generic.cs(424,23): error CS1503: Argument 1: cannot convert from 'UniGetUI.Interface.LineBreak' to 'Avalonia.Controls.Documents.Inline' [/home/runner/work/UniGetUI/UniGetUI/src/UniGetUI/UniGetUI.csproj]
/home/runner/work/UniGetUI/UniGetUI/src/UniGetUI/Pages/DialogPages/DialogHelper_Generic.cs(425,55): warning CS0436: The type 'Run' in '/home/runner/work/UniGetUI/UniGetUI/src/UniGetUI/Controls/DocumentStubs.cs' conflicts with the imported type 'Run' in 'Avalonia.Controls, Version=11.2.2.0, Culture=neutral, PublicKeyToken=c8d484a7012f9a8b'. Using the type defined in '/home/runner/work/UniGetUI/UniGetUI/src/UniGetUI/Controls/DocumentStubs.cs'. [/home/runner/work/UniGetUI/UniGetUI/src/UniGetUI/UniGetUI.csproj]
/home/runner/work/UniGetUI/UniGetUI/src/UniGetUI/Pages/DialogPages/DialogHelper_Generic.cs(437,19): error CS1061: 'WindowClosingEventArgs' does not contain a definition for 'Result' and no accessible extension method 'Result' accepting a first argument of type 'WindowClosingEventArgs' could be found (are you missing a using directive or an assembly reference?) [/home/runner/work/UniGetUI/UniGetUI/src/UniGetUI/UniGetUI.csproj]
/home/runner/work/UniGetUI/UniGetUI/src/UniGetUI/Pages/DialogPages/DialogHelper_Generic.cs(405,9): warning CS8602: Dereference of a possibly null reference. [/home/runner/work/UniGetUI/UniGetUI/src/UniGetUI/UniGetUI.csproj]
/home/runner/work/UniGetUI/UniGetUI/src/UniGetUI/Pages/SoftwarePages/AbstractPackagesPage.xaml.cs(296,35): warning CS8602: Dereference of a possibly null reference. [/home/runner/work/UniGetUI/UniGetUI/src/UniGetUI/UniGetUI.csproj]
/home/runner/work/UniGetUI/UniGetUI/src/UniGetUI/Pages/SoftwarePages/AbstractPackagesPage.xaml.cs(305,35): warning CS8602: Dereference of a possibly null reference. [/home/runner/work/UniGetUI/UniGetUI/src/UniGetUI/UniGetUI.csproj]
/home/runner/work/UniGetUI/UniGetUI/src/UniGetUI/Pages/SoftwarePages/AbstractPackagesPage.xaml.cs(213,19): warning CS8618: Non-nullable property 'QueryBackup' must contain a non-null value when exiting constructor. Consider adding the 'required' modifier or declaring the property as nullable. [/home/runner/work/UniGetUI/UniGetUI/src/UniGetUI/UniGetUI.csproj]
/home/runner/work/UniGetUI/UniGetUI/src/UniGetUI/Pages/SoftwarePages/DiscoverSoftwarePage.cs(235,17): warning CS8602: Dereference of a possibly null reference. [/home/runner/work/UniGetUI/UniGetUI/src/UniGetUI/UniGetUI.csproj]
/home/runner/work/UniGetUI/UniGetUI/src/UniGetUI/Pages/SoftwarePages/DiscoverSoftwarePage.cs(243,17): warning CS8602: Dereference of a possibly null reference. [/home/runner/work/UniGetUI/UniGetUI/src/UniGetUI/UniGetUI.csproj]
/home/runner/work/UniGetUI/UniGetUI/src/UniGetUI/Pages/MainView.xaml.cs(289,40): warning CS8601: Possible null reference assignment. [/home/runner/work/UniGetUI/UniGetUI/src/UniGetUI/UniGetUI.csproj]
/home/runner/work/UniGetUI/UniGetUI/src/UniGetUI/Pages/DialogPages/InstallOptions_Manager.xaml.cs(262,21): error CS1061: 'Button' does not contain a definition for 'Avalonia' and no accessible extension method 'Avalonia' accepting a first argument of type 'Button' could be found (are you missing a using directive or an assembly reference?) [/home/runner/work/UniGetUI/UniGetUI/src/UniGetUI/UniGetUI.csproj]
/home/runner/work/UniGetUI/UniGetUI/src/UniGetUI/Pages/DialogPages/InstallOptions_Manager.xaml.cs(262,70): warning CS8602: Dereference of a possibly null reference. [/home/runner/work/UniGetUI/UniGetUI/src/UniGetUI/UniGetUI.csproj]
/home/runner/work/UniGetUI/UniGetUI/src/UniGetUI/Pages/DialogPages/InstallOptions_Manager.xaml.cs(262,46): warning CS8600: Converting null literal or possible null value to non-nullable type. [/home/runner/work/UniGetUI/UniGetUI/src/UniGetUI/UniGetUI.csproj]
/home/runner/work/UniGetUI/UniGetUI/src/UniGetUI/Pages/DialogPages/InstallOptions_Manager.xaml.cs(267,21): error CS1061: 'Button' does not contain a definition for 'Avalonia' and no accessible extension method 'Avalonia' accepting a first argument of type 'Button' could be found (are you missing a using directive or an assembly reference?) [/home/runner/work/UniGetUI/UniGetUI/src/UniGetUI/UniGetUI.csproj]
/home/runner/work/UniGetUI/UniGetUI/src/UniGetUI/Pages/DialogPages/InstallOptions_Manager.xaml.cs(267,70): warning CS8602: Dereference of a possibly null reference. [/home/runner/work/UniGetUI/UniGetUI/src/UniGetUI/UniGetUI.csproj]
/home/runner/work/UniGetUI/UniGetUI/src/UniGetUI/Pages/DialogPages/InstallOptions_Manager.xaml.cs(267,46): warning CS8600: Converting null literal or possible null value to non-nullable type. [/home/runner/work/UniGetUI/UniGetUI/src/UniGetUI/UniGetUI.csproj]
/home/runner/work/UniGetUI/UniGetUI/src/UniGetUI/Pages/DialogPages/InstallOptions_Manager.xaml.cs(272,21): error CS1061: 'Button' does not contain a definition for 'Avalonia' and no accessible extension method 'Avalonia' accepting a first argument of type 'Button' could be found (are you missing a using directive or an assembly reference?) [/home/runner/work/UniGetUI/UniGetUI/src/UniGetUI/UniGetUI.csproj]
/home/runner/work/UniGetUI/UniGetUI/src/UniGetUI/Pages/DialogPages/InstallOptions_Manager.xaml.cs(272,70): warning CS8602: Dereference of a possibly null reference. [/home/runner/work/UniGetUI/UniGetUI/src/UniGetUI/UniGetUI.csproj]
/home/runner/work/UniGetUI/UniGetUI/src/UniGetUI/Pages/DialogPages/InstallOptions_Manager.xaml.cs(272,46): warning CS8600: Converting null literal or possible null value to non-nullable type. [/home/runner/work/UniGetUI/UniGetUI/src/UniGetUI/UniGetUI.csproj]
/home/runner/work/UniGetUI/UniGetUI/src/UniGetUI/Pages/DialogPages/InstallOptions_Manager.xaml.cs(277,21): error CS1061: 'Button' does not contain a definition for 'Avalonia' and no accessible extension method 'Avalonia' accepting a first argument of type 'Button' could be found (are you missing a using directive or an assembly reference?) [/home/runner/work/UniGetUI/UniGetUI/src/UniGetUI/UniGetUI.csproj]
/home/runner/work/UniGetUI/UniGetUI/src/UniGetUI/Pages/DialogPages/InstallOptions_Manager.xaml.cs(277,70): warning CS8602: Dereference of a possibly null reference. [/home/runner/work/UniGetUI/UniGetUI/src/UniGetUI/UniGetUI.csproj]
/home/runner/work/UniGetUI/UniGetUI/src/UniGetUI/Pages/DialogPages/InstallOptions_Manager.xaml.cs(277,46): warning CS8600: Converting null literal or possible null value to non-nullable type. [/home/runner/work/UniGetUI/UniGetUI/src/UniGetUI/UniGetUI.csproj]
/home/runner/work/UniGetUI/UniGetUI/src/UniGetUI/Pages/DialogPages/InstallOptions_Manager.xaml.cs(282,21): error CS1061: 'Button' does not contain a definition for 'Avalonia' and no accessible extension method 'Avalonia' accepting a first argument of type 'Button' could be found (are you missing a using directive or an assembly reference?) [/home/runner/work/UniGetUI/UniGetUI/src/UniGetUI/UniGetUI.csproj]
/home/runner/work/UniGetUI/UniGetUI/src/UniGetUI/Pages/DialogPages/InstallOptions_Manager.xaml.cs(282,70): warning CS8602: Dereference of a possibly null reference. [/home/runner/work/UniGetUI/UniGetUI/src/UniGetUI/UniGetUI.csproj]
/home/runner/work/UniGetUI/UniGetUI/src/UniGetUI/Pages/DialogPages/InstallOptions_Manager.xaml.cs(282,46): warning CS8600: Converting null literal or possible null value to non-nullable type. [/home/runner/work/UniGetUI/UniGetUI/src/UniGetUI/UniGetUI.csproj]
/home/runner/work/UniGetUI/UniGetUI/src/UniGetUI/Pages/DialogPages/InstallOptions_Manager.xaml.cs(287,21): error CS1061: 'Button' does not contain a definition for 'Avalonia' and no accessible extension method 'Avalonia' accepting a first argument of type 'Button' could be found (are you missing a using directive or an assembly reference?) [/home/runner/work/UniGetUI/UniGetUI/src/UniGetUI/UniGetUI.csproj]
/home/runner/work/UniGetUI/UniGetUI/src/UniGetUI/Pages/DialogPages/InstallOptions_Manager.xaml.cs(287,70): warning CS8602: Dereference of a possibly null reference. [/home/runner/work/UniGetUI/UniGetUI/src/UniGetUI/UniGetUI.csproj]
/home/runner/work/UniGetUI/UniGetUI/src/UniGetUI/Pages/DialogPages/InstallOptions_Manager.xaml.cs(287,46): warning CS8600: Converting null literal or possible null value to non-nullable type. [/home/runner/work/UniGetUI/UniGetUI/src/UniGetUI/UniGetUI.csproj]
/home/runner/work/UniGetUI/UniGetUI/src/UniGetUI/Pages/DialogPages/InstallOptions_Manager.xaml.cs(308,21): error CS1061: 'Button' does not contain a definition for 'Avalonia' and no accessible extension method 'Avalonia' accepting a first argument of type 'Button' could be found (are you missing a using directive or an assembly reference?) [/home/runner/work/UniGetUI/UniGetUI/src/UniGetUI/UniGetUI.csproj]
/home/runner/work/UniGetUI/UniGetUI/src/UniGetUI/Pages/DialogPages/InstallOptions_Manager.xaml.cs(308,70): warning CS8602: Dereference of a possibly null reference. [/home/runner/work/UniGetUI/UniGetUI/src/UniGetUI/UniGetUI.csproj]
/home/runner/work/UniGetUI/UniGetUI/src/UniGetUI/Pages/DialogPages/InstallOptions_Manager.xaml.cs(308,46): warning CS8600: Converting null literal or possible null value to non-nullable type. [/home/runner/work/UniGetUI/UniGetUI/src/UniGetUI/UniGetUI.csproj]
/home/runner/work/UniGetUI/UniGetUI/src/UniGetUI/Pages/DialogPages/DialogHelper_Generic.cs(454,16): error CS1061: 'MainWindow' does not contain a definition for 'TelemetryWarner' and no accessible extension method 'TelemetryWarner' accepting a first argument of type 'MainWindow' could be found (are you missing a using directive or an assembly reference?) [/home/runner/work/UniGetUI/UniGetUI/src/UniGetUI/UniGetUI.csproj]
/home/runner/work/UniGetUI/UniGetUI/src/UniGetUI/Pages/DialogPages/DialogHelper_Generic.cs(455,16): error CS1061: 'MainWindow' does not contain a definition for 'TelemetryWarner' and no accessible extension method 'TelemetryWarner' accepting a first argument of type 'MainWindow' could be found (are you missing a using directive or an assembly reference?) [/home/runner/work/UniGetUI/UniGetUI/src/UniGetUI/UniGetUI.csproj]
/home/runner/work/UniGetUI/UniGetUI/src/UniGetUI/Pages/DialogPages/DialogHelper_Generic.cs(456,16): error CS1061: 'MainWindow' does not contain a definition for 'TelemetryWarner' and no accessible extension method 'TelemetryWarner' accepting a first argument of type 'MainWindow' could be found (are you missing a using directive or an assembly reference?) [/home/runner/work/UniGetUI/UniGetUI/src/UniGetUI/UniGetUI.csproj]
/home/runner/work/UniGetUI/UniGetUI/src/UniGetUI/Pages/DialogPages/DialogHelper_Generic.cs(458,16): error CS1061: 'MainWindow' does not contain a definition for 'TelemetryWarner' and no accessible extension method 'TelemetryWarner' accepting a first argument of type 'MainWindow' could be found (are you missing a using directive or an assembly reference?) [/home/runner/work/UniGetUI/UniGetUI/src/UniGetUI/UniGetUI.csproj]
/home/runner/work/UniGetUI/UniGetUI/src/UniGetUI/Pages/DialogPages/DialogHelper_Generic.cs(459,16): error CS1061: 'MainWindow' does not contain a definition for 'TelemetryWarner' and no accessible extension method 'TelemetryWarner' accepting a first argument of type 'MainWindow' could be found (are you missing a using directive or an assembly reference?) [/home/runner/work/UniGetUI/UniGetUI/src/UniGetUI/UniGetUI.csproj]
/hom