  Determining projects to restore...
  All projects are up-to-date for restore.
  /usr/bin/cp: cannot stat 'Generated Files\Secrets.Generated.cs': No such file or directory
  ExternalLibraries.FilePickers -> /home/runner/work/UniGetUI/UniGetUI/src/ExternalLibraries.FilePickers/bin/Debug/net8.0/ExternalLibraries.FilePickers.dll
  ExternalLibraries.Clipboard -> /home/runner/work/UniGetUI/UniGetUI/src/ExternalLibraries.Clipboard/bin/Debug/net8.0/ExternalLibraries.Clipboard.dll
  UniGetUI.PackageEngine.Structs -> /home/runner/work/UniGetUI/UniGetUI/src/UniGetUI.PackageEngine.Enums/bin/Debug/net8.0/UniGetUI.PackageEngine.Structs.dll
  UniGetUI.Core.Logging -> /home/runner/work/UniGetUI/UniGetUI/src/UniGetUI.Core.Logger/bin/Debug/net8.0/UniGetUI.Core.Logging.dll
  UniGetUI.Interface.Enums -> /home/runner/work/UniGetUI/UniGetUI/src/UniGetUI.Interface.Enums/bin/Debug/net8.0/UniGetUI.Interface.Enums.dll
  UniGetUI.Core.Classes -> /home/runner/work/UniGetUI/UniGetUI/src/UniGetUI.Core.Classes/bin/Debug/net8.0/UniGetUI.Core.Classes.dll
  UniGetUI.Core.Data -> /home/runner/work/UniGetUI/UniGetUI/src/UniGetUI.Core.Data/bin/Debug/net8.0/UniGetUI.Core.Data.dll
  UniGetUI.Core.Settings -> /home/runner/work/UniGetUI/UniGetUI/src/UniGetUI.Core.Settings/bin/Debug/net8.0/UniGetUI.Core.Settings.dll
  UniGetUI.Core.LanguageEngine -> /home/runner/work/UniGetUI/UniGetUI/src/UniGetUI.Core.LanguageEngine/bin/Debug/net8.0/UniGetUI.Core.LanguageEngine.dll
  UniGetUI.Core.Tools -> /home/runner/work/UniGetUI/UniGetUI/src/UniGetUI.Core.Tools/bin/Debug/net8.0/UniGetUI.Core.Tools.dll
  UniGetUI.Core.IconEngine -> /home/runner/work/UniGetUI/UniGetUI/src/UniGetUI.Core.IconStore/bin/Debug/net8.0/UniGetUI.Core.IconEngine.dll
  UniGetUI.Core.SecureSettings -> /home/runner/work/UniGetUI/UniGetUI/src/UniGetUI.Core.SecureSettings/bin/Debug/net8.0/UniGetUI.Core.SecureSettings.dll
  UniGetUI.PackageEngine.Serializable -> /home/runner/work/UniGetUI/UniGetUI/src/UniGetUI.PackageEngine.Serializable/bin/Debug/net8.0/UniGetUI.PackageEngine.Serializable.dll
  UniGetUI.PackageEngine.Interfaces -> /home/runner/work/UniGetUI/UniGetUI/src/UniGetUI.PAckageEngine.Interfaces/bin/Debug/net8.0/UniGetUI.PackageEngine.Interfaces.dll
  UniGetUI.PackageEngine.PackageLoaders -> /home/runner/work/UniGetUI/UniGetUI/src/UniGetUI.PackageEngine.PackageLoader/bin/Debug/net8.0/UniGetUI.PackageEngine.PackageLoaders.dll
  UniGetUI.PackageEngine.Classes -> /home/runner/work/UniGetUI/UniGetUI/src/UniGetUI.PackageEngine.PackageManagerClasses/bin/Debug/net8.0/UniGetUI.PackageEngine.Classes.dll
  UniGetUI.PackageEngine.Managers.WinGet -> /home/runner/work/UniGetUI/UniGetUI/src/UniGetUI.PackageEngine.Managers.WinGet/bin/Debug/net8.0/UniGetUI.PackageEngine.Managers.WinGet.dll
  UniGetUI.PackageEngine.Managers.Vcpkg -> /home/runner/work/UniGetUI/UniGetUI/src/UniGetUI.PackageEngine.Managers.Vcpkg/bin/Debug/net8.0/UniGetUI.PackageEngine.Managers.Vcpkg.dll
  UniGetUI.PackageEngine.Managers.Npm -> /home/runner/work/UniGetUI/UniGetUI/src/UniGetUI.PackageEngine.Managers.Npm/bin/Debug/net8.0/UniGetUI.PackageEngine.Managers.Npm.dll
  UniGetUI.PackageEngine.Managers.Generic.NuGet -> /home/runner/work/UniGetUI/UniGetUI/src/UniGetUI.PackageEngine.Managers.Generic.NuGet/bin/Debug/net8.0/UniGetUI.PackageEngine.Managers.Generic.NuGet.dll
  UniGetUI.PackageEngine.Managers.Scoop -> /home/runner/work/UniGetUI/UniGetUI/src/UniGetUI.PackageEngine.Managers.Scoop/bin/Debug/net8.0/UniGetUI.PackageEngine.Managers.Scoop.dll
  UniGetUI.PackageEngine.Managers.Pip -> /home/runner/work/UniGetUI/UniGetUI/src/UniGetUI.PackageEngine.Managers.Pip/bin/Debug/net8.0/UniGetUI.PackageEngine.Managers.Pip.dll
  UniGetUI.PackageEngine.Managers.Cargo -> /home/runner/work/UniGetUI/UniGetUI/src/UniGetUI.PackageEngine.Managers.Cargo/bin/Debug/net8.0/UniGetUI.PackageEngine.Managers.Cargo.dll
  UniGetUI.PackageEngine.Managers.Dotnet -> /home/runner/work/UniGetUI/UniGetUI/src/UniGetUI.PackageEngine.Managers.Dotnet/bin/Debug/net8.0/UniGetUI.PackageEngine.Managers.Dotnet.dll
  UniGetUI.PackageEngine.Managers.PowerShell -> /home/runner/work/UniGetUI/UniGetUI/src/UniGetUI.PackageEngine.Managers.PowerShell/bin/Debug/net8.0/UniGetUI.PackageEngine.Managers.PowerShell.dll
  UniGetUI.PackageEngine.Managers.PowerShell7 -> /home/runner/work/UniGetUI/UniGetUI/src/UniGetUI.PackageEngine.Managers.PowerShell7/bin/Debug/net8.0/UniGetUI.PackageEngine.Managers.PowerShell7.dll
  UniGetUI.PackageEngine.Managers.Chocolatey -> /home/runner/work/UniGetUI/UniGetUI/src/UniGetUI.PackageEngine.Managers.Chocolatey/bin/Debug/net8.0/UniGetUI.PackageEngine.Managers.Chocolatey.dll
  UniGetUI.PackageEngine.Operations -> /home/runner/work/UniGetUI/UniGetUI/src/UniGetUI.PackageEngine.Operations/bin/Debug/net8.0/UniGetUI.PackageEngine.Operations.dll
  UniGetUI.PackageEngine.PEInterface -> /home/runner/work/UniGetUI/UniGetUI/src/UniGetUI.PackageEngine.PackageEngine/bin/Debug/net8.0/UniGetUI.PackageEngine.PEInterface.dll
  UniGetUI.Interface.Telemetry -> /home/runner/work/UniGetUI/UniGetUI/src/UniGetUI.Interface.Telemetry/bin/Debug/net8.0/UniGetUI.Interface.Telemetry.dll
  UniGetUI.Interface.BackgroundApi -> /home/runner/work/UniGetUI/UniGetUI/src/UniGetUI.Interface.BackgroundApi/bin/Debug/net8.0/UniGetUI.Interface.BackgroundApi.dll
/home/runner/work/UniGetUI/UniGetUI/src/UniGetUI/Controls/PackageWrapper.cs(7,7): warning CS0105: The using directive for 'Avalonia.Interactivity' appeared previously in this namespace [/home/runner/work/UniGetUI/UniGetUI/src/UniGetUI/UniGetUI.csproj]
/home/runner/work/UniGetUI/UniGetUI/src/UniGetUI/Controls/PackageWrapper.cs(9,7): warning CS0105: The using directive for 'Avalonia.Interactivity' appeared previously in this namespace [/home/runner/work/UniGetUI/UniGetUI/src/UniGetUI/UniGetUI.csproj]
/home/runner/work/UniGetUI/UniGetUI/src/UniGetUI/Controls/SettingsWidgets/CheckboxButtonCard.cs(4,7): warning CS0105: The using directive for 'Avalonia.Interactivity' appeared previously in this namespace [/home/runner/work/UniGetUI/UniGetUI/src/UniGetUI/UniGetUI.csproj]
/home/runner/work/UniGetUI/UniGetUI/src/UniGetUI/Controls/SettingsWidgets/CheckboxButtonCard.cs(6,7): warning CS0105: The using directive for 'Avalonia.Interactivity' appeared previously in this namespace [/home/runner/work/UniGetUI/UniGetUI/src/UniGetUI/UniGetUI.csproj]
/home/runner/work/UniGetUI/UniGetUI/src/UniGetUI/Controls/SettingsWidgets/CheckboxButtonCard.cs(8,7): warning CS0105: The using directive for 'Avalonia.Interactivity' appeared previously in this namespace [/home/runner/work/UniGetUI/UniGetUI/src/UniGetUI/UniGetUI.csproj]
/home/runner/work/UniGetUI/UniGetUI/src/UniGetUI/Controls/SettingsWidgets/CheckboxCard.cs(5,7): warning CS0105: The using directive for 'Avalonia.Interactivity' appeared previously in this namespace [/home/runner/work/UniGetUI/UniGetUI/src/UniGetUI/UniGetUI.csproj]
/home/runner/work/UniGetUI/UniGetUI/src/UniGetUI/Controls/SettingsWidgets/CheckboxCard.cs(7,7): warning CS0105: The using directive for 'Avalonia.Interactivity' appeared previously in this namespace [/home/runner/work/UniGetUI/UniGetUI/src/UniGetUI/UniGetUI.csproj]
/home/runner/work/UniGetUI/UniGetUI/src/UniGetUI/Pages/DialogPages/AboutUniGetUI.xaml.cs(3,7): warning CS0105: The using directive for 'Avalonia.Interactivity' appeared previously in this namespace [/home/runner/work/UniGetUI/UniGetUI/src/UniGetUI/UniGetUI.csproj]
/home/runner/work/UniGetUI/UniGetUI/src/UniGetUI/Pages/DialogPages/ReleaseNotes.xaml.cs(4,7): warning CS0105: The using directive for 'Avalonia.Interactivity' appeared previously in this namespace [/home/runner/work/UniGetUI/UniGetUI/src/UniGetUI/UniGetUI.csproj]
/home/runner/work/UniGetUI/UniGetUI/src/UniGetUI/Pages/HelpPage.xaml.cs(5,7): warning CS0105: The using directive for 'Avalonia.Interactivity' appeared previously in this namespace [/home/runner/work/UniGetUI/UniGetUI/src/UniGetUI/UniGetUI.csproj]
/home/runner/work/UniGetUI/UniGetUI/src/UniGetUI/Pages/SettingsPages/GeneralPages/Updates.axaml.cs(4,7): warning CS0105: The using directive for 'Avalonia.Interactivity' appeared previously in this namespace [/home/runner/work/UniGetUI/UniGetUI/src/UniGetUI/UniGetUI.csproj]
/home/runner/work/UniGetUI/UniGetUI/src/UniGetUI/Pages/SettingsPages/ManagersPages/PackageManager.xaml.cs(6,7): warning CS0105: The using directive for 'Avalonia.Interactivity' appeared previously in this namespace [/home/runner/work/UniGetUI/UniGetUI/src/UniGetUI/UniGetUI.csproj]
/home/runner/work/UniGetUI/UniGetUI/src/UniGetUI/Services/UserAvatar.cs(5,7): warning CS0105: The using directive for 'Avalonia.Interactivity' appeared previously in this namespace [/home/runner/work/UniGetUI/UniGetUI/src/UniGetUI/UniGetUI.csproj]
/home/runner/work/UniGetUI/UniGetUI/src/UniGetUI/Services/UserAvatar.cs(7,7): warning CS0105: The using directive for 'Avalonia.Interactivity' appeared previously in this namespace [/home/runner/work/UniGetUI/UniGetUI/src/UniGetUI/UniGetUI.csproj]
/home/runner/work/UniGetUI/UniGetUI/src/UniGetUI/Services/UserAvatar.cs(9,7): warning CS0105: The using directive for 'Avalonia.Interactivity' appeared previously in this namespace [/home/runner/work/UniGetUI/UniGetUI/src/UniGetUI/UniGetUI.csproj]
/home/runner/work/UniGetUI/UniGetUI/src/UniGetUI/Services/UserAvatar.cs(11,7): warning CS0105: The using directive for 'Avalonia.Interactivity' appeared previously in this namespace [/home/runner/work/UniGetUI/UniGetUI/src/UniGetUI/UniGetUI.csproj]
/home/runner/work/UniGetUI/UniGetUI/src/UniGetUI/Services/UserAvatar.cs(13,7): warning CS0105: The using directive for 'Avalonia.Interactivity' appeared previously in this namespace [/home/runner/work/UniGetUI/UniGetUI/src/UniGetUI/UniGetUI.csproj]
/home/runner/work/UniGetUI/UniGetUI/src/UniGetUI/Controls/MenuForPackage.cs(33,27): warning CS0109: The member 'BetterMenuItem.Text' does not hide an accessible member. The new keyword is not required. [/home/runner/work/UniGetUI/UniGetUI/src/UniGetUI/UniGetUI.csproj]
/home/runner/work/UniGetUI/UniGetUI/src/UniGetUI/Controls/MenuForPackage.cs(54,27): warning CS0109: The member 'BetterToggleMenuItem.Text' does not hide an accessible member. The new keyword is not required. [/home/runner/work/UniGetUI/UniGetUI/src/UniGetUI/UniGetUI.csproj]
/home/runner/work/UniGetUI/UniGetUI/src/UniGetUI/Controls/SettingsWidgets/ButtonCard.cs(23,51): warning CS0109: The member 'ButtonCard.Click' does not hide an accessible member. The new keyword is not required. [/home/runner/work/UniGetUI/UniGetUI/src/UniGetUI/UniGetUI.csproj]
/home/runner/work/UniGetUI/UniGetUI/src/UniGetUI/Controls/SettingsWidgets/CheckboxButtonCard.cs(43,80): warning CS0109: The member 'CheckboxButtonCard.Click' does not hide an accessible member. The new keyword is not required. [/home/runner/work/UniGetUI/UniGetUI/src/UniGetUI/UniGetUI.csproj]
/home/runner/work/UniGetUI/UniGetUI/src/UniGetUI/Pages/DialogPages/PackageDetailsPage.xaml.cs(437,63): warning CS0436: The type 'Run' in '/home/runner/work/UniGetUI/UniGetUI/src/UniGetUI/Controls/DocumentStubs.cs' conflicts with the imported type 'Run' in 'Avalonia.Controls, Version=11.2.2.0, Culture=neutral, PublicKeyToken=c8d484a7012f9a8b'. Using the type defined in '/home/runner/work/UniGetUI/UniGetUI/src/UniGetUI/Controls/DocumentStubs.cs'. [/home/runner/work/UniGetUI/UniGetUI/src/UniGetUI/UniGetUI.csproj]
/home/runner/work/UniGetUI/UniGetUI/src/UniGetUI/Pages/HelpPage.xaml.cs(19,22): warning CS0108: 'HelpPage.Initialized' hides inherited member 'StyledElement.Initialized'. Use the new keyword if hiding was intended. [/home/runner/work/UniGetUI/UniGetUI/src/UniGetUI/UniGetUI.csproj]
/home/runner/work/UniGetUI/UniGetUI/src/UniGetUI/Pages/SettingsPages/SettingsBasePage.axaml.cs(35,29): error CS1061: 'Border' does not contain a definition for 'Message' and no accessible extension method 'Message' accepting a first argument of type 'Border' could be found (are you missing a using directive or an assembly reference?) [/home/runner/work/UniGetUI/UniGetUI/src/UniGetUI/UniGetUI.csproj]
/home/runner/work/UniGetUI/UniGetUI/src/UniGetUI/Pages/SettingsPages/SettingsBasePage.axaml.cs(42,29): error CS1061: 'Border' does not contain a definition for 'ActionButton' and no accessible extension method 'ActionButton' accepting a first argument of type 'Border' could be found (are you missing a using directive or an assembly reference?) [/home/runner/work/UniGetUI/UniGetUI/src/UniGetUI/UniGetUI.csproj]
/home/runner/work/UniGetUI/UniGetUI/src/UniGetUI/Pages/SettingsPages/SettingsBasePage.axaml.cs(31,52): warning CS8622: Nullability of reference types in type of parameter 'sender' of 'void SettingsBasePage.MainNavigationFrame_Navigated(object sender, object e)' doesn't match the target delegate 'EventHandler<object>' (possibly because of nullability attributes). [/home/runner/work/UniGetUI/UniGetUI/src/UniGetUI/UniGetUI.csproj]
/home/runner/work/UniGetUI/UniGetUI/src/UniGetUI/Pages/SettingsPages/SettingsBasePage.axaml.cs(32,53): warning CS8622: Nullability of reference types in type of parameter 'sender' of 'void SettingsBasePage.MainNavigationFrame_Navigating(object sender, object e)' doesn't match the target delegate 'EventHandler<object>' (possibly because of nullability attributes). [/home/runner/work/UniGetUI/UniGetUI/src/UniGetUI/UniGetUI.csproj]
/home/runner/work/UniGetUI/UniGetUI/src/UniGetUI/Pages/SettingsPages/SettingsBasePage.axaml.cs(78,29): error CS1061: 'Border' does not contain a definition for 'IsOpen' and no accessible extension method 'IsOpen' accepting a first argument of type 'Border' could be found (are you missing a using directive or an assembly reference?) [/home/runner/work/UniGetUI/UniGetUI/src/UniGetUI/UniGetUI.csproj]
/home/runner/work/UniGetUI/UniGetUI/src/UniGetUI/AutoUpdater.cs(224,20): error CS1061: 'UserControl' does not contain a definition for 'IsOpen' and no accessible extension method 'IsOpen' accepting a first argument of type 'UserControl' could be found (are you missing a using directive or an assembly reference?) [/home/runner/work/UniGetUI/UniGetUI/src/UniGetUI/UniGetUI.csproj]
/home/runner/work/UniGetUI/UniGetUI/src/UniGetUI/AutoUpdater.cs(262,35): error CS1061: 'Window' does not contain a definition for 'Visible' and no accessible extension method 'Visible' accepting a first argument of type 'Window' could be found (are you missing a using directive or an assembly reference?) [/home/runner/work/UniGetUI/UniGetUI/src/UniGetUI/UniGetUI.csproj]
/home/runner/work/UniGetUI/UniGetUI/src/UniGetUI/AppOperationHelper.cs(68,25): error CS0117: 'Window' does not contain a definition for 'PrimaryButtonText' [/home/runner/work/UniGetUI/UniGetUI/src/UniGetUI/UniGetUI.csproj]
/home/runner/work/UniGetUI/UniGetUI/src/UniGetUI/AppOperationHelper.cs(69,25): error CS0117: 'Window' does not contain a definition for 'DefaultButton' [/home/runner/work/UniGetUI/UniGetUI/src/UniGetUI/UniGetUI.csproj]
/home/runner/work/UniGetUI/UniGetUI/src/UniGetUI/AppOperationHelper.cs(70,25): error CS0117: 'Window' does not contain a definition for 'XamlRoot' [/home/runner/work/UniGetUI/UniGetUI/src/UniGetUI/UniGetUI.csproj]
/home/runner/work/UniGetUI/UniGetUI/src/UniGetUI/AppOperationHelper.cs(70,64): error CS1061: 'object' does not contain a definition for 'XamlRoot' and no accessible extension method 'XamlRoot' accepting a first argument of type 'object' could be found (are you missing a using directive or an assembly reference?) [/home/runner/work/UniGetUI/UniGetUI/src/UniGetUI/UniGetUI.csproj]
/home/runner/work/UniGetUI/UniGetUI/src/UniGetUI/AppOperationHelper.cs(100,17): error CS0103: The name 'savePicker' does not exist in the current context [/home/runner/work/UniGetUI/UniGetUI/src/UniGetUI/UniGetUI.csproj]
/home/runner/work/UniGetUI/UniGetUI/src/UniGetUI/AppOperationHelper.cs(105,21): error CS0103: The name 'savePicker' does not exist in the current context [/home/runner/work/UniGetUI/UniGetUI/src/UniGetUI/UniGetUI.csproj]
/home/runner/work/UniGetUI/UniGetUI/src/UniGetUI/AppOperationHelper.cs(108,17): error CS0103: The name 'savePicker' does not exist in the current context [/home/runner/work/UniGetUI/UniGetUI/src/UniGetUI/UniGetUI.csproj]
/home/runner/work/UniGetUI/UniGetUI/src/UniGetUI/AppOperationHelper.cs(109,17): error CS0103: The name 'savePicker' does not exist in the current context [/home/runner/work/UniGetUI/UniGetUI/src/UniGetUI/UniGetUI.csproj]
/home/runner/work/UniGetUI/UniGetUI/src/UniGetUI/AppOperationHelper.cs(110,17): error CS0103: The name 'savePicker' does not exist in the current context [/home/runner/work/UniGetUI/UniGetUI/src/UniGetUI/UniGetUI.csproj]
/home/runner/work/UniGetUI/UniGetUI/src/UniGetUI/AppOperationHelper.cs(111,17): error CS0103: The name 'savePicker' does not exist in the current context [/home/runner/work/UniGetUI/UniGetUI/src/UniGetUI/UniGetUI.csproj]
/home/runner/work/UniGetUI/UniGetUI/src/UniGetUI/AppOperationHelper.cs(112,17): error CS0103: The name 'savePicker' does not exist in the current context [/home/runner/work/UniGetUI/UniGetUI/src/UniGetUI/UniGetUI.csproj]
/home/runner/work/UniGetUI/UniGetUI/src/UniGetUI/AppOperationHelper.cs(113,17): error CS0103: The name 'savePicker' does not exist in the current context [/home/runner/work/UniGetUI/UniGetUI/src/UniGetUI/UniGetUI.csproj]
/home/runner/work/UniGetUI/UniGetUI/src/UniGetUI/AppOperationHelper.cs(114,17): error CS0103: The name 'savePicker' does not exist in the current context [/home/runner/work/UniGetUI/UniGetUI/src/UniGetUI/UniGetUI.csproj]
/home/runner/work/UniGetUI/UniGetUI/src/UniGetUI/AppOperationHelper.cs(115,17): error CS0103: The name 'savePicker' does not exist in the current context [/home/runner/work/UniGetUI/UniGetUI/src/UniGetUI/UniGetUI.csproj]
/home/runner/work/UniGetUI/UniGetUI/src/UniGetUI/AppOperationHelper.cs(118,17): error CS0246: The type or namespace name 'StorageFile' could not be found (are you missing a using directive or an assembly reference?) [/home/runner/work/UniGetUI/UniGetUI/src/UniGetUI/UniGetUI.csproj]
/home/runner/work/UniGetUI/UniGetUI/src/UniGetUI/AppOperationHelper.cs(118,42): error CS0103: The name 'savePicker' does not exist in the current context [/home/runner/work/UniGetUI/UniGetUI/src/UniGetUI/UniGetUI.csproj]
/home/runner/work/UniGetUI/UniGetUI/src/UniGetUI/AppOperationHelper.cs(88,17): warning CS0162: Unreachable code detected [/home/runner/work/UniGetUI/UniGetUI/src/UniGetUI/UniGetUI.csproj]
/home/runner/work/UniGetUI/UniGetUI/src/UniGetUI/Pages/SettingsPages/ManagersPages/ManagersHomepage.axaml.cs(50,24): error CS1061: 'SettingsPageButton' does not contain a definition for 'Click' and no accessible extension method 'Click' accepting a first argument of type 'SettingsPageButton' could be found (are you missing a using directive or an assembly reference?) [/home/runner/work/UniGetUI/UniGetUI/src/UniGetUI/UniGetUI.csproj]
/home/runner/work/UniGetUI/UniGetUI/src/UniGetUI/Pages/SettingsPages/ManagersPages/ManagersHomepage.axaml.cs(98,37): error CS0266: Cannot implicitly convert type 'bool?' to 'bool'. An explicit conversion exists (are you missing a cast?) [/home/runner/work/UniGetUI/UniGetUI/src/UniGetUI/UniGetUI.csproj]
/home/runner/work/UniGetUI/UniGetUI/src/UniGetUI/Pages/SettingsPages/ManagersPages/ManagersHomepage.axaml.cs(98,37): warning CS8629: Nullable value type may be null. [/home/runner/work/UniGetUI/UniGetUI/src/UniGetUI/UniGetUI.csproj]
/home/runner/work/UniGetUI/UniGetUI/src/UniGetUI/Pages/SettingsPages/ManagersPages/ManagersHomepage.axaml.cs(66,56): warning CS8602: Dereference of a possibly null reference. [/home/runner/work/UniGetUI/UniGetUI/src/UniGetUI/UniGetUI.csproj]
/home/runner/work/UniGetUI/UniGetUI/src/UniGetUI/Pages/SettingsPages/ManagersPages/ManagersHomepage.axaml.cs(66,49): warning CS8600: Converting null literal or possible null value to non-nullable type. [/home/runner/work/UniGetUI/UniGetUI/src/UniGetUI/UniGetUI.csproj]
/home/runner/work/UniGetUI/UniGetUI/src/UniGetUI/Pages/SettingsPages/ManagersPages/ManagersHomepage.axaml.cs(67,51): warning CS8600: Converting null literal or possible null value to non-nullable type. [/home/runner/work/UniGetUI/UniGetUI/src/UniGetUI/UniGetUI.csproj]
/home/runner/work/UniGetUI/UniGetUI/src/UniGetUI/Pages/SettingsPages/ManagersPages/ManagersHomepage.axaml.cs(73,56): warning CS8602: Dereference of a possibly null reference. [/home/runner/work/UniGetUI/UniGetUI/src/UniGetUI/UniGetUI.csproj]
/home/runner/work/UniGetUI/UniGetUI/src/UniGetUI/Pages/SettingsPages/ManagersPages/ManagersHomepage.axaml.cs(73,49): warning CS8600: Converting null literal or possible null value to non-nullable type. [/home/runner/work/UniGetUI/UniGetUI/src/UniGetUI/UniGetUI.csproj]
/home/runner/work/UniGetUI/UniGetUI/src/UniGetUI/Pages/SettingsPages/ManagersPages/ManagersHomepage.axaml.cs(74,51): warning CS8600: Converting null literal or possible null value to non-nullable type. [/home/runner/work/UniGetUI/UniGetUI/src/UniGetUI/UniGetUI.csproj]
/home/runner/work/UniGetUI/UniGetUI/src/UniGetUI/Pages/SettingsPages/ManagersPages/ManagersHomepage.axaml.cs(80,56): warning CS8602: Dereference of a possibly null reference. [/home/runner/work/UniGetUI/UniGetUI/src/UniGetUI/UniGetUI.csproj]
/home/runner/work/UniGetUI/UniGetUI/src/UniGetUI/Pages/SettingsPages/ManagersPages/ManagersHomepage.axaml.cs(80,49): warning CS8600: Converting null literal or possible null value to non-nullable type. [/home/runner/work/UniGetUI/UniGetUI/src/UniGetUI/UniGetUI.csproj]
/home/runner/work/UniGetUI/UniGetUI/src/UniGetUI/Pages/SettingsPages/ManagersPages/ManagersHomepage.axaml.cs(81,51): warning CS8600: Converting null literal or possible null value to non-nullable type. [/home/runner/work/UniGetUI/UniGetUI/src/UniGetUI/UniGetUI.csproj]
/home/runner/work/UniGetUI/UniGetUI/src/UniGetUI/AutoUpdater.cs(332,20): error CS1061: 'UserControl' does not contain a definition for 'Title' and no accessible extension method 'Title' accepting a first argument of type 'UserControl' could be found (are you missing a using directive or an assembly reference?) [/home/runner/work/UniGetUI/UniGetUI/src/UniGetUI/UniGetUI.csproj]
/home/runner/work/UniGetUI/UniGetUI/src/UniGetUI/AutoUpdater.cs(333,20): error CS1061: 'UserControl' does not contain a definition for 'Message' and no accessible extension method 'Message' accepting a first argument of type 'UserControl' could be found (are you missing a using directive or an assembly reference?) [/home/runner/work/UniGetUI/UniGetUI/src/UniGetUI/UniGetUI.csproj]
/home/runner/work/UniGetUI/UniGetUI/src/UniGetUI/AutoUpdater.cs(334,20): error CS1061: 'UserControl' does not contain a definition for 'Severity' and no accessible extension method 'Severity' accepting a first argument of type 'UserControl' could be found (are you missing a using directive or an assembly reference?) [/home/runner/work/UniGetUI/UniGetUI/src/UniGetUI/UniGetUI.csproj]
/home/runner/work/UniGetUI/UniGetUI/src/UniGetUI/AutoUpdater.cs(335,20): error CS1061: 'UserControl' does not contain a definition for 'IsClosable' and no accessible extension method 'IsClosable' accepting a first argument of type 'UserControl' could be found (are you missing a using directive or an assembly reference?) [/home/runner/work/UniGetUI/UniGetUI/src/UniGetUI/UniGetUI.csproj]
/home/runner/work/UniGetUI/UniGetUI/src/UniGetUI/AutoUpdater.cs(336,20): error CS1061: 'UserControl' does not contain a definition for 'ActionButton' and no accessible extension method 'ActionButton' accepting a first argument of type 'UserControl' could be found (are you missing a using directive or an assembly reference?) [/home/runner/work/UniGetUI/UniGetUI/src/UniGetUI/UniGetUI.csproj]
/home/runner/work/UniGetUI/UniGetUI/src/UniGetUI/AutoUpdater.cs(337,20): error CS1061: 'UserControl' does not contain a definition for 'IsOpen' and no accessible extension method 'IsOpen' accepting a first argument of type 'UserControl' could be found (are you missing a using directive or an assembly reference?) [/home/runner/work/UniGetUI/UniGetUI/src/UniGetUI/UniGetUI.csproj]
/home/runner/work/UniGetUI/UniGetUI/src/UniGetUI/Pages/SettingsPages/ManagersPages/ManagersHomepage.axaml.cs(135,45): warning CS8600: Converting null literal or possible null value to non-nullable type. [/home/runner/work/UniGetUI/UniGetUI/src/UniGetUI/UniGetUI.csproj]
/home/runner/work/UniGetUI/UniGetUI/src/UniGetUI/Pages/SettingsPages/ManagersPages/ManagersHomepage.axaml.cs(135,45): warning CS8602: Dereference of a possibly null reference. [/home/runner/work/UniGetUI/UniGetUI/src/UniGetUI/UniGetUI.csproj]
/home/runner/work/UniGetUI/UniGetUI/src/UniGetUI/AppOperationHelper.cs(148,56): error CS1061: 'MainWindow' does not contain a definition for 'GetWindowHandle' and no accessible extension method 'GetWindowHandle' accepting a first argument of type 'MainWindow' could be found (are you missing a using directive or an assembly reference?) [/home/runner/work/UniGetUI/UniGetUI/src/UniGetUI/UniGetUI.csproj]
/home/runner/work/UniGetUI/UniGetUI/src/UniGetUI/Controls/Announcer.xaml.cs(33,70): warning CS4014: Because this call is not awaited, execution of the current method continues before the call is completed. Consider applying the 'await' operator to the result of the call. [/home/runner/work/UniGetUI/UniGetUI/src/UniGetUI/UniGetUI.csproj]
/home/runner/work/UniGetUI/UniGetUI/src/UniGetUI/Controls/Announcer.xaml.cs(39,13): error CS0103: The name '_textblock' does not exist in the current context [/home/runner/work/UniGetUI/UniGetUI/src/UniGetUI/UniGetUI.csproj]
/home/runner/work/UniGetUI/UniGetUI/src/UniGetUI/Controls/Announcer.xaml.cs(46,40): warning CS8600: Converting null literal or possible null value to non-nullable type. [/home/runner/work/UniGetUI/UniGetUI/src/UniGetUI/UniGetUI.csproj]
/home/runner/work/UniGetUI/UniGetUI/src/UniGetUI/Controls/Announcer.xaml.cs(49,48): warning CS8602: Dereference of a possibly null reference. [/home/runner/work/UniGetUI/UniGetUI/src/UniGetUI/UniGetUI.csproj]
/home/runner/work/UniGetUI/UniGetUI/src/UniGetUI/Controls/Announcer.xaml.cs(94,67): warning CS0436: The type 'Run' in '/home/runner/work/UniGetUI/UniGetUI/src/UniGetUI/Controls/DocumentStubs.cs' conflicts with the imported type 'Run' in 'Avalonia.Controls, Version=11.2.2.0, Culture=neutral, PublicKeyToken=c8d484a7012f9a8b'. Using the type defined in '/home/runner/work/UniGetUI/UniGetUI/src/UniGetUI/Controls/DocumentStubs.cs'. [/home/runner/work/UniGetUI/UniGetUI/src/UniGetUI/UniGetUI.csproj]
/home/runner/work/UniGetUI/UniGetUI/src/UniGetUI/Controls/Announcer.xaml.cs(94,87): error CS0117: 'Run' does not contain a definition for 'FontSize' [/home/runner/work/UniGetUI/UniGetUI/src/UniGetUI/UniGetUI.csproj]
/home/runner/work/UniGetUI/UniGetUI/src/UniGetUI/Controls/Announcer.xaml.cs(94,102): error CS0117: 'Run' does not contain a definition for 'FontWeight' [/home/runner/work/UniGetUI/UniGetUI/src/UniGetUI/UniGetUI.csproj]
/home/runner/work/UniGetUI/UniGetUI/src/UniGetUI/Controls/Announcer.xaml.cs(94,132): error CS0117: 'Run' does not contain a definition for 'FontFamily' [/home/runner/work/UniGetUI/UniGetUI/src/UniGetUI/UniGetUI.csproj]
/home/runner/work/UniGetUI/UniGetUI/src/UniGetUI/Controls/Announcer.xaml.cs(95,13): error CS0103: The name '_textblock' does not exist in the current context [/home/runner/work/UniGetUI/UniGetUI/src/UniGetUI/UniGetUI.csproj]
/home/runner/work/UniGetUI/UniGetUI/src/UniGetUI/Controls/Announcer.xaml.cs(96,13): error CS0103: The name '_textblock' does not exist in the current context [/home/runner/work/UniGetUI/UniGetUI/src/UniGetUI/UniGetUI.csproj]
/home/runner/work/UniGetUI/UniGetUI/src/UniGetUI/Controls/Announcer.xaml.cs(101,71): warning CS0436: The type 'Run' in '/home/runner/work/UniGetUI/UniGetUI/src/UniGetUI/Controls/DocumentStubs.cs' conflicts with the imported type 'Run' in 'Avalonia.Controls, Version=11.2.2.0, Culture=neutral, PublicKeyToken=c8d484a7012f9a8b'. Using the type defined in '/home/runner/work/UniGetUI/UniGetUI/src/UniGetUI/Controls/DocumentStubs.cs'. [/home/runner/work/UniGetUI/UniGetUI/src/UniGetUI/UniGetUI.csproj]
/home/runner/work/UniGetUI/UniGetUI/src/UniGetUI/Controls/Announcer.xaml.cs(102,43): error CS0246: The type or namespace name 'LineBreak' could not be found (are you missing a using directive or an assembly reference?) [/home/runner/work/UniGetUI/UniGetUI/src/UniGetUI/UniGetUI.csproj]
/home/runner/work/UniGetUI/UniGetUI/src/UniGetUI/Controls/Announcer.xaml.cs(104,56): error CS0234: The type or namespace name 'Hyperlink' does not exist in the namespace 'Avalonia.Controls.Documents' (are you missing an assembly reference?) [/home/runner/work/UniGetUI/UniGetUI/src/UniGetUI/UniGetUI.csproj]
/home/runner/work/UniGetUI/UniGetUI/src/UniGetUI/Controls/Announcer.xaml.cs(108,62): warning CS0436: The type 'Run' in '/home/runner/work/UniGetUI/UniGetUI/src/UniGetUI/Controls/DocumentStubs.cs' conflicts with the imported type 'Run' in 'Avalonia.Controls, Version=11.2.2.0, Culture=neutral, PublicKeyToken=c8d484a7012f9a8b'. Using the type defined in '/home/runner/work/UniGetUI/UniGetUI/src/UniGetUI/Controls/DocumentStubs.cs'. [/home/runner/work/UniGetUI/UniGetUI/src/UniGetUI/UniGetUI.csproj]
/home/runner/work/UniGetUI/UniGetUI/src/UniGetUI/Controls/Announcer.xaml.cs(110,67): warning CS0436: The type 'Run' in '/home/runner/work/UniGetUI/UniGetUI/src/UniGetUI/Controls/DocumentStubs.cs' conflicts with the imported type 'Run' in 'Avalonia.Controls, Version=11.2.2.0, Culture=neutral, PublicKeyToken=c8d484a7012f9a8b'. Using the type defined in '/home/runner/work/UniGetUI/UniGetUI/src/UniGetUI/Controls/DocumentStubs.cs'. [/home/runner/work/UniGetUI/UniGetUI/src/UniGetUI/UniGetUI.csproj]
/home/runner/work/UniGetUI/UniGetUI/src/UniGetUI/Controls/Announcer.xaml.cs(112,13): error CS0103: The name '_textblock' does not exist in the current context [/home/runner/work/UniGetUI/UniGetUI/src/UniGetUI/UniGetUI.csproj]
/home/runner/work/UniGetUI/UniGetUI/src/UniGetUI/Controls/Announcer.xaml.cs(94,13): warning CS8602: Dereference of a possibly null reference. [/home/runner/work/UniGetUI/UniGetUI/src/UniGetUI/UniGetUI.csproj]
/home/runner/work/UniGetUI/UniGetUI/src/UniGetUI/Controls/Announcer.xaml.cs(101,17): warning CS8602: Dereference of a possibly null reference. [/home/runner/work/UniGetUI/UniGetUI/src/UniGetUI/UniGetUI.csproj]
/home/runner/work/UniGetUI/UniGetUI/src/UniGetUI/Controls/Announcer.xaml.cs(109,13): warning CS8602: Dereference of a possibly null reference. [/home/runner/work/UniGetUI/UniGetUI/src/UniGetUI/UniGetUI.csproj]
/home/runner/work/UniGetUI/UniGetUI/src/UniGetUI/Controls/Announcer.xaml.cs(120,71): warning CS0436: The type 'Run' in '/home/runner/work/UniGetUI/UniGetUI/src/UniGetUI/Controls/DocumentStubs.cs' conflicts with the imported type 'Run' in 'Avalonia.Controls, Version=11.2.2.0, Culture=neutral, PublicKeyToken=c8d484a7012f9a8b'. Using the type defined in '/home/runner/work/UniGetUI/UniGetUI/src/UniGetUI/Controls/DocumentStubs.cs'. [/home/runner/work/UniGetUI/UniGetUI/src/UniGetUI/UniGetUI.csproj]
/home/runner/work/UniGetUI/UniGetUI/src/UniGetUI/Controls/Announcer.xaml.cs(121,43): error CS0246: The type or namespace name 'LineBreak' could not be found (are you missing a using directive or an assembly reference?) [/home/runner/work/UniGetUI/UniGetUI/src/UniGetUI/UniGetUI.csproj]
/home/runner/work/UniGetUI/UniGetUI/src/UniGetUI/Controls/Announcer.xaml.cs(124,13): error CS0103: The name '_textblock' does not exist in the current context [/home/runner/work/UniGetUI/UniGetUI/src/UniGetUI/UniGetUI.csproj]
/home/runner/work/UniGetUI/UniGetUI/src/UniGetUI/Controls/Announcer.xaml.cs(125,13): error CS0103: The name '_textblock' does not exist in the current context [/home/runner/work/UniGetUI/UniGetUI/src/UniGetUI/UniGetUI.csproj]
/home/runner/work/UniGetUI/UniGetUI/src/UniGetUI/Controls/Announcer.xaml.cs(120,17): warning CS8602: Dereference of a possibly null reference. [/home/runner/work/UniGetUI/UniGetUI/src/UniGetUI/UniGetUI.csproj]
/home/runner/work/UniGetUI/UniGetUI/src/UniGetUI/Controls/LocalIcon.cs(14,20): error CS0103: The name 'Glyph' does not exist in the current context [/home/runner/work/UniGetUI/UniGetUI/src/UniGetUI/UniGetUI.csproj]
/home/runner/work/UniGetUI/UniGetUI/src/UniGetUI/Controls/LocalIcon.cs(24,13): error CS0103: The name 'Glyph' does not exist in the current context [/home/runner/work/UniGetUI/UniGetUI/src/UniGetUI/UniGetUI.csproj]
/home/runner/work/UniGetUI/UniGetUI/src/UniGetUI/Controls/LocalIcon.cs(10,53): warning CS8602: Dereference of a possibly null reference. [/home/runner/work/UniGetUI/UniGetUI/src/UniGetUI/UniGetUI.csproj]
/home/runner/work/UniGetUI/UniGetUI/src/UniGetUI/Controls/LocalIcon.cs(10,41): warning CS8600: Converting null literal or possible null value to non-nullable type. [/home/runner/work/UniGetUI/UniGetUI/src/UniGetUI/UniGetUI.csproj]
/home/runner/work/UniGetUI/UniGetUI/src/UniGetUI/Controls/LocalIcon.cs(10,41): warning CS8601: Possible null reference assignment. [/home/runner/work/UniGetUI/UniGetUI/src/UniGetUI/UniGetUI.csproj]
/home/runner/work/UniGetUI/UniGetUI/src/UniGetUI/Controls/LocalIcon.cs(35,40): warning CS8602: Dereference of a possibly null reference. [/home/runner/work/UniGetUI/UniGetUI/src/UniGetUI/UniGetUI.csproj]
/home/runner/work/UniGetUI/UniGetUI/src/UniGetUI/Controls/LocalIcon.cs(35,28): warning CS8600: Converting null literal or possible null value to non-nullable type. [/home/runner/work/UniGetUI/UniGetUI/src/UniGetUI/UniGetUI.csproj]
/home/runner/work/UniGetUI/UniGetUI/src/UniGetUI/Controls/LocalIcon.cs(35,28): warning CS8601: Possible null reference assignment. [/home/runner/work/UniGetUI/UniGetUI/src/UniGetUI/UniGetUI.csproj]
/home/runner/work/UniGetUI/UniGetUI/src/UniGetUI/Controls/LocalIcon.cs(37,32): warning CS8601: Possible null reference assignment. [/home/runner/work/UniGetUI/UniGetUI/src/UniGetUI/UniGetUI.csproj]
/home/runner/work/UniGetUI/UniGetUI/src/UniGetUI/Controls/LocalIcon.cs(56,20): warning CS8603: Possible null reference return. [/home/runner/work/UniGetUI/UniGetUI/src/UniGetUI/UniGetUI.csproj]
/home/runner/work/UniGetUI/UniGetUI/src/UniGetUI/Controls/LocalIcon.cs(66,20): error CS0103: The name 'Glyph' does not exist in the current context [/home/runner/work/UniGetUI/UniGetUI/src/UniGetUI/UniGetUI.csproj]
/home/runner/work/UniGetUI/UniGetUI/src/UniGetUI/Controls/LocalIcon.cs(71,13): error CS0118: 'FontFamily' is a type but is used like a variable [/home/runner/work/UniGetUI/UniGetUI/src/UniGetUI/UniGetUI.csproj]
/home/runner/work/UniGetUI/UniGetUI/src/UniGetUI/Controls/LocalIcon.cs(76,13): error CS0103: The name 'Glyph' does not exist in the current context [/home/runner/work/UniGetUI/UniGetUI/src/UniGetUI/UniGetUI.csproj]
/home/runner/work/UniGetUI/UniGetUI/src/UniGetUI/Controls/LocalIcon.cs(62,53): warning CS8602: Dereference of a possibly null reference. [/home/runner/work/UniGetUI/UniGetUI/src/UniGetUI/UniGetUI.csproj]
/home/runner/work/UniGetUI/UniGetUI/src/UniGetUI/Controls/LocalIcon.cs(62,41): warning CS8600: Converting null literal or possible null value to non-nullable type. [/home/runner/work/UniGetUI/UniGetUI/src/UniGetUI/UniGetUI.csproj]
/home/runner/work/UniGetUI/UniGetUI/src/UniGetUI/Controls/LocalIcon.cs(62,41): warning CS8601: Possible null reference assignment. [/home/runner/work/UniGetUI/UniGetUI/src/UniGetUI/UniGetUI.csproj]
/home/runner/work/UniGetUI/UniGetUI/src/UniGetUI/Controls/MenuForPackage.cs(15,13): error CS0103: The name 'MenuFlyoutPresenterStyle' does not exist in the current context [/home/runner/work/UniGetUI/UniGetUI/src/UniGetUI/UniGetUI.csproj]
/home/runner/work/UniGetUI/UniGetUI/src/UniGetUI/Controls/MenuForPackage.cs(12,86): warning CS8602: Dereference of a possibly null reference. [/home/runner/work/UniGetUI/UniGetUI/src/UniGetUI/UniGetUI.csproj]
/home/runner/work/UniGetUI/UniGetUI/src/UniGetUI/Controls/MenuForPackage.cs(12,62): warning CS8600: Converting null literal or possible null value to non-nullable type. [/home/runner/work/UniGetUI/UniGetUI/src/UniGetUI/UniGetUI.csproj]
/home/runner/work/UniGetUI/UniGetUI/src/UniGetUI/Controls/MenuForPackage.cs(12,62): warning CS8601: Possible null reference assignment. [/home/runner/work/UniGetUI/UniGetUI/src/UniGetUI/UniGetUI.csproj]
/home/runner/work/UniGetUI/UniGetUI/src/UniGetUI/Controls/MenuForPackage.cs(32,54): error CS0117: 'MenuItem' does not contain a definition for 'Text' [/home/runner/work/UniGetUI/UniGetUI/src/UniGetUI/UniGetUI.csproj]
/home/runner/work/UniGetUI/UniGetUI/src/UniGetUI/Controls/MenuForPackage.cs(33,46): error CS0117: 'MenuItem' does not contain a definition for 'Text' [/home/runner/work/UniGetUI/UniGetUI/src/UniGetUI/UniGetUI.csproj]
/home/runner/work/UniGetUI/UniGetUI/src/UniGetUI/Controls/MenuForPackage.cs(37,13): error CS0118: 'Style' is a type but is used like a variable [/home/runner/work/UniGetUI/UniGetUI/src/UniGetUI/UniGetUI.csproj]
/home/runner/work/UniGetUI/UniGetUI/src/UniGetUI/Controls/MenuForPackage.cs(21,85): warning CS8602: Dereference of a possibly null reference. [/home/runner/work/UniGetUI/UniGetUI/src/UniGetUI/UniGetUI.csproj]
/home/runner/work/UniGetUI/UniGetUI/src/UniGetUI/Controls/MenuForPackage.cs(21,61): warning CS8600: Converting null literal or possible null value to non-nullable type. [/home/runner/work/UniGetUI/UniGetUI/src/UniGetUI/UniGetUI.csproj]
/home/runner/work/UniGetUI/UniGetUI/src/UniGetUI/Controls/MenuForPackage.cs(21,61): warning CS8601: Possible null reference assignment. [/home/runner/work/UniGetUI/UniGetUI/src/UniGetUI/UniGetUI.csproj]
/home/runner/work/UniGetUI/UniGetUI/src/UniGetUI/Pages/SoftwarePages/SoftwareUpdatesPage.cs(64,17): error CS0117: 'BetterMenuItem' does not contain a definition for 'KeyboardAcceleratorTextOverride' [/home/runner/work/UniGetUI/UniGetUI/src/UniGetUI/UniGetUI.csproj]
/home/runner/work/UniGetUI/UniGetUI/src/UniGetUI/Pages/SoftwarePages/SoftwareUpdatesPage.cs(72,17): error CS0117: 'BetterMenuItem' does not contain a definition for 'KeyboardAcceleratorTextOverride' [/home/runner/work/UniGetUI/UniGetUI/src/UniGetUI/UniGetUI.csproj]
/home/runner/work/UniGetUI/UniGetUI/src/UniGetUI/Pages/SoftwarePages/SoftwareUpdatesPage.cs(150,17): error CS0117: 'BetterMenuItem' does not contain a definition for 'KeyboardAcceleratorTextOverride' [/home/runner/work/UniGetUI/UniGetUI/src/UniGetUI/UniGetUI.csproj]
/home/runner/work/UniGetUI/UniGetUI/src/UniGetUI/Pages/SoftwarePages/SoftwareUpdatesPage.cs(156,17): error CS0117: 'MenuFlyoutSubItem' does not contain a definition for 'Text' [/home/runner/work/UniGetUI/UniGetUI/src/UniGetUI/UniGetUI.csproj]
/home/runner/work/UniGetUI/UniGetUI/src/UniGetUI/Pages/SoftwarePages/SoftwareUpdatesPage.cs(157,40): error CS0117: 'TextBlock' does not contain a definition for 'Glyph' [/home/runner/work/UniGetUI/UniGetUI/src/UniGetUI/UniGetUI.csproj]
/home/runner/work/UniGetUI/UniGetUI/src/UniGetUI/Pages/SoftwarePages/SoftwareUpdatesPage.cs(66,34): warning CS8622: Nullability of reference types in type of parameter 'sender' of 'void SoftwareUpdatesPage.MenuInstall_Invoked(object sender, RoutedEventArgs e)' doesn't match the target delegate 'EventHandler<RoutedEventArgs>' (possibly because of nullability attributes). [/home/runner/work/UniGetUI/UniGetUI/src/UniGetUI/UniGetUI.csproj]
/home/runner/work/UniGetUI/UniGetUI/src/UniGetUI/Pages/SoftwarePages/SoftwareUpdatesPage.cs(88,34): warning CS8622: Nullability of reference types in type of parameter 'sender' of 'void SoftwareUpdatesPage.MenuAsAdmin_Invoked(object sender, RoutedEventArgs e)' doesn't match the target delegate 'EventHandler<RoutedEventArgs>' (possibly because of nullability attributes). [/home/runner/work/UniGetUI/UniGetUI/src/UniGetUI/UniGetUI.csproj]
/home/runner/work/UniGetUI/UniGetUI/src/UniGetUI/Pages/SoftwarePages/SoftwareUpdatesPage.cs(95,38): warning CS8622: Nullability of reference types in type of parameter 'sender' of 'void SoftwareUpdatesPage.MenuInteractive_Invoked(object sender, RoutedEventArgs e)' doesn't match the target delegate 'EventHandler<RoutedEventArgs>' (possibly because of nullability attributes). [/home/runner/work/UniGetUI/UniGetUI/src/UniGetUI/UniGetUI.csproj]
/home/runner/work/UniGetUI/UniGetUI/src/UniGetUI/Pages/SoftwarePages/SoftwareUpdatesPage.cs(102,35): warning CS8622: Nullability of reference types in type of parameter 'sender' of 'void SoftwareUpdatesPage.MenuSkipHash_Invoked(object sender, RoutedEventArgs e)' doesn't match the target delegate 'EventHandler<RoutedEventArgs>' (possibly because of nullability attributes). [/home/runner/work/UniGetUI/UniGetUI/src/UniGetUI/UniGetUI.csproj]
/home/runner/work/UniGetUI/UniGetUI/src/UniGetUI/Pages/SoftwarePages/SoftwareUpdatesPage.cs(116,47): warning CS8622: Nullability of reference types in type of parameter 'sender' of 'void SoftwareUpdatesPage.MenuUpdateAfterUninstall_Invoked(object sender, RoutedEventArgs e)' doesn't match the target delegate 'EventHandler<RoutedEventArgs>' (possibly because of nullability attributes). [/home/runner/work/UniGetUI/UniGetUI/src/UniGetUI/UniGetUI.csproj]
/home/runner/work/UniGetUI/UniGetUI/src/UniGetUI/Pages/SoftwarePages/SoftwareUpdatesPage.cs(123,36): warning CS8622: Nullability of reference types in type of parameter 'sender' of 'void SoftwareUpdatesPage.MenuUninstall_Invoked(object sender, RoutedEventArgs e)' doesn't match the target delegate 'EventHandler<RoutedEventArgs>' (possibly because of nullability attributes). [/home/runner/work/UniGetUI/UniGetUI/src/UniGetUI/UniGetUI.csproj]
/home/runner/work/UniGetUI/UniGetUI/src/UniGetUI/Pages/SoftwarePages/SoftwareUpdatesPage.cs(130,40): warning CS8622: Nullability of reference types in type of parameter 'sender' of 'void SoftwareUpdatesPage.MenuIgnorePackage_Invoked(object sender, RoutedEventArgs e)' doesn't match the target delegate 'EventHandler<RoutedEventArgs>' (possibly because of nullability attributes). [/home/runner/work/UniGetUI/UniGetUI/src/UniGetUI/UniGetUI.csproj]
/home/runner/work/UniGetUI/UniGetUI/src/UniGetUI/Pages/SoftwarePages/SoftwareUpdatesPage.cs(137,38): warning CS8622: Nullability of reference types in type of parameter 'sender' of 'void SoftwareUpdatesPage.MenuSkipVersion_Invoked(object sender, RoutedEventArgs e)' doesn't match the target delegate 'EventHandler<RoutedEventArgs>' (possibly because of nullability attributes). [/home/runner/work/UniGetUI/UniGetUI/src/UniGetUI/UniGetUI.csproj]
/home/runner/work/UniGetUI/UniGetUI/src/UniGetUI/Controls/SourceManager.xaml.cs(74,23): error CS1061: 'Window' does not contain a definition for 'Style' and no accessible extension method 'Style' accepting a first argument of type 'Window' could be found (are you missing a using directive or an assembly reference?) [/home/runner/work/UniGetUI/UniGetUI/src/UniGetUI/UniGetUI.csproj]
/home/runner/work/UniGetUI/UniGetUI/src/UniGetUI/Controls/SourceManager.xaml.cs(128,25): error CS0019: Operator '==' cannot be applied to operands of type 'bool?' and 'ContentDialogResult' [/home/runner/work/UniGetUI/UniGetUI/src/UniGetUI/UniGetUI.csproj]
/home/runner/work/UniGetUI/UniGetUI/src/UniGetUI/Controls/SourceManager.xaml.cs(146,25): error CS0117: 'Window' does not contain a definition for 'Style' [/home/runner/work/UniGetUI/UniGetUI/src/UniGetUI/UniGetUI.csproj]
/home/runner/work/UniGetUI/UniGetUI/src/UniGetUI/Controls/SourceManager.xaml.cs(157,38): error CS0246: The type or namespace name 'DataTemplate' could not be found (are you missing a using directive or an assembly reference?) [/home/runner/work/UniGetUI/UniGetUI/src/UniGetUI/UniGetUI.csproj]
/home/runner/work/UniGetUI/UniGetUI/src/UniGetUI/Controls/SourceManager.xaml.cs(74,31): warning CS8602: Dereference of a possibly null reference. [/home/runner/work/UniGetUI/UniGetUI/src/UniGetUI/UniGetUI.csproj]
/home/runner/work/UniGetUI/UniGetUI/src/UniGetUI/Controls/SourceManager.xaml.cs(100,29): warning CS8602: Dereference of a possibly null reference. [/home/runner/work/UniGetUI/UniGetUI/src/UniGetUI/UniGetUI.csproj]
/home/runner/work/UniGetUI/UniGetUI/src/UniGetUI/Controls/SourceManager.xaml.cs(131,61): warning CS8602: Dereference of a possibly null reference. [/home/runner/work/UniGetUI/UniGetUI/src/UniGetUI/UniGetUI.csproj]
/home/runner/work/UniGetUI/UniGetUI/src/UniGetUI/Controls/SourceManager.xaml.cs(134,121): warning CS8604: Possible null reference argument for parameter 'uriString' in 'Uri.Uri(string uriString)'. [/home/runner/work/UniGetUI/UniGetUI/src/UniGetUI/UniGetUI.csproj]
/home/runner/work/UniGetUI/UniGetUI/src/UniGetUI/Controls/SourceManager.xaml.cs(134,89): warning CS8604: Possible null reference argument for parameter 'name' in 'ManagerSource.ManagerSource(IPackageManager manager, string name, Uri url, int? packageCount = 0, string updateDate = "", bool isVirtualManager = false)'. [/home/runner/work/UniGetUI/UniGetUI/src/UniGetUI/UniGetUI.csproj]
/home/runner/work/UniGetUI/UniGetUI/src/UniGetUI/Controls/SourceManager.xaml.cs(146,33): warning CS8602: Dereference of a possibly null reference. [/home/runner/work/UniGetUI/UniGetUI/src/UniGetUI/UniGetUI.csproj]
/home/runner/work/UniGetUI/UniGetUI/src/UniGetUI/Controls/OperationWidgets/OperationControl.cs(198,55): warning CS8602: Dereference of a possibly null reference. [/home/runner/work/UniGetUI/UniGetUI/src/UniGetUI/UniGetUI.csproj]
/home/runner/work/UniGetUI/UniGetUI/src/UniGetUI/Controls/OperationWidgets/OperationControl.cs(198,38): warning CS8600: Converting null literal or possible null value to non-nullable type. [/home/runner/work/UniGetUI/UniGetUI/src/UniGetUI/UniGetUI.csproj]
/home/runner/work/UniGetUI/UniGetUI/src/UniGetUI/Controls/OperationWidgets/OperationControl.cs(198,38): warning CS8601: Possible null reference assignment. [/home/runner/work/UniGetUI/UniGetUI/src/UniGetUI/UniGetUI.csproj]
/home/runner/work/UniGetUI/UniGetUI/src/UniGetUI/Controls/OperationWidgets/OperationControl.cs(199,30): warning CS8600: Converting null literal or possible null value to non-nullable type. [/home/runner/work/UniGetUI/UniGetUI/src/UniGetUI/UniGetUI.csproj]
/home/runner/work/UniGetUI/UniGetUI/src/UniGetUI/Controls/OperationWidgets/OperationControl.cs(199,30): warning CS8601: Possible null reference assignment. [/home/runner/work/UniGetUI/UniGetUI/src/UniGetUI/UniGetUI.csproj]
/home/runner/work/UniGetUI/UniGetUI/src/UniGetUI/Controls/OperationWidgets/OperationControl.cs(205,55): warning CS8602: Dereference of a possibly null reference. [/home/runner/work/UniGetUI/UniGetUI/src/UniGetUI/UniGetUI.csproj]
/home/runner/work/UniGetUI/UniGetUI/src/UniGetUI/Controls/OperationWidgets/OperationControl.cs(205,38): warning CS8600: Converting null literal or possible null value to non-nullable type. [/home/runner/work/UniGetUI/UniGetUI/src/UniGetUI/UniGetUI.csproj]
/home/runner/work/UniGetUI/UniGetUI/src/UniGetUI/Controls/OperationWidgets/OperationControl.cs(205,38): warning CS8601: Possible null reference assignment. [/home/runner/work/UniGetUI/UniGetUI/src/UniGetUI/UniGetUI.csproj]
/home/runner/work/UniGetUI/UniGetUI/src/UniGetUI/Controls/OperationWidgets/OperationControl.cs(206,30): warning CS8600: Converting null literal or possible null value to non-nullable type. [/home/runner/work/UniGetUI/UniGetUI/src/UniGetUI/UniGetUI.csproj]
/home/runner/work/UniGetUI/UniGetUI/src/UniGetUI/Controls/OperationWidgets/OperationControl.cs(206,30): warning CS8601: Possible null reference assignment. [/home/runner/work/UniGetUI/UniGetUI/src/UniGetUI/UniGetUI.csproj]
/home/runner/work/UniGetUI/UniGetUI/src/UniGetUI/Controls/OperationWidgets/OperationControl.cs(211,55): warning CS8602: Dereference of a possibly null reference. [/home/runner/work/UniGetUI/UniGetUI/src/UniGetUI/UniGetUI.csproj]
/home/runner/work/UniGetUI/UniGetUI/src/UniGetUI/Controls/OperationWidgets/OperationControl.cs(211,38): warning CS8600: Converting null literal or possible null value to non-nullable type. [/home/runner/work/UniGetUI/UniGetUI/src/UniGetUI/UniGetUI.csproj]
/home/runner/work/UniGetUI/UniGetUI/src/UniGetUI/Controls/OperationWidgets/OperationControl.cs(211,38): warning CS8601: Possible null reference assignment. [/home/runner/work/UniGetUI/UniGetUI/src/UniGetUI/UniGetUI.csproj]
/home/runner/work/UniGetUI/UniGetUI/src/UniGetUI/Controls/OperationWidgets/OperationControl.cs(212,30): warning CS8600: Converting null literal or possible null value to non-nullable type. [/home/runner/work/UniGetUI/UniGetUI/src/UniGetUI/UniGetUI.csproj]
/home/runner/work/UniGetUI/UniGetUI/src/UniGetUI/Controls/OperationWidgets/OperationControl.cs(212,30): warning CS8601: Possible null reference assignment. [/home/runner/work/UniGetUI/UniGetUI/src/UniGetUI/UniGetUI.csproj]
/home/runner/work/UniGetUI/UniGetUI/src/UniGetUI/Controls/OperationWidgets/OperationControl.cs(218,55): warning CS8602: Dereference of a possibly null reference. [/home/runner/work/UniGetUI/UniGetUI/src/UniGetUI/UniGetUI.csproj]
/home/runner/work/UniGetUI/UniGetUI/src/UniGetUI/Controls/OperationWidgets/OperationControl.cs(218,38): warning CS8600: Converting null literal or possible null value to non-nullable type. [/home/runner/work/UniGetUI/UniGetUI/src/UniGetUI/UniGetUI.csproj]
/home/runner/work/UniGetUI/UniGetUI/src/UniGetUI/Controls/OperationWidgets/OperationControl.cs(218,38): warning CS8601: Possible null reference assignment. [/home/runner/work/UniGetUI/UniGetUI/src/UniGetUI/UniGetUI.csproj]
/home/runner/work/UniGetUI/UniGetUI/src/UniGetUI/Controls/OperationWidgets/OperationControl.cs(219,30): warning CS8600: Converting null literal or possible null value to non-nullable type. [/home/runner/work/UniGetUI/UniGetUI/src/UniGetUI/UniGetUI.csproj]
/home/runner/work/UniGetUI/UniGetUI/src/UniGetUI/Controls/OperationWidgets/OperationControl.cs(219,30): warning CS8601: Possible null reference assignment. [/home/runner/work/UniGetUI/UniGetUI/src/UniGetUI/UniGetUI.csproj]
/home/runner/work/UniGetUI/UniGetUI/src/UniGetUI/Controls/OperationWidgets/OperationControl.cs(225,55): warning CS8602: Dereference of a possibly null reference. [/home/runner/work/UniGetUI/UniGetUI/src/UniGetUI/UniGetUI.csproj]
/home/runner/work/UniGetUI/UniGetUI/src/UniGetUI/Controls/OperationWidgets/OperationControl.cs(225,38): warning CS8600: Converting null literal or possible null value to non-nullable type. [/home/runner/work/UniGetUI/UniGetUI/src/UniGetUI/UniGetUI.csproj]
/home/runner/work/UniGetUI/UniGetUI/src/UniGetUI/Controls/OperationWidgets/OperationControl.cs(225,38): warning CS8601: Possible null reference assignment. [/home/runner/work/UniGetUI/UniGetUI/src/UniGetUI/UniGetUI.csproj]
/home/runner/work/UniGetUI/UniGetUI/src/UniGetUI/Controls/OperationWidgets/OperationControl.cs(226,30): warning CS8600: Converting null literal or possible null value to non-nullable type. [/home/runner/work/UniGetUI/UniGetUI/src/UniGetUI/UniGetUI.csproj]
/home/runner/work/UniGetUI/UniGetUI/src/UniGetUI/Controls/OperationWidgets/OperationControl.cs(226,30): warning CS8601: Possible null reference assignment. [/home/runner/work/UniGetUI/UniGetUI/src/UniGetUI/UniGetUI.csproj]
/home/runner/work/UniGetUI/UniGetUI/src/UniGetUI/Pages/SettingsPages/ManagersPages/PackageManager.xaml.cs(59,68): error CS0117: 'PEInterface' does not contain a definition for 'WinGet' [/home/runner/work/UniGetUI/UniGetUI/src/UniGetUI/UniGetUI.csproj]
/home/runner/work/UniGetUI/UniGetUI/src/UniGetUI/Pages/SettingsPages/ManagersPages/PackageManager.xaml.cs(96,47): error CS0029: Cannot implicitly convert type 'UniGetUI.Pages.DialogPages.InstallOptions_Manager' to 'string' [/home/runner/work/UniGetUI/UniGetUI/src/UniGetUI/UniGetUI.csproj]
/home/runner/work/UniGetUI/UniGetUI/src/UniGetUI/Pages/SettingsPages/ManagersPages/PackageManager.xaml.cs(112,49): error CS0029: Cannot implicitly convert type 'UniGetUI.Interface.Widgets.SourceManager' to 'string' [/home/runner/work/UniGetUI/UniGetUI/src/UniGetUI/UniGetUI.csproj]
/home/runner/work/UniGetUI/UniGetUI/src/UniGetUI/Pages/SettingsPages/ManagersPages/PackageManager.xaml.cs(118,34): error CS0176: Member 'FontWeight.SemiBold' cannot be accessed with an instance reference; qualify it with a type name instead [/home/runner/work/UniGetUI/UniGetUI/src/UniGetUI/UniGetUI.csproj]
/home/runner/work/UniGetUI/UniGetUI/src/UniGetUI/Pages/SettingsPages/ManagersPages/PackageManager.xaml.cs(327,57): error CS1061: 'MainWindow' does not contain a definition for 'GetWindowHandle' and no accessible extension method 'GetWindowHandle' accepting a first argument of type 'MainWindow' could be found (are you missing a using directive or an assembly reference?) [/home/runner/work/UniGetUI/UniGetUI/src/UniGetUI/UniGetUI.csproj]
/home/runner/work/UniGetUI/UniGetUI/src/UniGetUI/Pages/SettingsPages/ManagersPages/PackageManager.xaml.cs(341,53): error CS0029: Cannot implicitly convert type 'Avalonia.Controls.StackPanel' to 'string' [/home/runner/work/UniGetUI/UniGetUI/src/UniGetUI/UniGetUI.csproj]
/home/runner/work/UniGetUI/UniGetUI/src/UniGetUI/Pages/SoftwarePages/SoftwareUpdatesPage.cs(242,29): error CS0266: Cannot implicitly convert type 'UniGetUI.Interface.FlyoutPlacementMode' to 'Avalonia.Controls.PlacementMode'. An explicit conversion exists (are you missing a cast?) [/home/runner/work/UniGetUI/UniGetUI/src/UniGetUI/UniGetUI.csproj]
/home/runner/work/UniGetUI/UniGetUI/src/UniGetUI/Pages/SoftwarePages/SoftwareUpdatesPage.cs(351,42): error CS0103: The name 'NetworkInformation' does not exist in the current context [/home/runner/work/UniGetUI/UniGetUI/src/UniGetUI/UniGetUI.csproj]
/home/runner/work/UniGetUI/UniGetUI/src/UniGetUI/Pages/SoftwarePages/SoftwareUpdatesPage.cs(352,43): error CS0103: The name 'NetworkCostType' does not exist in the current context [/home/runner/work/UniGetUI/UniGetUI/src/UniGetUI/UniGetUI.csproj]
/home/runner/work/UniGetUI/UniGetUI/src/UniGetUI/Pages/SoftwarePages/SoftwareUpdatesPage.cs(352,68): error CS0103: The name 'NetworkCostType' does not exist in the current context [/home/runner/work/UniGetUI/UniGetUI/src/UniGetUI/UniGetUI.csproj]
/home/runner/work/UniGetUI/UniGetUI/src/UniGetUI/Pages/SoftwarePages/SoftwareUpdatesPage.cs(358,25): error CS0103: The name 'PowerManager' does not exist in the current context [/home/runner/work/UniGetUI/UniGetUI/src/UniGetUI/UniGetUI.csproj]
/home/runner/work/UniGetUI/UniGetUI/src/UniGetUI/Pages/SoftwarePages/SoftwareUpdatesPage.cs(358,59): error CS0246: The type or namespace name 'PowerSupplyStatus' could not be found (are you missing a using directive or an assembly reference?) [/home/runner/work/UniGetUI/UniGetUI/src/UniGetUI/UniGetUI.csproj]
/home/runner/work/UniGetUI/UniGetUI/src/UniGetUI/Pages/SoftwarePages/SoftwareUpdatesPage.cs(364,25): error CS0103: The name 'PowerManager' does not exist in the current context [/home/runner/work/UniGetUI/UniGetUI/src/UniGetUI/UniGetUI.csproj]
/home/runner/work/UniGetUI/UniGetUI/src/UniGetUI/Pages/SoftwarePages/SoftwareUpdatesPage.cs(364,59): error CS0246: The type or namespace name 'EnergySaverStatus' could not be found (are you missing a using directive or an assembly reference?) [/home/runner/work/UniGetUI/UniGetUI/src/UniGetUI/UniGetUI.csproj]
/home/runner/work/UniGetUI/UniGetUI/src/UniGetUI/Pages/SettingsPages/ManagersPages/PackageManager.xaml.cs(403,17): error CS0103: The name 'ManagerStatusBar' does not exist in the current context [/home/runner/work/UniGetUI/UniGetUI/src/UniGetUI/UniGetUI.csproj]
/home/runner/work/UniGetUI/UniGetUI/src/UniGetUI/Pages/SettingsPages/ManagersPages/PackageManager.xaml.cs(403,49): error CS0117: 'int' does not contain a definition for 'Informational' [/home/runner/work/UniGetUI/UniGetUI/src/UniGetUI/UniGetUI.csproj]
/home/runner/work/UniGetUI/UniGetUI/src/UniGetUI/Pages/SettingsPages/ManagersPages/PackageManager.xaml.cs(404,17): error CS0103: The name 'ManagerStatusBar' does not exist in the current context [/home/runner/work/UniGetUI/UniGetUI/src/UniGetUI/UniGetUI.csproj]
/home/runner/work/UniGetUI/UniGetUI/src/UniGetUI/Pages/SettingsPages/ManagersPages/PackageManager.xaml.cs(405,17): error CS0103: The name 'ManagerStatusBar' does not exist in the current context [/home/runner/work/UniGetUI/UniGetUI/src/UniGetUI/UniGetUI.csproj]
/home/runner/work/UniGetUI/UniGetUI/src/UniGetUI/Pages/SettingsPages/ManagersPages/PackageManager.xaml.cs(409,17): error CS0103: The name 'ManagerStatusBar' does not exist in the current context [/home/runner/work/UniGetUI/UniGetUI/src/UniGetUI/UniGetUI.csproj]
/home/runner/work/UniGetUI/UniGetUI/src/UniGetUI/Pages/SettingsPages/ManagersPages/PackageManager.xaml.cs(409,49): error CS0117: 'int' does not contain a definition for 'Warning' [/home/runner/work/UniGetUI/UniGetUI/src/UniGetUI/UniGetUI.csproj]
/home/runner/work/UniGetUI/UniGetUI/src/UniGetUI/Pages/SettingsPages/ManagersPages/PackageManager.xaml.cs(410,17): error CS0103: The name 'ManagerStatusBar' does not exist in the current context [/home/runner/work/UniGetUI/UniGetUI/src/UniGetUI/UniGetUI.csproj]
/home/runner/work/UniGetUI/UniGetUI/src/UniGetUI/Pages/SettingsPages/ManagersPages/PackageManager.xaml.cs(411,17): error CS0103: The name 'ManagerStatusBar' does not exist in the current context [/home/runner/work/UniGetUI/UniGetUI/src/UniGetUI/UniGetUI.csproj]
/home/runner/work/UniGetUI/UniGetUI/src/UniGetUI/Pages/SettingsPages/ManagersPages/PackageManager.xaml.cs(415,17): error CS0103: The name 'ManagerStatusBar' does not exist in the current context [/home/runner/work/UniGetUI/UniGetUI/src/UniGetUI/UniGetUI.csproj]
/home/runner/work/UniGetUI/UniGetUI/src/UniGetUI/Pages/SettingsPages/ManagersPages/PackageManager.xaml.cs(415,49): error CS0117: 'int' does not contain a definition for 'Success' [/home/runner/work/UniGetUI/UniGetUI/src/UniGetUI/UniGetUI.csproj]
/home/runner/work/UniGetUI/UniGetUI/src/UniGetUI/Pages/SettingsPages/ManagersPages/PackageManager.xaml.cs(416,17): error CS0103: The name 'ManagerStatusBar' does not exist in the current context [/home/runner/work/UniGetUI/UniGetUI/src/UniGetUI/UniGetUI.csproj]
/home/runner/work/UniGetUI/UniGetUI/src/UniGetUI/Pages/SettingsPages/ManagersPages/PackageManager.xaml.cs(419,21): error CS0103: The name 'ManagerStatusBar' does not exist in the current context [/home/runner/work/UniGetUI/UniGetUI/src/UniGetUI/UniGetUI.csproj]
/home/runner/work/UniGetUI/UniGetUI/src/UniGetUI/Pages/SettingsPages/ManagersPages/PackageManager.xaml.cs(424,21): error CS0103: The name 'ManagerStatusBar' does not exist in the current context [/home/runner/work/UniGetUI/UniGetUI/src/UniGetUI/UniGetUI.csproj]
/home/runner/work/UniGetUI/UniGetUI/src/UniGetUI/Pages/SettingsPages/ManagersPages/PackageManager.xaml.cs(429,21): error CS0103: The name 'ManagerStatusBar' does not exist in the current context [/home/runner/work/UniGetUI/UniGetUI/src/UniGetUI/UniGetUI.csproj]
/home/runner/work/UniGetUI/UniGetUI/src/UniGetUI/Pages/SettingsPages/ManagersPages/PackageManager.xaml.cs(435,17): error CS0103: The name 'ManagerStatusBar' does not exist in the current context [/home/runner/work/UniGetUI/UniGetUI/src/UniGetUI/UniGetUI.csproj]
/home/runner/work/UniGetUI/UniGetUI/src/UniGetUI/Pages/SettingsPages/ManagersPages/PackageManager.xaml.cs(435,49): error CS0117: 'int' does not contain a definition for 'Error' [/home/runner/work/UniGetUI/UniGetUI/src/UniGetUI/UniGetUI.csproj]
/home/runner/work/UniGetUI/UniGetUI/src/UniGetUI/Pages/SettingsPages/ManagersPages/PackageManager.xaml.cs(436,17): error CS0103: The name 'ManagerStatusBar' does not exist in the current context [/home/runner/work/UniGetUI/UniGetUI/src/UniGetUI/UniGetUI.csproj]
/home/runner/work/UniGetUI/UniGetUI/src/UniGetUI/Pages/SettingsPages/ManagersPages/PackageManager.xaml.cs(437,17): error CS0103: The name 'ManagerStatusBar' does not exist in the current context [/home/runner/work/UniGetUI/UniGetUI/src/UniGetUI/UniGetUI.csproj]
/home/runner/work/UniGetUI/UniGetUI/src/UniGetUI/Pages/SettingsPages/ManagersPages/PackageManager.xaml.cs(383,52): warning CS8622: Nullability of reference types in type of parameter 'sender' of 'void PackageManagerPage.ExecutableComboBox_SelectionChanged(object sender, SelectionChangedEventArgs e)' doesn't match the target delegate 'EventHandler<SelectionChangedEventArgs>' (possibly because of nullability attributes). [/home/runner/work/UniGetUI/UniGetUI/src/UniGetUI/UniGetUI.csproj]
/home/runner/work/UniGetUI/UniGetUI/src/UniGetUI/Pages/SettingsPages/ManagersPages/PackageManager.xaml.cs(397,52): warning CS8622: Nullability of reference types in type of parameter 'sender' of 'void PackageManagerPage.ExecutableComboBox_SelectionChanged(object sender, SelectionChangedEventArgs e)' doesn't match the target delegate 'EventHandler<SelectionChangedEventArgs>' (possibly because of nullability attributes). [/home/runner/work/UniGetUI/UniGetUI/src/UniGetUI/UniGetUI.csproj]
/home/runner/work/UniGetUI/UniGetUI/src/UniGetUI/Controls/SettingsWidgets/TextboxCard.cs(29,29): error CS1061: 'TextBox' does not contain a definition for 'PlaceholderText' and no accessible extension method 'PlaceholderText' accepting a first argument of type 'TextBox' could be found (are you missing a using directive or an assembly reference?) [/home/runner/work/UniGetUI/UniGetUI/src/UniGetUI/UniGetUI.csproj]
/home/runner/work/UniGetUI/UniGetUI/src/UniGetUI/Pages/SettingsPages/ManagersPages/PackageManager.xaml.cs(446,13): error CS0103: The name 'CopyButtonIcon' does not exist in the current context [/home/runner/work/UniGetUI/UniGetUI/src/UniGetUI/UniGetUI.csproj]
/home/runner/work/UniGetUI/UniGetUI/src/UniGetUI/Pages/SettingsPages/ManagersPages/PackageManager.xaml.cs(446,37): error CS0103: The name 'Symbol' does not exist in the current context [/home/runner/work/UniGetUI/UniGetUI/src/UniGetUI/UniGetUI.csproj]
/home/runner/work/UniGetUI/UniGetUI/src/UniGetUI/Pages/SettingsPages/ManagersPages/PackageManager.xaml.cs(448,13): error CS0103: The name 'CopyButtonIcon' does not exist in the current context [/home/runner/work/UniGetUI/UniGetUI/src/UniGetUI/UniGetUI.csproj]
/home/runner/work/UniGetUI/UniGetUI/src/UniGetUI/Pages/SettingsPages/ManagersPages/PackageManager.xaml.cs(448,37): error CS0103: The name 'Symbol' does not exist in the current context [/home/runner/work/UniGetUI/UniGetUI/src/UniGetUI/UniGetUI.csproj]
/home/runner/work/UniGetUI/UniGetUI/src/UniGetUI/Pages/SettingsPages/ManagersPages/PackageManager.xaml.cs(445,38): warning CS8604: Possible null reference argument for parameter 'text' in 'void WindowsClipboard.SetText(string text)'. [/home/runner/work/UniGetUI/UniGetUI/src/UniGetUI/UniGetUI.csproj]
/home/runner/work/UniGetUI/UniGetUI/src/UniGetUI/Pages/SettingsPages/ManagersPages/PackageManager.xaml.cs(459,38): warning CS8602: Dereference of a possibly null reference. [/home/runner/work/UniGetUI/UniGetUI/src/UniGetUI/UniGetUI.csproj]
/home/runner/work/UniGetUI/UniGetUI/src/UniGetUI/Controls/OperationWidgets/OperationControl.cs(275,34): error CS0246: The type or namespace name 'MenuFlyoutSeparator' could not be found (are you missing a using directive or an assembly reference?) [/home/runner/work/UniGetUI/UniGetUI/src/UniGetUI/UniGetUI.csproj]
/home/runner/work/UniGetUI/UniGetUI/src/UniGetUI/Controls/OperationWidgets/OperationControl.cs(280,139): error CS0117: 'TextBlock' does not contain a definition for 'Glyph' [/home/runner/work/UniGetUI/UniGetUI/src/UniGetUI/UniGetUI.csproj]
/home/runner/work/UniGetUI/UniGetUI/src/UniGetUI/Controls/OperationWidgets/OperationControl.cs(284,138): error CS0117: 'TextBlock' does not contain a definition for 'Glyph' [/home/runner/work/UniGetUI/UniGetUI/src/UniGetUI/UniGetUI.csproj]
/home/runner/work/UniGetUI/UniGetUI/src/UniGetUI/Controls/OperationWidgets/OperationControl.cs(288,138): error CS0117: 'TextBlock' does not contain a definition for 'Glyph' [/home/runner/work/UniGetUI/UniGetUI/src/UniGetUI/UniGetUI.csproj]
/home/runner/work/UniGetUI/UniGetUI/src/UniGetUI/Controls/OperationWidgets/OperationControl.cs(292,34): error CS0246: The type or namespace name 'MenuFlyoutSeparator' could not be found (are you missing a using directive or an assembly reference?) [/home/runner/work/UniGetUI/UniGetUI/src/UniGetUI/UniGetUI.csproj]
/home/runner/work/UniGetUI/UniGetUI/src/UniGetUI/Controls/OperationWidgets/OperationControl.cs(312,38): error CS0246: The type or namespace name 'MenuFlyoutSeparator' could not be found (are you missing a using directive or an assembly reference?) [/home/runner/work/UniGetUI/UniGetUI/src/UniGetUI/UniGetUI.csproj]
/home/runner/work/UniGetUI/UniGetUI/src/UniGetUI/Controls/SettingsWidgets/TextboxCard.cs(75,36): warning CS8600: Converting null literal or possible null value to non-nullable type. [/home/runner/work/UniGetUI/UniGetUI/src/UniGetUI/UniGetUI.csproj]
/home/runner/work/UniGetUI/UniGetUI/src/UniGetUI/Controls/SettingsWidgets/TextboxCard.cs(79,61): warning CS8604: Possible null reference argument for parameter 'name' in 'string CoreTools.MakeValidFileName(string name)'. [/home/runner/work/UniGetUI/UniGetUI/src/UniGetUI/UniGetUI.csproj]
/home/runner/work/UniGetUI/UniGetUI/src/UniGetUI/Controls/SettingsWidgets/TextboxCard.cs(84,49): warning CS8604: Possible null reference argument for parameter 'value' in 'void Settings.SetValue(K key, string value)'. [/home/runner/work/UniGetUI/UniGetUI/src/UniGetUI/UniGetUI.csproj]
/home/runner/work/UniGetUI/UniGetUI/src/UniGetUI/Pages/SoftwarePages/PackageBundlesPage.cs(91,17): error CS0117: 'BetterMenuItem' does not contain a definition for 'KeyboardAcceleratorTextOverride' [/home/runner/work/UniGetUI/UniGetUI/src/UniGetUI/UniGetUI.csproj]
/home/runner/work/UniGetUI/UniGetUI/src/UniGetUI/Pages/SoftwarePages/PackageBundlesPage.cs(102,17): error CS0117: 'BetterMenuItem' does not contain a definition for 'KeyboardAcceleratorTextOverride' [/home/runner/work/UniGetUI/UniGetUI/src/UniGetUI/UniGetUI.csproj]
/home/runner/work/UniGetUI/UniGetUI/src/UniGetUI/Pages/SoftwarePages/PackageBundlesPage.cs(164,17): error CS0117: 'BetterMenuItem' does not contain a definition for 'KeyboardAcceleratorTextOverride' [/home/runner/work/UniGetUI/UniGetUI/src/UniGetUI/UniGetUI.csproj]
/home/runner/work/UniGetUI/UniGetUI/src/UniGetUI/Pages/SoftwarePages/PackageBundlesPage.cs(93,34): warning CS8622: Nullability of reference types in type of parameter 'sender' of 'void PackageBundlesPage.MenuInstall_Invoked(object sender, RoutedEventArgs args)' doesn't match the target delegate 'EventHandler<RoutedEventArgs>' (possibly because of nullability attributes). [/home/runner/work/UniGetUI/UniGetUI/src/UniGetUI/UniGetUI.csproj]
/home/runner/work/UniGetUI/UniGetUI/src/UniGetUI/Pages/SoftwarePages/PackageBundlesPage.cs(104,41): warning CS8622: Nullability of reference types in type of parameter 'sender' of 'void PackageBundlesPage.MenuInstallSettings_Invoked(object sender, RoutedEventArgs e)' doesn't match the target delegate 'EventHandler<RoutedEventArgs>' (possibly because of nullability attributes). [/home/runner/work/UniGetUI/UniGetUI/src/UniGetUI/UniGetUI.csproj]
/home/runner/work/UniGetUI/UniGetUI/src/UniGetUI/Pages/SoftwarePages/PackageBundlesPage.cs(114,34): warning CS8622: Nullability of reference types in type of parameter 'sender' of 'void PackageBundlesPage.MenuAsAdmin_Invoked(object sender, RoutedEventArgs args)' doesn't match the target delegate 'EventHandler<RoutedEventArgs>' (possibly because of nullability attributes). [/home/runner/work/UniGetUI/UniGetUI/src/UniGetUI/UniGetUI.csproj]
/home/runner/work/UniGetUI/UniGetUI/src/UniGetUI/Pages/SoftwarePages/PackageBundlesPage.cs(122,38): warning CS8622: Nullability of reference types in type of parameter 'sender' of 'void PackageBundlesPage.MenuInteractive_Invoked(object sender, RoutedEventArgs args)' doesn't match the target delegate 'EventHandler<RoutedEventArgs>' (possibly because of nullability attributes). [/home/runner/work/UniGetUI/UniGetUI/src/UniGetUI/UniGetUI.csproj]
/home/runner/work/UniGetUI/UniGetUI/src/UniGetUI/Pages/SoftwarePages/PackageBundlesPage.cs(130,35): warning CS8622: Nullability of reference types in type of parameter 'sender' of 'void PackageBundlesPage.MenuSkipHash_Invoked(object sender, RoutedEventArgs args)' doesn't match the target delegate 'EventHandler<RoutedEventArgs>' (possibly because of nullability attributes). [/home/runner/work/UniGetUI/UniGetUI/src/UniGetUI/UniGetUI.csproj]
/home/runner/work/UniGetUI/UniGetUI/src/UniGetUI/Pages/SoftwarePages/PackageBundlesPage.cs(148,41): warning CS8622: Nullability of reference types in type of parameter 'sender' of 'void PackageBundlesPage.MenuRemoveFromList_Invoked(object sender, RoutedEventArgs args)' doesn't match the target delegate 'EventHandler<RoutedEventArgs>' (possibly because of nullability attributes). [/home/runner/work/UniGetUI/UniGetUI/src/UniGetUI/UniGetUI.csproj]
/home/runner/work/UniGetUI/UniGetUI/src/UniGetUI/Pages/SoftwarePages/PackageBundlesPage.cs(157,32): warning CS8622: Nullability of reference types in type of parameter 'sender' of 'void PackageBundlesPage.MenuShare_Invoked(object sender, RoutedEventArgs args)' doesn't match the target delegate 'EventHandler<RoutedEventArgs>' (possibly because of nullability attributes). [/home/runner/work/UniGetUI/UniGetUI/src/UniGetUI/UniGetUI.csproj]
/home/runner/work/UniGetUI/UniGetUI/src/UniGetUI/Pages/SoftwarePages/PackageBundlesPage.cs(166,34): warning CS8622: Nullability of reference types in type of parameter 'sender' of 'void PackageBundlesPage.MenuDetails_Invoked(object sender, RoutedEventArgs args)' doesn't match the target delegate 'EventHandler<RoutedEventArgs>' (possibly because of nullability attributes). [/home/runner/work/UniGetUI/UniGetUI/src/UniGetUI/UniGetUI.csproj]
/home/runner/work/UniGetUI/UniGetUI/src/UniGetUI/Controls/SettingsWidgets/SecureCheckboxCard.cs(31,38): error CS0266: Cannot implicitly convert type 'bool?' to 'bool'. An explicit conversion exists (are you missing a cast?) [/home/runner/work/UniGetUI/UniGetUI/src/UniGetUI/UniGetUI.csproj]
/home/runner/work/UniGetUI/UniGetUI/src/UniGetUI/Controls/SettingsWidgets/SecureCheckboxCard.cs(50,20): error CS0266: Cannot implicitly convert type 'bool?' to 'bool'. An explicit conversion exists (are you missing a cast?) [/home/runner/work/UniGetUI/UniGetUI/src/UniGetUI/UniGetUI.csproj]
/home/runner/work/UniGetUI/UniGetUI/src/UniGetUI/Controls/SettingsWidgets/SecureCheckboxCard.cs(50,20): warning CS8619: Nullability of reference types in value of type 'bool?' doesn't match target type 'bool'. [/home/runner/work/UniGetUI/UniGetUI/src/UniGetUI/UniGetUI.csproj]
/home/runner/work/UniGetUI/UniGetUI/src/UniGetUI/Controls/OperationWidgets/OperationControl.cs(401,28): error CS1061: 'Dispatcher' does not contain a definition for 'TryEnqueue' and no accessible extension method 'TryEnqueue' accepting a first argument of type 'Dispatcher' could be found (are you missing a using directive or an assembly reference?) [/home/runner/work/UniGetUI/UniGetUI/src/UniGetUI/UniGetUI.csproj]
/home/runner/work/UniGetUI/UniGetUI/src/UniGetUI/Controls/SettingsWidgets/SecureCheckboxCard.cs(99,22): error CS0029: Cannot implicitly convert type 'Avalonia.Controls.StackPanel' to 'string' [/home/runner/work/UniGetUI/UniGetUI/src/UniGetUI/UniGetUI.csproj]
/home/runner/work/UniGetUI/UniGetUI/src/UniGetUI/Controls/SettingsWidgets/SecureCheckboxCard.cs(87,47): warning CS8602: Dereference of a possibly null reference. [/home/runner/work/UniGetUI/UniGetUI/src/UniGetUI/UniGetUI.csproj]
/home/runner/work/UniGetUI/UniGetUI/src/UniGetUI/Controls/SettingsWidgets/SecureCheckboxCard.cs(87,30): warning CS8600: Converting null literal or possible null value to non-nullable type. [/home/runner/work/UniGetUI/UniGetUI/src/UniGetUI/UniGetUI.csproj]
/home/runner/work/UniGetUI/UniGetUI/src/UniGetUI/Controls/SettingsWidgets/SecureCheckboxCard.cs(118,59): error CS1503: Argument 2: cannot convert from 'bool?' to 'bool' [/home/runner/work/UniGetUI/UniGetUI/src/UniGetUI/UniGetUI.csproj]
/home/runner/work/UniGetUI/UniGetUI/src/UniGetUI/Controls/SettingsWidgets/SecureCheckboxCard.cs(120,38): error CS0266: Cannot implicitly convert type 'bool?' to 'bool'. An explicit conversion exists (are you missing a cast?) [/home/runner/work/UniGetUI/UniGetUI/src/UniGetUI/UniGetUI.csproj]
/home/runner/work/UniGetUI/UniGetUI/src/UniGetUI/Controls/SettingsWidgets/ComboboxCard.cs(39,23): error CS1061: 'ComboBox' does not contain a definition for 'SetBinding' and no accessible extension method 'SetBinding' accepting a first argument of type 'ComboBox' could be found (are you missing a using directive or an assembly reference?) [/home/runner/work/UniGetUI/UniGetUI/src/UniGetUI/UniGetUI.csproj]
/home/runner/work/UniGetUI/UniGetUI/src/UniGetUI/Pages/SoftwarePages/PackageBundlesPage.cs(192,29): error CS0266: Cannot implicitly convert type 'UniGetUI.Interface.FlyoutPlacementMode' to 'Avalonia.Controls.PlacementMode'. An explicit conversion exists (are you missing a cast?) [/home/runner/work/UniGetUI/UniGetUI/src/UniGetUI/UniGetUI.csproj]
/home/runner/work/UniGetUI/UniGetUI/src/UniGetUI/Controls/SettingsWidgets/ComboboxCard.cs(85,42): warning CS8602: Dereference of a possibly null reference. [/home/runner/work/UniGetUI/UniGetUI/src/UniGetUI/UniGetUI.csproj]
/home/runner/work/UniGetUI/UniGetUI/src/UniGetUI/Controls/SettingsWidgets/CheckboxCard.cs(123,38): error CS0266: Cannot implicitly convert type 'bool?' to 'bool'. An explicit conversion exists (are you missing a cast?) [/home/runner/work/UniGetUI/UniGetUI/src/UniGetUI/UniGetUI.csproj]
/home/runner/work/UniGetUI/UniGetUI/src/UniGetUI/Controls/SettingsWidgets/CheckboxCard.cs(137,42): error CS0266: Cannot implicitly convert type 'bool?' to 'bool'. An explicit conversion exists (are you missing a cast?) [/home/runner/work/UniGetUI/UniGetUI/src/UniGetUI/UniGetUI.csproj]
/home/runner/work/UniGetUI/UniGetUI/src/UniGetUI/Controls/OperationWidgets/OperationControl.cs(561,42): error CS0246: The type or namespace name 'MenuFlyoutSeparator' could not be found (are you missing a using directive or an assembly reference?) [/home/runner/work/UniGetUI/UniGetUI/src/UniGetUI/UniGetUI.csproj]
/home/runner/work/UniGetUI/UniGetUI/src/UniGetUI/Controls/OperationWidgets/OperationControl.cs(584,42): error CS0246: The type or namespace name 'MenuFlyoutSeparator' could not be found (are you missing a using directive or an assembly reference?) [/home/runner/work/UniGetUI/UniGetUI/src/UniGetUI/UniGetUI.csproj]
/home/runner/work/UniGetUI/UniGetUI/src/UniGetUI/Controls/SettingsWidgets/CheckboxCard.cs(151,34): error CS0266: Cannot implicitly convert type 'bool?' to 'bool'. An explicit conversion exists (are you missing a cast?) [/home/runner/work/UniGetUI/UniGetUI/src/UniGetUI/UniGetUI.csproj]
/home/runner/work/UniGetUI/UniGetUI/src/UniGetUI/Controls/SettingsWidgets/CheckboxCard.cs(31,38): error CS0266: Cannot implicitly convert type 'bool?' to 'bool'. An explicit conversion exists (are you missing a cast?) [/home/runner/work/UniGetUI/UniGetUI/src/UniGetUI/UniGetUI.csproj]
/home/runner/work/UniGetUI/UniGetUI/src/UniGetUI/Controls/SettingsWidgets/CheckboxCard.cs(39,20): error CS0266: Cannot implicitly convert type 'bool?' to 'bool'. An explicit conversion exists (are you missing a cast?) [/home/runner/work/UniGetUI/UniGetUI/src/UniGetUI/UniGetUI.csproj]
/home/runner/work/UniGetUI/UniGetUI/src/UniGetUI/Controls/SettingsWidgets/CheckboxCard.cs(39,20): warning CS8619: Nullability of reference types in value of type 'bool?' doesn't match target type 'bool'. [/home/runner/work/UniGetUI/UniGetUI/src/UniGetUI/UniGetUI.csproj]
/home/runner/work/UniGetUI/UniGetUI/src/UniGetUI/Controls/SettingsWidgets/CheckboxCard.cs(90,22): error CS0029: Cannot implicitly convert type 'Avalonia.Controls.StackPanel' to 'string' [/home/runner/work/UniGetUI/UniGetUI/src/UniGetUI/UniGetUI.csproj]
/home/runner/work/UniGetUI/UniGetUI/src/UniGetUI/Controls/SettingsWidgets/CheckboxCard.cs(98,43): warning CS8622: Nullability of reference types in type of parameter 'sender' of 'void CheckboxCard._checkbox_Toggled(object sender, RoutedEventArgs e)' doesn't match the target delegate 'EventHandler<RoutedEventArgs>' (possibly because of nullability attributes). [/home/runner/work/UniGetUI/UniGetUI/src/UniGetUI/UniGetUI.csproj]
/home/runner/work/UniGetUI/UniGetUI/src/UniGetUI/Controls/SettingsWidgets/CheckboxCard.cs(102,40): error CS1503: Argument 2: cannot convert from 'bool?' to 'bool' [/home/runner/work/UniGetUI/UniGetUI/src/UniGetUI/UniGetUI.csproj]
/home/runner/work/UniGetUI/UniGetUI/src/UniGetUI/Controls/SettingsWidgets/CheckboxCard.cs(104,34): error CS0266: Cannot implicitly convert type 'bool?' to 'bool'. An explicit conversion exists (are you missing a cast?) [/home/runner/work/UniGetUI/UniGetUI/src/UniGetUI/UniGetUI.csproj]
/home/runner/work/UniGetUI/UniGetUI/src/UniGetUI/Controls/SettingsWidgets/CheckboxButtonCard.cs(31,38): error CS0266: Cannot implicitly convert type 'bool?' to 'bool'. An explicit conversion exists (are you missing a cast?) [/home/runner/work/UniGetUI/UniGetUI/src/UniGetUI/UniGetUI.csproj]
/home/runner/work/UniGetUI/UniGetUI/src/UniGetUI/Controls/SettingsWidgets/CheckboxButtonCard.cs(32,36): error CS0019: Operator '||' cannot be applied to operands of type 'bool?' and 'bool' [/home/runner/work/UniGetUI/UniGetUI/src/UniGetUI/UniGetUI.csproj]
/home/runner/work/UniGetUI/UniGetUI/src/UniGetUI/Controls/SettingsWidgets/CheckboxButtonCard.cs(40,20): error CS0266: Cannot implicitly convert type 'bool?' to 'bool'. An explicit conversion exists (are you missing a cast?) [/home/runner/work/UniGetUI/UniGetUI/src/UniGetUI/UniGetUI.csproj]
/home/runner/work/UniGetUI/UniGetUI/src/UniGetUI/Controls/SettingsWidgets/CheckboxButtonCard.cs(40,20): warning CS8619: Nullability of reference types in value of type 'bool?' doesn't match target type 'bool'. [/home/runner/work/UniGetUI/UniGetUI/src/UniGetUI/UniGetUI.csproj]
/home/runner/work/UniGetUI/UniGetUI/src/UniGetUI/Pages/SettingsPages/GeneralPages/Internet.xaml.cs(28,25): error CS1061: 'TextBox' does not contain a definition for 'PlaceholderText' and no accessible extension method 'PlaceholderText' accepting a first argument of type 'TextBox' could be found (are you missing a using directive or an assembly reference?) [/home/runner/work/UniGetUI/UniGetUI/src/UniGetUI/UniGetUI.csproj]
/home/runner/work/UniGetUI/UniGetUI/src/UniGetUI/Pages/SettingsPages/GeneralPages/Internet.xaml.cs(29,13): error CS0103: The name 'PasswordBox' does not exist in the current context [/home/runner/work/UniGetUI/UniGetUI/src/UniGetUI/UniGetUI.csproj]
/home/runner/work/UniGetUI/UniGetUI/src/UniGetUI/Pages/SettingsPages/GeneralPages/Internet.xaml.cs(35,17): error CS0103: The name 'PasswordBox' does not exist in the current context [/home/runner/work/UniGetUI/UniGetUI/src/UniGetUI/UniGetUI.csproj]
/home/runner/work/UniGetUI/UniGetUI/src/UniGetUI/Pages/SettingsPages/GeneralPages/Internet.xaml.cs(38,39): warning CS8602: Dereference of a possibly null reference. [/home/runner/work/UniGetUI/UniGetUI/src/UniGetUI/UniGetUI.csproj]
/home/runner/work/UniGetUI/UniGetUI/src/UniGetUI/Pages/SettingsPages/GeneralPages/Internet.xaml.cs(38,32): warning CS8600: Converting null literal or possible null value to non-nullable type. [/home/runner/work/UniGetUI/UniGetUI/src/UniGetUI/UniGetUI.csproj]
/home/runner/work/UniGetUI/UniGetUI/src/UniGetUI/Pages/SettingsPages/GeneralPages/Internet.xaml.cs(39,29): warning CS8600: Converting null literal or possible null value to non-nullable type. [/home/runner/work/UniGetUI/UniGetUI/src/UniGetUI/UniGetUI.csproj]
/home/runner/work/UniGetUI/UniGetUI/src/UniGetUI/Pages/SettingsPages/GeneralPages/Internet.xaml.cs(40,30): warning CS8600: Converting null literal or possible null value to non-nullable type. [/home/runner/work/UniGetUI/UniGetUI/src/UniGetUI/UniGetUI.csproj]
/home/runner/work/UniGetUI/UniGetUI/src/UniGetUI/Pages/SettingsPages/GeneralPages/Internet.xaml.cs(41,31): warning CS8600: Converting null literal or possible null value to non-nullable type. [/home/runner/work/UniGetUI/UniGetUI/src/UniGetUI/UniGetUI.csproj]
/home/runner/work/UniGetUI/UniGetUI/src/UniGetUI/Pages/SettingsPages/GeneralPages/Internet.xaml.cs(42,29): warning CS8600: Converting null literal or possible null value to non-nullable type. [/home/runner/work/UniGetUI/UniGetUI/src/UniGetUI/UniGetUI.csproj]
/home/runner/work/UniGetUI/UniGetUI/src/UniGetUI/Controls/SettingsWidgets/CheckboxButtonCard.cs(61,36): error CS0019: Operator '||' cannot be applied to operands of type 'bool?' and 'bool' [/home/runner/work/UniGetUI/UniGetUI/src/UniGetUI/UniGetUI.csproj]
/home/runner/work/UniGetUI/UniGetUI/src/UniGetUI/Pages/SettingsPages/GeneralPages/Internet.xaml.cs(106,34): error CS0103: The name 'PasswordBox' does not exist in the current context [/home/runner/work/UniGetUI/UniGetUI/src/UniGetUI/UniGetUI.csproj]
/home/runner/work/UniGetUI/UniGetUI/src/UniGetUI/Pages/SettingsPages/GeneralPages/Internet.xaml.cs(109,32): error CS0103: The name 'PasswordBox' does not exist in the current context [/home/runner/work/UniGetUI/UniGetUI/src/UniGetUI/UniGetUI.csproj]
/home/runner/work/UniGetUI/UniGetUI/src/UniGetUI/Pages/SettingsPages/GeneralPages/Internet.xaml.cs(110,60): error CS0103: The name 'PasswordBox' does not exist in the current context [/home/runner/work/UniGetUI/UniGetUI/src/UniGetUI/UniGetUI.csproj]
/home/runner/work/UniGetUI/UniGetUI/src/UniGetUI/Pages/SettingsPages/GeneralPages/Internet.xaml.cs(105,34): warning CS8600: Converting null literal or possible null value to non-nullable type. [/home/runner/work/UniGetUI/UniGetUI/src/UniGetUI/UniGetUI.csproj]
/home/runner/work/UniGetUI/UniGetUI/src/UniGetUI/Controls/CustomNavViewItem.cs(52,13): error CS0122: 'ToolTipService' is inaccessible due to its protection level [/home/runner/work/UniGetUI/UniGetUI/src/UniGetUI/UniGetUI.csproj]
/home/runner/work/UniGetUI/UniGetUI/src/UniGetUI/Pages/SoftwarePages/PackageBundlesPage.cs(488,21): error CS0117: 'Window' does not contain a definition for 'CloseButtonText' [/home/runner/work/UniGetUI/UniGetUI/src/UniGetUI/UniGetUI.csproj]
/home/runner/work/UniGetUI/UniGetUI/src/UniGetUI/Pages/SoftwarePages/PackageBundlesPage.cs(489,21): error CS0117: 'Window' does not contain a definition for 'DefaultButton' [/home/runner/work/UniGetUI/UniGetUI/src/UniGetUI/UniGetUI.csproj]
/home/runner/work/UniGetUI/UniGetUI/src/UniGetUI/Pages/SoftwarePages/PackageBundlesPage.cs(490,21): error CS0117: 'Window' does not contain a definition for 'XamlRoot' [/home/runner/work/UniGetUI/UniGetUI/src/UniGetUI/UniGetUI.csproj]
/home/runner/work/UniGetUI/UniGetUI/src/UniGetUI/Pages/SoftwarePages/PackageBundlesPage.cs(490,68): error CS1061: 'object' does not contain a definition for 'XamlRoot' and no accessible extension method 'XamlRoot' accepting a first argument of type 'object' could be found (are you missing a using directive or an assembly reference?) [/home/runner/work/UniGetUI/UniGetUI/src/UniGetUI/UniGetUI.csproj]
/home/runner/work/UniGetUI/UniGetUI/src/UniGetUI/Controls/SettingsWidgets/CheckboxButtonCard.cs(81,17): error CS0118: 'Style' is a type but is used like a variable [/home/runner/work/UniGetUI/UniGetUI/src/UniGetUI/UniGetUI.csproj]
/home/runner/work/UniGetUI/UniGetUI/src/UniGetUI/Controls/SettingsWidgets/CheckboxButtonCard.cs(81,17): error CS0747: Invalid initializer member declarator [/home/runner/work/UniGetUI/UniGetUI/src/UniGetUI/UniGetUI.csproj]
/home/runner/work/UniGetUI/UniGetUI/src/UniGetUI/Controls/SettingsWidgets/CheckboxButtonCard.cs(88,22): error CS0029: Cannot implicitly convert type 'Avalonia.Controls.TextBlock' to 'string' [/home/runner/work/UniGetUI/UniGetUI/src/UniGetUI/UniGetUI.csproj]
/home/runner/work/UniGetUI/UniGetUI/src/UniGetUI/Controls/SettingsWidgets/CheckboxButtonCard.cs(89,27): error CS0029: Cannot implicitly convert type 'Avalonia.Controls.Button' to 'string' [/home/runner/work/UniGetUI/UniGetUI/src/UniGetUI/UniGetUI.csproj]
/home/runner/work/UniGetUI/UniGetUI/src/UniGetUI/Controls/SettingsWidgets/CheckboxButtonCard.cs(92,44): error CS1503: Argument 2: cannot convert from 'bool?' to 'bool' [/home/runner/work/UniGetUI/UniGetUI/src/UniGetUI/UniGetUI.csproj]
/home/runner/work/UniGetUI/UniGetUI/src/UniGetUI/Controls/SettingsWidgets/CheckboxButtonCard.cs(94,36): error CS0266: Cannot implicitly convert type 'bool?' to 'bool'. An explicit conversion exists (are you missing a cast?) [/home/runner/work/UniGetUI/UniGetUI/src/UniGetUI/UniGetUI.csproj]
/home/runner/work/UniGetUI/UniGetUI/src/UniGetUI/Controls/SettingsWidgets/CheckboxButtonCard.cs(95,38): error CS0266: Cannot implicitly convert type 'bool?' to 'bool'. An explicit conversion exists (are you missing a cast?) [/home/runner/work/UniGetUI/UniGetUI/src/UniGetUI/UniGetUI.csproj]
/home/runner/work/UniGetUI/UniGetUI/src/UniGetUI/Controls/SettingsWidgets/CheckboxButtonCard.cs(81,66): warning CS8602: Dereference of a possibly null reference. [/home/runner/work/UniGetUI/UniGetUI/src/UniGetUI/UniGetUI.csproj]
/home/runner/work/UniGetUI/UniGetUI/src/UniGetUI/Controls/SettingsWidgets/CheckboxButtonCard.cs(81,42): warning CS8600: Converting null literal or possible null value to non-nullable type. [/home/runner/work/UniGetUI/UniGetUI/src/UniGetUI/UniGetUI.csproj]
/home/runner/work/UniGetUI/UniGetUI/src/UniGetUI/Controls/SettingsWidgets/CheckboxButtonCard.cs(83,30): warning CS8600: Converting null literal or possible null value to non-nullable type. [/home/runner/work/UniGetUI/UniGetUI/src/UniGetUI/UniGetUI.csproj]
/home/runner/work/UniGetUI/UniGetUI/src/UniGetUI/Pages/SoftwarePages/PackageBundlesPage.cs(503,69): error CS1061: 'MainWindow' does not contain a definition for 'GetWindowHandle' and no accessible extension method 'GetWindowHandle' accepting a first argument of type 'MainWindow' could be found (are you missing a using directive or an assembly reference?) [/home/runner/work/UniGetUI/UniGetUI/src/UniGetUI/UniGetUI.csproj]
/home/runner/work/UniGetUI/UniGetUI/src/UniGetUI/Controls/MenuForPackage.cs(96,13): error CS0103: The name 'ShouldConstrainToRootBounds' does not exist in the current context [/home/runner/work/UniGetUI/UniGetUI/src/UniGetUI/UniGetUI.csproj]
/home/runner/work/UniGetUI/UniGetUI/src/UniGetUI/Controls/MenuForPackage.cs(97,13): error CS0103: The name 'SystemBackdrop' does not exist in the current context [/home/runner/work/UniGetUI/UniGetUI/src/UniGetUI/UniGetUI.csproj]
/home/runner/work/UniGetUI/UniGetUI/src/UniGetUI/Controls/MenuForPackage.cs(97,34): error CS0246: The type or namespace name 'DesktopAcrylicBackdrop' could not be found (are you missing a using directive or an assembly reference?) [/home/runner/work/UniGetUI/UniGetUI/src/UniGetUI/UniGetUI.csproj]
/home/runner/work/UniGetUI/UniGetUI/src/UniGetUI/Controls/MenuForPackage.cs(98,13): error CS0103: The name 'FlyoutPresenterStyle' does not exist in the current context [/home/runner/work/UniGetUI/UniGetUI/src/UniGetUI/UniGetUI.csproj]
/home/runner/work/UniGetUI/UniGetUI/src/UniGetUI/Controls/MenuForPackage.cs(98,60): warning CS8602: Dereference of a possibly null reference. [/home/runner/work/UniGetUI/UniGetUI/src/UniGetUI/UniGetUI.csproj]
/home/runner/work/UniGetUI/UniGetUI/src/UniGetUI/Controls/MenuForPackage.cs(98,36): warning CS8600: Converting null literal or possible null value to non-nullable type. [/home/runner/work/UniGetUI/UniGetUI/src/UniGetUI/UniGetUI.csproj]
/home/runner/work/UniGetUI/UniGetUI/src/UniGetUI/Controls/MenuForPackage.cs(72,43): error CS0103: The name 'IconSource' does not exist in the current context [/home/runner/work/UniGetUI/UniGetUI/src/UniGetUI/UniGetUI.csproj]
/home/runner/work/UniGetUI/UniGetUI/src/UniGetUI/Controls/MenuForPackage.cs(77,13): error CS0103: The name 'IsClosable' does not exist in the current context [/home/runner/work/UniGetUI/UniGetUI/src/UniGetUI/UniGetUI.csproj]
/home/runner/work/UniGetUI/UniGetUI/src/UniGetUI/Controls/MenuForPackage.cs(78,13): error CS0103: The name 'CanDrag' does not exist in the current context [/home/runner/work/UniGetUI/UniGetUI/src/UniGetUI/UniGetUI.csproj]
/home/runner/work/UniGetUI/UniGetUI/src/UniGetUI/Pages/SoftwarePages/PackageBundlesPage.cs(517,79): error CS1061: 'MainWindow' does not contain a definition for 'GetWindowHandle' and no accessible extension method 'GetWindowHandle' accepting a first argument of type 'MainWindow' could be found (are you missing a using directive or an assembly reference?) [/home/runner/work/UniGetUI/UniGetUI/src/UniGetUI/UniGetUI.csproj]
/home/runner/work/UniGetUI/UniGetUI/src/UniGetUI/Pages/SoftwarePages/PackageBundlesPage.cs(557,21): error CS0117: 'Window' does not contain a definition for 'CloseButtonText' [/home/runner/work/UniGetUI/UniGetUI/src/UniGetUI/UniGetUI.csproj]
/home/runner/work/UniGetUI/UniGetUI/src/UniGetUI/Pages/SoftwarePages/PackageBundlesPage.cs(558,21): error CS0117: 'Window' does not contain a definition for 'DefaultButton' [/home/runner/work/UniGetUI/UniGetUI/src/UniGetUI/UniGetUI.csproj]
/home/runner/work/UniGetUI/UniGetUI/src/UniGetUI/Pages/SoftwarePages/PackageBundlesPage.cs(559,21): error CS0117: 'Window' does not contain a definition for 'XamlRoot' [/home/runner/work/UniGetUI/UniGetUI/src/UniGetUI/UniGetUI.csproj]
/home/runner/work/UniGetUI/UniGetUI/src/UniGetUI/Pages/SoftwarePages/PackageBundlesPage.cs(559,68): error CS1061: 'object' does not contain a definition for 'XamlRoot' and no accessible extension method 'XamlRoot' accepting a first argument of type 'object' could be found (are you missing a using directive or an assembly reference?) [/home/runner/work/UniGetUI/UniGetUI/src/UniGetUI/UniGetUI.csproj]
/home/runner/work/UniGetUI/UniGetUI/src/UniGetUI/Controls/MenuForPackage.cs(56,25): error CS0117: 'MenuItem' does not contain a definition for 'Text' [/home/runner/work/UniGetUI/UniGetUI/src/UniGetUI/UniGetUI.csproj]
/home/runner/work/UniGetUI/UniGetUI/src/UniGetUI/Controls/MenuForPackage.cs(61,13): error CS0118: 'Style' is a type but is used like a variable [/home/runner/work/UniGetUI/UniGetUI/src/UniGetUI/UniGetUI.csproj]
/home/runner/work/UniGetUI/UniGetUI/src/UniGetUI/Controls/MenuForPackage.cs(43,85): warning CS8602: Dereference of a possibly null reference. [/home/runner/work/UniGetUI/UniGetUI/src/UniGetUI/UniGetUI.csproj]
/home/runner/work/UniGetUI/UniGetUI/src/UniGetUI/Controls/MenuForPackage.cs(43,61): warning CS8600: Converting null literal or possible null value to non-nullable type. [/home/runner/work/UniGetUI/UniGetUI/src/UniGetUI/UniGetUI.csproj]
/home/runner/work/UniGetUI/UniGetUI/src/UniGetUI/Controls/MenuForPackage.cs(43,61): warning CS8601: Possible null reference assignment. [/home/runner/work/UniGetUI/UniGetUI/src/UniGetUI/UniGetUI.csproj]
/home/runner/work/UniGetUI/UniGetUI/src/UniGetUI/Pages/SettingsPages/GeneralPages/General.axaml.cs(57,75): error CS1061: 'MainWindow' does not contain a definition for 'UpdatesBanner' and no accessible extension method 'UpdatesBanner' accepting a first argument of type 'MainWindow' could be found (are you missing a using directive or an assembly reference?) [/home/runner/work/UniGetUI/UniGetUI/src/UniGetUI/UniGetUI.csproj]
/home/runner/work/UniGetUI/UniGetUI/src/UniGetUI/Pages/SettingsPages/GeneralPages/General.axaml.cs(66,95): error CS1061: 'MainWindow' does not contain a definition for 'GetWindowHandle' and no accessible extension method 'GetWindowHandle' accepting a first argument of type 'MainWindow' could be found (are you missing a using directive or an assembly reference?) [/home/runner/work/UniGetUI/UniGetUI/src/UniGetUI/UniGetUI.csproj]
/home/runner/work/UniGetUI/UniGetUI/src/UniGetUI/Pages/SettingsPages/GeneralPages/General.axaml.cs(83,99): error CS1061: 'MainWindow' does not contain a definition for 'GetWindowHandle' and no accessible extension method 'GetWindowHandle' accepting a first argument of type 'MainWindow' could be found (are you missing a using directive or an assembly reference?) [/home/runner/work/UniGetUI/UniGetUI/src/UniGetUI/UniGetUI.csproj]
/home/runner/work/UniGetUI/UniGetUI/src/UniGetUI/Interface/MissingWinUITypes.cs(129,27): error CS0176: Member 'Orientation.Horizontal' cannot be accessed with an instance reference; qualify it with a type name instead [/home/runner/work/UniGetUI/UniGetUI/src/UniGetUI/UniGetUI.csproj]
/home/runner/work/UniGetUI/UniGetUI/src/UniGetUI/Pages/SettingsPages/GeneralPages/Backup.axaml.cs(62,97): error CS1061: 'MainWindow' does not contain a definition for 'GetWindowHandle' and no accessible extension method 'GetWindowHandle' accepting a first argument of type 'MainWindow' could be found (are you missing a using directive or an assembly reference?) [/home/runner/work/UniGetUI/UniGetUI/src/UniGetUI/UniGetUI.csproj]
/home/runner/work/UniGetUI/UniGetUI/src/UniGetUI/Pages/SettingsPages/GeneralPages/Backup.axaml.cs(155,25): error CS1061: 'Border' does not contain a definition for 'ProfilePicture' and no accessible extension method 'ProfilePicture' accepting a first argument of type 'Border' could be found (are you missing a using directive or an assembly reference?) [/home/runner/work/UniGetUI/UniGetUI/src/UniGetUI/UniGetUI.csproj]
/home/runner/work/UniGetUI/UniGetUI/src/UniGetUI/Pages/SettingsPages/GeneralPages/Backup.axaml.cs(169,25): error CS1061: 'Border' does not contain a definition for 'Initials' and no accessible extension method 'Initials' accepting a first argument of type 'Border' could be found (are you missing a using directive or an assembly reference?) [/home/runner/work/UniGetUI/UniGetUI/src/UniGetUI/UniGetUI.csproj]
/home/runner/work/UniGetUI/UniGetUI/src/UniGetUI/Pages/AboutPages/AboutUniGetUI.xaml.cs(20,13): error CS0103: The name 'DisclaimerBanner' does not exist in the current context [/home/runner/work/UniGetUI/UniGetUI/src/UniGetUI/UniGetUI.csproj]
/home/runner/work/UniGetUI/UniGetUI/src/UniGetUI/Pages/AboutPages/AboutUniGetUI.xaml.cs(21,13): error CS0103: The name 'DisclaimerBanner' does not exist in the current context [/home/runner/work/UniGetUI/UniGetUI/src/UniGetUI/UniGetUI.csproj]
/home/runner/work/UniGetUI/UniGetUI/src/UniGetUI/Pages/DialogPages/DesktopShortcuts.xaml.cs(32,52): warning CS8622: Nullability of reference types in type of parameter 'sender' of 'void DesktopShortcutsManager.HandleAllDesktop_Checked(object sender, RoutedEventArgs e)' doesn't match the target delegate 'EventHandler<RoutedEventArgs>' (possibly because of nullability attributes). [/home/runner/work/UniGetUI/UniGetUI/src/UniGetUI/UniGetUI.csproj]
/home/runner/work/UniGetUI/UniGetUI/src/UniGetUI/Pages/DialogPages/DesktopShortcuts.xaml.cs(33,54): warning CS8622: Nullability of reference types in type of parameter 'sender' of 'void DesktopShortcutsManager.HandleAllDesktop_Unchecked(object sender, RoutedEventArgs e)' doesn't match the target delegate 'EventHandler<RoutedEventArgs>' (possibly because of nullability attributes). [/home/runner/work/UniGetUI/UniGetUI/src/UniGetUI/UniGetUI.csproj]
/home/runner/work/UniGetUI/UniGetUI/src/UniGetUI/Pages/DialogPages/DesktopShortcuts.xaml.cs(32,13): warning CS0618: 'ToggleButton.Checked' is obsolete: 'Use IsCheckedChanged instead.' [/home/runner/work/UniGetUI/UniGetUI/src/UniGetUI/UniGetUI.csproj]
/home/runner/work/UniGetUI/UniGetUI/src/UniGetUI/Pages/DialogPages/DesktopShortcuts.xaml.cs(33,13): warning CS0618: 'ToggleButton.Unchecked' is obsolete: 'Use IsCheckedChanged instead.' [/home/runner/work/UniGetUI/UniGetUI/src/UniGetUI/UniGetUI.csproj]
/home/runner/work/UniGetUI/UniGetUI/src/UniGetUI/Pages/DialogPages/AboutUniGetUI.xaml.cs(25,34): error CS1061: 'TabItem' does not contain a definition for 'Text' and no accessible extension method 'Text' accepting a first argument of type 'TabItem' could be found (are you missing a using directive or an assembly reference?) [/home/runner/work/UniGetUI/UniGetUI/src/UniGetUI/UniGetUI.csproj]
/home/runner/work/UniGetUI/UniGetUI/src/UniGetUI/Pages/DialogPages/AboutUniGetUI.xaml.cs(26,34): error CS1061: 'TabItem' does not contain a definition for 'Text' and no accessible extension method 'Text' accepting a first argument of type 'TabItem' could be found (are you missing a using directive or an assembly reference?) [/home/runner/work/UniGetUI/UniGetUI/src/UniGetUI/UniGetUI.csproj]
/home/runner/work/UniGetUI/UniGetUI/src/UniGetUI/Pages/DialogPages/AboutUniGetUI.xaml.cs(27,34): error CS1061: 'TabItem' does not contain a definition for 'Text' and no accessible extension method 'Text' accepting a first argument of type 'TabItem' could be found (are you missing a using directive or an assembly reference?) [/home/runner/work/UniGetUI/UniGetUI/src/UniGetUI/UniGetUI.csproj]
/home/runner/work/UniGetUI/UniGetUI/src/UniGetUI/Pages/DialogPages/AboutUniGetUI.xaml.cs(28,34): error CS1061: 'TabItem' does not contain a definition for 'Text' and no accessible extension method 'Text' accepting a first argument of type 'TabItem' could be found (are you missing a using directive or an assembly reference?) [/home/runner/work/UniGetUI/UniGetUI/src/UniGetUI/UniGetUI.csproj]
/home/runner/work/UniGetUI/UniGetUI/src/UniGetUI/Pages/DialogPages/AboutUniGetUI.xaml.cs(29,34): error CS1061: 'TabItem' does not contain a definition for 'Text' and no accessible extension method 'Text' accepting a first argument of type 'TabItem' could be found (are you missing a using directive or an assembly reference?) [/home/runner/work/UniGetUI/UniGetUI/src/UniGetUI/UniGetUI.csproj]
/home/runner/work/UniGetUI/UniGetUI/src/UniGetUI/Pages/DialogPages/AboutUniGetUI.xaml.cs(34,13): error CS0246: The type or namespace name 'SelectorBarItem' could not be found (are you missing a using directive or an assembly reference?) [/home/runner/work/UniGetUI/UniGetUI/src/UniGetUI/UniGetUI.csproj]
/home/runner/work/UniGetUI/UniGetUI/src/UniGetUI/Pages/LogPages/LogPage.xaml.cs(43,16): error CS0103: The name 'LogTextBox' does not exist in the current context [/home/runner/work/UniGetUI/UniGetUI/src/UniGetUI/UniGetUI.csproj]
/home/runner/work/UniGetUI/UniGetUI/src/UniGetUI/Pages/LogPages/LogPage.xaml.cs(68,13): error CS0103: The name 'LogTextBox' does not exist in the current context [/home/runner/work/UniGetUI/UniGetUI/src/UniGetUI/UniGetUI.csproj]
/home/runner/work/UniGetUI/UniGetUI/src/UniGetUI/Pages/LogPages/LogPage.xaml.cs(69,38): error CS0103: The name 'LogTextBox' does not exist in the current context [/home/runner/work/UniGetUI/UniGetUI/src/UniGetUI/UniGetUI.csproj]
/home/runner/work/UniGetUI/UniGetUI/src/UniGetUI/Pages/LogPages/LogPage.xaml.cs(70,13): error CS0103: The name 'LogTextBox' does not exist in the current context [/home/runner/work/UniGetUI/UniGetUI/src/UniGetUI/UniGetUI.csproj]
/home/runner/work/UniGetUI/UniGetUI/src/UniGetUI/Pages/LogPages/LogPage.xaml.cs(70,31): error CS0103: The name 'LogTextBox' does not exist in the current context [/home/runner/work/UniGetUI/UniGetUI/src/UniGetUI/UniGetUI.csproj]
/home/runner/work/UniGetUI/UniGetUI/src/UniGetUI/Pages/LogPages/LogPage.xaml.cs(70,58): error CS0103: The name 'LogTextBox' does not exist in the current context [/home/runner/work/UniGetUI/UniGetUI/src/UniGetUI/UniGetUI.csproj]
/home/runner/work/UniGetUI/UniGetUI/src/UniGetUI/Pages/DialogPages/DesktopShortcuts.xaml.cs(92,13): error CS0103: The name 'ConfirmResetFlyout' does not exist in the current context [/home/runner/work/UniGetUI/UniGetUI/src/UniGetUI/UniGetUI.csproj]
/home/runner/work/UniGetUI/UniGetUI/src/UniGetUI/Pages/DialogPages/DesktopShortcuts.xaml.cs(97,13): error CS0103: The name 'ConfirmResetFlyout' does not exist in the current context [/home/runner/work/UniGetUI/UniGetUI/src/UniGetUI/UniGetUI.csproj]
/home/runner/work/UniGetUI/UniGetUI/src/UniGetUI/Pages/LogPages/UniGetUILogPage.cs(33,13): error CS0103: The name 'LogTextBox' does not exist in the current context [/home/runner/work/UniGetUI/UniGetUI/src/UniGetUI/UniGetUI.csproj]
/home/runner/work/UniGetUI/UniGetUI/src/UniGetUI/Pages/LogPages/UniGetUILogPage.cs(78,71): warning CS0436: The type 'Run' in '/home/runner/work/UniGetUI/UniGetUI/src/UniGetUI/Controls/DocumentStubs.cs' conflicts with the imported type 'Run' in 'Avalonia.Controls, Version=11.2.2.0, Culture=neutral, PublicKeyToken=c8d484a7012f9a8b'. Using the type defined in '/home/runner/work/UniGetUI/UniGetUI/src/UniGetUI/Controls/DocumentStubs.cs'. [/home/runner/work/UniGetUI/UniGetUI/src/UniGetUI/UniGetUI.csproj]
/home/runner/work/UniGetUI/UniGetUI/src/UniGetUI/Pages/LogPages/UniGetUILogPage.cs(84,71): warning CS0436: The type 'Run' in '/home/runner/work/UniGetUI/UniGetUI/src/UniGetUI/Controls/DocumentStubs.cs' conflicts with the imported type 'Run' in 'Avalonia.Controls, Version=11.2.2.0, Culture=neutral, PublicKeyToken=c8d484a7012f9a8b'. Using the type defined in '/home/runner/work/UniGetUI/UniGetUI/src/UniGetUI/Controls/DocumentStubs.cs'. [/home/runner/work/UniGetUI/UniGetUI/src/UniGetUI/UniGetUI.csproj]
/home/runner/work/UniGetUI/UniGetUI/src/UniGetUI/Pages/LogPages/UniGetUILogPage.cs(86,49): warning CS0436: The type 'Run' in '/home/runner/work/UniGetUI/UniGetUI/src/UniGetUI/Controls/DocumentStubs.cs' conflicts with the imported type 'Run' in 'Avalonia.Controls, Version=11.2.2.0, Culture=neutral, PublicKeyToken=c8d484a7012f9a8b'. Using the type defined in '/home/runner/work/UniGetUI/UniGetUI/src/UniGetUI/Controls/DocumentStubs.cs'. [/home/runner/work/UniGetUI/UniGetUI/src/UniGetUI/UniGetUI.csproj]
/home/runner/work/UniGetUI/UniGetUI/src/UniGetUI/Pages/LogPages/UniGetUILogPage.cs(86,20): error CS0030: Cannot convert type 'Avalonia.Controls.Documents.Inline' to 'Avalonia.Controls.Documents.Run' [/home/runner/work/UniGetUI/UniGetUI/src/UniGetUI/UniGetUI.csproj]
/home/runner/work/UniGetUI/UniGetUI/src/UniGetUI/Pages/LogPages/UniGetUILogPage.cs(86,105): warning CS0436: The type 'Run' in '/home/runner/work/UniGetUI/UniGetUI/src/UniGetUI/Controls/DocumentStubs.cs' conflicts with the imported type 'Run' in 'Avalonia.Controls, Version=11.2.2.0, Culture=neutral, PublicKeyToken=c8d484a7012f9a8b'. Using the type defined in '/home/runner/work/UniGetUI/UniGetUI/src/UniGetUI/Controls/DocumentStubs.cs'. [/home/runner/work/UniGetUI/UniGetUI/src/UniGetUI/UniGetUI.csproj]
/home/runner/work/UniGetUI/UniGetUI/src/UniGetUI/Pages/LogPages/UniGetUILogPage.cs(86,76): error CS0030: Cannot convert type 'Avalonia.Controls.Documents.Inline' to 'Avalonia.Controls.Documents.Run' [/home/runner/work/UniGetUI/UniGetUI/src/UniGetUI/UniGetUI.csproj]
/home/runner/work/UniGetUI/UniGetUI/src/UniGetUI/Pages/LogPages/UniGetUILogPage.cs(87,17): error CS0103: The name 'LogTextBox' does not exist in the current context [/home/runner/work/UniGetUI/UniGetUI/src/UniGetUI/UniGetUI.csproj]
/home/runner/work/UniGetUI/UniGetUI/src/UniGetUI/Pages/LogPages/UniGetUILogPage.cs(89,76): error CS1061: 'ScrollViewer' does not contain a definition for 'ScrollableHeight' and no accessible extension method 'ScrollableHeight' accepting a first argument of type 'ScrollViewer' could be found (are you missing a using directive or an assembly reference?) [/home/runner/work/UniGetUI/UniGetUI/src/UniGetUI/UniGetUI.csproj]
/home/runner/work/UniGetUI/UniGetUI/src/UniGetUI/Pages/LogPages/UniGetUILogPage.cs(89,40): error CS1061: 'ScrollViewer' does not contain a definition for 'ScrollToVerticalOffset' and no accessible extension method 'ScrollToVerticalOffset' accepting a first argument of type 'ScrollViewer' could be found (are you missing a using directive or an assembly reference?) [/home/runner/work/UniGetUI/UniGetUI/src/UniGetUI/UniGetUI.csproj]
/home/runner/work/UniGetUI/UniGetUI/src/UniGetUI/Pages/LogPages/UniGetUILogPage.cs(78,25): warning CS8602: Dereference of a possibly null reference. [/home/runner/work/UniGetUI/UniGetUI/src/UniGetUI/UniGetUI.csproj]
/home/runner/work/UniGetUI/UniGetUI/src/UniGetUI/Pages/LogPages/UniGetUILogPage.cs(84,25): warning CS8602: Dereference of a possibly null reference. [/home/runner/work/UniGetUI/UniGetUI/src/UniGetUI/UniGetUI.csproj]
/home/runner/work/UniGetUI/UniGetUI/src/UniGetUI/Pages/LogPages/UniGetUILogPage.cs(86,53): warning CS8602: Dereference of a possibly null reference. [/home/runner/work/UniGetUI/UniGetUI/src/UniGetUI/UniGetUI.csproj]
/home/runner/work/UniGetUI/UniGetUI/src/UniGetUI/Pages/LogPages/LogPage.xaml.cs(76,13): error CS0246: The type or namespace name 'FileSavePicker' could not be found (are you missing a using directive or an assembly reference?) [/home/runner/work/UniGetUI/UniGetUI/src/UniGetUI/UniGetUI.csproj]
/home/runner/work/UniGetUI/UniGetUI/src/UniGetUI/Pages/LogPages/LogPage.xaml.cs(80,13): error CS0103: The name 'WinRT' does not exist in the current context [/home/runner/work/UniGetUI/UniGetUI/src/UniGetUI/UniGetUI.csproj]
/home/runner/work/UniGetUI/UniGetUI/src/UniGetUI/Pages/LogPages/LogPage.xaml.cs(80,71): error CS0103: The name 'WinRT' does not exist in the current context [/home/runner/work/UniGetUI/UniGetUI/src/UniGetUI/UniGetUI.csproj]
/home/runner/work/UniGetUI/UniGetUI/src/UniGetUI/Pages/LogPages/LogPage.xaml.cs(84,13): error CS0246: The type or namespace name 'StorageFile' could not be found (are you missing a using directive or an assembly reference?) [/home/runner/work/UniGetUI/UniGetUI/src/UniGetUI/UniGetUI.csproj]
/home/runner/work/UniGetUI/UniGetUI/src/UniGetUI/Pages/LogPages/LogPage.xaml.cs(87,17): error CS0103: The name 'LogTextBox' does not exist in the current context [/home/runner/work/UniGetUI/UniGetUI/src/UniGetUI/UniGetUI.csproj]
/home/runner/work/UniGetUI/UniGetUI/src/UniGetUI/Pages/LogPages/LogPage.xaml.cs(88,57): error CS0103: The name 'LogTextBox' does not exist in the current context [/home/runner/work/UniGetUI/UniGetUI/src/UniGetUI/UniGetUI.csproj]
/home/runner/work/UniGetUI/UniGetUI/src/UniGetUI/Pages/LogPages/LogPage.xaml.cs(89,17): error CS0103: The name 'LogTextBox' does not exist in the current context [/home/runner/work/UniGetUI/UniGetUI/src/UniGetUI/UniGetUI.csproj]
/home/runner/work/UniGetUI/UniGetUI/src/UniGetUI/Pages/LogPages/LogPage.xaml.cs(89,35): error CS0103: The name 'LogTextBox' does not exist in the current context [/home/runner/work/UniGetUI/UniGetUI/src/UniGetUI/UniGetUI.csproj]
/home/runner/work/UniGetUI/UniGetUI/src/UniGetUI/Pages/LogPages/LogPage.xaml.cs(89,62): error CS0103: The name 'LogTextBox' does not exist in the current context [/home/runner/work/UniGetUI/UniGetUI/src/UniGetUI/UniGetUI.csproj]
/home/runner/work/UniGetUI/UniGetUI/src/UniGetUI/Pages/LogPages/LogPage.xaml.cs(107,16): error CS0103: The name 'LogTextBox' does not exist in the current context [/home/runner/work/UniGetUI/UniGetUI/src/UniGetUI/UniGetUI.csproj]
/home/runner/work/UniGetUI/UniGetUI/src/UniGetUI/obj/Debug/net8.0/Avalonia.Generators/Avalonia.Generators.NameGenerator.AvaloniaNameSourceGenerator/UniGetUI.Interface.Pages.BaseLogPage.g.cs(38,37): error CS1929: 'BaseLogPage' does not contain a definition for 'FindNameScope' and the best extension method overload 'NameScopeExtensions.FindNameScope(ILogical)' requires a receiver of type 'Avalonia.LogicalTree.ILogical' [/home/runner/work/UniGetUI/UniGetUI/src/UniGetUI/UniGetUI.csproj]
/home/runner/work/UniGetUI/UniGetUI/src/UniGetUI/MainWindow.axaml.cs(225,64): error CS1503: Argument 2: cannot convert from 'System.Exception' to 'string' [/home/runner/work/UniGetUI/UniGetUI/src/UniGetUI/UniGetUI.csproj]
/home/runner/work/UniGetUI/UniGetUI/src/UniGetUI/MainWindow.axaml.cs(216,21): warning CS1717: Assignment made to same variable; did you mean to assign something else? [/home/runner/work/UniGetUI/UniGetUI/src/UniGetUI/UniGetUI.csproj]
/home/runner/work/UniGetUI/UniGetUI/src/UniGetUI/MainWindow.axaml.cs(217,21): warning CS1717: Assignment made to same variable; did you mean to assign something else? [/home/runner/work/UniGetUI/UniGetUI/src/UniGetUI/UniGetUI.csproj]
/home/runner/work/UniGetUI/UniGetUI/src/UniGetUI/Pages/SoftwarePages/InstalledPackagesPage.cs(72,17): error CS0117: 'BetterMenuItem' does not contain a definition for 'KeyboardAcceleratorTextOverride' [/home/runner/work/UniGetUI/UniGetUI/src/UniGetUI/UniGetUI.csproj]
/home/runner/work/UniGetUI/UniGetUI/src/UniGetUI/Pages/SoftwarePages/InstalledPackagesPage.cs(83,17): error CS0117: 'BetterMenuItem' does not contain a definition for 'KeyboardAcceleratorTextOverride' [/home/runner/work/UniGetUI/UniGetUI/src/UniGetUI/UniGetUI.csproj]
/home/runner/work/UniGetUI/UniGetUI/src/UniGetUI/Pages/SoftwarePages/InstalledPackagesPage.cs(173,17): error CS0117: 'BetterMenuItem' does not contain a definition for 'KeyboardAcceleratorTextOverride' [/home/runner/work/UniGetUI/UniGetUI/src/UniGetUI/UniGetUI.csproj]
/home/runner/work/UniGetUI/UniGetUI/src/UniGetUI/Pages/SoftwarePages/InstalledPackagesPage.cs(74,36): warning CS8622: Nullability of reference types in type of parameter 'sender' of 'void InstalledPackagesPage.MenuUninstall_Invoked(object sender, RoutedEventArgs args)' doesn't match the target delegate 'EventHandler<RoutedEventArgs>' (possibly because of nullability attributes). [/home/runner/work/UniGetUI/UniGetUI/src/UniGetUI/UniGetUI.csproj]
/home/runner/work/UniGetUI/UniGetUI/src/UniGetUI/Pages/SoftwarePages/InstalledPackagesPage.cs(85,46): warning CS8622: Nullability of reference types in type of parameter 'sender' of 'void InstalledPackagesPage.MenuInstallSettings_Invoked(object sender, RoutedEventArgs e)' doesn't match the target delegate 'EventHandler<RoutedEventArgs>' (possibly because of nullability attributes). [/home/runner/work/UniGetUI/UniGetUI/src/UniGetUI/UniGetUI.csproj]
/home/runner/work/UniGetUI/UniGetUI/src/UniGetUI/Pages/SoftwarePages/InstalledPackagesPage.cs(103,34): warning CS8622: Nullability of reference types in type of parameter 'sender' of 'void InstalledPackagesPage.MenuAsAdmin_Invoked(object sender, RoutedEventArgs args)' doesn't match the target delegate 'EventHandler<RoutedEventArgs>' (possibly because of nullability attributes). [/home/runner/work/UniGetUI/UniGetUI/src/UniGetUI/UniGetUI.csproj]
/home/runner/work/UniGetUI/UniGetUI/src/UniGetUI/Pages/SoftwarePages/InstalledPackagesPage.cs(111,38): warning CS8622: Nullability of reference types in type of parameter 'sender' of 'void InstalledPackagesPage.MenuInteractive_Invoked(object sender, RoutedEventArgs args)' doesn't match the target delegate 'EventHandler<RoutedEventArgs>' (possibly because of nullability attributes). [/home/runner/work/UniGetUI/UniGetUI/src/UniGetUI/UniGetUI.csproj]
/home/runner/work/UniGetUI/UniGetUI/src/UniGetUI/Pages/SoftwarePages/InstalledPackagesPage.cs(119,37): warning CS8622: Nullability of reference types in type of parameter 'sender' of 'void InstalledPackagesPage.MenuRemoveData_Invoked(object sender, RoutedEventArgs args)' doesn't match the target delegate 'EventHandler<RoutedEventArgs>' (possibly because of nullability attributes). [/home/runner/work/UniGetUI/UniGetUI/src/UniGetUI/UniGetUI.csproj]
/home/runner/work/UniGetUI/UniGetUI/src/UniGetUI/Pages/SoftwarePages/InstalledPackagesPage.cs(139,43): warning CS8622: Nullability of reference types in type of parameter 'sender' of 'void InstalledPackagesPage.MenuReinstall_Invoked(object sender, RoutedEventArgs args)' doesn't match the target delegate 'EventHandler<RoutedEventArgs>' (possibly because of nullability attributes). [/home/runner/work/UniGetUI/UniGetUI/src/UniGetUI/UniGetUI.csproj]
/home/runner/work/UniGetUI/UniGetUI/src/UniGetUI/Pages/SoftwarePages/InstalledPackagesPage.cs(147,49): warning CS8622: Nullability of reference types in type of parameter 'sender' of 'void InstalledPackagesPage.MenuUninstallThenReinstall_Invoked(object sender, RoutedEventArgs args)' doesn't match the target delegate 'EventHandler<RoutedEventArgs>' (possibly because of nullability attributes). [/home/runner/work/UniGetUI/UniGetUI/src/UniGetUI/UniGetUI.csproj]
/home/runner/work/UniGetUI/UniGetUI/src/UniGetUI/Pages/SoftwarePages/InstalledPackagesPage.cs(156,40): warning CS8622: Nullability of reference types in type of parameter 'sender' of 'void InstalledPackagesPage.MenuIgnorePackage_Invoked(object sender, RoutedEventArgs args)' doesn't match the target delegate 'EventHandler<RoutedEventArgs>' (possibly because of nullability attributes). [/home/runner/work/UniGetUI/UniGetUI/src/UniGetUI/UniGetUI.csproj]
/home/runner/work/UniGetUI/UniGetUI/src/UniGetUI/Pages/SoftwarePages/InstalledPackagesPage.cs(166,39): warning CS8622: Nullability of reference types in type of parameter 'sender' of 'void InstalledPackagesPage.MenuShare_Invoked(object sender, RoutedEventArgs args)' doesn't match the target delegate 'EventHandler<RoutedEventArgs>' (possibly because of nullability attributes). [/home/runner/work/UniGetUI/UniGetUI/src/UniGetUI/UniGetUI.csproj]
/home/runner/work/UniGetUI/UniGetUI/src/UniGetUI/Pages/SoftwarePages/InstalledPackagesPage.cs(175,41): warning CS8622: Nullability of reference types in type of parameter 'sender' of 'void InstalledPackagesPage.MenuDetails_Invoked(object sender, RoutedEventArgs args)' doesn't match the target delegate 'EventHandler<RoutedEventArgs>' (possibly because of nullability attributes). [/home/runner/work/UniGetUI/UniGetUI/src/UniGetUI/UniGetUI.csproj]
/home/runner/work/UniGetUI/UniGetUI/src/UniGetUI/MainWindow.axaml.cs(241,64): error CS1503: Argument 2: cannot convert from 'System.Exception' to 'string' [/home/runner/work/UniGetUI/UniGetUI/src/UniGetUI/UniGetUI.csproj]
/home/runner/work/UniGetUI/UniGetUI/src/UniGetUI/Pages/SettingsPages/GeneralPages/Administrator.axaml.cs(24,29): error CS1061: 'Border' does not contain a definition for 'Title' and no accessible extension method 'Title' accepting a first argument of type 'Border' could be found (are you missing a using directive or an assembly reference?) [/home/runner/work/UniGetUI/UniGetUI/src/UniGetUI/UniGetUI.csproj]
/home/runner/work/UniGetUI/UniGetUI/src/UniGetUI/Pages/SettingsPages/GeneralPages/Administrator.axaml.cs(25,29): error CS1061: 'Border' does not contain a definition for 'Message' and no accessible extension method 'Message' accepting a first argument of type 'Border' could be found (are you missing a using directive or an assembly reference?) [/home/runner/work/UniGetUI/UniGetUI/src/UniGetUI/UniGetUI.csproj]
/home/runner/work/UniGetUI/UniGetUI/src/UniGetUI/Pages/LogPages/OperationHistoryPage.cs(22,71): warning CS0436: The type 'Run' in '/home/runner/work/UniGetUI/UniGetUI/src/UniGetUI/Controls/DocumentStubs.cs' conflicts with the imported type 'Run' in 'Avalonia.Controls, Version=11.2.2.0, Culture=neutral, PublicKeyToken=c8d484a7012f9a8b'. Using the type defined in '/home/runner/work/UniGetUI/UniGetUI/src/UniGetUI/Controls/DocumentStubs.cs'. [/home/runner/work/UniGetUI/UniGetUI/src/UniGetUI/UniGetUI.csproj]
/home/runner/work/UniGetUI/UniGetUI/src/UniGetUI/Pages/LogPages/OperationHistoryPage.cs(23,43): error CS0246: The type or namespace name 'LineBreak' could not be found (are you missing a using directive or an assembly reference?) [/home/runner/work/UniGetUI/UniGetUI/src/UniGetUI/UniGetUI.csproj]
/home/runner/work/UniGetUI/UniGetUI/src/UniGetUI/Pages/LogPages/OperationHistoryPage.cs(25,13): error CS0103: The name 'LogTextBox' does not exist in the current context [/home/runner/work/UniGetUI/UniGetUI/src/UniGetUI/UniGetUI.csproj]
/home/runner/work/UniGetUI/UniGetUI/src/UniGetUI/Pages/LogPages/OperationHistoryPage.cs(26,13): error CS0103: The name 'LogTextBox' does not exist in the current context [/home/runner/work/UniGetUI/UniGetUI/src/UniGetUI/UniGetUI.csproj]
/home/runner/work/UniGetUI/UniGetUI/src/UniGetUI/Pages/LogPages/OperationHistoryPage.cs(22,17): warning CS8602: Dereference of a possibly null reference. [/home/runner/work/UniGetUI/UniGetUI/src/UniGetUI/UniGetUI.csproj]
/home/runner/work/UniGetUI/UniGetUI/src/UniGetUI/Pages/SoftwarePages/InstalledPackagesPage.cs(196,29): error CS0266: Cannot implicitly convert type 'UniGetUI.Interface.FlyoutPlacementMode' to 'Avalonia.Controls.PlacementMode'. An explicit conversion exists (are you missing a cast?) [/home/runner/work/UniGetUI/UniGetUI/src/UniGetUI/UniGetUI.csproj]
/home/runner/work/UniGetUI/UniGetUI/src/UniGetUI/Pages/SoftwarePages/InstalledPackagesPage.cs(258,38): warning CS8622: Nullability of reference types in type of parameter 'sender' of 'void InstalledPackagesPage.ExportSelection_Click(object sender, RoutedEventArgs e)' doesn't match the target delegate 'EventHandler<RoutedEventArgs>' (possibly because of nullability attributes). [/home/runner/work/UniGetUI/UniGetUI/src/UniGetUI/UniGetUI.csproj]
/home/runner/work/UniGetUI/UniGetUI/src/UniGetUI/Pages/SoftwarePages/InstalledPackagesPage.cs(306,59): error CS1061: 'MainWindow' does not contain a definition for 'WinGetWarningBanner' and no accessible extension method 'WinGetWarningBanner' accepting a first argument of type 'MainWindow' could be found (are you missing a using directive or an assembly reference?) [/home/runner/work/UniGetUI/UniGetUI/src/UniGetUI/UniGetUI.csproj]
/home/runner/work/UniGetUI/UniGetUI/src/UniGetUI/Pages/LogPages/ManagerLogsPage.cs(27,13): error CS0103: The name 'LogTextBox' does not exist in the current context [/home/runner/work/UniGetUI/UniGetUI/src/UniGetUI/UniGetUI.csproj]
/home/runner/work/UniGetUI/UniGetUI/src/UniGetUI/Pages/LogPages/ManagerLogsPage.cs(29,74): warning CS0436: The type 'Run' in '/home/runner/work/UniGetUI/UniGetUI/src/UniGetUI/Controls/DocumentStubs.cs' conflicts with the imported type 'Run' in 'Avalonia.Controls, Version=11.2.2.0, Culture=neutral, PublicKeyToken=c8d484a7012f9a8b'. Using the type defined in '/home/runner/work/UniGetUI/UniGetUI/src/UniGetUI/Controls/DocumentStubs.cs'. [/home/runner/work/UniGetUI/UniGetUI/src/UniGetUI/UniGetUI.csproj]
/home/runner/work/UniGetUI/UniGetUI/src/UniGetUI/Pages/LogPages/ManagerLogsPage.cs(30,74): warning CS0436: The type 'Run' in '/home/runner/work/UniGetUI/UniGetUI/src/UniGetUI/Controls/DocumentStubs.cs' conflicts with the imported type 'Run' in 'Avalonia.Controls, Version=11.2.2.0, Culture=neutral, PublicKeyToken=c8d484a7012f9a8b'. Using the type defined in '/home/runner/work/UniGetUI/UniGetUI/src/UniGetUI/Controls/DocumentStubs.cs'. [/home/runner/work/UniGetUI/UniGetUI/src/UniGetUI/UniGetUI.csproj]
/home/runner/work/UniGetUI/UniGetUI/src/UniGetUI/Pages/LogPages/ManagerLogsPage.cs(31,74): warning CS0436: The type 'Run' in '/home/runner/work/UniGetUI/UniGetUI/src/UniGetUI/Controls/DocumentStubs.cs' conflicts with the imported type 'Run' in 'Avalonia.Controls, Version=11.2.2.0, Culture=neutral, PublicKeyToken=c8d484a7012f9a8b'. Using the type defined in '/home/runner/work/UniGetUI/UniGetUI/src/UniGetUI/Controls/DocumentStubs.cs'. [/home/runner/work/UniGetUI/UniGetUI/src/UniGetUI/UniGetUI.csproj]
/home/runner/work/UniGetUI/UniGetUI/src/UniGetUI/Pages/LogPages/ManagerLogsPage.cs(32,13): error CS0103: The name 'LogTextBox' does not exist in the current context [/home/runner/work/UniGetUI/UniGetUI/src/UniGetUI/UniGetUI.csproj]
/home/runner/work/UniGetUI/UniGetUI/src/UniGetUI/Pages/LogPages/ManagerLogsPage.cs(50,67): warning CS0436: The type 'Run' in '/home/runner/work/UniGetUI/UniGetUI/src/UniGetUI/Controls/DocumentStubs.cs' conflicts with the imported type 'Run' in 'Avalonia.Controls, Version=11.2.2.0, Culture=neutral, PublicKeyToken=c8d484a7012f9a8b'. Using the type defined in '/home/runner/work/UniGetUI/UniGetUI/src/UniGetUI/Controls/DocumentStubs.cs'. [/home/runner/work/UniGetUI/UniGetUI/src/UniGetUI/UniGetUI.csproj]
/home/runner/work/UniGetUI/UniGetUI/src/UniGetUI/Pages/LogPages/ManagerLogsPage.cs(52,47): warning CS0436: The type 'Run' in '/home/runner/work/UniGetUI/UniGetUI/src/UniGetUI/Controls/DocumentStubs.cs' conflicts with the imported type 'Run' in 'Avalonia.Controls, Version=11.2.2.0, Culture=neutral, PublicKeyToken=c8d484a7012f9a8b'. Using the type defined in '/home/runner/work/UniGetUI/UniGetUI/src/UniGetUI/Controls/DocumentStubs.cs'. [/home/runner/work/UniGetUI/UniGetUI/src/UniGetUI/UniGetUI.csproj]
/home/runner/work/UniGetUI/UniGetUI/src/UniGetUI/Pages/LogPages/ManagerLogsPage.cs(52,18): error CS0030: Cannot convert type 'Avalonia.Controls.Documents.Inline' to 'Avalonia.Controls.Documents.Run' [/home/runner/work/UniGetUI/UniGetUI/src/UniGetUI/UniGetUI.csproj]
/home/runner/work/UniGetUI/UniGetUI/src/UniGetUI/Pages/LogPages/ManagerLogsPage.cs(52,103): warning CS0436: The type 'Run' in '/home/runner/work/UniGetUI/UniGetUI/src/UniGetUI/Controls/DocumentStubs.cs' conflicts with the imported type 'Run' in 'Avalonia.Controls, Version=11.2.2.0, Culture=neutral, PublicKeyToken=c8d484a7012f9a8b'. Using the type defined in '/home/runner/work/UniGetUI/UniGetUI/src/UniGetUI/Controls/DocumentStubs.cs'. [/home/runner/work/UniGetUI/UniGetUI/src/UniGetUI/UniGetUI.csproj]
/home/runner/work/UniGetUI/UniGetUI/src/UniGetUI/Pages/LogPages/ManagerLogsPage.cs(52,74): error CS0030: Cannot convert type 'Avalonia.Controls.Documents.Inline' to 'Avalonia.Controls.Documents.Run' [/home/runner/work/UniGetUI/UniGetUI/src/UniGetUI/UniGetUI.csproj]
/home/runner/work/UniGetUI/UniGetUI/src/UniGetUI/Pages/LogPages/ManagerLogsPage.cs(53,17): error CS0103: The name 'LogTextBox' does not exist in the current context [/home/runner/work/UniGetUI/UniGetUI/src/UniGetUI/UniGetUI.csproj]
/home/runner/work/UniGetUI/UniGetUI/src/UniGetUI/Pages/LogPages/ManagerLogsPage.cs(29,13): warning CS8602: Dereference of a possibly null reference. [/home/runner/work/UniGetUI/UniGetUI/src/UniGetUI/UniGetUI.csproj]
/home/runner/work/UniGetUI/UniGetUI/src/UniGetUI/Pages/LogPages/ManagerLogsPage.cs(50,21): warning CS8602: Dereference of a possibly null reference. [/home/runner/work/UniGetUI/UniGetUI/src/UniGetUI/UniGetUI.csproj]
/home/runner/work/UniGetUI/UniGetUI/src/UniGetUI/Pages/LogPages/ManagerLogsPage.cs(52,51): warning CS8602: Dereference of a possibly null reference. [/home/runner/work/UniGetUI/UniGetUI/src/UniGetUI/UniGetUI.csproj]
/home/runner/work/UniGetUI/UniGetUI/src/UniGetUI/Pages/DialogPages/OperationLiveLogPage.xaml.cs(28,19): error CS0117: 'TextBlock' does not contain a definition for 'Blocks' [/home/runner/work/UniGetUI/UniGetUI/src/UniGetUI/UniGetUI.csproj]
/home/runner/work/UniGetUI/UniGetUI/src/UniGetUI/Pages/DialogPages/OperationLiveLogPage.xaml.cs(29,19): error CS0117: 'TextBlock' does not contain a definition for 'Blocks' [/home/runner/work/UniGetUI/UniGetUI/src/UniGetUI/UniGetUI.csproj]
/home/runner/work/UniGetUI/UniGetUI/src/UniGetUI/Pages/DialogPages/OperationLiveLogPage.xaml.cs(35,65): warning CS0436: The type 'Run' in '/home/runner/work/UniGetUI/UniGetUI/src/UniGetUI/Controls/DocumentStubs.cs' conflicts with the imported type 'Run' in 'Avalonia.Controls, Version=11.2.2.0, Culture=neutral, PublicKeyToken=c8d484a7012f9a8b'. Using the type defined in '/home/runner/work/UniGetUI/UniGetUI/src/UniGetUI/Controls/DocumentStubs.cs'. [/home/runner/work/UniGetUI/UniGetUI/src/UniGetUI/UniGetUI.csproj]
/home/runner/work/UniGetUI/UniGetUI/src/UniGetUI/Pages/DialogPages/OperationLiveLogPage.xaml.cs(40,65): warning CS0436: The type 'Run' in '/home/runner/work/UniGetUI/UniGetUI/src/UniGetUI/Controls/DocumentStubs.cs' conflicts with the imported type 'Run' in 'Avalonia.Controls, Version=11.2.2.0, Culture=neutral, PublicKeyToken=c8d484a7012f9a8b'. Using the type defined in '/home/runner/work/UniGetUI/UniGetUI/src/UniGetUI/Controls/DocumentStubs.cs'. [/home/runner/work/UniGetUI/UniGetUI/src/UniGetUI/UniGetUI.csproj]
/home/runner/work/UniGetUI/UniGetUI/src/UniGetUI/Pages/DialogPages/OperationLiveLogPage.xaml.cs(45,65): warning CS0436: The type 'Run' in '/home/runner/work/UniGetUI/UniGetUI/src/UniGetUI/Controls/DocumentStubs.cs' conflicts with the imported type 'Run' in 'Avalonia.Controls, Version=11.2.2.0, Culture=neutral, PublicKeyToken=c8d484a7012f9a8b'. Using the type defined in '/home/runner/work/UniGetUI/UniGetUI/src/UniGetUI/Controls/DocumentStubs.cs'. [/home/runner/work/UniGetUI/UniGetUI/src/UniGetUI/UniGetUI.csproj]
/home/runner/work/UniGetUI/UniGetUI/src/UniGetUI/Pages/DialogPages/OperationLiveLogPage.xaml.cs(25,41): warning CS8602: Dereference of a possibly null reference. [/home/runner/work/UniGetUI/UniGetUI/src/UniGetUI/UniGetUI.csproj]
/home/runner/work/UniGetUI/UniGetUI/src/UniGetUI/Pages/DialogPages/OperationLiveLogPage.xaml.cs(25,24): warning CS8600: Converting null literal or possible null value to non-nullable type. [/home/runner/work/UniGetUI/UniGetUI/src/UniGetUI/UniGetUI.csproj]
/home/runner/work/UniGetUI/UniGetUI/src/UniGetUI/Pages/DialogPages/OperationLiveLogPage.xaml.cs(25,24): warning CS8601: Possible null reference assignment. [/home/runner/work/UniGetUI/UniGetUI/src/UniGetUI/UniGetUI.csproj]
/home/runner/work/UniGetUI/UniGetUI/src/UniGetUI/Pages/DialogPages/OperationLiveLogPage.xaml.cs(26,41): warning CS8602: Dereference of a possibly null reference. [/home/runner/work/UniGetUI/UniGetUI/src/UniGetUI/UniGetUI.csproj]
/home/runner/work/UniGetUI/UniGetUI/src/UniGetUI/Pages/DialogPages/OperationLiveLogPage.xaml.cs(26,24): warning CS8600: Converting null literal or possible null value to non-nullable type. [/home/runner/work/UniGetUI/UniGetUI/src/UniGetUI/UniGetUI.csproj]
/home/runner/work/UniGetUI/UniGetUI/src/UniGetUI/Pages/DialogPages/OperationLiveLogPage.xaml.cs(26,24): warning CS8601: Possible null reference assignment. [/home/runner/work/UniGetUI/UniGetUI/src/UniGetUI/UniGetUI.csproj]
/home/runner/work/UniGetUI/UniGetUI/src/UniGetUI/Pages/DialogPages/OperationLiveLogPage.xaml.cs(35,17): warning CS8602: Dereference of a possibly null reference. [/home/runner/work/UniGetUI/UniGetUI/src/UniGetUI/UniGetUI.csproj]
/home/runner/work/UniGetUI/UniGetUI/src/UniGetUI/Pages/DialogPages/OperationLiveLogPage.xaml.cs(40,17): warning CS8602: Dereference of a possibly null reference. [/home/runner/work/UniGetUI/UniGetUI/src/UniGetUI/UniGetUI.csproj]
/home/runner/work/UniGetUI/UniGetUI/src/UniGetUI/Pages/DialogPages/OperationLiveLogPage.xaml.cs(45,17): warning CS8602: Dereference of a possibly null reference. [/home/runner/work/UniGetUI/UniGetUI/src/UniGetUI/UniGetUI.csproj]
/home/runner/work/UniGetUI/UniGetUI/src/UniGetUI/Pages/LogPages/ManagerLogsPage.cs(67,80): error CS1061: 'ScrollViewer' does not contain a definition for 'ScrollableHeight' and no accessible extension method 'ScrollableHeight' accepting a first argument of type 'ScrollViewer' could be found (are you missing a using directive or an assembly reference?) [/home/runner/work/UniGetUI/UniGetUI/src/UniGetUI/UniGetUI.csproj]
/home/runner/work/UniGetUI/UniGetUI/src/UniGetUI/Pages/LogPages/ManagerLogsPage.cs(67,44): error CS1061: 'ScrollViewer' does not contain a definition for 'ScrollToVerticalOffset' and no accessible extension method 'ScrollToVerticalOffset' accepting a first argument of type 'ScrollViewer' could be found (are you missing a using directive or an assembly reference?) [/home/runner/work/UniGetUI/UniGetUI/src/UniGetUI/UniGetUI.csproj]
/home/runner/work/UniGetUI/UniGetUI/src/UniGetUI/Pages/SoftwarePages/InstalledPackagesPage.cs(357,62): error CS0117: 'TextBlock' does not contain a definition for 'Glyph' [/home/runner/work/UniGetUI/UniGetUI/src/UniGetUI/UniGetUI.csproj]
/home/runner/work/UniGetUI/UniGetUI/src/UniGetUI/Pages/SoftwarePages/InstalledPackagesPage.cs(362,62): error CS0117: 'TextBlock' does not contain a definition for 'Glyph' [/home/runner/work/UniGetUI/UniGetUI/src/UniGetUI/UniGetUI.csproj]
/home/runner/work/UniGetUI/UniGetUI/src/UniGetUI/Pages/DialogPages/OperationLiveLogPage.xaml.cs(51,28): error CS1061: 'Dispatcher' does not contain a definition for 'TryEnqueue' and no accessible extension method 'TryEnqueue' accepting a first argument of type 'Dispatcher' could be found (are you missing a using directive or an assembly reference?) [/home/runner/work/UniGetUI/UniGetUI/src/UniGetUI/UniGetUI.csproj]
/home/runner/work/UniGetUI/UniGetUI/src/UniGetUI/Pages/DialogPages/OperationLiveLogPage.xaml.cs(53,34): warning CS8602: Dereference of a possibly null reference. [/home/runner/work/UniGetUI/UniGetUI/src/UniGetUI/UniGetUI.csproj]
/home/runner/work/UniGetUI/UniGetUI/src/UniGetUI/Pages/DialogPages/OperationLiveLogPage.xaml.cs(58,13): warning CS8602: Dereference of a possibly null reference. [/home/runner/work/UniGetUI/UniGetUI/src/UniGetUI/UniGetUI.csproj]
/home/runner/work/UniGetUI/UniGetUI/src/UniGetUI/Pages/DialogPages/OperationLiveLogPage.xaml.cs(63,13): warning CS8602: Dereference of a possibly null reference. [/home/runner/work/UniGetUI/UniGetUI/src/UniGetUI/UniGetUI.csproj]
/home/runner/work/UniGetUI/UniGetUI/src/UniGetUI/Pages/DialogPages/OperationLiveLogPage.xaml.cs(68,13): warning CS8602: Dereference of a possibly null reference. [/home/runner/work/UniGetUI/UniGetUI/src/UniGetUI/UniGetUI.csproj]
/home/runner/work/UniGetUI/UniGetUI/src/UniGetUI/Pages/DialogPages/OperationLiveLogPage.xaml.cs(73,13): warning CS8602: Dereference of a possibly null reference. [/home/runner/work/UniGetUI/UniGetUI/src/UniGetUI/UniGetUI.csproj]
/home/runner/work/UniGetUI/UniGetUI/src/UniGetUI/Pages/DialogPages/IgnoredUpdates.xaml.cs(49,55): error CS0117: 'PEInterface' does not contain a definition for 'WinGet' [/home/runner/work/UniGetUI/UniGetUI/src/UniGetUI/UniGetUI.csproj]
/home/runner/work/UniGetUI/UniGetUI/src/UniGetUI/Pages/DialogPages/IgnoredUpdates.xaml.cs(79,13): error CS0103: The name 'ConfirmResetFlyout' does not exist in the current context [/home/runner/work/UniGetUI/UniGetUI/src/UniGetUI/UniGetUI.csproj]
/home/runner/work/UniGetUI/UniGetUI/src/UniGetUI/Pages/DialogPages/IgnoredUpdates.xaml.cs(84,13): error CS0103: The name 'ConfirmResetFlyout' does not exist in the current context [/home/runner/work/UniGetUI/UniGetUI/src/UniGetUI/UniGetUI.csproj]
/home/runner/work/UniGetUI/UniGetUI/src/UniGetUI/Pages/DialogPages/OperationFailedDialog.xaml.cs(40,65): warning CS0436: The type 'Run' in '/home/runner/work/UniGetUI/UniGetUI/src/UniGetUI/Controls/DocumentStubs.cs' conflicts with the imported type 'Run' in 'Avalonia.Controls, Version=11.2.2.0, Culture=neutral, PublicKeyToken=c8d484a7012f9a8b'. Using the type defined in '/home/runner/work/UniGetUI/UniGetUI/src/UniGetUI/Controls/DocumentStubs.cs'. [/home/runner/work/UniGetUI/UniGetUI/src/UniGetUI/UniGetUI.csproj]
/home/runner/work/UniGetUI/UniGetUI/src/UniGetUI/Pages/DialogPages/OperationFailedDialog.xaml.cs(45,65): warning CS0436: The type 'Run' in '/home/runner/work/UniGetUI/UniGetUI/src/UniGetUI/Controls/DocumentStubs.cs' conflicts with the imported type 'Run' in 'Avalonia.Controls, Version=11.2.2.0, Culture=neutral, PublicKeyToken=c8d484a7012f9a8b'. Using the type defined in '/home/runner/work/UniGetUI/UniGetUI/src/UniGetUI/Controls/DocumentStubs.cs'. [/home/runner/work/UniGetUI/UniGetUI/src/UniGetUI/UniGetUI.csproj]
/home/runner/work/UniGetUI/UniGetUI/src/UniGetUI/Pages/DialogPages/OperationFailedDialog.xaml.cs(50,65): warning CS0436: The type 'Run' in '/home/runner/work/UniGetUI/UniGetUI/src/UniGetUI/Controls/DocumentStubs.cs' conflicts with the imported type 'Run' in 'Avalonia.Controls, Version=11.2.2.0, Culture=neutral, PublicKeyToken=c8d484a7012f9a8b'. Using the type defined in '/home/runner/work/UniGetUI/UniGetUI/src/UniGetUI/Controls/DocumentStubs.cs'. [/home/runner/work/UniGetUI/UniGetUI/src/UniGetUI/UniGetUI.csproj]
/home/runner/work/UniGetUI/UniGetUI/src/UniGetUI/Pages/DialogPages/OperationFailedDialog.xaml.cs(54,9): error CS0103: The name 'CommandLineOutput' does not exist in the current context [/home/runner/work/UniGetUI/UniGetUI/src/UniGetUI/UniGetUI.csproj]
/home/runner/work/UniGetUI/UniGetUI/src/UniGetUI/Pages/DialogPages/OperationFailedDialog.xaml.cs(29,41): warning CS8602: Dereference of a possibly null reference. [/home/runner/work/UniGetUI/UniGetUI/src/UniGetUI/UniGetUI.csproj]
/home/runner/work/UniGetUI/UniGetUI/src/UniGetUI/Pages/DialogPages/OperationFailedDialog.xaml.cs(29,24): warning CS8600: Converting null literal or possible null value to non-nullable type. [/home/runner/work/UniGetUI/UniGetUI/src/UniGetUI/UniGetUI.csproj]
/home/runner/work/UniGetUI/UniGetUI/src/UniGetUI/Pages/DialogPages/OperationFailedDialog.xaml.cs(29,24): warning CS8601: Possible null reference assignment. [/home/runner/work/UniGetUI/UniGetUI/src/UniGetUI/UniGetUI.csproj]
/home/runner/work/UniGetUI/UniGetUI/src/UniGetUI/Pages/DialogPages/OperationFailedDialog.xaml.cs(30,41): warning CS8602: Dereference of a possibly null reference. [/home/runner/work/UniGetUI/UniGetUI/src/UniGetUI/UniGetUI.csproj]
/home/runner/work/UniGetUI/UniGetUI/src/UniGetUI/Pages/DialogPages/OperationFailedDialog.xaml.cs(30,24): warning CS8600: Converting null literal or possible null value to non-nullable type. [/home/runner/work/UniGetUI/UniGetUI/src/UniGetUI/UniGetUI.csproj]
/home/runner/work/UniGetUI/UniGetUI/src/UniGetUI/Pages/DialogPages/OperationFailedDialog.xaml.cs(30,24): warning CS8601: Possible null reference assignment. [/home/runner/work/UniGetUI/UniGetUI/src/UniGetUI/UniGetUI.csproj]
/home/runner/work/UniGetUI/UniGetUI/src/UniGetUI/Pages/DialogPages/OperationFailedDialog.xaml.cs(40,17): warning CS8602: Dereference of a possibly null reference. [/home/runner/work/UniGetUI/UniGetUI/src/UniGetUI/UniGetUI.csproj]
/home/runner/work/UniGetUI/UniGetUI/src/UniGetUI/Pages/DialogPages/OperationFailedDialog.xaml.cs(45,17): warning CS8602: Dereference of a possibly null reference. [/home/runner/work/UniGetUI/UniGetUI/src/UniGetUI/UniGetUI.csproj]
/home/runner/work/UniGetUI/UniGetUI/src/UniGetUI/Pages/DialogPages/OperationFailedDialog.xaml.cs(50,17): warning CS8602: Dereference of a possibly null reference. [/home/runner/work/UniGetUI/UniGetUI/src/UniGetUI/UniGetUI.csproj]
/home/runner/work/UniGetUI/UniGetUI/src/UniGetUI/Pages/SoftwarePages/DiscoverSoftwarePage.cs(54,62): error CS0103: The name 'VirtualKey' does not exist in the current context [/home/runner/work/UniGetUI/UniGetUI/src/UniGetUI/UniGetUI.csproj]
/home/runner/work/UniGetUI/UniGetUI/src/UniGetUI/Pages/SoftwarePages/DiscoverSoftwarePage.cs(53,37): warning CS8622: Nullability of reference types in type of parameter 'sender' of 'void DiscoverSoftwarePage.Event_SearchPackages(object sender, RoutedEventArgs e)' doesn't match the target delegate 'EventHandler<RoutedEventArgs>' (possibly because of nullability attributes). [/home/runner/work/UniGetUI/UniGetUI/src/UniGetUI/UniGetUI.csproj]
/home/runner/work/UniGetUI/UniGetUI/src/UniGetUI/Pages/SoftwarePages/DiscoverSoftwarePage.cs(54,103): warning CS8604: Possible null reference argument for parameter 'sender' in 'void DiscoverSoftwarePage.Event_SearchPackages(object sender, RoutedEventArgs e)'. [/home/runner/work/UniGetUI/UniGetUI/src/UniGetUI/UniGetUI.csproj]
/home/runner/work/UniGetUI/UniGetUI/src/UniGetUI/Pages/SoftwarePages/DiscoverSoftwarePage.cs(60,34): warning CS8604: Possible null reference argument for parameter 'sender' in 'void DiscoverSoftwarePage.Event_SearchPackages(object sender, RoutedEventArgs e)'. [/home/runner/work/UniGetUI/UniGetUI/src/UniGetUI/UniGetUI.csproj]
/home/runner/work/UniGetUI/UniGetUI/src/UniGetUI/Pages/SoftwarePages/DiscoverSoftwarePage.cs(71,17): error CS0117: 'BetterMenuItem' does not contain a definition for 'KeyboardAcceleratorTextOverride' [/home/runner/work/UniGetUI/UniGetUI/src/UniGetUI/UniGetUI.csproj]
/home/runner/work/UniGetUI/UniGetUI/src/UniGetUI/Pages/SoftwarePages/DiscoverSoftwarePage.cs(82,17): error CS0117: 'BetterMenuItem' does not contain a definition for 'KeyboardAcceleratorTextOverride' [/home/runner/work/UniGetUI/UniGetUI/src/UniGetUI/UniGetUI.csproj]
/home/runner/work/UniGetUI/UniGetUI/src/UniGetUI/Pages/SoftwarePages/DiscoverSoftwarePage.cs(135,17): error CS0117: 'BetterMenuItem' does not contain a definition for 'KeyboardAcceleratorTextOverride' [/home/runner/work/UniGetUI/UniGetUI/src/UniGetUI/UniGetUI.csproj]
/home/runner/work/UniGetUI/UniGetUI/src/UniGetUI/Pages/SoftwarePages/DiscoverSoftwarePage.cs(73,34): warning CS8622: Nullability of reference types in type of parameter 'sender' of 'void DiscoverSoftwarePage.MenuInstall_Invoked(object sender, RoutedEventArgs e)' doesn't match the target delegate 'EventHandler<RoutedEventArgs>' (possibly because of nullability attributes). [/home/runner/work/UniGetUI/UniGetUI/src/UniGetUI/UniGetUI.csproj]
/home/runner/work/UniGetUI/UniGetUI/src/UniGetUI/Pages/SoftwarePages/DiscoverSoftwarePage.cs(84,42): warning CS8622: Nullability of reference types in type of parameter 'sender' of 'void DiscoverSoftwarePage.MenuInstallSettings_Invoked(object sender, RoutedEventArgs e)' doesn't match the target delegate 'EventHandler<RoutedEventArgs>' (possibly because of nullability attributes). [/home/runner/work/UniGetUI/UniGetUI/src/UniGetUI/UniGetUI.csproj]
/home/runner/work/UniGetUI/UniGetUI/src/UniGetUI/Pages/SoftwarePages/DiscoverSoftwarePage.cs(94,34): warning CS8622: Nullability of reference types in type of parameter 'sender' of 'void DiscoverSoftwarePage.MenuAsAdmin_Invoked(object sender, RoutedEventArgs e)' doesn't match the target delegate 'EventHandler<RoutedEventArgs>' (possibly because of nullability attributes). [/home/runner/work/UniGetUI/UniGetUI/src/UniGetUI/UniGetUI.csproj]
/home/runner/work/UniGetUI/UniGetUI/src/UniGetUI/Pages/SoftwarePages/DiscoverSoftwarePage.cs(102,38): warning CS8622: Nullability of reference types in type of parameter 'sender' of 'void DiscoverSoftwarePage.MenuInteractive_Invoked(object sender, RoutedEventArgs e)' doesn't match the target delegate 'EventHandler<RoutedEventArgs>' (possibly because of nullability attributes). [/home/runner/work/UniGetUI/UniGetUI/src/UniGetUI/UniGetUI.csproj]
/home/runner/work/UniGetUI/UniGetUI/src/UniGetUI/Pages/SoftwarePages/DiscoverSoftwarePage.cs(110,35): warning CS8622: Nullability of reference types in type of parameter 'sender' of 'void DiscoverSoftwarePage.MenuSkipHash_Invoked(object sender, RoutedEventArgs e)' doesn't match the target delegate 'EventHandler<RoutedEventArgs>' (possibly because of nullability attributes). [/home/runner/work/UniGetUI/UniGetUI/src/UniGetUI/UniGetUI.csproj]
/home/runner/work/UniGetUI/UniGetUI/src/UniGetUI/Pages/SoftwarePages/DiscoverSoftwarePage.cs(128,32): warning CS8622: Nullability of reference types in type of parameter 'sender' of 'void DiscoverSoftwarePage.MenuShare_Invoked(object sender, RoutedEventArgs e)' doesn't match the target delegate 'EventHandler<RoutedEventArgs>' (possibly because of nullability attributes). [/home/runner/work/UniGetUI/UniGetUI/src/UniGetUI/UniGetUI.csproj]
/home/runner/work/UniGetUI/UniGetUI/src/UniGetUI/Pages/SoftwarePages/DiscoverSoftwarePage.cs(137,34): warning CS8622: Nullability of reference types in type of parameter 'sender' of 'void DiscoverSoftwarePage.MenuDetails_Invoked(object sender, RoutedEventArgs e)' doesn't match the target delegate 'EventHandler<RoutedEventArgs>' (possibly because of nullability attributes). [/home/runner/work/UniGetUI/UniGetUI/src/UniGetUI/UniGetUI.csproj]
/home/runner/work/UniGetUI/UniGetUI/src/UniGetUI/Pages/HelpPage.xaml.cs(33,21): error CS1061: 'UserControl' does not contain a definition for 'NavigationStarting' and no accessible extension method 'NavigationStarting' accepting a first argument of type 'UserControl' could be found (are you missing a using directive or an assembly reference?) [/home/runner/work/UniGetUI/UniGetUI/src/UniGetUI/UniGetUI.csproj]
/home/runner/work/UniGetUI/UniGetUI/src/UniGetUI/Pages/HelpPage.xaml.cs(50,21): error CS1061: 'UserControl' does not contain a definition for 'NavigationCompleted' and no accessible extension method 'NavigationCompleted' accepting a first argument of type 'UserControl' could be found (are you missing a using directive or an assembly reference?) [/home/runner/work/UniGetUI/UniGetUI/src/UniGetUI/UniGetUI.csproj]
/home/runner/work/UniGetUI/UniGetUI/src/UniGetUI/Pages/HelpPage.xaml.cs(55,27): error CS1061: 'UserControl' does not contain a definition for 'EnsureCoreWebView2Async' and no accessible extension method 'EnsureCoreWebView2Async' accepting a first argument of type 'UserControl' could be found (are you missing a using directive or an assembly reference?) [/home/runner/work/UniGetUI/UniGetUI/src/UniGetUI/UniGetUI.csproj]
/home/runner/work/UniGetUI/UniGetUI/src/UniGetUI/Pages/HelpPage.xaml.cs(67,21): error CS1061: 'UserControl' does not contain a definition for 'Source' and no accessible extension method 'Source' accepting a first argument of type 'UserControl' could be found (are you missing a using directive or an assembly reference?) [/home/runner/work/UniGetUI/UniGetUI/src/UniGetUI/UniGetUI.csproj]
/home/runner/work/UniGetUI/UniGetUI/src/UniGetUI/Pages/SoftwarePages/DiscoverSoftwarePage.cs(159,29): error CS0266: Cannot implicitly convert type 'UniGetUI.Interface.FlyoutPlacementMode' to 'Avalonia.Controls.PlacementMode'. An explicit conversion exists (are you missing a cast?) [/home/runner/work/UniGetUI/UniGetUI/src/UniGetUI/UniGetUI.csproj]
/home/runner/work/UniGetUI/UniGetUI/src/UniGetUI/Pages/SoftwarePages/DiscoverSoftwarePage.cs(213,38): warning CS8622: Nullability of reference types in type of parameter 'sender' of 'void DiscoverSoftwarePage.ExportSelection_Click(object sender, RoutedEventArgs e)' doesn't match the target delegate 'EventHandler<RoutedEventArgs>' (possibly because of nullability attributes). [/home/runner/work/UniGetUI/UniGetUI/src/UniGetUI/UniGetUI.csproj]
/home/runner/work/UniGetUI/UniGetUI/src/UniGetUI/Pages/SoftwarePages/DiscoverSoftwarePage.cs(231,17): warning CS8602: Dereference of a possibly null reference. [/home/runner/work/UniGetUI/UniGetUI/src/UniGetUI/UniGetUI.csproj]
/home/runner/work/UniGetUI/UniGetUI/src/UniGetUI/Pages/HelpPage.xaml.cs(72,17): error CS0019: Operator '&&' cannot be applied to operands of type 'bool' and 'method group' [/home/runner/work/UniGetUI/UniGetUI/src/UniGetUI/UniGetUI.csproj]
/home/runner/work/UniGetUI/UniGetUI/src/UniGetUI/Pages/HelpPage.xaml.cs(74,17): warning CS8604: Possible null reference argument for parameter 'frame' in 'void FrameExtensions.GoBack(ContentControl frame)'. [/home/runner/work/UniGetUI/UniGetUI/src/UniGetUI/UniGetUI.csproj]
/home/runner/work/UniGetUI/UniGetUI/src/UniGetUI/Pages/HelpPage.xaml.cs(81,64): error CS1061: 'UserControl' does not contain a definition for 'CanGoForward' and no accessible extension method 'CanGoForward' accepting a first argument of type 'UserControl' could be found (are you missing a using directive or an assembly reference?) [/home/runner/work/UniGetUI/UniGetUI/src/UniGetUI/UniGetUI.csproj]
/home/runner/work/UniGetUI/UniGetUI/src/UniGetUI/Pages/HelpPage.xaml.cs(83,25): error CS1061: 'UserControl' does not contain a definition for 'GoForward' and no accessible extension method 'GoForward' accepting a first argument of type 'UserControl' could be found (are you missing a using directive or an assembly reference?) [/home/runner/work/UniGetUI/UniGetUI/src/UniGetUI/UniGetUI.csproj]
/home/runner/work/UniGetUI/UniGetUI/src/UniGetUI/Pages/DialogPages/InstallOptions_Manager.xaml.cs(51,9): error CS0103: The name 'LoadingIndicator' does not exist in the current context [/home/runner/work/UniGetUI/UniGetUI/src/UniGetUI/UniGetUI.csproj]
/home/runner/work/UniGetUI/UniGetUI/src/UniGetUI/Pages/DialogPages/InstallOptions_Manager.xaml.cs(159,21): error CS1061: 'Button' does not contain a definition for 'Avalonia' and no accessible extension method 'Avalonia' accepting a first argument of type 'Button' could be found (are you missing a using directive or an assembly reference?) [/home/runner/work/UniGetUI/UniGetUI/src/UniGetUI/UniGetUI.csproj]
/home/runner/work/UniGetUI/UniGetUI/src/UniGetUI/Pages/DialogPages/InstallOptions_Manager.xaml.cs(161,9): error CS0103: The name 'LoadingIndicator' does not exist in the current context [/home/runner/work/UniGetUI/UniGetUI/src/UniGetUI/UniGetUI.csproj]
/home/runner/work/UniGetUI/UniGetUI/src/UniGetUI/Pages/DialogPages/InstallOptions_Manager.xaml.cs(159,70): warning CS8602: Dereference of a possibly null reference. [/home/runner/work/UniGetUI/UniGetUI/src/UniGetUI/UniGetUI.csproj]
/home/runner/work/UniGetUI/UniGetUI/src/UniGetUI/Pages/DialogPages/InstallOptions_Manager.xaml.cs(159,46): warning CS8600: Converting null literal or possible null value to non-nullable type. [/home/runner/work/UniGetUI/UniGetUI/src/UniGetUI/UniGetUI.csproj]
/home/runner/work/UniGetUI/UniGetUI/src/UniGetUI/Pages/SoftwarePages/DiscoverSoftwarePage.cs(239,17): warning CS8602: Dereference of a possibly null reference. [/home/runner/work/UniGetUI/UniGetUI/src/UniGetUI/UniGetUI.csproj]
/home/runner/work/UniGetUI/UniGetUI/src/UniGetUI/Pages/HelpPage.xaml.cs(92,21): error CS1061: 'UserControl' does not contain a definition for 'Source' and no accessible extension method 'Source' accepting a first argument of type 'UserControl' could be found (are you missing a using directive or an assembly reference?) [/home/runner/work/UniGetUI/UniGetUI/src/UniGetUI/UniGetUI.csproj]
/home/runner/work/UniGetUI/UniGetUI/src/UniGetUI/Pages/HelpPage.xaml.cs(100,21): error CS1061: 'UserControl' does not contain a definition for 'Reload' and no accessible extension method 'Reload' accepting a first argument of type 'UserControl' could be found (are you missing a using directive or an assembly reference?) [/home/runner/work/UniGetUI/UniGetUI/src/UniGetUI/UniGetUI.csproj]
/home/runner/work/UniGetUI/UniGetUI/src/UniGetUI/Pages/HelpPage.xaml.cs(108,34): error CS1061: 'UserControl' does not contain a definition for 'Source' and no accessible extension method 'Source' accepting a first argument of type 'UserControl' could be found (are you missing a using directive or an assembly reference?) [/home/runner/work/UniGetUI/UniGetUI/src/UniGetUI/UniGetUI.csproj]
/home/runner/work/UniGetUI/UniGetUI/src/UniGetUI/Pages/HelpPage.xaml.cs(108,84): error CS0023: Operator '.' cannot be applied to operand of type 'void' [/home/runner/work/UniGetUI/UniGetUI/src/UniGetUI/UniGetUI.csproj]
/home/runner/work/UniGetUI/UniGetUI/src/UniGetUI/Pages/HelpPage.xaml.cs(114,21): error CS1061: 'UserControl' does not contain a definition for 'Close' and no accessible extension method 'Close' accepting a first argument of type 'UserControl' could be found (are you missing a using directive or an assembly reference?) [/home/runner/work/UniGetUI/UniGetUI/src/UniGetUI/UniGetUI.csproj]
/home/runner/work/UniGetUI/UniGetUI/src/UniGetUI/Pages/HelpPage.xaml.cs(127,21): error CS1061: 'UserControl' does not contain a definition for 'Close' and no accessible extension method 'Close' accepting a first argument of type 'UserControl' could be found (are you missing a using directive or an assembly reference?) [/home/runner/work/UniGetUI/UniGetUI/src/UniGetUI/UniGetUI.csproj]
/home/runner/work/UniGetUI/UniGetUI/src/UniGetUI/Pages/DialogPages/InstallOptions_Manager.xaml.cs(166,9): error CS0103: The name 'LoadingIndicator' does not exist in the current context [/home/runner/work/UniGetUI/UniGetUI/src/UniGetUI/UniGetUI.csproj]
/home/runner/work/UniGetUI/UniGetUI/src/UniGetUI/Pages/DialogPages/InstallOptions_Manager.xaml.cs(197,45): warning CS8601: Possible null reference assignment. [/home/runner/work/UniGetUI/UniGetUI/src/UniGetUI/UniGetUI.csproj]
/home/runner/work/UniGetUI/UniGetUI/src/UniGetUI/Pages/DialogPages/InstallOptions_Manager.xaml.cs(201,44): warning CS8602: Dereference of a possibly null reference. [/home/runner/work/UniGetUI/UniGetUI/src/UniGetUI/UniGetUI.csproj]
/home/runner/work/UniGetUI/UniGetUI/src/UniGetUI/Pages/DialogPages/InstallOptions_Manager.xaml.cs(202,43): warning CS8602: Dereference of a possibly null reference. [/home/runner/work/UniGetUI/UniGetUI/src/UniGetUI/UniGetUI.csproj]
/home/runner/work/UniGetUI/UniGetUI/src/UniGetUI/Pages/DialogPages/InstallOptions_Manager.xaml.cs(203,46): warning CS8602: Dereference of a possibly null reference. [/home/runner/work/UniGetUI/UniGetUI/src/UniGetUI/UniGetUI.csproj]
/home/runner/work/UniGetUI/UniGetUI/src/UniGetUI/Pages/SoftwarePages/AbstractPackagesPage.xaml.cs(133,83): error CS1061: 'MainWindow' does not contain a definition for 'GlobalSearchBox' and no accessible extension method 'GlobalSearchBox' accepting a first argument of type 'MainWindow' could be found (are you missing a using directive or an assembly reference?) [/home/runner/work/UniGetUI/UniGetUI/src/UniGetUI/UniGetUI.csproj]
/home/runner/work/UniGetUI/UniGetUI/src/UniGetUI/Pages/DialogPages/InstallOptions_Manager.xaml.cs(211,9): error CS0103: The name 'LoadingIndicator' does not exist in the current context [/home/runner/work/UniGetUI/UniGetUI/src/UniGetUI/UniGetUI.csproj]
/home/runner/work/UniGetUI/UniGetUI/src/UniGetUI/Pages/DialogPages/ReleaseNotes.xaml.cs(24,13): error CS0103: The name 'WebView' does not exist in the current context [/home/runner/work/UniGetUI/UniGetUI/src/UniGetUI/UniGetUI.csproj]
/home/runner/work/UniGetUI/UniGetUI/src/UniGetUI/Pages/DialogPages/ReleaseNotes.xaml.cs(25,13): error CS0103: The name 'WebView' does not exist in the current context [/home/runner/work/UniGetUI/UniGetUI/src/UniGetUI/UniGetUI.csproj]
/home/runner/work/UniGetUI/UniGetUI/src/UniGetUI/Pages/DialogPages/InstallOptions_Manager.xaml.cs(238,21): error CS1061: 'Button' does not contain a definition for 'Avalonia' and no accessible extension method 'Avalonia' accepting a first argument of type 'Button' could be found (are you missing a using directive or an assembly reference?) [/home/runner/work/UniGetUI/UniGetUI/src/UniGetUI/UniGetUI.csproj]
/home/runner/work/UniGetUI/UniGetUI/src/UniGetUI/Pages/DialogPages/InstallOptions_Manager.xaml.cs(238,70): warning CS8602: Dereference of a possibly null reference. [/home/runner/work/UniGetUI/UniGetUI/src/UniGetUI/UniGetUI.csproj]
/home/runner/work/UniGetUI/UniGetUI/src/UniGetUI/Pages/DialogPages/InstallOptions_Manager.xaml.cs(238,46): warning CS8600: Converting null literal or possible null value to non-nullable type. [/home/runner/work/UniGetUI/UniGetUI/src/UniGetUI/UniGetUI.csproj]
/home/runner/work/UniGetUI/UniGetUI/src/UniGetUI/Pages/DialogPages/ReleaseNotes.xaml.cs(30,19): error CS0103: The name 'WebView' does not exist in the current context [/home/runner/work/UniGetUI/UniGetUI/src/UniGetUI/UniGetUI.csproj]
/home/runner/work/UniGetUI/UniGetUI/src/UniGetUI/Pages/DialogPages/ReleaseNotes.xaml.cs(31,13): error CS0103: The name 'WebView' does not exist in the current context [/home/runner/work/UniGetUI/UniGetUI/src/UniGetUI/UniGetUI.csproj]
/home/runner/work/UniGetUI/UniGetUI/src/UniGetUI/Pages/DialogPages/ReleaseNotes.xaml.cs(36,13): error CS0103: The name 'WebView' does not exist in the current context [/home/runner/work/UniGetUI/UniGetUI/src/UniGetUI/UniGetUI.csproj]
/home/runner/work/UniGetUI/UniGetUI/src/UniGetUI/Pages/DialogPages/InstallOptions_Manager.xaml.cs(245,21): error CS1061: 'Button' does not contain a definition for 'Avalonia' and no accessible extension method 'Avalonia' accepting a first argument of type 'Button' could be found (are you missing a using directive or an assembly reference?) [/home/runner/work/UniGetUI/UniGetUI/src/UniGetUI/UniGetUI.csproj]
/home/runner/work/UniGetUI/UniGetUI/src/UniGetUI/Pages/DialogPages/InstallOptions_Manager.xaml.cs(245,70): warning CS8602: Dereference of a possibly null reference. [/home/runner/work/UniGetUI/UniGetUI/src/UniGetUI/UniGetUI.csproj]
/home/runner/work/UniGetUI/UniGetUI/src/UniGetUI/Pages/DialogPages/InstallOptions_Manager.xaml.cs(245,46): warning CS8600: Converting null literal or possible null value to non-nullable type. [/home/runner/work/UniGetUI/UniGetUI/src/UniGetUI/UniGetUI.csproj]
/home/runner/work/UniGetUI/UniGetUI/src/UniGetUI/Pages/SoftwarePages/AbstractPackagesPage.xaml.cs(139,39): error CS1061: 'ItemsControl' does not contain a definition for 'SelectedItem' and no accessible extension method 'SelectedItem' accepting a first argument of type 'ItemsControl' could be found (are you missing a using directive or an assembly reference?) [/home/runner/work/UniGetUI/UniGetUI/src/UniGetUI/UniGetUI.csproj]
/home/runner/work/UniGetUI/UniGetUI/src/UniGetUI/Pages/SoftwarePages/AbstractPackagesPage.xaml.cs(155,38): error CS1061: 'StackPanel' does not contain a definition for 'SelectedIndex' and no accessible extension method 'SelectedIndex' accepting a first argument of type 'StackPanel' could be found (are you missing a using directive or an assembly reference?) [/home/runner/work/UniGetUI/UniGetUI/src/UniGetUI/UniGetUI.csproj]
/home/runner/work/UniGetUI/UniGetUI/src/UniGetUI/Pages/DialogPages/InstallOptions_Manager.xaml.cs(250,93): error CS1061: 'MainWindow' does not contain a definition for 'GetWindowHandle' and no accessible extension method 'GetWindowHandle' accepting a first argument of type 'MainWindow' could be found (are you missing a using directive or an assembly reference?) [/home/runner/work/UniGetUI/UniGetUI/src/UniGetUI/UniGetUI.csproj]
/home/runner/work/UniGetUI/UniGetUI/src/UniGetUI/Pages/DialogPages/InstallOptions_Manager.xaml.cs(256,25): error CS1061: 'Button' does not contain a definition for 'Avalonia' and no accessible extension method 'Avalonia' accepting a first argument of type 'Button' could be found (are you missing a using directive or an assembly reference?) [/home/runner/work/UniGetUI/UniGetUI/src/UniGetUI/UniGetUI.csproj]
/home/runner/work/UniGetUI/UniGetUI/src/UniGetUI/Pages/DialogPages/InstallOptions_Manager.xaml.cs(256,74): warning CS8602: Dereference of a possibly null reference. [/home/runner/work/UniGetUI/UniGetUI/src/UniGetUI/UniGetUI.csproj]
/home/runner/work/UniGetUI/UniGetUI/src/UniGetUI/Pages/DialogPages/InstallOptions_Manager.xaml.cs(256,50): warning CS8600: Converting null literal or possible null value to non-nullable type. [/home/runner/work/UniGetUI/UniGetUI/src/UniGetUI/UniGetUI.csproj]
/home/runner/work/UniGetUI/UniGetUI/src/UniGetUI/Pages/DialogPages/InstallOptions_Manager.xaml.cs(262,21): error CS1061: 'Button' does not contain a definition for 'Avalonia' and no accessible extension method 'Avalonia' accepting a first argument of type 'Button' could be found (are you missing a using directive or an assembly reference?) [/home/runner/work/UniGetUI/UniGetUI/src/UniGetUI/UniGetUI.csproj]
/home/runner/work/UniGetUI/UniGetUI/src/UniGetUI/Pages/DialogPages/InstallOptions_Manager.xaml.cs(262,70): warning CS8602: Dereference of a possibly null reference. [/home/runner/work/UniGetUI/UniGetUI/src/UniGetUI/UniGetUI.csproj]
/home/runner/work/UniGetUI/UniGetUI/src/UniGetUI/Pages/DialogPages/InstallOptions_Manager.xaml.cs(262,46): warning CS8600: Converting null literal or possible null value to non-nullable type. [/home/runner/work/UniGetUI/UniGetUI/src/UniGetUI/UniGetUI.csproj]
/home/runner/work/UniGetUI/UniGetUI/src/UniGetUI/Pages/DialogPages/InstallOptions_Manager.xaml.cs(267,21): error CS1061: 'Button' does not contain a definition for 'Avalonia' and no accessible extension method 'Avalonia' accepting a first argument of type 'Button' could be found (are you missing a using directive or an assembly reference?) [/home/runner/work/UniGetUI/UniGetUI/src/UniGetUI/UniGetUI.csproj]
/home/runner/work/UniGetUI/UniGetUI/src/UniGetUI/Pages/DialogPages/InstallOptions_Manager.xaml.cs(267,70): warning CS8602: Dereference of a possibly null reference. [/home/runner/work/UniGetUI/UniGetUI/src/UniGetUI/UniGetUI.csproj]
/home/runner/work/UniGetUI/UniGetUI/src/UniGetUI/Pages/DialogPages/InstallOptions_Manager.xaml.cs(267,46): warning CS8600: Converting null literal or possible null value to non-nullable type. [/home/runner/work/UniGetUI/UniGetUI/src/UniGetUI/UniGetUI.csproj]
/home/runner/work/UniGetUI/UniGetUI/src/UniGetUI/Pages/DialogPages/InstallOptions_Manager.xaml.cs(272,21): error CS1061: 'Button' does not contain a definition for 'Avalonia' and no accessible extension method 'Avalonia' accepting a first argument of type 'Button' could be found (are you missing a using directive or an assembly reference?) [/home/runner/work/UniGetUI/UniGetUI/src/UniGetUI/UniGetUI.csproj]
/home/runner/work/UniGetUI/UniGetUI/src/UniGetUI/Pages/DialogPages/InstallOptions_Manager.xaml.cs(272,70): warning CS8602: Dereference of a possibly null reference. [/home/runner/work/UniGetUI/UniGetUI/src/UniGetUI/UniGetUI.csproj]
/home/runner/work/UniGetUI/UniGetUI/src/UniGetUI/Pages/DialogPages/InstallOptions_Manager.xaml.cs(272,46): warning CS8600: Converting null literal or possible null value to non-nullable type. [/home/runner/work/UniGetUI/UniGetUI/src/UniGetUI/UniGetUI.csproj]
/home/runner/work/UniGetUI/UniGetUI/src/UniGetUI/Pages/DialogPages/InstallOptions_Manager.xaml.cs(277,21): error CS1061: 'Button' does not contain a definition for 'Avalonia' and no accessible extension method 'Avalonia' accepting a first argument of type 'Button' could be found (are you missing a using directive or an assembly reference?) [/home/runner/work/UniGetUI/UniGetUI/src/UniGetUI/UniGetUI.csproj]
/home/runner/work/UniGetUI/UniGetUI/src/UniGetUI/Pages/DialogPages/InstallOptions_Manager.xaml.cs(277,70): warning CS8602: Dereference of a possibly null reference. [/home/runner/work/UniGetUI/UniGetUI/src/UniGetUI/UniGetUI.csproj]
/home/runner/work/UniGetUI/UniGetUI/src/UniGetUI/Pages/DialogPages/InstallOptions_Manager.xaml.cs(277,46): warning CS8600: Converting null literal or possible null value to non-nullable type. [/home/runner/work/UniGetUI/UniGetUI/src/UniGetUI/UniGetUI.csproj]
/home/runner/work/UniGetUI/UniGetUI/src/UniGetUI/Pages/DialogPages/InstallOptions_Manager.xaml.cs(282,21): error CS1061: 'Button' does not contain a definition for 'Avalonia' and no accessible extension method 'Avalonia' accepting a first argument of type 'Button' could be found (are you missing a using directive or an assembly reference?) [/home/runner/work/UniGetUI/UniGetUI/src/UniGetUI/UniGetUI.csproj]
/home/runner/work/UniGetUI/UniGetUI/src/UniGetUI/Pages/DialogPages/InstallOptions_Manager.xaml.cs(282,70): warning CS8602: Dereference of a possibly null reference. [/home/runner/work/UniGetUI/UniGetUI/src/UniGetUI/UniGetUI.csproj]
/home/runner/work/UniGetUI/UniGetUI/src/UniGetUI/Pages/DialogPages/InstallOptions_Manager.xaml.cs(282,46): warning CS8600: Converting null literal or possible null value to non-nullable type. [/home/runner/work/UniGetUI/UniGetUI/src/UniGetUI/UniGetUI.csproj]
/home/runner/work/UniGetUI/UniGetUI/src/UniGetUI/Pages/DialogPages/InstallOptions_Manager.xaml.cs(287,21): error CS1061: 'Button' does not contain a definition for 'Avalonia' and no accessible extension method 'Avalonia' accepting a first argument of type 'Button' could be found (are you missing a using directive or an assembly reference?) [/home/runner/work/UniGetUI/UniGetUI/src/UniGetUI/UniGetUI.csproj]
/home/runner/work/UniGetUI/UniGetUI/src/UniGetUI/Pages/DialogPages/InstallOptions_Manager.xaml.cs(287,70): warning CS8602: Dereference of a possibly null reference. [/home/runner/work/UniGetUI/UniGetUI/src/UniGetUI/UniGetUI.csproj]
/home/runner/work/UniGetUI/UniGetUI/src/UniGetUI/Pages/DialogPages/InstallOptions_Manager.xaml.cs(287,46): warning CS8600: Converting null literal or possible null value to non-nullable type. [/home/runner/work/UniGetUI/UniGetUI/src/UniGetUI/UniGetUI.csproj]
/home/runner/work/UniGetUI/UniGetUI/src/UniGetUI/Pages/DialogPages/InstallOptions_Manager.xaml.cs(308,21): error CS1061: 'Button' does not contain a definition for 'Avalonia' and no accessible extension method 'Avalonia' accepting a first argument of type 'Button' could be found (are you missing a using directive or an assembly reference?) [/home/runner/work/UniGetUI/UniGetUI/src/UniGetUI/UniGetUI.csproj]
/home/runner/work/UniGetUI/UniGetUI/src/UniGetUI/Pages/DialogPages/InstallOptions_Manager.xaml.cs(308,70): warning CS8602: Dereference of a possibly null reference. [/home/runner/work/UniGetUI/UniGetUI/src/UniGetUI/UniGetUI.csproj]
/home/runner/work/UniGetUI/UniGetUI/src/UniGetUI/Pages/DialogPages/InstallOptions_Manager.xaml.cs(308,46): warning CS8600: Converting null literal or possible null value to non-nullable type. [/home/runner/work/UniGetUI/UniGetUI/src/UniGetUI/UniGetUI.csproj]
/home/runner/work/UniGetUI/UniGetUI/src/UniGetUI/Pages/SoftwarePages/AbstractPackagesPage.xaml.cs(235,62): error CS1061: 'StackPanel' does not contain a definition for 'Items' and no accessible extension method 'Items' accepting a first argument of type 'StackPanel' could be found (are you missing a using directive or an assembly reference?) [/home/runner/work/UniGetUI/UniGetUI/src/UniGetUI/UniGetUI.csproj]
/home/runner/work/UniGetUI/UniGetUI/src/UniGetUI/Pages/SoftwarePages/AbstractPackagesPage.xaml.cs(236,30): error CS1061: 'StackPanel' does not contain a definition for 'SelectedIndex' and no accessible extension method 'SelectedIndex' accepting a first argument of type 'StackPanel' could be found (are you missing a using directive or an assembly reference?) [/home/runner/work/UniGetUI/UniGetUI/src/UniGetUI/UniGetUI.csproj]
/home/runner/work/UniGetUI/UniGetUI/src/UniGetUI/Pages/SoftwarePages/AbstractPackagesPage.xaml.cs(239,13): error CS0122: 'ToolTipService' is inaccessible due to its protection level [/home/runner/work/UniGetUI/UniGetUI/src/UniGetUI/UniGetUI.csproj]
/home/runner/work/UniGetUI/UniGetUI/src/UniGetUI/Pages/SoftwarePages/AbstractPackagesPage.xaml.cs(240,13): error CS0122: 'ToolTipService' is inaccessible due to its protection level [/home/runner/work/UniGetUI/UniGetUI/src/UniGetUI/UniGetUI.csproj]
/home/runner/work/UniGetUI/UniGetUI/src/UniGetUI/Pages/SoftwarePages/AbstractPackagesPage.xaml.cs(241,13): error CS0122: 'ToolTipService' is inaccessible due to its protection level [/home/runner/work/UniGetUI/UniGetUI/src/UniGetUI/UniGetUI.csproj]
/home/runner/work/UniGetUI/UniGetUI/src/UniGetUI/Pages/SoftwarePages/AbstractPackagesPage.xaml.cs(248,31): error CS1061: 'StackPanel' does not contain a definition for 'SelectedIndex' and no accessible extension method 'SelectedIndex' accepting a first argument of type 'StackPanel' could be found (are you missing a using directive or an assembly reference?) [/home/runner/work/UniGetUI/UniGetUI/src/UniGetUI/UniGetUI.csproj]
/home/runner/work/UniGetUI/UniGetUI/src/UniGetUI/Pages/SoftwarePages/AbstractPackagesPage.xaml.cs(249,31): error CS1061: 'StackPanel' does not contain a definition for 'SelectedIndex' and no accessible extension method 'SelectedIndex' accepting a first argument of type 'StackPanel' could be found (are you missing a using directive or an assembly reference?) [/home/runner/work/UniGetUI/UniGetUI/src/UniGetUI/UniGetUI.csproj]
/home/runner/work/UniGetUI/UniGetUI/src/UniGetUI/Pages/SoftwarePages/AbstractPackagesPage.xaml.cs(250,31): error CS1061: 'StackPanel' does not contain a definition for 'SelectedItem' and no accessible extension method 'SelectedItem' accepting a first argument of type 'StackPanel' could be found (are you missing a using directive or an assembly reference?) [/home/runner/work/UniGetUI/UniGetUI/src/UniGetUI/UniGetUI.csproj]
/home/runner/work/UniGetUI/UniGetUI/src/UniGetUI/Pages/SoftwarePages/AbstractPackagesPage.xaml.cs(271,31): error CS1061: 'TreeViewItem' does not contain a definition for 'Content' and no accessible extension method 'Content' accepting a first argument of type 'TreeViewItem' could be found (are you missing a using directive or an assembly reference?) [/home/runner/work/UniGetUI/UniGetUI/src/UniGetUI/UniGetUI.csproj]
/home/runner/work/UniGetUI/UniGetUI/src/UniGetUI/Pages/SoftwarePages/AbstractPackagesPage.xaml.cs(281,30): error CS0103: The name 'VirtualKey' does not exist in the current context [/home/runner/work/UniGetUI/UniGetUI/src/UniGetUI/UniGetUI.csproj]
/home/runner/work/UniGetUI/UniGetUI/src/UniGetUI/Pages/SoftwarePages/AbstractPackagesPage.xaml.cs(301,41): error CS1061: 'TappedEventArgs' does not contain a definition for 'OriginalSource' and no accessible extension method 'OriginalSource' accepting a first argument of type 'TappedEventArgs' could be found (are you missing a using directive or an assembly reference?) [/home/runner/work/UniGetUI/UniGetUI/src/UniGetUI/UniGetUI.csproj]
/home/runner/work/UniGetUI/UniGetUI/src/UniGetUI/Pages/SoftwarePages/AbstractPackagesPage.xaml.cs(307,37): error CS1061: 'TreeView' does not contain a definition for 'SelectedNodes' and no accessible extension method 'SelectedNodes' accepting a first argument of type 'TreeView' could be found (are you missing a using directive or an assembly reference?) [/home/runner/work/UniGetUI/UniGetUI/src/UniGetUI/UniGetUI.csproj]
/home/runner/work/UniGetUI/UniGetUI/src/UniGetUI/Pages/SoftwarePages/AbstractPackagesPage.xaml.cs(309,37): error CS1061: 'TreeView' does not contain a definition for 'SelectedNodes' and no accessible extension method 'SelectedNodes' accepting a first argument of type 'TreeView' could be found (are you missing a using directive or an assembly reference?) [/home/runner/work/UniGetUI/UniGetUI/src/UniGetUI/UniGetUI.csproj]
/home/runner/work/UniGetUI/UniGetUI/src/UniGetUI/Pages/SoftwarePages/AbstractPackagesPage.xaml.cs(313,37): error CS1061: 'TreeView' does not contain a definition for 'SelectedNodes' and no accessible extension method 'SelectedNodes' accepting a first argument of type 'TreeView' could be found (are you missing a using directive or an assembly reference?) [/home/runner/work/UniGetUI/UniGetUI/src/UniGetUI/UniGetUI.csproj]
/home/runner/work/UniGetUI/UniGetUI/src/UniGetUI/Pages/SoftwarePages/AbstractPackagesPage.xaml.cs(320,29): error CS1061: 'TreeView' does not contain a definition for 'RightTapped' and no accessible extension method 'RightTapped' accepting a first argument of type 'TreeView' could be found (are you missing a using directive or an assembly reference?) [/home/runner/work/UniGetUI/UniGetUI/src/UniGetUI/UniGetUI.csproj]
/home/runner/work/UniGetUI/UniGetUI/src/UniGetUI/Pages/SoftwarePages/AbstractPackagesPage.xaml.cs(341,28): error CS1061: 'TextBox' does not contain a definition for 'PlaceholderText' and no accessible extension method 'PlaceholderText' accepting a first argument of type 'TextBox' could be found (are you missing a using directive or an assembly reference?) [/home/runner/work/UniGetUI/UniGetUI/src/UniGetUI/UniGetUI.csproj]
/home/runner/work/UniGetUI/UniGetUI/src/UniGetUI/Pages/SoftwarePages/AbstractPackagesPage.xaml.cs(344,49): error CS0234: The type or namespace name 'UI' does not exist in the namespace 'Windows' (are you missing an assembly reference?) [/home/runner/work/UniGetUI/UniGetUI/src/UniGetUI/UniGetUI.csproj]
/home/runner/work/UniGetUI/UniGetUI/src/UniGetUI/Pages/SoftwarePages/AbstractPackagesPage.xaml.cs(285,35): warning CS8602: Dereference of a possibly null reference. [/home/runner/work/UniGetUI/UniGetUI/src/UniGetUI/UniGetUI.csproj]
/home/runner/work/UniGetUI/UniGetUI/src/UniGetUI/Pages/SoftwarePages/AbstractPackagesPage.xaml.cs(294,35): warning CS8602: Dereference of a possibly null reference. [/home/runner/work/UniGetUI/UniGetUI/src/UniGetUI/UniGetUI.csproj]
/home/runner/work/UniGetUI/UniGetUI/src/UniGetUI/Pages/SoftwarePages/AbstractPackagesPage.xaml.cs(207,19): warning CS8618: Non-nullable property 'QueryBackup' must contain a non-null value when exiting constructor. Consider adding the 'required' modifier or declaring the property as nullable. [/home/runner/work/UniGetUI/UniGetUI/src/UniGetUI/UniGetUI.csproj]
/home/runner/work/UniGetUI/UniGetUI/src/UniGetUI/Pages/SoftwarePages/AbstractPackagesPage.xaml.cs(374,34): error CS1061: 'StackPanel' does not contain a definition for 'SelectedIndex' and no accessible extension method 'SelectedIndex' accepting a first argument of type 'StackPanel' could be found (are you missing a using directive or an assembly reference?) [/home/runner/work/UniGetUI/UniGetUI/src/UniGetUI/UniGetUI.csproj]
/home/runner/work/UniGetUI/UniGetUI/src/UniGetUI/Pages/DialogPages/PackageDetailsPage.xaml.cs(67,27): error CS0103: The name 'DescriptionContent' does not exist in the current context [/home/runner/work/UniGetUI/UniGetUI/src/UniGetUI/UniGetUI.csproj]
/home/runner/work/UniGetUI/UniGetUI/src/UniGetUI/Pages/DialogPages/PackageDetailsPage.xaml.cs(68,27): error CS0103: The name 'HomepageUrl_Label' does not exist in the current context [/home/runner/work/UniGetUI/UniGetUI/src/UniGetUI/UniGetUI.csproj]
/home/runner/work/UniGetUI/UniGetUI/src/UniGetUI/Pages/DialogPages/PackageDetailsPage.xaml.cs(69,27): error CS0103: The name 'HomepageUrl_Content' does not exist in the current context [/home/runner/work/UniGetUI/UniGetUI/src/UniGetUI/UniGetUI.csproj]
/home/runner/work/UniGetUI/UniGetUI/src/UniGetUI/Pages/DialogPages/PackageDetailsPage.xaml.cs(70,27): error CS0103: The name 'Author_Label' does not exist in the current context [/home/runner/work/UniGetUI/UniGetUI/src/UniGetUI/UniGetUI.csproj]
/home/runner/work/UniGetUI/UniGetUI/src/UniGetUI/Pages/DialogPages/PackageDetailsPage.xaml.cs(71,27): error CS0103: The name 'Author_Content' does not exist in the current context [/home/runner/work/UniGetUI/UniGetUI/src/UniGetUI/UniGetUI.csproj]
/home/runner/work/UniGetUI/UniGetUI/src/UniGetUI/Pages/DialogPages/PackageDetailsPage.xaml.cs(72,27): error CS0103: The name 'Publisher_Label' does not exist in the current context [/home/runner/work/UniGetUI/UniGetUI/src/UniGetUI/UniGetUI.csproj]
/home/runner/work/UniGetUI/UniGetUI/src/UniGetUI/Pages/DialogPages/PackageDetailsPage.xaml.cs(73,27): error CS0103: The name 'Publisher_Content' does not exist in the current context [/home/runner/work/UniGetUI/UniGetUI/src/UniGetUI/UniGetUI.csproj]
/home/runner/work/UniGetUI/UniGetUI/src/UniGetUI/Pages/DialogPages/PackageDetailsPage.xaml.cs(74,27): error CS0103: The name 'License_Label' does not exist in the current context [/home/runner/work/UniGetUI/UniGetUI/src/UniGetUI/UniGetUI.csproj]
/home/runner/work/UniGetUI/UniGetUI/src/UniGetUI/Pages/DialogPages/PackageDetailsPage.xaml.cs(75,27): error CS0103: The name 'License_Content_Text' does not exist in the current context [/home/runner/work/UniGetUI/UniGetUI/src/UniGetUI/UniGetUI.csproj]
/home/runner/work/UniGetUI/UniGetUI/src/UniGetUI/Pages/DialogPages/PackageDetailsPage.xaml.cs(76,27): error CS0103: The name 'License_Content_Uri' does not exist in the current context [/home/runner/work/UniGetUI/UniGetUI/src/UniGetUI/UniGetUI.csproj]
/home/runner/work/UniGetUI/UniGetUI/src/UniGetUI/Pages/DialogPages/PackageDetailsPage.xaml.cs(77,27): error CS0103: The name 'Source_Label' does not exist in the current context [/home/runner/work/UniGetUI/UniGetUI/src/UniGetUI/UniGetUI.csproj]
/home/runner/work/UniGetUI/UniGetUI/src/UniGetUI/Pages/DialogPages/PackageDetailsPage.xaml.cs(78,27): error CS0103: The name 'Source_Content' does not exist in the current context [/home/runner/work/UniGetUI/UniGetUI/src/UniGetUI/UniGetUI.csproj]
/home/runner/work/UniGetUI/UniGetUI/src/UniGetUI/Pages/DialogPages/PackageDetailsPage.xaml.cs(81,27): error CS0103: The name 'PackageId_Label' does not exist in the current context [/home/runner/work/UniGetUI/UniGetUI/src/UniGetUI/UniGetUI.csproj]
/home/runner/work/UniGetUI/UniGetUI/src/UniGetUI/Pages/DialogPages/PackageDetailsPage.xaml.cs(82,27): error CS0103: The name 'PackageId_Content' does not exist in the current context [/home/runner/work/UniGetUI/UniGetUI/src/UniGetUI/UniGetUI.csproj]
/home/runner/work/UniGetUI/UniGetUI/src/UniGetUI/Pages/DialogPages/PackageDetailsPage.xaml.cs(83,27): error CS0103: The name 'ManifestUrl_Label' does not exist in the current context [/home/runner/work/UniGetUI/UniGetUI/src/UniGetUI/UniGetUI.csproj]
/home/runner/work/UniGetUI/UniGetUI/src/UniGetUI/Pages/DialogPages/PackageDetailsPage.xaml.cs(84,27): error CS0103: The name 'ManifestUrl_Content' does not exist in the current context [/home/runner/work/UniGetUI/UniGetUI/src/UniGetUI/UniGetUI.csproj]
/home/runner/work/UniGetUI/UniGetUI/src/UniGetUI/Pages/DialogPages/PackageDetailsPage.xaml.cs(86,27): error CS0103: The name 'InstallerType_Label' does not exist in the current context [/home/runner/work/UniGetUI/UniGetUI/src/UniGetUI/UniGetUI.csproj]
/home/runner/work/UniGetUI/UniGetUI/src/UniGetUI/Pages/DialogPages/PackageDetailsPage.xaml.cs(87,27): error CS0103: The name 'InstallerType_Content' does not exist in the current context [/home/runner/work/UniGetUI/UniGetUI/src/UniGetUI/UniGetUI.csproj]
/home/runner/work/UniGetUI/UniGetUI/src/UniGetUI/Pages/DialogPages/PackageDetailsPage.xaml.cs(88,27): error CS0103: The name 'InstallerHash_Label' does not exist in the current context [/home/runner/work/UniGetUI/UniGetUI/src/UniGetUI/UniGetUI.csproj]
/home/runner/work/UniGetUI/UniGetUI/src/UniGetUI/Pages/DialogPages/PackageDetailsPage.xaml.cs(89,27): error CS0103: The name 'InstallerHash_Content' does not exist in the current context [/home/runner/work/UniGetUI/UniGetUI/src/UniGetUI/UniGetUI.csproj]
/home/runner/work/UniGetUI/UniGetUI/src/UniGetUI/Pages/DialogPages/PackageDetailsPage.xaml.cs(90,27): error CS0103: The name 'InstallerUrl_Label' does not exist in the current context [/home/runner/work/UniGetUI/UniGetUI/src/UniGetUI/UniGetUI.csproj]
/home/runner/work/UniGetUI/UniGetUI/src/UniGetUI/Pages/DialogPages/PackageDetailsPage.xaml.cs(91,27): error CS0103: The name 'InstallerUrl_Content' does not exist in the current context [/home/runner/work/UniGetUI/UniGetUI/src/UniGetUI/UniGetUI.csproj]
/home/runner/work/UniGetUI/UniGetUI/src/UniGetUI/Pages/DialogPages/PackageDetailsPage.xaml.cs(92,13): error CS0103: The name 'DownloadInstaller_Button' does not exist in the current context [/home/runner/work/UniGetUI/UniGetUI/src/UniGetUI/UniGetUI.csproj]
/home/runner/work/UniGetUI/UniGetUI/src/UniGetUI/Pages/DialogPages/PackageDetailsPage.xaml.cs(93,27): error CS0103: The name 'DownloadInstaller_Button' does not exist in the current context [/home/runner/work/UniGetUI/UniGetUI/src/UniGetUI/UniGetUI.csproj]
/home/runner/work/UniGetUI/UniGetUI/src/UniGetUI/Pages/DialogPages/PackageDetailsPage.xaml.cs(94,27): error CS0103: The name 'UpdateDate_Label' does not exist in the current context [/home/runner/work/UniGetUI/UniGetUI/src/UniGetUI/UniGetUI.csproj]
/home/runner/work/UniGetUI/UniGetUI/src/UniGetUI/Pages/DialogPages/PackageDetailsPage.xaml.cs(95,27): error CS0103: The name 'UpdateDate_Content' does not exist in the current context [/home/runner/work/UniGetUI/UniGetUI/src/UniGetUI/UniGetUI.csproj]
/home/runner/work/UniGetUI/UniGetUI/src/UniGetUI/Pages/DialogPages/PackageDetailsPage.xaml.cs(96,27): error CS0103: The name 'Dependencies_Label' does not exist in the current context [/home/runner/work/UniGetUI/UniGetUI/src/UniGetUI/UniGetUI.csproj]
/home/runner/work/UniGetUI/UniGetUI/src/UniGetUI/Pages/DialogPages/PackageDetailsPage.xaml.cs(97,13): error CS0103: The name 'DependenciesParagraph' does not exist in the current context [/home/runner/work/UniGetUI/UniGetUI/src/UniGetUI/UniGetUI.csproj]
/home/runner/work/UniGetUI/UniGetUI/src/UniGetUI/Pages/DialogPages/PackageDetailsPage.xaml.cs(99,13): error CS0103: The name 'DependenciesParagraph' does not exist in the current context [/home/runner/work/UniGetUI/UniGetUI/src/UniGetUI/UniGetUI.csproj]
/home/runner/work/UniGetUI/UniGetUI/src/UniGetUI/Pages/DialogPages/PackageDetailsPage.xaml.cs(99,79): warning CS0436: The type 'Run' in '/home/runner/work/UniGetUI/UniGetUI/src/UniGetUI/Controls/DocumentStubs.cs' conflicts with the imported type 'Run' in 'Avalonia.Controls, Version=11.2.2.0, Culture=neutral, PublicKeyToken=c8d484a7012f9a8b'. Using the type defined in '/home/runner/work/UniGetUI/UniGetUI/src/UniGetUI/Controls/DocumentStubs.cs'. [/home/runner/work/UniGetUI/UniGetUI/src/UniGetUI/UniGetUI.csproj]
/home/runner/work/UniGetUI/UniGetUI/src/UniGetUI/Pages/DialogPages/PackageDetailsPage.xaml.cs(100,27): error CS0103: The name 'ReleaseNotes_Label' does not exist in the current context [/home/runner/work/UniGetUI/UniGetUI/src/UniGetUI/UniGetUI.csproj]
/home/runner/work/UniGetUI/UniGetUI/src/UniGetUI/Pages/DialogPages/PackageDetailsPage.xaml.cs(101,27): error CS0103: The name 'ReleaseNotes_Content' does not exist in the current context [/home/runner/work/UniGetUI/UniGetUI/src/UniGetUI/UniGetUI.csproj]
/home/runner/work/UniGetUI/UniGetUI/src/UniGetUI/Pages/DialogPages/PackageDetailsPage.xaml.cs(102,27): error CS0103: The name 'ReleaseNotesUrl_Label' does not exist in the current context [/home/runner/work/UniGetUI/UniGetUI/src/UniGetUI/UniGetUI.csproj]
/home/runner/work/UniGetUI/UniGetUI/src/UniGetUI/Pages/DialogPages/PackageDetailsPage.xaml.cs(103,27): error CS0103: The name 'ReleaseNotesUrl_Content' does not exist in the current context [/home/runner/work/UniGetUI/UniGetUI/src/UniGetUI/UniGetUI.csproj]
/home/runner/work/UniGetUI/UniGetUI/src/UniGetUI/Pages/DialogPages/PackageDetailsPage.xaml.cs(122,60): error CS0117: 'TextWrapping' does not contain a definition for 'WrapWholeWords' [/home/runner/work/UniGetUI/UniGetUI/src/UniGetUI/UniGetUI.csproj]
/home/runner/work/UniGetUI/UniGetUI/src/UniGetUI/Pages/DialogPages/PackageDetailsPage.xaml.cs(130,31): error CS0103: The name 'Version_Label' does not exist in the current context [/home/runner/work/UniGetUI/UniGetUI/src/UniGetUI/UniGetUI.csproj]
/home/runner/work/UniGetUI/UniGetUI/src/UniGetUI/Pages/DialogPages/PackageDetailsPage.xaml.cs(131,31): error CS0103: The name 'Version_Content' does not exist in the current context [/home/runner/work/UniGetUI/UniGetUI/src/UniGetUI/UniGetUI.csproj]
/home/runner/work/UniGetUI/UniGetUI/src/UniGetUI/Pages/DialogPages/PackageDetailsPage.xaml.cs(137,31): error CS0103: The name 'Version_Label' does not exist in the current context [/home/runner/work/UniGetUI/UniGetUI/src/UniGetUI/UniGetUI.csproj]
/home/runner/work/UniGetUI/UniGetUI/src/UniGetUI/Pages/DialogPages/PackageDetailsPage.xaml.cs(138,31): error CS0103: The name 'Version_Content' does not exist in the current context [/home/runner/work/UniGetUI/UniGetUI/src/UniGetUI/UniGetUI.csproj]
/home/runner/work/UniGetUI/UniGetUI/src/UniGetUI/Pages/DialogPages/PackageDetailsPage.xaml.cs(145,31): error CS0103: The name 'Version_Label' does not exist in the current context [/home/runner/work/UniGetUI/UniGetUI/src/UniGetUI/UniGetUI.csproj]
/home/runner/work/UniGetUI/UniGetUI/src/UniGetUI/Pages/DialogPages/PackageDetailsPage.xaml.cs(146,31): error CS0103: The name 'Version_Content' does not exist in the current context [/home/runner/work/UniGetUI/UniGetUI/src/UniGetUI/UniGetUI.csproj]
/home/runner/work/UniGetUI/UniGetUI/src/UniGetUI/Pages/SoftwarePages/AbstractPackagesPage.xaml.cs(395,17): error CS0234: The type or namespace name 'Dispatching' does not exist in the namespace 'Microsoft.UI' (are you missing an assembly reference?) [/home/runner/work/UniGetUI/UniGetUI/src/UniGetUI/UniGetUI.csproj]
/home/runner/work/UniGetUI/UniGetUI/src/UniGetUI/Pages/SoftwarePages/AbstractPackagesPage.xaml.cs(397,47): error CS0117: 'Dispatcher' does not contain a definition for 'TryEnqueue' [/home/runner/work/UniGetUI/UniGetUI/src/UniGetUI/UniGetUI.csproj]
/home/runner/work/UniGetUI/UniGetUI/src/UniGetUI/Pages/SoftwarePages/AbstractPackagesPage.xaml.cs(447,17): error CS0234: The type or namespace name 'Dispatching' does not exist in the namespace 'Microsoft.UI' (are you missing an assembly reference?) [/home/runner/work/UniGetUI/UniGetUI/src/UniGetUI/UniGetUI.csproj]
/home/runner/work/UniGetUI/UniGetUI/src/UniGetUI/Pages/SoftwarePages/AbstractPackagesPage.xaml.cs(449,47): error CS0117: 'Dispatcher' does not contain a definition for 'TryEnqueue' [/home/runner/work/UniGetUI/UniGetUI/src/UniGetUI/UniGetUI.csproj]
/home/runner/work/UniGetUI/UniGetUI/src/UniGetUI/Pages/SoftwarePages/AbstractPackagesPage.xaml.cs(463,17): error CS0234: The type or namespace name 'Dispatching' does not exist in the namespace 'Microsoft.UI' (are you missing an assembly reference?) [/home/runner/work/UniGetUI/UniGetUI/src/UniGetUI/UniGetUI.csproj]
/home/runner/work/UniGetUI/UniGetUI/src/UniGetUI/Pages/SoftwarePages/AbstractPackagesPage.xaml.cs(465,47): error CS0117: 'Dispatcher' does not contain a definition for 'TryEnqueue' [/home/runner/work/UniGetUI/UniGetUI/src/UniGetUI/UniGetUI.csproj]
/home/runner/work/UniGetUI/UniGetUI/src/UniGetUI/Pages/DialogPages/PackageDetailsPage.xaml.cs(179,13): error CS0103: The name 'ExtendedActionsMenu' does not exist in the current context [/home/runner/work/UniGetUI/UniGetUI/src/UniGetUI/UniGetUI.csproj]
/home/runner/work/UniGetUI/UniGetUI/src/UniGetUI/Pages/DialogPages/PackageDetailsPage.xaml.cs(180,13): error CS0103: The name 'ExtendedActionsMenu' does not exist in the current context [/home/runner/work/UniGetUI/UniGetUI/src/UniGetUI/UniGetUI.csproj]
/home/runner/work/UniGetUI/UniGetUI/src/UniGetUI/Pages/DialogPages/PackageDetailsPage.xaml.cs(181,13): error CS0103: The name 'ExtendedActionsMenu' does not exist in the current context [/home/runner/work/UniGetUI/UniGetUI/src/UniGetUI/UniGetUI.csproj]
/home/runner/work/UniGetUI/UniGetUI/src/UniGetUI/Pages/DialogPages/PackageDetailsPage.xaml.cs(185,17): error CS0103: The name 'ExtendedActionsMenu' does not exist in the current context [/home/runner/work/UniGetUI/UniGetUI/src/UniGetUI/UniGetUI.csproj]
/home/runner/work/UniGetUI/UniGetUI/src/UniGetUI/Pages/DialogPages/PackageDetailsPage.xaml.cs(192,17): error CS0103: The name 'ExtendedActionsMenu' does not exist in the current context [/home/runner/work/UniGetUI/UniGetUI/src/UniGetUI/UniGetUI.csproj]
/home/runner/work/UniGetUI/UniGetUI/src/UniGetUI/Pages/DialogPages/PackageDetailsPage.xaml.cs(197,17): error CS0103: The name 'ExtendedActionsMenu' does not exist in the current context [/home/runner/work/UniGetUI/UniGetUI/src/UniGetUI/UniGetUI.csproj]
/home/runner/work/UniGetUI/UniGetUI/src/UniGetUI/Pages/DialogPages/PackageDetailsPage.xaml.cs(204,17): error CS0103: The name 'ExtendedActionsMenu' does not exist in the current context [/home/runner/work/UniGetUI/UniGetUI/src/UniGetUI/UniGetUI.csproj]
/home/runner/work/UniGetUI/UniGetUI/src/UniGetUI/Pages/SoftwarePages/AbstractPackagesPage.xaml.cs(507,47): error CS0117: 'TreeViewItem' does not contain a definition for 'Content' [/home/runner/work/UniGetUI/UniGetUI/src/UniGetUI/UniGetUI.csproj]
/home/runner/work/UniGetUI/UniGetUI/src/UniGetUI/Pages/SoftwarePages/AbstractPackagesPage.xaml.cs(508,33): error CS1061: 'TreeView' does not contain a definition for 'RootNodes' and no accessible extension method 'RootNodes' accepting a first argument of type 'TreeView' could be found (are you missing a using directive or an assembly reference?) [/home/runner/work/UniGetUI/UniGetUI/src/UniGetUI/UniGetUI.csproj]
/home/runner/work/UniGetUI/UniGetUI/src/UniGetUI/Pages/SoftwarePages/AbstractPackagesPage.xaml.cs(513,37): error CS1061: 'TreeView' does not contain a definition for 'RootNodes' and no accessible extension method 'RootNodes' accepting a first argument of type 'TreeView' could be found (are you missing a using directive or an assembly reference?) [/home/runner/work/UniGetUI/UniGetUI/src/UniGetUI/UniGetUI.csproj]
/home/runner/work/UniGetUI/UniGetUI/src/UniGetUI/Pages/SoftwarePages/AbstractPackagesPage.xaml.cs(515,37): error CS1061: 'TreeView' does not contain a definition for 'SelectedNodes' and no accessible extension method 'SelectedNodes' accepting a first argument of type 'TreeView' could be found (are you missing a using directive or an assembly reference?) [/home/runner/work/UniGetUI/UniGetUI/src/UniGetUI/UniGetUI.csproj]
/home/runner/work/UniGetUI/UniGetUI/src/UniGetUI/Pages/SoftwarePages/AbstractPackagesPage.xaml.cs(517,42): error CS1061: 'TreeView' does not contain a definition for 'SelectedNodes' and no accessible extension method 'SelectedNodes' accepting a first argument of type 'TreeView' could be found (are you missing a using directive or an assembly reference?) [/home/runner/work/UniGetUI/UniGetUI/src/UniGetUI/UniGetUI.csproj]
/home/runner/work/UniGetUI/UniGetUI/src/UniGetUI/Pages/SoftwarePages/AbstractPackagesPage.xaml.cs(517,81): error CS1061: 'TreeView' does not contain a definition for 'RootNodes' and no accessible extension method 'RootNodes' accepting a first argument of type 'TreeView' could be found (are you missing a using directive or an assembly reference?) [/home/runner/work/UniGetUI/UniGetUI/src/UniGetUI/UniGetUI.csproj]
/home/runner/work/UniGetUI/UniGetUI/src/UniGetUI/Pages/SoftwarePages/AbstractPackagesPage.xaml.cs(519,37): error CS1061: 'TreeView' does not contain a definition for 'SelectedNodes' and no accessible extension method 'SelectedNodes' accepting a first argument of type 'TreeView' could be found (are you missing a using directive or an assembly reference?) [/home/runner/work/UniGetUI/UniGetUI/src/UniGetUI/UniGetUI.csproj]
/home/runner/work/UniGetUI/UniGetUI/src/UniGetUI/Pages/SoftwarePages/AbstractPackagesPage.xaml.cs(531,45): error CS0117: 'TreeViewItem' does not contain a definition for 'Content' [/home/runner/work/UniGetUI/UniGetUI/src/UniGetUI/UniGetUI.csproj]
/home/runner/work/UniGetUI/UniGetUI/src/UniGetUI/Pages/SoftwarePages/AbstractPackagesPage.xaml.cs(536,39): error CS1061: 'TreeViewItem' does not contain a definition for 'Children' and no accessible extension method 'Children' accepting a first argument of type 'TreeViewItem' could be found (are you missing a using directive or an assembly reference?) [/home/runner/work/UniGetUI/UniGetUI/src/UniGetUI/UniGetUI.csproj]
/home/runner/work/UniGetUI/UniGetUI/src/UniGetUI/Pages/SoftwarePages/AbstractPackagesPage.xaml.cs(537,42): error CS1061: 'TreeView' does not contain a definition for 'RootNodes' and no accessible extension method 'RootNodes' accepting a first argument of type 'TreeView' could be found (are you missing a using directive or an assembly reference?) [/home/runner/work/UniGetUI/UniGetUI/src/UniGetUI/UniGetUI.csproj]
/home/runner/work/UniGetUI/UniGetUI/src/UniGetUI/Pages/SoftwarePages/AbstractPackagesPage.xaml.cs(539,41): error CS1061: 'TreeView' does not contain a definition for 'RootNodes' and no accessible extension method 'RootNodes' accepting a first argument of type 'TreeView' could be found (are you missing a using directive or an assembly reference?) [/home/runner/work/UniGetUI/UniGetUI/src/UniGetUI/UniGetUI.csproj]
/home/runner/work/UniGetUI/UniGetUI/src/UniGetUI/Pages/SoftwarePages/AbstractPackagesPage.xaml.cs(540,41): error CS1061: 'TreeView' does not contain a definition for 'SelectedNodes' and no accessible extension method 'SelectedNodes' accepting a first argument of type 'TreeView' could be found (are you missing a using directive or an assembly reference?) [/home/runner/work/UniGetUI/UniGetUI/src/UniGetUI/UniGetUI.csproj]
/home/runner/work/UniGetUI/UniGetUI/src/UniGetUI/Pages/SoftwarePages/AbstractPackagesPage.xaml.cs(545,56): error CS1061: 'TreeViewItem' does not contain a definition for 'Children' and no accessible extension method 'Children' accepting a first argument of type 'TreeViewItem' could be found (are you missing a using directive or an assembly reference?) [/home/runner/work/UniGetUI/UniGetUI/src/UniGetUI/UniGetUI.csproj]
/home/runner/work/UniGetUI/UniGetUI/src/UniGetUI/Pages/SoftwarePages/AbstractPackagesPage.xaml.cs(572,29): error CS1061: 'TreeView' does not contain a definition for 'RootNodes' and no accessible extension method 'RootNodes' accepting a first argument of type 'TreeView' could be found (are you missing a using directive or an assembly reference?) [/home/runner/work/UniGetUI/UniGetUI/src/UniGetUI/UniGetUI.csproj]
/home/runner/work/UniGetUI/UniGetUI/src/UniGetUI/Pages/SoftwarePages/AbstractPackagesPage.xaml.cs(576,31): error CS1061: 'TreeViewItem' does not contain a definition for 'Children' and no accessible extension method 'Children' accepting a first argument of type 'TreeViewItem' could be found (are you missing a using directive or an assembly reference?) [/home/runner/work/UniGetUI/UniGetUI/src/UniGetUI/UniGetUI.csproj]
/home/runner/work/UniGetUI/UniGetUI/src/UniGetUI/Pages/SoftwarePages/AbstractPackagesPage.xaml.cs(597,32): error CS1061: 'ItemsControl' does not contain a definition for 'Select' and no accessible extension method 'Select' accepting a first argument of type 'ItemsControl' could be found (are you missing a using directive or an assembly reference?) [/home/runner/work/UniGetUI/UniGetUI/src/UniGetUI/UniGetUI.csproj]
/home/runner/work/UniGetUI/UniGetUI/src/UniGetUI/Pages/SoftwarePages/AbstractPackagesPage.xaml.cs(600,36): error CS1061: 'ItemsControl' does not contain a definition for 'Layout' and no accessible extension method 'Layout' accepting a first argument of type 'ItemsControl' could be found (are you missing a using directive or an assembly reference?) [/home/runner/work/UniGetUI/UniGetUI/src/UniGetUI/UniGetUI.csproj]
/home/runner/work/UniGetUI/UniGetUI/src/UniGetUI/Pages/SoftwarePages/AbstractPackagesPage.xaml.cs(600,46): error CS0246: The type or namespace name 'StackLayout' could not be found (are you missing a using directive or an assembly reference?) [/home/runner/work/UniGetUI/UniGetUI/src/UniGetUI/UniGetUI.csproj]
/home/runner/work/UniGetUI/UniGetUI/src/UniGetUI/Pages/SoftwarePages/AbstractPackagesPage.xaml.cs(604,41): error CS1061: 'ItemsControl' does not contain a definition for 'Layout' and no accessible extension method 'Layout' accepting a first argument of type 'ItemsControl' could be found (are you missing a using directive or an assembly reference?) [/home/runner/work/UniGetUI/UniGetUI/src/UniGetUI/UniGetUI.csproj]
/home/runner/work/UniGetUI/UniGetUI/src/UniGetUI/Pages/SoftwarePages/AbstractPackagesPage.xaml.cs(604,51): error CS0246: The type or namespace name 'UniformGridLayout' could not be found (are you missing a using directive or an assembly reference?) [/home/runner/work/UniGetUI/UniGetUI/src/UniGetUI/UniGetUI.csproj]
/home/runner/work/UniGetUI/UniGetUI/src/UniGetUI/Pages/SoftwarePages/AbstractPackagesPage.xaml.cs(606,61): error CS1061: 'ItemsControl' does not contain a definition for 'ActualWidth' and no accessible extension method 'ActualWidth' accepting a first argument of type 'ItemsControl' could be found (are you missing a using directive or an assembly reference?) [/home/runner/work/UniGetUI/UniGetUI/src/UniGetUI/UniGetUI.csproj]
/home/runner/work/UniGetUI/UniGetUI/src/UniGetUI/Pages/SoftwarePages/AbstractPackagesPage.xaml.cs(617,47): error CS1061: 'ItemsControl' does not contain a definition for 'ScrollView' and no accessible extension method 'ScrollView' accepting a first argument of type 'ItemsControl' could be found (are you missing a using directive or an assembly reference?) [/home/runner/work/UniGetUI/UniGetUI/src/UniGetUI/UniGetUI.csproj]
/home/runner/work/UniGetUI/UniGetUI/src/UniGetUI/Pages/SoftwarePages/AbstractPackagesPage.xaml.cs(618,36): error CS1061: 'ItemsControl' does not contain a definition for 'ScrollView' and no accessible extension method 'ScrollView' accepting a first argument of type 'ItemsControl' could be found (are you missing a using directive or an assembly reference?) [/home/runner/work/UniGetUI/UniGetUI/src/UniGetUI/UniGetUI.csproj]
/home/runner/work/UniGetUI/UniGetUI/src/UniGetUI/Pages/SoftwarePages/AbstractPackagesPage.xaml.cs(618,83): error CS1061: 'ItemsControl' does not contain a definition for 'ScrollView' and no accessible extension method 'ScrollView' accepting a first argument of type 'ItemsControl' could be found (are you missing a using directive or an assembly reference?) [/home/runner/work/UniGetUI/UniGetUI/src/UniGetUI/UniGetUI.csproj]
/home/runner/work/UniGetUI/UniGetUI/src/UniGetUI/Pages/SoftwarePages/AbstractPackagesPage.xaml.cs(620,36): error CS1061: 'ItemsControl' does not contain a definition for 'ScrollView' and no accessible extension method 'ScrollView' accepting a first argument of type 'ItemsControl' could be found (are you missing a using directive or an assembly reference?) [/home/runner/work/UniGetUI/UniGetUI/src/UniGetUI/UniGetUI.csproj]
/home/runner/work/UniGetUI/UniGetUI/src/UniGetUI/Pages/SoftwarePages/AbstractPackagesPage.xaml.cs(620,73): error CS0246: The type or namespace name 'ScrollingScrollOptions' could not be found (are you missing a using directive or an assembly reference?) [/home/runner/work/UniGetUI/UniGetUI/src/UniGetUI/UniGetUI.csproj]
/home/runner/work/UniGetUI/UniGetUI/src/UniGetUI/Pages/SoftwarePages/AbstractPackagesPage.xaml.cs(621,21): error CS0103: The name 'ScrollingAnimationMode' does not exist in the current context [/home/runner/work/UniGetUI/UniGetUI/src/UniGetUI/UniGetUI.csproj]
/home/runner/work/UniGetUI/UniGetUI/src/UniGetUI/Pages/SoftwarePages/AbstractPackagesPage.xaml.cs(622,21): error CS0103: The name 'ScrollingSnapPointsMode' does not exist in the current context [/home/runner/work/UniGetUI/UniGetUI/src/UniGetUI/UniGetUI.csproj]
/home/runner/work/UniGetUI/UniGetUI/src/UniGetUI/Pages/DialogPages/PackageDetailsPage.xaml.cs(233,13): error CS0103: The name 'ExtendedActionsMenu' does not exist in the current context [/home/runner/work/UniGetUI/UniGetUI/src/UniGetUI/UniGetUI.csproj]
/home/runner/work/UniGetUI/UniGetUI/src/UniGetUI/Pages/DialogPages/PackageDetailsPage.xaml.cs(234,13): error CS0103: The name 'ExtendedActionsMenu' does not exist in the current context [/home/runner/work/UniGetUI/UniGetUI/src/UniGetUI/UniGetUI.csproj]
/home/runner/work/UniGetUI/UniGetUI/src/UniGetUI/Pages/DialogPages/PackageDetailsPage.xaml.cs(235,13): error CS0103: The name 'ExtendedActionsMenu' does not exist in the current context [/home/runner/work/UniGetUI/UniGetUI/src/UniGetUI/UniGetUI.csproj]
/home/runner/work/UniGetUI/UniGetUI/src/UniGetUI/Pages/DialogPages/PackageDetailsPage.xaml.cs(239,17): error CS0103: The name 'ExtendedActionsMenu' does not exist in the current context [/home/runner/work/UniGetUI/UniGetUI/src/UniGetUI/UniGetUI.csproj]
/home/runner/work/UniGetUI/UniGetUI/src/UniGetUI/Pages/DialogPages/PackageDetailsPage.xaml.cs(245,17): error CS0103: The name 'ExtendedActionsMenu' does not exist in the current context [/home/runner/work/UniGetUI/UniGetUI/src/UniGetUI/UniGetUI.csproj]
/home/runner/work/UniGetUI/UniGetUI/src/UniGetUI/Pages/DialogPages/PackageDetailsPage.xaml.cs(248,13): error CS0103: The name 'ExtendedActionsMenu' does not exist in the current context [/home/runner/work/UniGetUI/UniGetUI/src/UniGetUI/UniGetUI.csproj]
/home/runner/work/UniGetUI/UniGetUI/src/UniGetUI/Pages/DialogPages/PackageDetailsPage.xaml.cs(255,13): error CS0103: The name 'ExtendedActionsMenu' does not exist in the current context [/home/runner/work/UniGetUI/UniGetUI/src/UniGetUI/UniGetUI.csproj]
/home/runner/work/UniGetUI/UniGetUI/src/UniGetUI/Pages/SoftwarePages/AbstractPackagesPage.xaml.cs(635,17): error CS0103: The name 'DispatcherQueuePriority' does not exist in the current context [/home/runner/work/UniGetUI/UniGetUI/src/UniGetUI/UniGetUI.csproj]
/home/runner/work/UniGetUI/UniGetUI/src/UniGetUI/Pages/SoftwarePages/AbstractPackagesPage.xaml.cs(634,43): error CS0117: 'Dispatcher' does not contain a definition for 'TryEnqueue' [/home/runner/work/UniGetUI/UniGetUI/src/UniGetUI/UniGetUI.csproj]
/home/runner/work/UniGetUI/UniGetUI/src/UniGetUI/Pages/DialogPages/DialogHelper_Generic.cs(62,25): error CS0234: The type or namespace name 'UI' does not exist in the namespace 'Windows' (are you missing an assembly reference?) [/home/runner/work/UniGetUI/UniGetUI/src/UniGetUI/UniGetUI.csproj]
/home/runner/work/UniGetUI/UniGetUI/src/UniGetUI/Pages/DialogPages/DialogHelper_Generic.cs(83,13): error CS0117: 'TextBlock' does not contain a definition for 'IsTextSelectionEnabled' [/home/runner/work/UniGetUI/UniGetUI/src/UniGetUI/UniGetUI.csproj]
/home/runner/work/UniGetUI/UniGetUI/src/UniGetUI/Pages/DialogPages/DialogHelper_Generic.cs(101,16): error CS1061: 'Window' does not contain a definition for 'PrimaryButtonClick' and no accessible extension method 'PrimaryButtonClick' accepting a first argument of type 'Window' could be found (are you missing a using directive or an assembly reference?) [/home/runner/work/UniGetUI/UniGetUI/src/UniGetUI/UniGetUI.csproj]
/home/runner/work/UniGetUI/UniGetUI/src/UniGetUI/Pages/DialogPages/DialogHelper_Generic.cs(93,13): warning CS0618: 'ToggleButton.Checked' is obsolete: 'Use IsCheckedChanged instead.' [/home/runner/work/UniGetUI/UniGetUI/src/UniGetUI/UniGetUI.csproj]
/home/runner/work/UniGetUI/UniGetUI/src/UniGetUI/Pages/DialogPages/DialogHelper_Generic.cs(94,13): warning CS0618: 'ToggleButton.Unchecked' is obsolete: 'Use IsCheckedChanged instead.' [/home/runner/work/UniGetUI/UniGetUI/src/UniGetUI/UniGetUI.csproj]
/home/runner/work/UniGetUI/UniGetUI/src/UniGetUI/Pages/SoftwarePages/AbstractPackagesPage.xaml.cs(662,38): error CS1061: 'TextInputEventArgs' does not contain a definition for 'Character' and no accessible extension method 'Character' accepting a first argument of type 'TextInputEventArgs' could be found (are you missing a using directive or an assembly reference?) [/home/runner/work/UniGetUI/UniGetUI/src/UniGetUI/UniGetUI.csproj]
/home/runner/work/UniGetUI/UniGetUI/src/UniGetUI/Pages/DialogPages/DialogHelper_Generic.cs(273,9): error CS1922: Cannot initialize type 'Window' with a collection initializer because it does not implement 'System.Collections.IEnumerable' [/home/runner/work/UniGetUI/UniGetUI/src/UniGetUI/UniGetUI.csproj]
/home/runner/work/UniGetUI/UniGetUI/src/UniGetUI/Pages/DialogPages/DialogHelper_Generic.cs(274,13): error CS0747: Invalid initializer member declarator [/home/runner/work/UniGetUI/UniGetUI/src/UniGetUI/UniGetUI.csproj]
/home/runner/work/UniGetUI/UniGetUI/src/UniGetUI/Pages/DialogPages/DialogHelper_Generic.cs(274,13): error CS0118: 'Style' is a type but is used like a variable [/home/runner/work/UniGetUI/UniGetUI/src/UniGetUI/UniGetUI.csproj]
/home/runner/work/UniGetUI/UniGetUI/src/UniGetUI/Pages/DialogPages/DialogHelper_Generic.cs(277,23): error CS1061: 'MainWindow' does not contain a definition for 'XamlRoot' and no accessible extension method 'XamlRoot' accepting a first argument of type 'MainWindow' could be found (are you missing a using directive or an assembly reference?) [/home/runner/work/UniGetUI/UniGetUI/src/UniGetUI/UniGetUI.csproj]
/home/runner/work/UniGetUI/UniGetUI/src/UniGetUI/Pages/DialogPages/DialogHelper_Generic.cs(274,38): warning CS8602: Dereference of a possibly null reference. [/home/runner/work/UniGetUI/UniGetUI/src/UniGetUI/UniGetUI.csproj]
/home/runner/work/UniGetUI/UniGetUI/src/UniGetUI/Pages/DialogPages/PackageDetailsPage.xaml.cs(283,13): error CS0103: The name 'ExtendedActionsMenu' does not exist in the current context [/home/runner/work/UniGetUI/UniGetUI/src/UniGetUI/UniGetUI.csproj]
/home/runner/work/UniGetUI/UniGetUI/src/UniGetUI/Pages/DialogPages/PackageDetailsPage.xaml.cs(284,13): error CS0103: The name 'ExtendedActionsMenu' does not exist in the current context [/home/runner/work/UniGetUI/UniGetUI/src/UniGetUI/UniGetUI.csproj]
/home/runner/work/UniGetUI/UniGetUI/src/UniGetUI/Pages/DialogPages/PackageDetailsPage.xaml.cs(285,13): error CS0103: The name 'ExtendedActionsMenu' does not exist in the current context [/home/runner/work/UniGetUI/UniGetUI/src/UniGetUI/UniGetUI.csproj]
/home/runner/work/UniGetUI/UniGetUI/src/UniGetUI/Pages/DialogPages/PackageDetailsPage.xaml.cs(289,17): error CS0103: The name 'ExtendedActionsMenu' does not exist in the current context [/home/runner/work/UniGetUI/UniGetUI/src/UniGetUI/UniGetUI.csproj]
/home/runner/work/UniGetUI/UniGetUI/src/UniGetUI/Pages/DialogPages/PackageDetailsPage.xaml.cs(296,17): error CS0103: The name 'ExtendedActionsMenu' does not exist in the current context [/home/runner/work/UniGetUI/UniGetUI/src/UniGetUI/UniGetUI.csproj]
/home/runner/work/UniGetUI/UniGetUI/src/UniGetUI/Pages/DialogPages/PackageDetailsPage.xaml.cs(299,13): error CS0103: The name 'ExtendedActionsMenu' does not exist in the current context [/home/runner/work/UniGetUI/UniGetUI/src/UniGetUI/UniGetUI.csproj]
/home/runner/work/UniGetUI/UniGetUI/src/UniGetUI/Pages/DialogPages/PackageDetailsPage.xaml.cs(305,13): error CS0103: The name 'ExtendedActionsMenu' does not exist in the current context [/home/runner/work/UniGetUI/UniGetUI/src/UniGetUI/UniGetUI.csproj]
/home/runner/work/UniGetUI/UniGetUI/src/UniGetUI/Pages/SoftwarePages/AbstractPackagesPage.xaml.cs(760,17): error CS0122: 'ToolTipService' is inaccessible due to its protection level [/home/runner/work/UniGetUI/UniGetUI/src/UniGetUI/UniGetUI.csproj]
/home/runner/work/UniGetUI/UniGetUI/src/UniGetUI/Pages/SoftwarePages/AbstractPackagesPage.xaml.cs(763,32): error CS1061: 'AppBarButton' does not contain a definition for 'IsCompact' and no accessible extension method 'IsCompact' accepting a first argument of type 'AppBarButton' could be found (are you missing a using directive or an assembly reference?) [/home/runner/work/UniGetUI/UniGetUI/src/UniGetUI/UniGetUI.csproj]
/home/runner/work/UniGetUI/UniGetUI/src/UniGetUI/Pages/SoftwarePages/AbstractPackagesPage.xaml.cs(764,36): error CS1061: 'AppBarButton' does not contain a definition for 'IsCompact' and no accessible extension method 'IsCompact' accepting a first argument of type 'AppBarButton' could be found (are you missing a using directive or an assembly reference?) [/home/runner/work/UniGetUI/UniGetUI/src/UniGetUI/UniGetUI.csproj]
/home/runner/work/UniGetUI/UniGetUI/src/UniGetUI/Pages/SoftwarePages/AbstractPackagesPage.xaml.cs(766,36): error CS1061: 'AppBarButton' does not contain a definition for 'LabelPosition' and no accessible extension method 'LabelPosition' accepting a first argument of type 'AppBarButton' could be found (are you missing a using directive or an assembly reference?) [/home/runner/work/UniGetUI/UniGetUI/src/UniGetUI/UniGetUI.csproj]
/home/runner/work/UniGetUI/UniGetUI/src/UniGetUI/Pages/SoftwarePages/AbstractPackagesPage.xaml.cs(768,32): error CS1061: 'AppBarButton' does not contain a definition for 'Label' and no accessible extension method 'Label' accepting a first argument of type 'AppBarButton' could be found (are you missing a using directive or an assembly reference?) [/home/runner/work/UniGetUI/UniGetUI/src/UniGetUI/UniGetUI.csproj]
/home/runner/work/UniGetUI/UniGetUI/src/UniGetUI/Pages/SoftwarePages/AbstractPackagesPage.xaml.cs(782,31): error CS1061: 'AppBarButton' does not contain a definition for 'Icon' and no accessible extension method 'Icon' accepting a first argument of type 'AppBarButton' could be found (are you missing a using directive or an assembly reference?) [/home/runner/work/UniGetUI/UniGetUI/src/UniGetUI/UniGetUI.csproj]
/home/runner/work/UniGetUI/UniGetUI/src/UniGetUI/Pages/DialogPages/DialogHelper_Generic.cs(321,36): error CS1061: 'MainWindow' does not contain a definition for 'WinGetWarningBanner' and no accessible extension method 'WinGetWarningBanner' accepting a first argument of type 'MainWindow' could be found (are you missing a using directive or an assembly reference?) [/home/runner/work/UniGetUI/UniGetUI/src/UniGetUI/UniGetUI.csproj]
/home/runner/work/UniGetUI/UniGetUI/src/UniGetUI/Pages/DialogPages/DialogHelper_Generic.cs(322,20): error CS1061: 'MainWindow' does not contain a definition for 'WinGetWarningBanner' and no accessible extension method 'WinGetWarningBanner' accepting a first argument of type 'MainWindow' could be found (are you missing a using directive or an assembly reference?) [/home/runner/work/UniGetUI/UniGetUI/src/UniGetUI/UniGetUI.csproj]
/home/runner/work/UniGetUI/UniGetUI/src/UniGetUI/Pages/DialogPages/DialogHelper_Generic.cs(363,17): error CS0019: Operator '==' cannot be applied to operands of type 'bool?' and 'ContentDialogResult' [/home/runner/work/UniGetUI/UniGetUI/src/UniGetUI/UniGetUI.csproj]
/home/runner/work/UniGetUI/UniGetUI/src/UniGetUI/Pages/DialogPages/DialogHelper_Generic.cs(376,20): error CS1061: 'MainWindow' does not contain a definition for 'WinGetWarningBanner' and no accessible extension method 'WinGetWarningBanner' accepting a first argument of type 'MainWindow' could be found (are you missing a using directive or an assembly reference?) [/home/runner/work/UniGetUI/UniGetUI/src/UniGetUI/UniGetUI.csproj]
/home/runner/work/UniGetUI/UniGetUI/src/UniGetUI/Pages/SoftwarePages/AbstractPackagesPage.xaml.cs(799,56): error CS1061: 'ItemsControl' does not contain a definition for 'SelectedItem' and no accessible extension method 'SelectedItem' accepting a first argument of type 'ItemsControl' could be found (are you missing a using directive or an assembly reference?) [/home/runner/work/UniGetUI/UniGetUI/src/UniGetUI/UniGetUI.csproj]
/home/runner/work/UniGetUI/UniGetUI/src/UniGetUI/Pages/SoftwarePages/AbstractPackagesPage.xaml.cs(804,33): error CS1061: 'TreeView' does not contain a definition for 'SelectedNodes' and no accessible extension method 'SelectedNodes' accepting a first argument of type 'TreeView' could be found (are you missing a using directive or an assembly reference?) [/home/runner/work/UniGetUI/UniGetUI/src/UniGetUI/UniGetUI.csproj]
/home/runner/work/UniGetUI/UniGetUI/src/UniGetUI/Pages/SoftwarePages/AbstractPackagesPage.xaml.cs(806,63): error CS1061: 'TreeView' does not contain a definition for 'SelectedNodes' and no accessible extension method 'SelectedNodes' accepting a first argument of type 'TreeView' could be found (are you missing a using directive or an assembly reference?) [/home/runner/work/UniGetUI/UniGetUI/src/UniGetUI/UniGetUI.csproj]
/home/runner/work/UniGetUI/UniGetUI/src/UniGetUI/Pages/SoftwarePages/AbstractPackagesPage.xaml.cs(835,39): warning CS8602: Dereference of a possibly null reference. [/home/runner/work/UniGetUI/UniGetUI/src/UniGetUI/UniGetUI.csproj]
/home/runner/work/UniGetUI/UniGetUI/src/UniGetUI/Pages/DialogPages/DialogHelper_Generic.cs(405,55): warning CS0436: The type 'Run' in '/home/runner/work/UniGetUI/UniGetUI/src/UniGetUI/Controls/DocumentStubs.cs' conflicts with the imported type 'Run' in 'Avalonia.Controls, Version=11.2.2.0, Culture=neutral, PublicKeyToken=c8d484a7012f9a8b'. Using the type defined in '/home/runner/work/UniGetUI/UniGetUI/src/UniGetUI/Controls/DocumentStubs.cs'. [/home/runner/work/UniGetUI/UniGetUI/src/UniGetUI/UniGetUI.csproj]
/home/runner/work/UniGetUI/UniGetUI/src/UniGetUI/Pages/DialogPages/DialogHelper_Generic.cs(409,27): error CS0246: The type or namespace name 'LineBreak' could not be found (are you missing a using directive or an assembly reference?) [/home/runner/work/UniGetUI/UniGetUI/src/UniGetUI/UniGetUI.csproj]
/home/runner/work/UniGetUI/UniGetUI/src/UniGetUI/Pages/DialogPages/DialogHelper_Generic.cs(410,55): warning CS0436: The type 'Run' in '/home/runner/work/UniGetUI/UniGetUI/src/UniGetUI/Controls/DocumentStubs.cs' conflicts with the imported type 'Run' in 'Avalonia.Controls, Version=11.2.2.0, Culture=neutral, PublicKeyToken=c8d484a7012f9a8b'. Using the type defined in '/home/runner/work/UniGetUI/UniGetUI/src/UniGetUI/Controls/DocumentStubs.cs'. [/home/runner/work/UniGetUI/UniGetUI/src/UniGetUI/UniGetUI.csproj]
/home/runner/work/UniGetUI/UniGetUI/src/UniGetUI/Pages/DialogPages/DialogHelper_Generic.cs(414,27): error CS0246: The type or namespace name 'LineBreak' could not be found (are you missing a using directive or an assembly reference?) [/home/runner/work/UniGetUI/UniGetUI/src/UniGetUI/UniGetUI.csproj]
/home/runner/work/UniGetUI/UniGetUI/src/UniGetUI/Pages/DialogPages/DialogHelper_Generic.cs(415,27): error CS0246: The type or namespace name 'LineBreak' could not be found (are you missing a using directive or an assembly reference?) [/home/runner/work/UniGetUI/UniGetUI/src/UniGetUI/UniGetUI.csproj]
/home/runner/work/UniGetUI/UniGetUI/src/UniGetUI/Pages/DialogPages/DialogHelper_Generic.cs(416,33): error CS0117: 'Button' does not contain a definition for 'NavigateUri' [/home/runner/work/UniGetUI/UniGetUI/src/UniGetUI/UniGetUI.csproj]
/home/runner/work/UniGetUI/UniGetUI/src/UniGetUI/Pages/DialogPages/DialogHelper_Generic.cs(417,14): error CS1061: 'Button' does not contain a definition for 'Inlines' and no accessible extension method 'Inlines' accepting a first argument of type 'Button' could be found (are you missing a using directive or an assembly reference?) [/home/runner/work/UniGetUI/UniGetUI/src/UniGetUI/UniGetUI.csproj]
/home/runner/work/UniGetUI/UniGetUI/src/UniGetUI/Pages/DialogPages/DialogHelper_Generic.cs(417,58): warning CS0436: The type 'Run' in '/home/runner/work/UniGetUI/UniGetUI/src/UniGetUI/Controls/DocumentStubs.cs' conflicts with the imported type 'Run' in 'Avalonia.Controls, Version=11.2.2.0, Culture=neutral, PublicKeyToken=c8d484a7012f9a8b'. Using the type defined in '/home/runner/work/UniGetUI/UniGetUI/src/UniGetUI/Controls/DocumentStubs.cs'. [/home/runner/work/UniGetUI/UniGetUI/src/UniGetUI/UniGetUI.csproj]
/home/runner/work/UniGetUI/UniGetUI/src/UniGetUI/Pages/DialogPages/DialogHelper_Generic.cs(423,27): error CS0246: The type or namespace name 'LineBreak' could not be found (are you missing a using directive or an assembly reference?) [/home/runner/work/UniGetUI/UniGetUI/src/UniGetUI/UniGetUI.csproj]
/home/runner/work/UniGetUI/UniGetUI/src/UniGetUI/Pages/DialogPages/DialogHelper_Generic.cs(424,27): error CS0246: The type or namespace name 'LineBreak' could not be found (are you missing a using directive or an assembly reference?) [/home/runner/work/UniGetUI/UniGetUI/src/UniGetUI/UniGetUI.csproj]
/home/runner/work/UniGetUI/UniGetUI/src/UniGetUI/Pages/DialogPages/DialogHelper_Generic.cs(425,55): warning CS0436: The type 'Run' in '/home/runner/work/UniGetUI/UniGetUI/src/UniGetUI/Controls/DocumentStubs.cs' conflicts with the imported type 'Run' in 'Avalonia.Controls, Version=11.2.2.0, Culture=neutral, PublicKeyToken=c8d484a7012f9a8b'. Using the type defined in '/home/runner/work/UniGetUI/UniGetUI/src/UniGetUI/Controls/DocumentStubs.cs'. [/home/runner/work/UniGetUI/UniGetUI/src/UniGetUI/UniGetUI.csproj]
/home/runner/work/UniGetUI/UniGetUI/src/UniGetUI/Pages/DialogPages/DialogHelper_Generic.cs(428,13): error CS0117: 'Run' does not contain a definition for 'FontWeight' [/home/runner/work/UniGetUI/UniGetUI/src/UniGetUI/UniGetUI.csproj]
/home/runner/work/UniGetUI/UniGetUI/src/UniGetUI/Pages/DialogPages/DialogHelper_Generic.cs(428,26): error CS0103: The name 'FontWeights' does not exist in the current context [/home/runner/work/UniGetUI/UniGetUI/src/UniGetUI/UniGetUI.csproj]
/home/runner/work/UniGetUI/UniGetUI/src/UniGetUI/Pages/DialogPages/DialogHelper_Generic.cs(436,19): error CS1061: 'WindowClosingEventArgs' does not contain a definition for 'Result' and no accessible extension method 'Result' accepting a first argument of type 'WindowClosingEventArgs' could be found (are you missing a using directive or an assembly reference?) [/home/runner/work/UniGetUI/UniGetUI/src/UniGetUI/UniGetUI.csproj]
/home/runner/work/UniGetUI/UniGetUI/src/UniGetUI/Pages/DialogPages/DialogHelper_Generic.cs(441,20): error CS0029: Cannot implicitly convert type 'UniGetUI.Interface.ContentDialogResult' to 'bool?' [/home/runner/work/UniGetUI/UniGetUI/src/UniGetUI/UniGetUI.csproj]
/home/runner/work/UniGetUI/UniGetUI/src/UniGetUI/Pages/DialogPages/DialogHelper_Generic.cs(405,9): warning CS8602: Dereference of a possibly null reference. [/home/runner/work/UniGetUI/UniGetUI/src/UniGetUI/UniGetUI.csproj]
/home/runner/work/UniGetUI/UniGetUI/src/UniGetUI/Pages/DialogPages/PackageDetailsPage.xaml.cs(324,27): error CS0103: The name 'DescriptionContent' does not exist in the current context [/home/runner/work/UniGetUI/UniGetUI/src/UniGetUI/UniGetUI.csproj]
/home/runner/work/UniGetUI/UniGetUI/src/UniGetUI/Pages/DialogPages/PackageDetailsPage.xaml.cs(325,27): error CS0103: The name 'HomepageUrl_Content' does not exist in the current context [/home/runner/work/UniGetUI/UniGetUI/src/UniGetUI/UniGetUI.csproj]
/home/runner/work/UniGetUI/UniGetUI/src/UniGetUI/Pages/DialogPages/PackageDetailsPage.xaml.cs(326,27): error CS0103: The name 'Author_Content' does not exist in the current context [/home/runner/work/UniGetUI/UniGetUI/src/UniGetUI/UniGetUI.csproj]
/home/runner/work/UniGetUI/UniGetUI/src/UniGetUI/Pages/DialogPages/PackageDetailsPage.xaml.cs(327,27): error CS0103: The name 'Publisher_Content' does not exist in the current context [/home/runner/work/UniGetUI/UniGetUI/src/UniGetUI/UniGetUI.csproj]
/home/runner/work/UniGetUI/UniGetUI/src/UniGetUI/Pages/DialogPages/PackageDetailsPage.xaml.cs(331,31): error CS0103: The name 'License_Content_Text' does not exist in the current context [/home/runner/work/UniGetUI/UniGetUI/src/UniGetUI/UniGetUI.csproj]
/home/runner/work/UniGetUI/UniGetUI/src/UniGetUI/Pages/DialogPages/PackageDetailsPage.xaml.cs(332,31): error CS0103: The name 'License_Content_Uri' does not exist in the current context [/home/runner/work/UniGetUI/UniGetUI/src/UniGetUI/UniGetUI.csproj]
/home/runner/work/UniGetUI/UniGetUI/src/UniGetUI/Pages/DialogPages/PackageDetailsPage.xaml.cs(336,31): error CS0103: The name 'License_Content_Text' does not exist in the current context [/home/runner/work/UniGetUI/UniGetUI/src/UniGetUI/UniGetUI.csproj]
/home/runner/work/UniGetUI/UniGetUI/src/UniGetUI/Pages/DialogPages/PackageDetailsPage.xaml.cs(337,31): error CS0103: The name 'License_Content_Uri' does not exist in the current context [/home/runner/work/UniGetUI/UniGetUI/src/UniGetUI/UniGetUI.csproj]
/home/runner/work/UniGetUI/UniGetUI/src/UniGetUI/Pages/DialogPages/PackageDetailsPage.xaml.cs(341,31): error CS0103: The name 'License_Content_Text' does not exist in the current context [/home/runner/work/UniGetUI/UniGetUI/src/UniGetUI/UniGetUI.csproj]
/home/runner/work/UniGetUI/UniGetUI/src/UniGetUI/Pages/DialogPages/PackageDetailsPage.xaml.cs(342,31): error CS0103: The name 'License_Content_Uri' does not exist in the current context [/home/runner/work/UniGetUI/UniGetUI/src/UniGetUI/UniGetUI.csproj]
/home/runner/work/UniGetUI/UniGetUI/src/UniGetUI/Pages/DialogPages/PackageDetailsPage.xaml.cs(346,31): error CS0103: The name 'License_Content_Text' does not exist in the current context [/home/runner/work/UniGetUI/UniGetUI/src/UniGetUI/UniGetUI.csproj]
/home/runner/work/UniGetUI/UniGetUI/src/UniGetUI/Pages/DialogPages/PackageDetailsPage.xaml.cs(347,31): error CS0103: The name 'License_Content_Uri' does not exist in the current context [/home/runner/work/UniGetUI/UniGetUI/src/UniGetUI/UniGetUI.csproj]
/home/runner/work/UniGetUI/UniGetUI/src/UniGetUI/Pages/DialogPages/PackageDetailsPage.xaml.cs(351,27): error CS0103: The name 'ManifestUrl_Content' does not exist in the current context [/home/runner/work/UniGetUI/UniGetUI/src/UniGetUI/UniGetUI.csproj]
/home/runner/work/UniGetUI/UniGetUI/src/UniGetUI/Pages/DialogPages/PackageDetailsPage.xaml.cs(354,31): error CS0103: The name 'InstallerHash_Label' does not exist in the current context [/home/runner/work/UniGetUI/UniGetUI/src/UniGetUI/UniGetUI.csproj]
/home/runner/work/UniGetUI/UniGetUI/src/UniGetUI/Pages/DialogPages/PackageDetailsPage.xaml.cs(358,31): error CS0103: The name 'InstallerHash_Label' does not exist in the current context [/home/runner/work/UniGetUI/UniGetUI/src/UniGetUI/UniGetUI.csproj]
/home/runner/work/UniGetUI/UniGetUI/src/UniGetUI/Pages/DialogPages/PackageDetailsPage.xaml.cs(361,27): error CS0103: The name 'InstallerHash_Content' does not exist in the current context [/home/runner/work/UniGetUI/UniGetUI/src/UniGetUI/UniGetUI.csproj]
/home/runner/work/UniGetUI/UniGetUI/src/UniGetUI/Pages/DialogPages/PackageDetailsPage.xaml.cs(364,31): error CS0103: The name 'InstallerSize_Content' does not exist in the current context [/home/runner/work/UniGetUI/UniGetUI/src/UniGetUI/UniGetUI.csproj]
/home/runner/work/UniGetUI/UniGetUI/src/UniGetUI/Pages/DialogPages/PackageDetailsPage.xaml.cs(365,31): error CS0103: The name 'DownloadInstaller_Button' does not exist in the current context [/home/runner/work/UniGetUI/UniGetUI/src/UniGetUI/UniGetUI.csproj]
/home/runner/work/UniGetUI/UniGetUI/src/UniGetUI/Pages/DialogPages/PackageDetailsPage.xaml.cs(369,31): error CS0103: The name 'InstallerSize_Content' does not exist in the current context [/home/runner/work/UniGetUI/UniGetUI/src/UniGetUI/UniGetUI.csproj]
/home/runner/work/UniGetUI/UniGetUI/src/UniGetUI/Pages/DialogPages/PackageDetailsPage.xaml.cs(370,31): error CS0103: The name 'DownloadInstaller_Button' does not exist in the current context [/home/runner/work/UniGetUI/UniGetUI/src/UniGetUI/UniGetUI.csproj]
/home/runner/work/UniGetUI/UniGetUI/src/UniGetUI/Pages/DialogPages/PackageDetailsPage.xaml.cs(372,27): error CS0103: The name 'InstallerUrl_Content' does not exist in the current context [/home/runner/work/UniGetUI/UniGetUI/src/UniGetUI/UniGetUI.csproj]
/home/runner/work/UniGetUI/UniGetUI/src/UniGetUI/Pages/DialogPages/PackageDetailsPage.xaml.cs(373,27): error CS0103: The name 'InstallerType_Content' does not exist in the current context [/home/runner/work/UniGetUI/UniGetUI/src/UniGetUI/UniGetUI.csproj]
/home/runner/work/UniGetUI/UniGetUI/src/UniGetUI/Pages/DialogPages/PackageDetailsPage.xaml.cs(374,27): error CS0103: The name 'UpdateDate_Content' does not exist in the current context [/home/runner/work/UniGetUI/UniGetUI/src/UniGetUI/UniGetUI.csproj]
/home/runner/work/UniGetUI/UniGetUI/src/UniGetUI/Pages/DialogPages/PackageDetailsPage.xaml.cs(375,27): error CS0103: The name 'ReleaseNotes_Content' does not exist in the current context [/home/runner/work/UniGetUI/UniGetUI/src/UniGetUI/UniGetUI.csproj]
/home/runner/work/UniGetUI/UniGetUI/src/UniGetUI/Pages/DialogPages/PackageDetailsPage.xaml.cs(376,27): error CS0103: The name 'ReleaseNotesUrl_Content' does not exist in the current context [/home/runner/work/UniGetUI/UniGetUI/src/UniGetUI/UniGetUI.csproj]
/home/runner/work/UniGetUI/UniGetUI/src/UniGetUI/Pages/DialogPages/PackageDetailsPage.xaml.cs(380,17): error CS0103: The name 'DependenciesParagraph' does not exist in the current context [/home/runner/work/UniGetUI/UniGetUI/src/UniGetUI/UniGetUI.csproj]
/home/runner/work/UniGetUI/UniGetUI/src/UniGetUI/Pages/DialogPages/PackageDetailsPage.xaml.cs(381,17): error CS0103: The name 'DependenciesParagraph' does not exist in the current context [/home/runner/work/UniGetUI/UniGetUI/src/UniGetUI/UniGetUI.csproj]
/home/runner/work/UniGetUI/UniGetUI/src/UniGetUI/Pages/DialogPages/PackageDetailsPage.xaml.cs(381,83): warning CS0436: The type 'Run' in '/home/runner/work/UniGetUI/UniGetUI/src/UniGetUI/Controls/DocumentStubs.cs' conflicts with the imported type 'Run' in 'Avalonia.Controls, Version=11.2.2.0, Culture=neutral, PublicKeyToken=c8d484a7012f9a8b'. Using the type defined in '/home/runner/work/UniGetUI/UniGetUI/src/UniGetUI/Controls/DocumentStubs.cs'. [/home/runner/work/UniGetUI/UniGetUI/src/UniGetUI/UniGetUI.csproj]
/home/runner/work/UniGetUI/UniGetUI/src/UniGetUI/Pages/DialogPages/PackageDetailsPage.xaml.cs(384,21): error CS0117: 'Run' does not contain a definition for 'Foreground' [/home/runner/work/UniGetUI/UniGetUI/src/UniGetUI/UniGetUI.csproj]
/home/runner/work/UniGetUI/UniGetUI/src/UniGetUI/Pages/DialogPages/PackageDetailsPage.xaml.cs(389,17): error CS0103: The name 'DependenciesParagraph' does not exist in the current context [/home/runner/work/UniGetUI/UniGetUI/src/UniGetUI/UniGetUI.csproj]
/home/runner/work/UniGetUI/UniGetUI/src/UniGetUI/Pages/DialogPages/PackageDetailsPage.xaml.cs(393,21): error CS0103: The name 'DependenciesParagraph' does not exist in the current context [/home/runner/work/UniGetUI/UniGetUI/src/UniGetUI/UniGetUI.csproj]
/home/runner/work/UniGetUI/UniGetUI/src/UniGetUI/Pages/DialogPages/PackageDetailsPage.xaml.cs(393,87): warning CS0436: The type 'Run' in '/home/runner/work/UniGetUI/UniGetUI/src/UniGetUI/Controls/DocumentStubs.cs' conflicts with the imported type 'Run' in 'Avalonia.Controls, Version=11.2.2.0, Culture=neutral, PublicKeyToken=c8d484a7012f9a8b'. Using the type defined in '/home/runner/work/UniGetUI/UniGetUI/src/UniGetUI/Controls/DocumentStubs.cs'. [/home/runner/work/UniGetUI/UniGetUI/src/UniGetUI/UniGetUI.csproj]
/home/runner/work/UniGetUI/UniGetUI/src/UniGetUI/Pages/DialogPages/PackageDetailsPage.xaml.cs(396,25): error CS0117: 'Run' does not contain a definition for 'FontStyle' [/home/runner/work/UniGetUI/UniGetUI/src/UniGetUI/UniGetUI.csproj]
/home/runner/work/UniGetUI/UniGetUI/src/UniGetUI/Pages/DialogPages/PackageDetailsPage.xaml.cs(397,25): error CS0117: 'Run' does not contain a definition for 'FontWeight' [/home/runner/work/UniGetUI/UniGetUI/src/UniGetUI/UniGetUI.csproj]
/home/runner/work/UniGetUI/UniGetUI/src/UniGetUI/Pages/DialogPages/PackageDetailsPage.xaml.cs(404,21): error CS0103: The name 'DependenciesParagraph' does not exist in the current context [/home/runner/work/UniGetUI/UniGetUI/src/UniGetUI/UniGetUI.csproj]
/home/runner/work/UniGetUI/UniGetUI/src/UniGetUI/Pages/DialogPages/PackageDetailsPage.xaml.cs(404,87): warning CS0436: The type 'Run' in '/home/runner/work/UniGetUI/UniGetUI/src/UniGetUI/Controls/DocumentStubs.cs' conflicts with the imported type 'Run' in 'Avalonia.Controls, Version=11.2.2.0, Culture=neutral, PublicKeyToken=c8d484a7012f9a8b'. Using the type defined in '/home/runner/work/UniGetUI/UniGetUI/src/UniGetUI/Controls/DocumentStubs.cs'. [/home/runner/work/UniGetUI/UniGetUI/src/UniGetUI/UniGetUI.csproj]
/home/runner/work/UniGetUI/UniGetUI/src/UniGetUI/Pages/DialogPages/PackageDetailsPage.xaml.cs(407,25): error CS0117: 'Run' does not contain a definition for 'FontStyle' [/home/runner/work/UniGetUI/UniGetUI/src/UniGetUI/UniGetUI.csproj]
/home/runner/work/UniGetUI/UniGetUI/src/UniGetUI/Pages/DialogPages/PackageDetailsPage.xaml.cs(409,21): error CS0103: The name 'DependenciesParagraph' does not exist in the current context [/home/runner/work/UniGetUI/UniGetUI/src/UniGetUI/UniGetUI.csproj]
/home/runner/work/UniGetUI/UniGetUI/src/UniGetUI/Pages/DialogPages/PackageDetailsPage.xaml.cs(409,59): error CS0246: The type or namespace name 'LineBreak' could not be found (are you missing a using directive or an assembly reference?) [/home/runner/work/UniGetUI/UniGetUI/src/UniGetUI/UniGetUI.csproj]
/home/runner/work/UniGetUI/UniGetUI/src/UniGetUI/Pages/DialogPages/PackageDetailsPage.xaml.cs(411,20): error CS0103: The name 'DependenciesParagraph' does not exist in the current context [/home/runner/work/UniGetUI/UniGetUI/src/UniGetUI/UniGetUI.csproj]
/home/runner/work/UniGetUI/UniGetUI/src/UniGetUI/Pages/DialogPages/PackageDetailsPage.xaml.cs(411,59): error CS0103: The name 'DependenciesParagraph' does not exist in the current context [/home/runner/work/UniGetUI/UniGetUI/src/UniGetUI/UniGetUI.csproj]
/home/runner/work/UniGetUI/UniGetUI/src/UniGetUI/Pages/DialogPages/PackageDetailsPage.xaml.cs(411,99): error CS0246: The type or namespace name 'LineBreak' could not be found (are you missing a using directive or an assembly reference?) [/home/runner/work/UniGetUI/UniGetUI/src/UniGetUI/UniGetUI.csproj]
/home/runner/work/UniGetUI/UniGetUI/src/UniGetUI/Pages/DialogPages/PackageDetailsPage.xaml.cs(412,21): error CS0103: The name 'DependenciesParagraph' does not exist in the current context [/home/runner/work/UniGetUI/UniGetUI/src/UniGetUI/UniGetUI.csproj]
/home/runner/work/UniGetUI/UniGetUI/src/UniGetUI/Pages/DialogPages/PackageDetailsPage.xaml.cs(412,60): error CS0103: The name 'DependenciesParagraph' does not exist in the current context [/home/runner/work/UniGetUI/UniGetUI/src/UniGetUI/UniGetUI.csproj]
/home/runner/work/UniGetUI/UniGetUI/src/UniGetUI/Pages/DialogPages/PackageDetailsPage.xaml.cs(416,17): error CS0103: The name 'DependenciesParagraph' does not exist in the current context [/home/runner/work/UniGetUI/UniGetUI/src/UniGetUI/UniGetUI.csproj]
/home/runner/work/UniGetUI/UniGetUI/src/UniGetUI/Pages/DialogPages/PackageDetailsPage.xaml.cs(417,17): error CS0103: The name 'DependenciesParagraph' does not exist in the current context [/home/runner/work/UniGetUI/UniGetUI/src/UniGetUI/UniGetUI.csproj]
/home/runner/work/UniGetUI/UniGetUI/src/UniGetUI/Pages/DialogPages/PackageDetailsPage.xaml.cs(417,83): warning CS0436: The type 'Run' in '/home/runner/work/UniGetUI/UniGetUI/src/UniGetUI/Controls/DocumentStubs.cs' conflicts with the imported type 'Run' in 'Avalonia.Controls, Version=11.2.2.0, Culture=neutral, PublicKeyToken=c8d484a7012f9a8b'. Using the type defined in '/home/runner/work/UniGetUI/UniGetUI/src/UniGetUI/Controls/DocumentStubs.cs'. [/home/runner/work/UniGetUI/UniGetUI/src/UniGetUI/UniGetUI.csproj]
/home/runner/work/UniGetUI/UniGetUI/src/UniGetUI/Pages/DialogPages/PackageDetailsPage.xaml.cs(420,21): error CS0117: 'Run' does not contain a definition for 'Foreground' [/home/runner/work/UniGetUI/UniGetUI/src/UniGetUI/UniGetUI.csproj]
/home/runner/work/UniGetUI/UniGetUI/src/UniGetUI/Pages/DialogPages/PackageDetailsPage.xaml.cs(442,19): error CS1061: 'Run' does not contain a definition for 'Foreground' and no accessible extension method 'Foreground' accepting a first argument of type 'Run' could be found (are you missing a using directive or an assembly reference?) [/home/runner/work/UniGetUI/UniGetUI/src/UniGetUI/UniGetUI.csproj]
/home/runner/work/UniGetUI/UniGetUI/src/UniGetUI/Pages/DialogPages/PackageDetailsPage.xaml.cs(448,19): error CS1061: 'Run' does not contain a definition for 'Foreground' and no accessible extension method 'Foreground' accepting a first argument of type 'Run' could be found (are you missing a using directive or an assembly reference?) [/home/runner/work/UniGetUI/UniGetUI/src/UniGetUI/UniGetUI.csproj]
/home/runner/work/UniGetUI/UniGetUI/src/UniGetUI/Pages/DialogPages/DialogHelper_Generic.cs(453,16): error CS1061: 'MainWindow' does not contain a definition for 'TelemetryWarner' and no accessible extension method 'TelemetryWarner' accepting a first argument of type 'MainWindow' could be found (are you missing a using directive or an assembly reference?) [/home/runner/work/UniGetUI/UniGetUI/src/UniGetUI/UniGetUI.csproj]
/home/runner/work/UniGetUI/UniGetUI/src/UniGetUI/Pages/DialogPages/DialogHelper_Generic.cs(454,16): error CS1061: 'MainWindow' does not contain a definition for 'TelemetryWarner' and no accessible extension method 'TelemetryWarner' accepting a first argument of type 'MainWindow' could be found (are you missing a using directive or an assembly reference?) [/home/runner/work/UniGetUI/UniGetUI/src/UniGetUI/UniGetUI.csproj]
/home/runner/work/UniGetUI/UniGetUI/src/UniGetUI/Pages/DialogPages/DialogHelper_Generic.cs(455,16): error CS1061: 'MainWindow' does not contain a definition for 'TelemetryWarner' and no accessible extension method 'TelemetryWarner' accepting a first argument of type 'MainWindow' could be found (are you missing a using directive or an assembly reference?) [/home/runner/work/UniGetUI/UniGetUI/src/UniGetUI/UniGetUI.csproj]
/home/runner/work/UniGetUI/UniGetUI/src/UniGetUI/Pages/DialogPages/DialogHelper_Generic.cs(457,16): error CS1061: 'MainWindow' does not contain a definition for 'TelemetryWarner' and no accessible extension method 'TelemetryWarner' accepting a first argument of type 'MainWindow' could be found (are you missing a using directive or an assembly reference?) [/home/runner/work/UniGetUI/UniGetUI/src/UniGetUI/UniGetUI.csproj]
/home/runner/work/UniGetUI/UniGetUI/src/UniGetUI/Pages/DialogPages/DialogHelper_Generic.cs(458,16): error CS1061: 'MainWindow' does not contain a definition for 'TelemetryWarner' and no accessible extension method 'TelemetryWarner' accepting a first argument of type 'MainWindow' could be found (are you missing a using directive or an assembly reference?) [/home/runner/work/UniGetUI/UniGetUI/src/UniGetUI/UniGetUI.csproj]
/home/runner/work/UniGetUI/UniGetUI/src/UniGetUI/Pages/DialogPages/DialogHelper_Generic.cs(463,13): error CS0118: 'Style' is a type but is used like a variable [/home/runner/work/UniGetUI/UniGetUI/src/UniGetUI/UniGetUI.csproj]
/home/runner/work/UniGetUI/UniGetUI/src/UniGetUI/Pages/DialogPages/DialogHelper_Generic.cs(463,13): error CS0747: Invalid initializer member declarator [/home/runner/work/UniGetUI/UniGetUI/src/UniGetUI/UniGetUI.csproj]
/home/runner/work/UniGetUI/UniGetUI/src/UniGetUI/Pages/DialogPages/DialogHelper_Generic.cs(467,20): error CS1061: 'MainWindow' does not contain a definition for 'TelemetryWarner' and no accessible extension method 'TelemetryWarner' accepting a first argument of type 'MainWindow' could be found (are you missing a using directive or an assembly reference?) [/home/runner/work/UniGetUI/UniGetUI/src/UniGetUI/UniGetUI.csproj]
/home/runner/work/UniGetUI/UniGetUI/src/UniGetUI/Pages/DialogPages/DialogHelper_Generic.cs(468,20): error CS1061: 'MainWindow' does not contain a definition for 'TelemetryWarner' and no accessible extension method 'TelemetryWarner' accepting a first argument of type 'MainWindow' could be found (are you missing a using directive or an assembly reference?) [/home/runner/work/UniGetUI/UniGetUI/src/UniGetUI/UniGetUI.csproj]
/home/runner/work/UniGetUI/UniGetUI/src/UniGetUI/Pages/DialogPages/DialogHelper_Generic.cs(478,20): error CS1061: 'MainWindow' does not contain a definition for 'TelemetryWarner' and no accessible extension method 'TelemetryWarner' accepting a first argument of type 'MainWindow' could be found (are you missing a using directive or an assembly reference?) [/home/runner/work/UniGetUI/UniGetUI/src/UniGetUI/UniGetUI.csproj]
/home/runner/work/UniGetUI/UniGetUI/src/UniGetUI/Pages/DialogPages/DialogHelper_Generic.cs(479,20): error CS1061: 'MainWindow' does not contain a definition for 'TelemetryWarner' and no accessible extension method 'TelemetryWarner' accepting a first argument of type 'MainWindow' could be found (are you missing a using directive or an assembly reference?) [/home/runner/work/UniGetUI/UniGetUI/src/UniGetUI/UniGetUI.csproj]
/home/runner/work/UniGetUI/UniGetUI/src/UniGetUI/Pages/DialogPages/DialogHelper_Generic.cs(488,33): error CS1061: 'MainWindow' does not contain a definition for 'TelemetryWarner' and no accessible extension method 'TelemetryWarner' accepting a first argument of type 'MainWindow' could be found (are you missing a using directive or an assembly reference?) [/home/runner/work/UniGetUI/UniGetUI/src/UniGetUI/UniGetUI.csproj]
/home/runner/work/UniGetUI/UniGetUI/src/UniGetUI/Pages/DialogPages/DialogHelper_Generic.cs(497,16): error CS1061: 'MainWindow' does not contain a definition for 'TelemetryWarner' and no accessible extension method 'TelemetryWarner' accepting a first argument of type 'MainWindow' could be found (are you missing a using directive or an assembly reference?) [/home/runner/work/UniGetUI/UniGetUI/src/UniGetUI/UniGetUI.csproj]
/home/runner/work/UniGetUI/UniGetUI/src/UniGetUI/Pages/DialogPages/DialogHelper_Generic.cs(463,38): warning CS8602: Dereference of a possibly null reference. [/home/runner/work/UniGetUI/UniGetUI/src/UniGetUI/UniGetUI.csproj]
/home/runner/work/UniGetUI/UniGetUI/src/UniGetUI/Pages/DialogPages/DialogHelper_Generic.cs(509,16): error CS1061: 'Window' does not contain a definition for 'CloseButtonText' and no accessible extension method 'CloseButtonText' accepting a first argument of type 'Window' could be found (are you missing a using directive or an assembly reference?) [/home/runner/work/UniGetUI/UniGetUI/src/UniGetUI/UniGetUI.csproj]
/home/runner/work/UniGetUI/UniGetUI/src/UniGetUI/Pages/DialogPages/DialogHelper_Generic.cs(511,46): error CS0029: Cannot implicitly convert type 'UniGetUI.Interface.ContentDialogResult' to 'bool?' [/home/runner/work/UniGetUI/UniGetUI/src/UniGetUI/UniGetUI.csproj]
/home/runner/work/UniGetUI/UniGetUI/src/UniGetUI/Pages/DialogPages/DialogHelper_Generic.cs(539,16): error CS1061: 'Window' does not contain a definition for 'CloseButtonText' and no accessible extension method 'CloseButtonText' accepting a first argument of type 'Window' could be found (are you missing a using directive or an assembly reference?) [/home/runner/work/UniGetUI/UniGetUI/src/UniGetUI/UniGetUI.csproj]
/home/runner/work/UniGetUI/UniGetUI/src/UniGetUI/Pages/DialogPages/DialogHelper_Generic.cs(542,22): error CS0029: Cannot implicitly convert type 'UniGetUI.Interface.ContentDialogResult' to 'bool?' [/home/runner/work/UniGetUI/UniGetUI/src/UniGetUI/UniGetUI.csproj]
/home/runner/work/UniGetUI/UniGetUI/src/UniGetUI/Pages/DialogPages/DialogHelper_Generic.cs(542,58): error CS1061: 'MainWindow' does not contain a definition for 'NavigationPage' and no accessible extension method 'NavigationPage' accepting a first argument of type 'MainWindow' could be found (are you missing a using directive or an assembly reference?) [/home/runner/work/UniGetUI/UniGetUI/src/UniGetUI/UniGetUI.csproj]
/home/runner/work/UniGetUI/UniGetUI/src/UniGetUI/Pages/DialogPages/DialogHelper_Generic.cs(543,27): error CS0029: Cannot implicitly convert type 'UniGetUI.Interface.ContentDialogResult' to 'bool?' [/home/runner/work/UniGetUI/UniGetUI/src/UniGetUI/UniGetUI.csproj]
/home/runner/work/UniGetUI/UniGetUI/src/UniGetUI/Pages/DialogPages/DialogHelper_Generic.cs(543,65): error CS1061: 'MainWindow' does not contain a definition for 'NavigationPage' and no accessible extension method 'NavigationPage' accepting a first argument of type 'MainWindow' could be found (are you missing a using directive or an assembly reference?) [/home/runner/work/UniGetUI/UniGetUI/src/UniGetUI/UniGetUI.csproj]
/home/runner/work/UniGetUI/UniGetUI/src/UniGetUI/Pages/DialogPages/DialogHelper_Generic.cs(548,16): error CS1061: 'MainWindow' does not contain a definition for 'DismissableNotification' and no accessible extension method 'DismissableNotification' accepting a first argument of type 'MainWindow' could be found (are you missing a using directive or an assembly reference?) [/home/runner/work/UniGetUI/UniGetUI/src/UniGetUI/UniGetUI.csproj]
/home/runner/work/UniGetUI/UniGetUI/src/UniGetUI/Pages/DialogPages/DialogHelper_Generic.cs(549,16): error CS1061: 'MainWindow' does not contain a definition for 'DismissableNotification' and no accessible extension method 'DismissableNotification' accepting a first argument of type 'MainWindow' could be found (are you missing a using directive or an assembly reference?) [/home/runner/work/UniGetUI/UniGetUI/src/UniGetUI/UniGetUI.csproj]
/home/runner/work/UniGetUI/UniGetUI/src/UniGetUI/Pages/DialogPages/DialogHelper_Generic.cs(550,16): error CS1061: 'MainWindow' does not contain a definition for 'DismissableNotification' and no accessible extension method 'DismissableNotification' accepting a first argument of type 'MainWindow' could be found (are you missing a using directive or an assembly reference?) [/home/runner/work/UniGetUI/UniGetUI/src/UniGetUI/UniGetUI.csproj]
/home/runner/work/UniGetUI/UniGetUI/src/UniGetUI/Pages/DialogPages/PackageDetailsPage.xaml.cs(552,21): error CS0103: The name 'RightPanel' does not exist in the current context [/home/runner/work/UniGetUI/UniGetUI/src/UniGetUI/UniGetUI.csproj]
/home/runner/work/UniGetUI/UniGetUI/src/UniGetUI/Pages/DialogPages/PackageDetailsPage.xaml.cs(577,36): error CS0103: The name 'RightPanel' does not exist in the current context [/home/runner/work/UniGetUI/UniGetUI/src/UniGetUI/UniGetUI.csproj]
/home/runner/work/UniGetUI/UniGetUI/src/UniGetUI/Pages/DialogPages/PackageDetailsPage.xaml.cs(584,33): error CS0103: The name 'RightPanel' does not exist in the current context [/home/runner/work/UniGetUI/UniGetUI/src/UniGetUI/UniGetUI.csproj]
/home/runner/work/UniGetUI/UniGetUI/src/UniGetUI/Pages/DialogPages/PackageDetailsPage.xaml.cs(587,21): error CS0103: The name 'RightPanel' does not exist in the current context [/home/runner/work/UniGetUI/UniGetUI/src/UniGetUI/UniGetUI.csproj]
/home/runner/work/UniGetUI/UniGetUI/src/UniGetUI/Pages/DialogPages/PackageDetailsPage.xaml.cs(605,21): error CS0103: The name 'RightPanel' does not exist in the current context [/home/runner/work/UniGetUI/UniGetUI/src/UniGetUI/UniGetUI.csproj]
/home/runner/work/UniGetUI/UniGetUI/src/UniGetUI/Pages/DialogPages/PackageDetailsPage.xaml.cs(606,21): error CS0103: The name 'RightPanel' does not exist in the current context [/home/runner/work/UniGetUI/UniGetUI/src/UniGetUI/UniGetUI.csproj]
/home/runner/work/UniGetUI/UniGetUI/src/UniGetUI/Pages/DialogPages/PackageDetailsPage.xaml.cs(612,43): error CS0103: The name 'RightPanel' does not exist in the current context [/home/runner/work/UniGetUI/UniGetUI/src/UniGetUI/UniGetUI.csproj]
/home/runner/work/UniGetUI/UniGetUI/src/UniGetUI/Pages/DialogPages/DialogHelper_Generic.cs(560,16): error CS1061: 'Window' does not contain a definition for 'IsPrimaryButtonEnabled' and no accessible extension method 'IsPrimaryButtonEnabled' accepting a first argument of type 'Window' could be found (are you missing a using directive or an assembly reference?) [/home/runner/work/UniGetUI/UniGetUI/src/UniGetUI/UniGetUI.csproj]
/home/runner/work/UniGetUI/UniGetUI/src/UniGetUI/Pages/DialogPages/DialogHelper_Generic.cs(562,9): error CS0246: The type or namespace name 'RadioButtons' could not be found (are you missing a using directive or an assembly reference?) [/home/runner/work/UniGetUI/UniGetUI/src/UniGetUI/UniGetUI.csproj]
/home/runner/work/UniGetUI/UniGetUI/src/UniGetUI/Pages/DialogPages/DialogHelper_Generic.cs(562,36): error CS0246: The type or namespace name 'RadioButtons' could not be found (are you missing a using directive or an assembly reference?) [/home/runner/work/UniGetUI/UniGetUI/src/UniGetUI/UniGetUI.csproj]
/home/runner/work/UniGetUI/UniGetUI/src/UniGetUI/Pages/DialogPages/DialogHelper_Generic.cs(580,21): error CS0117: 'ScrollViewer' does not contain a definition for 'HorizontalScrollMode' [/home/runner/work/UniGetUI/UniGetUI/src/UniGetUI/UniGetUI.csproj]
/home/runner/work/UniGetUI/UniGetUI/src/UniGetUI/Pages/DialogPages/DialogHelper_Generic.cs(580,44): error CS0103: The name 'ScrollMode' does not exist in the current context [/home/runner/work/UniGetUI/UniGetUI/src/UniGetUI/UniGetUI.csproj]
/home/runner/work/UniGetUI/UniGetUI/src/UniGetUI/Pages/DialogPages/DialogHelper_Generic.cs(585,45): error CS0029: Cannot implicitly convert type 'UniGetUI.Interface.ContentDialogResult' to 'bool?' [/home/runner/work/UniGetUI/UniGetUI/src/UniGetUI/UniGetUI.csproj]
/home/runner/work/UniGetUI/UniGetUI/src/UniGetUI/Pages/DialogPages/DialogHelper_Generic.cs(604,44): error CS0029: Cannot implicitly convert type 'UniGetUI.Interface.ContentDialogResult' to 'bool?' [/home/runner/work/UniGetUI/UniGetUI/src/UniGetUI/UniGetUI.csproj]
/home/runner/work/UniGetUI/UniGetUI/src/UniGetUI/Pages/DialogPages/DialogHelper_Infrastructure.cs(181,20): error CS1061: 'Window' does not contain a definition for 'RequestedTheme' and no accessible extension method 'RequestedTheme' accepting a first argument of type 'Window' could be found (are you missing a using directive or an assembly reference?) [/home/runner/work/UniGetUI/UniGetUI/src/UniGetUI/UniGetUI.csproj]
/home/runner/work/UniGetUI/UniGetUI/src/UniGetUI/Pages/DialogPages/DialogHelper_Infrastructure.cs(181,60): error CS1061: 'Grid' does not contain a definition for 'RequestedTheme' and no accessible extension method 'RequestedTheme' accepting a first argument of type 'Grid' could be found (are you missing a using directive or an assembly reference?) [/home/runner/work/UniGetUI/UniGetUI/src/UniGetUI/UniGetUI.csproj]
/home/runner/work/UniGetUI/UniGetUI/src/UniGetUI/Pages/DialogPages/DialogHelper_Infrastructure.cs(184,41): error CS1061: 'Window' does not contain a definition for 'ShowAsync' and no accessible extension method 'ShowAsync' accepting a first argument of type 'Window' could be found (are you missing a using directive or an assembly reference?) [/home/runner/work/UniGetUI/UniGetUI/src/UniGetUI/UniGetUI.csproj]
/home/runner/work/UniGetUI/UniGetUI/src/UniGetUI/Pages/DialogPages/DialogHelper_Infrastructure.cs(196,20): error CS0029: Cannot implicitly convert type 'UniGetUI.Interface.ContentDialogResult' to 'bool?' [/home/runner/work/UniGetUI/UniGetUI/src/UniGetUI/UniGetUI.csproj]
/home/runner/work/UniGetUI/UniGetUI/src/UniGetUI/Pages/DialogPages/DialogHelper_Infrastructure.cs(205,30): error CS0246: The type or namespace name 'ScrollView' could not be found (are you missing a using directive or an assembly reference?) [/home/runner/work/UniGetUI/UniGetUI/src/UniGetUI/UniGetUI.csproj]
/home/runner/work/UniGetUI/UniGetUI/src/UniGetUI/Pages/DialogPages/DialogHelper_Infrastructure.cs(242,20): error CS1061: 'Window' does not contain a definition for 'SecondaryButtonClick' and no accessible extension method 'SecondaryButtonClick' accepting a first argument of type 'Window' could be found (are you missing a using directive or an assembly reference?) [/home/runner/work/UniGetUI/UniGetUI/src/UniGetUI/UniGetUI.csproj]
/home/runner/work/UniGetUI/UniGetUI/src/UniGetUI/Pages/SoftwarePages/AbstractPackagesPage.xaml.cs(1455,43): warning CS8602: Dereference of a possibly null reference. [/home/runner/work/UniGetUI/UniGetUI/src/UniGetUI/UniGetUI.csproj]
/home/runner/work/UniGetUI/UniGetUI/src/UniGetUI/Pages/DialogPages/DialogHelper_Packages.cs(31,33): error CS0103: The name 'ContentDialogResult' does not exist in the current context [/home/runner/work/UniGetUI/UniGetUI/src/UniGetUI/UniGetUI.csproj]
/home/runner/work/UniGetUI/UniGetUI/src/UniGetUI/Pages/DialogPages/DialogHelper_Packages.cs(41,32): error CS0246: The type or namespace name 'ContentDialogResult' could not be found (are you missing a using directive or an assembly reference?) [/home/runner/work/UniGetUI/UniGetUI/src/UniGetUI/UniGetUI.csproj]
/home/runner/work/UniGetUI/UniGetUI/src/UniGetUI/Pages/DialogPages/DialogHelper_Packages.cs(52,29): error CS0103: The name 'ContentDialogResult' does not exist in the current context [/home/runner/work/UniGetUI/UniGetUI/src/UniGetUI/UniGetUI.csproj]
/home/runner/work/UniGetUI/UniGetUI/src/UniGetUI/Pages/DialogPages/DialogHelper_Packages.cs(102,49): error CS0246: The type or namespace name 'ContentDialogResult' could not be found (are you missing a using directive or an assembly reference?) [/home/runner/work/UniGetUI/UniGetUI/src/UniGetUI/UniGetUI.csproj]
/home/runner/work/UniGetUI/UniGetUI/src/UniGetUI/Pages/DialogPages/DialogHelper_Packages.cs(140,28): error CS0246: The type or namespace name 'ScrollView' could not be found (are you missing a using directive or an assembly reference?) [/home/runner/work/UniGetUI/UniGetUI/src/UniGetUI/UniGetUI.csproj]
/home/runner/work/UniGetUI/UniGetUI/src/UniGetUI/Pages/DialogPages/DialogHelper_Packages.cs(144,49): error CS0246: The type or namespace name 'ContentDialogResult' could not be found (are you missing a using directive or an assembly reference?) [/home/runner/work/UniGetUI/UniGetUI/src/UniGetUI/UniGetUI.csproj]
/home/runner/work/UniGetUI/UniGetUI/src/UniGetUI/Pages/DialogPages/DialogHelper_Packages.cs(158,37): error CS1061: 'MainWindow' does not contain a definition for 'Avalonia' and no accessible extension method 'Avalonia' accepting a first argument of type 'MainWindow' could be found (are you missing a using directive or an assembly reference?) [/home/runner/work/UniGetUI/UniGetUI/src/UniGetUI/UniGetUI.csproj]
/home/runner/work/UniGetUI/UniGetUI/src/UniGetUI/Pages/DialogPages/InstallOptions_Package.xaml.cs(47,13): error CS0103: The name 'KillProcessesThatWontDie' does not exist in the current context [/home/runner/work/UniGetUI/UniGetUI/src/UniGetUI/UniGetUI.csproj]
/home/runner/work/UniGetUI/UniGetUI/src/UniGetUI/Pages/DialogPages/InstallOptions_Package.xaml.cs(63,13): error CS0103: The name 'FollowGlobalOptionsSwitch' does not exist in the current context [/home/runner/work/UniGetUI/UniGetUI/src/UniGetUI/UniGetUI.csproj]
/home/runner/work/UniGetUI/UniGetUI/src/UniGetUI/Pages/DialogPages/InstallOptions_Package.xaml.cs(64,13): error CS0103: The name 'FollowGlobalOptionsSwitch' does not exist in the current context [/home/runner/work/UniGetUI/UniGetUI/src/UniGetUI/UniGetUI.csproj]
/home/runner/work/UniGetUI/UniGetUI/src/UniGetUI/Pages/DialogPages/InstallOptions_Package.xaml.cs(85,13): error CS0103: The name 'PlaceholderText' does not exist in the current context [/home/runner/work/UniGetUI/UniGetUI/src/UniGetUI/UniGetUI.csproj]
/home/runner/work/UniGetUI/UniGetUI/src/UniGetUI/Pages/DialogPages/InstallOptions_Package.xaml.cs(87,13): error CS0103: The name 'KillProcessesLabel' does not exist in the current context [/home/runner/work/UniGetUI/UniGetUI/src/UniGetUI/UniGetUI.csproj]
/home/runner/work/UniGetUI/UniGetUI/src/UniGetUI/Pages/DialogPages/InstallOptions_Package.xaml.cs(88,13): error CS0103: The name 'KillProcessesBox' does not exist in the current context [/home/runner/work/UniGetUI/UniGetUI/src/UniGetUI/UniGetUI.csproj]
/home/runner/work/UniGetUI/UniGetUI/src/UniGetUI/Pages/DialogPages/InstallOptions_Package.xaml.cs(94,13): error CS0103: The name 'HashCheckbox' does not exist in the current context [/home/runner/work/UniGetUI/UniGetUI/src/UniGetUI/UniGetUI.csproj]
/home/runner/work/UniGetUI/UniGetUI/src/UniGetUI/Pages/DialogPages/InstallOptions_Package.xaml.cs(95,13): error CS0103: The name 'UninstallPreviousOnUpdate' does not exist in the current context [/home/runner/work/UniGetUI/UniGetUI/src/UniGetUI/UniGetUI.csproj]
/home/runner/work/UniGetUI/UniGetUI/src/UniGetUI/Pages/DialogPages/InstallOptions_Package.xaml.cs(114,17): error CS0103: The name 'IgnoreUpdatesCheckbox' does not exist in the current context [/home/runner/work/UniGetUI/UniGetUI/src/UniGetUI/UniGetUI.csproj]
/home/runner/work/UniGetUI/UniGetUI/src/UniGetUI/Pages/DialogPages/InstallOptions_Package.xaml.cs(134,13): error CS0103: The name 'SkipMinorUpdatesCheckbox' does not exist in the current context [/home/runner/work/UniGetUI/UniGetUI/src/UniGetUI/UniGetUI.csproj]
/home/runner/work/UniGetUI/UniGetUI/src/UniGetUI/Pages/DialogPages/InstallOptions_Package.xaml.cs(142,17): error CS0103: The name 'VersionProgress' does not exist in the current context [/home/runner/work/UniGetUI/UniGetUI/src/UniGetUI/UniGetUI.csproj]
/home/runner/work/UniGetUI/UniGetUI/src/UniGetUI/Pages/DialogPages/InstallOptions_Package.xaml.cs(145,13): error CS0103: The name 'ScopeCombo' does not exist in the current context [/home/runner/work/UniGetUI/UniGetUI/src/UniGetUI/UniGetUI.csproj]
/home/runner/work/UniGetUI/UniGetUI/src/UniGetUI/Pages/DialogPages/InstallOptions_Package.xaml.cs(146,13): error CS0103: The name 'ScopeCombo' does not exist in the current context [/home/runner/work/UniGetUI/UniGetUI/src/UniGetUI/UniGetUI.csproj]
/home/runner/work/UniGetUI/UniGetUI/src/UniGetUI/Pages/DialogPages/InstallOptions_Package.xaml.cs(149,17): error CS0103: The name 'ScopeCombo' does not exist in the current context [/home/runner/work/UniGetUI/UniGetUI/src/UniGetUI/UniGetUI.csproj]
/home/runner/work/UniGetUI/UniGetUI/src/UniGetUI/Pages/DialogPages/InstallOptions_Package.xaml.cs(152,21): error CS0103: The name 'ScopeCombo' does not exist in the current context [/home/runner/work/UniGetUI/UniGetUI/src/UniGetUI/UniGetUI.csproj]
/home/runner/work/UniGetUI/UniGetUI/src/UniGetUI/Pages/DialogPages/InstallOptions_Package.xaml.cs(155,17): error CS0103: The name 'ScopeCombo' does not exist in the current context [/home/runner/work/UniGetUI/UniGetUI/src/UniGetUI/UniGetUI.csproj]
/home/runner/work/UniGetUI/UniGetUI/src/UniGetUI/Pages/DialogPages/InstallOptions_Package.xaml.cs(158,21): error CS0103: The name 'ScopeCombo' does not exist in the current context [/home/runner/work/UniGetUI/UniGetUI/src/UniGetUI/UniGetUI.csproj]
/home/runner/work/UniGetUI/UniGetUI/src/UniGetUI/Pages/DialogPages/InstallOptions_Package.xaml.cs(167,54): error CS0103: The name 'CustomInstallLocation' does not exist in the current context [/home/runner/work/UniGetUI/UniGetUI/src/UniGetUI/UniGetUI.csproj]
/home/runner/work/UniGetUI/UniGetUI/src/UniGetUI/Pages/DialogPages/InstallOptions_Package.xaml.cs(168,18): error CS0103: The name 'CustomInstallLocation' does not exist in the current context [/home/runner/work/UniGetUI/UniGetUI/src/UniGetUI/UniGetUI.csproj]
/home/runner/work/UniGetUI/UniGetUI/src/UniGetUI/Pages/DialogPages/InstallOptions_Package.xaml.cs(170,13): error CS0103: The name 'CustomParameters1' does not exist in the current context [/home/runner/work/UniGetUI/UniGetUI/src/UniGetUI/UniGetUI.csproj]
/home/runner/work/UniGetUI/UniGetUI/src/UniGetUI/Pages/DialogPages/InstallOptions_Package.xaml.cs(171,13): error CS0103: The name 'CustomParameters2' does not exist in the current context [/home/runner/work/UniGetUI/UniGetUI/src/UniGetUI/UniGetUI.csproj]
/home/runner/work/UniGetUI/UniGetUI/src/UniGetUI/Pages/DialogPages/InstallOptions_Package.xaml.cs(172,13): error CS0103: The name 'CustomParameters3' does not exist in the current context [/home/runner/work/UniGetUI/UniGetUI/src/UniGetUI/UniGetUI.csproj]
/home/runner/work/UniGetUI/UniGetUI/src/UniGetUI/Pages/DialogPages/InstallOptions_Package.xaml.cs(174,13): error CS0103: The name 'PreInstallCommandBox' does not exist in the current context [/home/runner/work/UniGetUI/UniGetUI/src/UniGetUI/UniGetUI.csproj]
/home/runner/work/UniGetUI/UniGetUI/src/UniGetUI/Pages/DialogPages/InstallOptions_Package.xaml.cs(175,13): error CS0103: The name 'PostInstallCommandBox' does not exist in the current context [/home/runner/work/UniGetUI/UniGetUI/src/UniGetUI/UniGetUI.csproj]
/home/runner/work/UniGetUI/UniGetUI/src/UniGetUI/Pages/DialogPages/InstallOptions_Package.xaml.cs(176,13): error CS0103: The name 'PreUpdateCommandBox' does not exist in the current context [/home/runner/work/UniGetUI/UniGetUI/src/UniGetUI/UniGetUI.csproj]
/home/runner/work/UniGetUI/UniGetUI/src/UniGetUI/Pages/DialogPages/InstallOptions_Package.xaml.cs(177,13): error CS0103: The name 'PostUpdateCommandBox' does not exist in the current context [/home/runner/work/UniGetUI/UniGetUI/src/UniGetUI/UniGetUI.csproj]
/home/runner/work/UniGetUI/UniGetUI/src/UniGetUI/Pages/DialogPages/InstallOptions_Package.xaml.cs(178,13): error CS0103: The name 'PreUninstallCommandBox' does not exist in the current context [/home/runner/work/UniGetUI/UniGetUI/src/UniGetUI/UniGetUI.csproj]
/home/runner/work/UniGetUI/UniGetUI/src/UniGetUI/Pages/DialogPages/InstallOptions_Package.xaml.cs(179,13): error CS0103: The name 'PostUninstallCommandBox' does not exist in the current context [/home/runner/work/UniGetUI/UniGetUI/src/UniGetUI/UniGetUI.csproj]
/home/runner/work/UniGetUI/UniGetUI/src/UniGetUI/Pages/DialogPages/InstallOptions_Package.xaml.cs(180,13): error CS0103: The name 'AbortInsFailedCheck' does not exist in the current context [/home/runner/work/UniGetUI/UniGetUI/src/UniGetUI/UniGetUI.csproj]
/home/runner/work/UniGetUI/UniGetUI/src/UniGetUI/Pages/DialogPages/InstallOptions_Package.xaml.cs(181,13): error CS0103: The name 'AbortUpdFailedCheck' does not exist in the current context [/home/runner/work/UniGetUI/UniGetUI/src/UniGetUI/UniGetUI.csproj]
/home/runner/work/UniGetUI/UniGetUI/src/UniGetUI/Pages/DialogPages/InstallOptions_Package.xaml.cs(182,13): error CS0103: The name 'AbortUniFailedCheck' does not exist in the current context [/home/runner/work/UniGetUI/UniGetUI/src/UniGetUI/UniGetUI.csproj]
/home/runner/work/UniGetUI/UniGetUI/src/UniGetUI/Pages/DialogPages/InstallOptions_Package.xaml.cs(120,32): warning CS8602: Dereference of a possibly null reference. [/home/runner/work/UniGetUI/UniGetUI/src/UniGetUI/UniGetUI.csproj]
/home/runner/work/UniGetUI/UniGetUI/src/UniGetUI/Pages/DialogPages/DialogHelper_Packages.cs(190,17): error CS0117: 'Window' does not contain a definition for 'CloseButtonText' [/home/runner/work/UniGetUI/UniGetUI/src/UniGetUI/UniGetUI.csproj]
/home/runner/work/UniGetUI/UniGetUI/src/UniGetUI/Pages/DialogPages/DialogHelper_Packages.cs(191,17): error CS0117: 'Window' does not contain a definition for 'DefaultButton' [/home/runner/work/UniGetUI/UniGetUI/src/UniGetUI/UniGetUI.csproj]
/home/runner/work/UniGetUI/UniGetUI/src/UniGetUI/Pages/DialogPages/DialogHelper_Packages.cs(191,33): error CS0103: The name 'ContentDialogButton' does not exist in the current context [/home/runner/work/UniGetUI/UniGetUI/src/UniGetUI/UniGetUI.csproj]
/home/runner/work/UniGetUI/UniGetUI/src/UniGetUI/Pages/DialogPages/DialogHelper_Packages.cs(192,17): error CS0117: 'Window' does not contain a definition for 'XamlRoot' [/home/runner/work/UniGetUI/UniGetUI/src/UniGetUI/UniGetUI.csproj]
/home/runner/work/UniGetUI/UniGetUI/src/UniGetUI/Pages/DialogPages/DialogHelper_Packages.cs(192,64): error CS1061: 'object' does not contain a definition for 'XamlRoot' and no accessible extension method 'XamlRoot' accepting a first argument of type 'object' could be found (are you missing a using directive or an assembly reference?) [/home/runner/work/UniGetUI/UniGetUI/src/UniGetUI/UniGetUI.csproj]
/home/runner/work/UniGetUI/UniGetUI/src/UniGetUI/Pages/DialogPages/DialogHelper_Packages.cs(268,33): warning CS8602: Dereference of a possibly null reference. [/home/runner/work/UniGetUI/UniGetUI/src/UniGetUI/UniGetUI.csproj]
/home/runner/work/UniGetUI/UniGetUI/src/UniGetUI/Pages/DialogPages/DialogHelper_Packages.cs(268,26): warning CS8600: Converting null literal or possible null value to non-nullable type. [/home/runner/work/UniGetUI/UniGetUI/src/UniGetUI/UniGetUI.csproj]
/home/runner/work/UniGetUI/UniGetUI/src/UniGetUI/Pages/DialogPages/DialogHelper_Packages.cs(326,24): error CS0117: 'DialogHelper' does not contain a definition for 'ShowErrorDialog' [/home/runner/work/UniGetUI/UniGetUI/src/UniGetUI/UniGetUI.csproj]
/home/runner/work/UniGetUI/UniGetUI/src/UniGetUI/Pages/DialogPages/DialogHelper_Packages.cs(326,5): error CS4033: The 'await' operator can only be used within an async method. Consider marking this method with the 'async' modifier and changing its return type to 'Task'. [/home/runner/work/UniGetUI/UniGetUI/src/UniGetUI/UniGetUI.csproj]
/home/runner/work/UniGetUI/UniGetUI/src/UniGetUI/Pages/DialogPages/DialogHelper_Packages.cs(355,62): error CS0246: The type or namespace name 'ContentDialogResult' could not be found (are you missing a using directive or an assembly reference?) [/home/runner/work/UniGetUI/UniGetUI/src/UniGetUI/UniGetUI.csproj]
/home/runner/work/UniGetUI/UniGetUI/src/UniGetUI/Pages/DialogPages/DialogHelper_Infrastructure.cs(28,17): error CS0117: 'Window' does not contain a definition for 'XamlRoot' [/home/runner/work/UniGetUI/UniGetUI/src/UniGetUI/UniGetUI.csproj]
/home/runner/work/UniGetUI/UniGetUI/src/UniGetUI/Pages/DialogPages/DialogHelper_Infrastructure.cs(28,51): error CS1061: 'Grid' does not contain a definition for 'XamlRoot' and no accessible extension method 'XamlRoot' accepting a first argument of type 'Grid' could be found (are you missing a using directive or an assembly reference?) [/home/runner/work/UniGetUI/UniGetUI/src/UniGetUI/UniGetUI.csproj]
/home/runner/work/UniGetUI/UniGetUI/src/UniGetUI/Pages/DialogPages/DialogHelper_Infrastructure.cs(29,17): error CS0118: 'Style' is a type but is used like a variable [/home/runner/work/UniGetUI/UniGetUI/src/UniGetUI/UniGetUI.csproj]
/home/runner/work/UniGetUI/UniGetUI/src/UniGetUI/Pages/DialogPages/DialogHelper_Infrastructure.cs(29,17): error CS0747: Invalid initializer member declarator [/home/runner/work/UniGetUI/UniGetUI/src/UniGetUI/UniGetUI.csproj]
/home/runner/work/UniGetUI/UniGetUI/src/UniGetUI/Pages/DialogPages/DialogHelper_Infrastructure.cs(29,42): warning CS8602: Dereference of a possibly null reference. [/home/runner/work/UniGetUI/UniGetUI/src/UniGetUI/UniGetUI.csproj]
/home/runner/work/UniGetUI/UniGetUI/src/UniGetUI/Pages/DialogPages/InstallOptions_Package.xaml.cs(203,16): error CS0103: The name 'FollowGlobalOptionsSwitch' does not exist in the current context [/home/runner/work/UniGetUI/UniGetUI/src/UniGetUI/UniGetUI.csproj]
/home/runner/work/UniGetUI/UniGetUI/src/UniGetUI/Pages/DialogPages/InstallOptions_Package.xaml.cs(205,17): error CS0103: The name 'OptionsPanel0' does not exist in the current context [/home/runner/work/UniGetUI/UniGetUI/src/UniGetUI/UniGetUI.csproj]
/home/runner/work/UniGetUI/UniGetUI/src/UniGetUI/Pages/DialogPages/InstallOptions_Package.xaml.cs(206,17): error CS0103: The name 'SettingsSwitchPresenter' does not exist in the current context [/home/runner/work/UniGetUI/UniGetUI/src/UniGetUI/UniGetUI.csproj]
/home/runner/work/UniGetUI/UniGetUI/src/UniGetUI/Pages/DialogPages/InstallOptions_Package.xaml.cs(207,17): error CS0103: The name 'SettingsTabBar' does not exist in the current context [/home/runner/work/UniGetUI/UniGetUI/src/UniGetUI/UniGetUI.csproj]
/home/runner/work/UniGetUI/UniGetUI/src/UniGetUI/Pages/DialogPages/InstallOptions_Package.xaml.cs(208,17): error CS0103: The name 'OptionsPanelBase' does not exist in the current context [/home/runner/work/UniGetUI/UniGetUI/src/UniGetUI/UniGetUI.csproj]
/home/runner/work/UniGetUI/UniGetUI/src/UniGetUI/Pages/DialogPages/InstallOptions_Package.xaml.cs(209,17): error CS0103: The name 'PlaceholderBanner' does not exist in the current context [/home/runner/work/UniGetUI/UniGetUI/src/UniGetUI/UniGetUI.csproj]
/home/runner/work/UniGetUI/UniGetUI/src/UniGetUI/Pages/DialogPages/InstallOptions_Package.xaml.cs(213,17): error CS0103: The name 'OptionsPanel0' does not exist in the current context [/home/runner/work/UniGetUI/UniGetUI/src/UniGetUI/UniGetUI.csproj]
/home/runner/work/UniGetUI/UniGetUI/src/UniGetUI/Pages/DialogPages/InstallOptions_Package.xaml.cs(214,17): error CS0103: The name 'SettingsSwitchPresenter' does not exist in the current context [/home/runner/work/UniGetUI/UniGetUI/src/UniGetUI/UniGetUI.csproj]
/home/runner/work/UniGetUI/UniGetUI/src/UniGetUI/Pages/DialogPages/InstallOptions_Package.xaml.cs(215,17): error CS0103: The name 'SettingsTabBar' does not exist in the current context [/home/runner/work/UniGetUI/UniGetUI/src/UniGetUI/UniGetUI.csproj]
/home/runner/work/UniGetUI/UniGetUI/src/UniGetUI/Pages/DialogPages/InstallOptions_Package.xaml.cs(216,17): error CS0103: The name 'OptionsPanelBase' does not exist in the current context [/home/runner/work/UniGetUI/UniGetUI/src/UniGetUI/UniGetUI.csproj]
/home/runner/work/UniGetUI/UniGetUI/src/UniGetUI/Pages/DialogPages/InstallOptions_Package.xaml.cs(217,17): error CS0103: The name 'PlaceholderBanner' does not exist in the current context [/home/runner/work/UniGetUI/UniGetUI/src/UniGetUI/UniGetUI.csproj]
/home/runner/work/UniGetUI/UniGetUI/src/UniGetUI/Pages/DialogPages/InstallOptions_Package.xaml.cs(221,17): error CS0103: The name 'HashCheckbox' does not exist in the current context [/home/runner/work/UniGetUI/UniGetUI/src/UniGetUI/UniGetUI.csproj]
/home/runner/work/UniGetUI/UniGetUI/src/UniGetUI/Pages/DialogPages/InstallOptions_Package.xaml.cs(225,17): error CS0103: The name 'UninstallPreviousOnUpdate' does not exist in the current context [/home/runner/work/UniGetUI/UniGetUI/src/UniGetUI/UniGetUI.csproj]
/home/runner/work/UniGetUI/UniGetUI/src/UniGetUI/Pages/DialogPages/InstallOptions_Package.xaml.cs(226,17): error CS0103: The name 'UninstallPreviousOnUpdate' does not exist in the current context [/home/runner/work/UniGetUI/UniGetUI/src/UniGetUI/UniGetUI.csproj]
/home/runner/work/UniGetUI/UniGetUI/src/UniGetUI/Pages/DialogPages/InstallOptions_Package.xaml.cs(235,17): error CS0103: The name 'ScopeCombo' does not exist in the current context [/home/runner/work/UniGetUI/UniGetUI/src/UniGetUI/UniGetUI.csproj]
/home/runner/work/UniGetUI/UniGetUI/src/UniGetUI/Pages/DialogPages/InstallOptions_Package.xaml.cs(236,17): error CS0103: The name 'ResetDir' does not exist in the current context [/home/runner/work/UniGetUI/UniGetUI/src/UniGetUI/UniGetUI.csproj]
/home/runner/work/UniGetUI/UniGetUI/src/UniGetUI/Pages/DialogPages/InstallOptions_Package.xaml.cs(237,17): error CS0103: The name 'SelectDir' does not exist in the current context [/home/runner/work/UniGetUI/UniGetUI/src/UniGetUI/UniGetUI.csproj]
/home/runner/work/UniGetUI/UniGetUI/src/UniGetUI/Pages/DialogPages/InstallOptions_Package.xaml.cs(241,13): error CS0103: The name 'CustomParameters1' does not exist in the current context [/home/runner/work/UniGetUI/UniGetUI/src/UniGetUI/UniGetUI.csproj]
/home/runner/work/UniGetUI/UniGetUI/src/UniGetUI/Pages/DialogPages/InstallOptions_Package.xaml.cs(242,13): error CS0103: The name 'CustomParameters2' does not exist in the current context [/home/runner/work/UniGetUI/UniGetUI/src/UniGetUI/UniGetUI.csproj]
/home/runner/work/UniGetUI/UniGetUI/src/UniGetUI/Pages/DialogPages/InstallOptions_Package.xaml.cs(243,13): error CS0103: The name 'CustomParameters3' does not exist in the current context [/home/runner/work/UniGetUI/UniGetUI/src/UniGetUI/UniGetUI.csproj]
/home/runner/work/UniGetUI/UniGetUI/src/UniGetUI/Pages/DialogPages/InstallOptions_Package.xaml.cs(244,13): error CS0103: The name 'CustomParametersLabel1' does not exist in the current context [/home/runner/work/UniGetUI/UniGetUI/src/UniGetUI/UniGetUI.csproj]
/home/runner/work/UniGetUI/UniGetUI/src/UniGetUI/Pages/DialogPages/InstallOptions_Package.xaml.cs(245,13): error CS0103: The name 'CustomParametersLabel2' does not exist in the current context [/home/runner/work/UniGetUI/UniGetUI/src/UniGetUI/UniGetUI.csproj]
/home/runner/work/UniGetUI/UniGetUI/src/UniGetUI/Pages/DialogPages/InstallOptions_Package.xaml.cs(246,13): error CS0103: The name 'CustomParametersLabel3' does not exist in the current context [/home/runner/work/UniGetUI/UniGetUI/src/UniGetUI/UniGetUI.csproj]
/home/runner/work/UniGetUI/UniGetUI/src/UniGetUI/Pages/DialogPages/InstallOptions_Package.xaml.cs(247,13): error CS0103: The name 'GoToCLISettings' does not exist in the current context [/home/runner/work/UniGetUI/UniGetUI/src/UniGetUI/UniGetUI.csproj]
/home/runner/work/UniGetUI/UniGetUI/src/UniGetUI/Pages/DialogPages/InstallOptions_Package.xaml.cs(248,13): error CS0103: The name 'CLIDisabled' does not exist in the current context [/home/runner/work/UniGetUI/UniGetUI/src/UniGetUI/UniGetUI.csproj]
/home/runner/work/UniGetUI/UniGetUI/src/UniGetUI/Pages/DialogPages/InstallOptions_Package.xaml.cs(251,13): error CS0103: The name 'PreInstallCommandBox' does not exist in the current context [/home/runner/work/UniGetUI/UniGetUI/src/UniGetUI/UniGetUI.csproj]
/home/runner/work/UniGetUI/UniGetUI/src/UniGetUI/Pages/DialogPages/InstallOptions_Package.xaml.cs(252,13): error CS0103: The name 'PostInstallCommandBox' does not exist in the current context [/home/runner/work/UniGetUI/UniGetUI/src/UniGetUI/UniGetUI.csproj]
/home/runner/work/UniGetUI/UniGetUI/src/UniGetUI/Pages/DialogPages/InstallOptions_Package.xaml.cs(253,13): error CS0103: The name 'AbortInsFailedCheck' does not exist in the current context [/home/runner/work/UniGetUI/UniGetUI/src/UniGetUI/UniGetUI.csproj]
/home/runner/work/UniGetUI/UniGetUI/src/UniGetUI/Pages/DialogPages/InstallOptions_Package.xaml.cs(254,13): error CS0103: The name 'PreUpdateCommandBox' does not exist in the current context [/home/runner/work/UniGetUI/UniGetUI/src/UniGetUI/UniGetUI.csproj]
/home/runner/work/UniGetUI/UniGetUI/src/UniGetUI/Pages/DialogPages/InstallOptions_Package.xaml.cs(255,13): error CS0103: The name 'PostUpdateCommandBox' does not exist in the current context [/home/runner/work/UniGetUI/UniGetUI/src/UniGetUI/UniGetUI.csproj]
/home/runner/work/UniGetUI/UniGetUI/src/UniGetUI/Pages/DialogPages/InstallOptions_Package.xaml.cs(256,13): error CS0103: The name 'AbortUpdFailedCheck' does not exist in the current context [/home/runner/work/UniGetUI/UniGetUI/src/UniGetUI/UniGetUI.csproj]
/home/runner/work/UniGetUI/UniGetUI/src/UniGetUI/Pages/DialogPages/InstallOptions_Package.xaml.cs(257,13): error CS0103: The name 'PreUninstallCommandBox' does not exist in the current context [/home/runner/work/UniGetUI/UniGetUI/src/UniGetUI/UniGetUI.csproj]
/home/runner/work/UniGetUI/UniGetUI/src/UniGetUI/Pages/DialogPages/InstallOptions_Package.xaml.cs(258,13): error CS0103: The name 'PostUninstallCommandBox' does not exist in the current context [/home/runner/work/UniGetUI/UniGetUI/src/UniGetUI/UniGetUI.csproj]
/home/runner/work/UniGetUI/UniGetUI/src/UniGetUI/Pages/DialogPages/InstallOptions_Package.xaml.cs(259,13): error CS0103: The name 'AbortUniFailedCheck' does not exist in the current context [/home/runner/work/UniGetUI/UniGetUI/src/UniGetUI/UniGetUI.csproj]
/home/runner/work/UniGetUI/UniGetUI/src/UniGetUI/Pages/DialogPages/InstallOptions_Package.xaml.cs(260,13): error CS0103: The name 'PeInsLabel' does not exist in the current context [/home/runner/work/UniGetUI/UniGetUI/src/UniGetUI/UniGetUI.csproj]
/home/runner/work/UniGetUI/UniGetUI/src/UniGetUI/Pages/DialogPages/InstallOptions_Package.xaml.cs(261,13): error CS0103: The name 'PoInsLabel' does not exist in the current context [/home/runner/work/UniGetUI/UniGetUI/src/UniGetUI/UniGetUI.csproj]
/home/runner/work/UniGetUI/UniGetUI/src/UniGetUI/Pages/DialogPages/InstallOptions_Package.xaml.cs(262,13): error CS0103: The name 'PeUpdLabel' does not exist in the current context [/home/runner/work/UniGetUI/UniGetUI/src/UniGetUI/UniGetUI.csproj]
/home/runner/work/UniGetUI/UniGetUI/src/UniGetUI/Pages/DialogPages/InstallOptions_Package.xaml.cs(263,13): error CS0103: The name 'PoUpdLabel' does not exist in the current context [/home/runner/work/UniGetUI/UniGetUI/src/UniGetUI/UniGetUI.csproj]
/home/runner/work/UniGetUI/UniGetUI/src/UniGetUI/Pages/DialogPages/InstallOptions_Package.xaml.cs(264,13): error CS0103: The name 'PeUniLabel' does not exist in the current context [/home/runner/work/UniGetUI/UniGetUI/src/UniGetUI/UniGetUI.csproj]
/home/runner/work/UniGetUI/UniGetUI/src/UniGetUI/Pages/DialogPages/InstallOptions_Package.xaml.cs(265,13): error CS0103: The name 'PoUniLabel' does not exist in the current context [/home/runner/work/UniGetUI/UniGetUI/src/UniGetUI/UniGetUI.csproj]
/home/runner/work/UniGetUI/UniGetUI/src/UniGetUI/Pages/DialogPages/InstallOptions_Package.xaml.cs(266,13): error CS0103: The name 'CustomCommandsHeaderExplainer' does not exist in the current context [/home/runner/work/UniGetUI/UniGetUI/src/UniGetUI/UniGetUI.csproj]
/home/runner/work/UniGetUI/UniGetUI/src/UniGetUI/Pages/DialogPages/InstallOptions_Package.xaml.cs(267,13): error CS0103: The name 'GoToPrePostSettings' does not exist in the current context [/home/runner/work/UniGetUI/UniGetUI/src/UniGetUI/UniGetUI.csproj]
/home/runner/work/UniGetUI/UniGetUI/src/UniGetUI/Pages/DialogPages/InstallOptions_Package.xaml.cs(268,13): error CS0103: The name 'PrePostDisabled' does not exist in the current context [/home/runner/work/UniGetUI/UniGetUI/src/UniGetUI/UniGetUI.csproj]
/home/runner/work/UniGetUI/UniGetUI/src/UniGetUI/Pages/DialogPages/InstallOptions_Package.xaml.cs(275,13): error CS0103: The name 'IgnoreUpdatesCheckbox' does not exist in the current context [/home/runner/work/UniGetUI/UniGetUI/src/UniGetUI/UniGetUI.csproj]
/home/runner/work/UniGetUI/UniGetUI/src/UniGetUI/Pages/DialogPages/InstallOptions_Package.xaml.cs(280,13): error CS0103: The name 'IgnoreUpdatesCheckbox' does not exist in the current context [/home/runner/work/UniGetUI/UniGetUI/src/UniGetUI/UniGetUI.csproj]
/home/runner/work/UniGetUI/UniGetUI/src/UniGetUI/Pages/DialogPages/InstallOptions_Package.xaml.cs(295,13): error CS0103: The name 'VersionProgress' does not exist in the current context [/home/runner/work/UniGetUI/UniGetUI/src/UniGetUI/UniGetUI.csproj]
/home/runner/work/UniGetUI/UniGetUI/src/UniGetUI/Pages/DialogPages/DialogHelper_Infrastructure.cs(45,32): error CS1061: 'MainWindow' does not contain a definition for 'NavigationPage' and no accessible extension method 'NavigationPage' accepting a first argument of type 'MainWindow' could be found (are you missing a using directive or an assembly reference?) [/home/runner/work/UniGetUI/UniGetUI/src/UniGetUI/UniGetUI.csproj]
/home/runner/work/UniGetUI/UniGetUI/src/UniGetUI/Pages/DialogPages/DialogHelper_Infrastructure.cs(46,37): error CS1061: 'MainWindow' does not contain a definition for 'NavigationPage' and no accessible extension method 'NavigationPage' accepting a first argument of type 'MainWindow' could be found (are you missing a using directive or an assembly reference?) [/home/runner/work/UniGetUI/UniGetUI/src/UniGetUI/UniGetUI.csproj]
/home/runner/work/UniGetUI/UniGetUI/src/UniGetUI/Pages/DialogPages/DialogHelper_Infrastructure.cs(47,40): error CS1061: 'MainWindow' does not contain a definition for 'NavigationPage' and no accessible extension method 'NavigationPage' accepting a first argument of type 'MainWindow' could be found (are you missing a using directive or an assembly reference?) [/home/runner/work/UniGetUI/UniGetUI/src/UniGetUI/UniGetUI.csproj]
/home/runner/work/UniGetUI/UniGetUI/src/UniGetUI/Pages/DialogPages/DialogHelper_Infrastructure.cs(49,32): error CS1061: 'MainWindow' does not contain a definition for 'NavigationPage' and no accessible extension method 'NavigationPage' accepting a first argument of type 'MainWindow' could be found (are you missing a using directive or an assembly reference?) [/home/runner/work/UniGetUI/UniGetUI/src/UniGetUI/UniGetUI.csproj]
/home/runner/work/UniGetUI/UniGetUI/src/UniGetUI/Pages/DialogPages/DialogHelper_Infrastructure.cs(50,37): error CS1061: 'MainWindow' does not contain a definition for 'NavigationPage' and no accessible extension method 'NavigationPage' accepting a first argument of type 'MainWindow' could be found (are you missing a using directive or an assembly reference?) [/home/runner/work/UniGetUI/UniGetUI/src/UniGetUI/UniGetUI.csproj]
/home/runner/work/UniGetUI/UniGetUI/src/UniGetUI/Pages/DialogPages/DialogHelper_Infrastructure.cs(51,40): error CS1061: 'MainWindow' does not contain a definition for 'NavigationPage' and no accessible extension method 'NavigationPage' accepting a first argument of type 'MainWindow' could be found (are you missing a using directive or an assembly reference?) [/home/runner/work/UniGetUI/UniGetUI/src/UniGetUI/UniGetUI.csproj]
/home/runner/work/UniGetUI/UniGetUI/src/UniGetUI/Pages/DialogPages/DialogHelper_Infrastructure.cs(53,59): error CS1061: 'MainWindow' does not contain a definition for 'NavigationPage' and no accessible extension method 'NavigationPage' accepting a first argument of type 'MainWindow' could be found (are you missing a using directive or an assembly reference?) [/home/runner/work/UniGetUI/UniGetUI/src/UniGetUI/UniGetUI.csproj]
/home/runner/work/UniGetUI/UniGetUI/src/UniGetUI/Pages/DialogPages/DialogHelper_Infrastructure.cs(54,60): error CS1061: 'MainWindow' does not contain a definition for 'NavigationPage' and no accessible extension method 'NavigationPage' accepting a first argument of type 'MainWindow' could be found (are you missing a using directive or an assembly reference?) [/home/runner/work/UniGetUI/UniGetUI/src/UniGetUI/UniGetUI.csproj]
/home/runner/work/UniGetUI/UniGetUI/src/UniGetUI/Pages/MainView.xaml.cs(289,40): warning CS8601: Possible null reference assignment. [/home/runner/work/UniGetUI/UniGetUI/src/UniGetUI/UniGetUI.csproj]
/home/runner/work/UniGetUI/UniGetUI/src/UniGetUI/Pages/DialogPages/InstallOptions_Package.xaml.cs(303,37): error CS0103: The name 'HashCheckbox' does not exist in the current context [/home/runner/work/UniGetUI/UniGetUI/src/UniGetUI/UniGetUI.csproj]
/home/runner/work/UniGetUI/UniGetUI/src/UniGetUI/Pages/DialogPages/InstallOptions_Package.xaml.cs(304,57): error CS0103: The name 'UninstallPreviousOnUpdate' does not exist in the current context [/home/runner/work/UniGetUI/UniGetUI/src/UniGetUI/UniGetUI.csproj]
/home/runner/work/UniGetUI/UniGetUI/src/UniGetUI/Pages/DialogPages/InstallOptions_Package.xaml.cs(305,47): error CS0103: The name 'FollowGlobalOptionsSwitch' does not exist in the current context [/home/runner/work/UniGetUI/UniGetUI/src/UniGetUI/UniGetUI.csproj]
/home/runner/work/UniGetUI/UniGetUI/src/UniGetUI/Pages/DialogPages/InstallOptions_Package.xaml.cs(315,29): error CS0103: The name 'ScopeCombo' does not exist in the current context [/home/runner/work/UniGetUI/UniGetUI/src/UniGetUI/UniGetUI.csproj]
/home/runner/work/UniGetUI/UniGetUI/src/UniGetUI/Pages/DialogPages/InstallOptions_Package.xaml.cs(321,17): error CS0103: The name 'CustomInstallLocation' does not exist in the current context [/home/runner/work/UniGetUI/UniGetUI/src/UniGetUI/UniGetUI.csproj]
/home/runner/work/UniGetUI/UniGetUI/src/UniGetUI/Pages/DialogPages/InstallOptions_Package.xaml.cs(322,50): error CS0103: The name 'CustomInstallLocation' does not exist in the current context [/home/runner/work/UniGetUI/UniGetUI/src/UniGetUI/UniGetUI.csproj]
/home/runner/work/UniGetUI/UniGetUI/src/UniGetUI/Pages/DialogPages/InstallOptions_Package.xaml.cs(324,48): error CS0103: The name 'CustomParameters1' does not exist in the current context [/home/runner/work/UniGetUI/UniGetUI/src/UniGetUI/UniGetUI.csproj]
/home/runner/work/UniGetUI/UniGetUI/src/UniGetUI/Pages/DialogPages/InstallOptions_Package.xaml.cs(325,47): error CS0103: The name 'CustomParameters2' does not exist in the current context [/home/runner/work/UniGetUI/UniGetUI/src/UniGetUI/UniGetUI.csproj]
/home/runner/work/UniGetUI/UniGetUI/src/UniGetUI/Pages/DialogPages/InstallOptions_Package.xaml.cs(326,50): error CS0103: The name 'CustomParameters3' does not exist in the current context [/home/runner/work/UniGetUI/UniGetUI/src/UniGetUI/UniGetUI.csproj]
/home/runner/work/UniGetUI/UniGetUI/src/UniGetUI/Pages/DialogPages/InstallOptions_Package.xaml.cs(329,41): error CS0103: The name 'PreInstallCommandBox' does not exist in the current context [/home/runner/work/UniGetUI/UniGetUI/src/UniGetUI/UniGetUI.csproj]
/home/runner/work/UniGetUI/UniGetUI/src/UniGetUI/Pages/DialogPages/InstallOptions_Package.xaml.cs(330,42): error CS0103: The name 'PostInstallCommandBox' does not exist in the current context [/home/runner/work/UniGetUI/UniGetUI/src/UniGetUI/UniGetUI.csproj]
/home/runner/work/UniGetUI/UniGetUI/src/UniGetUI/Pages/DialogPages/InstallOptions_Package.xaml.cs(331,40): error CS0103: The name 'PreUpdateCommandBox' does not exist in the current context [/home/runner/work/UniGetUI/UniGetUI/src/UniGetUI/UniGetUI.csproj]
/home/runner/work/UniGetUI/UniGetUI/src/UniGetUI/Pages/DialogPages/InstallOptions_Package.xaml.cs(332,41): error CS0103: The name 'PostUpdateCommandBox' does not exist in the current context [/home/runner/work/UniGetUI/UniGetUI/src/UniGetUI/UniGetUI.csproj]
/home/runner/work/UniGetUI/UniGetUI/src/UniGetUI/Pages/DialogPages/InstallOptions_Package.xaml.cs(333,43): error CS0103: The name 'PreUninstallCommandBox' does not exist in the current context [/home/runner/work/UniGetUI/UniGetUI/src/UniGetUI/UniGetUI.csproj]
/home/runner/work/UniGetUI/UniGetUI/src/UniGetUI/Pages/DialogPages/InstallOptions_Package.xaml.cs(334,44): error CS0103: The name 'PostUninstallCommandBox' does not exist in the current context [/home/runner/work/UniGetUI/UniGetUI/src/UniGetUI/UniGetUI.csproj]
/home/runner/work/UniGetUI/UniGetUI/src/UniGetUI/Pages/DialogPages/InstallOptions_Package.xaml.cs(335,45): error CS0103: The name 'AbortInsFailedCheck' does not exist in the current context [/home/runner/work/UniGetUI/UniGetUI/src/UniGetUI/UniGetUI.csproj]
/home/runner/work/UniGetUI/UniGetUI/src/UniGetUI/Pages/DialogPages/InstallOptions_Package.xaml.cs(336,44): error CS0103: The name 'AbortUpdFailedCheck' does not exist in the current context [/home/runner/work/UniGetUI/UniGetUI/src/UniGetUI/UniGetUI.csproj]
/home/runner/work/UniGetUI/UniGetUI/src/UniGetUI/Pages/DialogPages/InstallOptions_Package.xaml.cs(337,47): error CS0103: The name 'AbortUniFailedCheck' does not exist in the current context [/home/runner/work/UniGetUI/UniGetUI/src/UniGetUI/UniGetUI.csproj]
/home/runner/work/UniGetUI/UniGetUI/src/UniGetUI/Pages/DialogPages/InstallOptions_Package.xaml.cs(350,40): error CS0103: The name 'SkipMinorUpdatesCheckbox' does not exist in the current context [/home/runner/work/UniGetUI/UniGetUI/src/UniGetUI/UniGetUI.csproj]
/home/runner/work/UniGetUI/UniGetUI/src/UniGetUI/Pages/DialogPages/InstallOptions_Package.xaml.cs(354,71): error CS0103: The name 'KillProcessesThatWontDie' does not exist in the current context [/home/runner/work/UniGetUI/UniGetUI/src/UniGetUI/UniGetUI.csproj]
/home/runner/work/UniGetUI/UniGetUI/src/UniGetUI/Pages/DialogPages/InstallOptions_Package.xaml.cs(356,21): error CS0103: The name 'IgnoreUpdatesCheckbox' does not exist in the current context [/home/runner/work/UniGetUI/UniGetUI/src/UniGetUI/UniGetUI.csproj]
/home/runner/work/UniGetUI/UniGetUI/src/UniGetUI/Pages/DialogPages/InstallOptions_Package.xaml.cs(327,34): warning CS8602: Dereference of a possibly null reference. [/home/runner/work/UniGetUI/UniGetUI/src/UniGetUI/UniGetUI.csproj]
/home/runner/work/UniGetUI/UniGetUI/src/UniGetUI/Services/UserAvatar.cs(147,76): error CS1061: 'MainWindow' does not contain a definition for 'NavigationPage' and no accessible extension method 'NavigationPage' accepting a first argument of type 'MainWindow' could be found (are you missing a using directive or an assembly reference?) [/home/runner/work/UniGetUI/UniGetUI/src/UniGetUI/UniGetUI.csproj]
/home/runner/work/UniGetUI/UniGetUI/src/UniGetUI/Services/UserAvatar.cs(171,29): error CS0103: The name 'FlyoutPlacementMode' does not exist in the current context [/home/runner/work/UniGetUI/UniGetUI/src/UniGetUI/UniGetUI.csproj]
/home/runner/work/UniGetUI/UniGetUI/src/UniGetUI/Services/UserAvatar.cs(154,34): warning CS8622: Nullability of reference types in type of parameter 'sender' of 'void UserAvatar.LoginButton_Click(object sender, RoutedEventArgs e)' doesn't match the target delegate 'EventHandler<RoutedEventArgs>' (possibly because of nullability attributes). [/home/runner/work/UniGetUI/UniGetUI/src/UniGetUI/UniGetUI.csproj]
/home/runner/work/UniGetUI/UniGetUI/src/UniGetUI/Pages/DialogPages/InstallOptions_Package.xaml.cs(373,97): error CS1061: 'MainWindow' does not contain a definition for 'GetWindowHandle' and no accessible extension method 'GetWindowHandle' accepting a first argument of type 'MainWindow' could be found (are you missing a using directive or an assembly reference?) [/home/runner/work/UniGetUI/UniGetUI/src/UniGetUI/UniGetUI.csproj]
/home/runner/work/UniGetUI/UniGetUI/src/UniGetUI/Pages/DialogPages/InstallOptions_Package.xaml.cs(377,17): error CS0103: The name 'CustomInstallLocation' does not exist in the current context [/home/runner/work/UniGetUI/UniGetUI/src/UniGetUI/UniGetUI.csproj]
/home/runner/work/UniGetUI/UniGetUI/src/UniGetUI/Pages/DialogPages/InstallOptions_Package.xaml.cs(384,13): error CS0103: The name 'CustomInstallLocation' does not exist in the current context [/home/runner/work/UniGetUI/UniGetUI/src/UniGetUI/UniGetUI.csproj]
/home/runner/work/UniGetUI/UniGetUI/src/UniGetUI/Pages/DialogPages/InstallOptions_Package.xaml.cs(414,13): error CS0103: The name 'CommandBox' does not exist in the current context [/home/runner/work/UniGetUI/UniGetUI/src/UniGetUI/UniGetUI.csproj]
/home/runner/work/UniGetUI/UniGetUI/src/UniGetUI/Pages/DialogPages/InstallOptions_Package.xaml.cs(419,27): error CS1061: 'StackPanel' does not contain a definition for 'ActualSize' and no accessible extension method 'ActualSize' accepting a first argument of type 'StackPanel' could be found (are you missing a using directive or an assembly reference?) [/home/runner/work/UniGetUI/UniGetUI/src/UniGetUI/UniGetUI.csproj]
/home/runner/work/UniGetUI/UniGetUI/src/UniGetUI/Pages/DialogPages/InstallOptions_Package.xaml.cs(419,58): error CS1061: 'StackPanel' does not contain a definition for 'ActualSize' and no accessible extension method 'ActualSize' accepting a first argument of type 'StackPanel' could be found (are you missing a using directive or an assembly reference?) [/home/runner/work/UniGetUI/UniGetUI/src/UniGetUI/UniGetUI.csproj]
/home/runner/work/UniGetUI/UniGetUI/src/UniGetUI/Pages/DialogPages/InstallOptions_Package.xaml.cs(419,121): error CS1061: 'StackPanel' does not contain a definition for 'ActualSize' and no accessible extension method 'ActualSize' accepting a first argument of type 'StackPanel' could be found (are you missing a using directive or an assembly reference?) [/home/runner/work/UniGetUI/UniGetUI/src/UniGetUI/UniGetUI.csproj]
/home/runner/work/UniGetUI/UniGetUI/src/UniGetUI/Services/UserAvatar.cs(236,30): error CS1729: 'FontWeight' does not contain a constructor that takes 1 arguments [/home/runner/work/UniGetUI/UniGetUI/src/UniGetUI/UniGetUI.csproj]
/home/runner/work/UniGetUI/UniGetUI/src/UniGetUI/Services/UserAvatar.cs(299,29): error CS0103: The name 'FlyoutPlacementMode' does not exist in the current context [/home/runner/work/UniGetUI/UniGetUI/src/UniGetUI/UniGetUI.csproj]
/home/runner/work/UniGetUI/UniGetUI/src/UniGetUI/Services/UserAvatar.cs(280,34): warning CS8622: Nullability of reference types in type of parameter 'sender' of 'void UserAvatar.LogoutButton_Click(object sender, RoutedEventArgs e)' doesn't match the target delegate 'EventHandler<RoutedEventArgs>' (possibly because of nullability attributes). [/home/runner/work/UniGetUI/UniGetUI/src/UniGetUI/UniGetUI.csproj]
/home/runner/work/UniGetUI/UniGetUI/src/UniGetUI/Pages/DialogPages/InstallOptions_Package.xaml.cs(424,13): error CS0103: The name 'FollowGlobalOptionsSwitch' does not exist in the current context [/home/runner/work/UniGetUI/UniGetUI/src/UniGetUI/UniGetUI.csproj]
/home/runner/work/UniGetUI/UniGetUI/src/UniGetUI/Pages/DialogPages/InstallOptions_Package.xaml.cs(443,18): error CS1061: 'object' does not contain a definition for 'Item' and no accessible extension method 'Item' accepting a first argument of type 'object' could be found (are you missing a using directive or an assembly reference?) [/home/runner/work/UniGetUI/UniGetUI/src/UniGetUI/UniGetUI.csproj]
/home/runner/work/UniGetUI/UniGetUI/src/UniGetUI/Pages/DialogPages/InstallOptions_Package.xaml.cs(443,92): error CS1061: 'object' does not contain a definition for 'TokenText' and no accessible extension method 'TokenText' accepting a first argument of type 'object' could be found (are you missing a using directive or an assembly reference?) [/home/runner/work/UniGetUI/UniGetUI/src/UniGetUI/UniGetUI.csproj]
/home/runner/work/UniGetUI/UniGetUI/src/UniGetUI/Pages/DialogPages/InstallOptions_Package.xaml.cs(444,21): error CS1061: 'object' does not contain a definition for 'Item' and no accessible extension method 'Item' accepting a first argument of type 'object' could be found (are you missing a using directive or an assembly reference?) [/home/runner/work/UniGetUI/UniGetUI/src/UniGetUI/UniGetUI.csproj]
/home/runner/work/UniGetUI/UniGetUI/src/UniGetUI/Pages/DialogPages/InstallOptions_Package.xaml.cs(446,36): error CS1061: 'object' does not contain a definition for 'TokenText' and no accessible extension method 'TokenText' accepting a first argument of type 'object' could be found (are you missing a using directive or an assembly reference?) [/home/runner/work/UniGetUI/UniGetUI/src/UniGetUI/UniGetUI.csproj]
/home/runner/work/UniGetUI/UniGetUI/src/UniGetUI/Pages/DialogPages/InstallOptions_Package.xaml.cs(448,22): error CS1061: 'object' does not contain a definition for 'Item' and no accessible extension method 'Item' accepting a first argument of type 'object' could be found (are you missing a using directive or an assembly reference?) [/home/runner/work/UniGetUI/UniGetUI/src/UniGetUI/UniGetUI.csproj]
/home/runner/work/UniGetUI/UniGetUI/src/UniGetUI/Pages/MainView.xaml.cs(489,93): warning CS0183: The given expression is always of the provided ('PageType') type [/home/runner/work/UniGetUI/UniGetUI/src/UniGetUI/UniGetUI.csproj]
/home/runner/work/UniGetUI/UniGetUI/src/UniGetUI/Pages/DialogPages/InstallOptions_Package.xaml.cs(455,24): error CS0103: The name 'KillProcessesBox' does not exist in the current context [/home/runner/work/UniGetUI/UniGetUI/src/UniGetUI/UniGetUI.csproj]
/home/runner/work/UniGetUI/UniGetUI/src/UniGetUI/Pages/DialogPages/InstallOptions_Package.xaml.cs(457,25): error CS0103: The name 'KillProcessesBox' does not exist in the current context [/home/runner/work/UniGetUI/UniGetUI/src/UniGetUI/UniGetUI.csproj]
/home/runner/work/UniGetUI/UniGetUI/src/UniGetUI/Pages/DialogPages/InstallOptions_Package.xaml.cs(466,83): error CS0103: The name 'KillProcessesBox' does not exist in the current context [/home/runner/work/UniGetUI/UniGetUI/src/UniGetUI/UniGetUI.csproj]
/home/runner/work/UniGetUI/UniGetUI/src/UniGetUI/Pages/DialogPages/InstallOptions_Package.xaml.cs(475,13): error CS0103: The name 'CommandLineViewBox' does not exist in the current context [/home/runner/work/UniGetUI/UniGetUI/src/UniGetUI/UniGetUI.csproj]
/home/runner/work/UniGetUI/UniGetUI/src/UniGetUI/Pages/DialogPages/InstallOptions_Package.xaml.cs(475,44): error CS0103: The name 'SettingsTabBar' does not exist in the current context [/home/runner/work/UniGetUI/UniGetUI/src/UniGetUI/UniGetUI.csproj]
/home/runner/work/UniGetUI/UniGetUI/src/UniGetUI/Pages/DialogPages/InstallOptions_Package.xaml.cs(480,13): error CS0103: The name 'CloseButton' does not exist in the current context [/home/runner/work/UniGetUI/UniGetUI/src/UniGetUI/UniGetUI.csproj]
/home/runner/work/UniGetUI/UniGetUI/src/UniGetUI/Pages/DialogPages/InstallOptions_Package.xaml.cs(481,13): error CS0103: The name 'CloseButton' does not exist in the current context [/home/runner/work/UniGetUI/UniGetUI/src/UniGetUI/UniGetUI.csproj]
/home/runner/work/UniGetUI/UniGetUI/src/UniGetUI/Pages/SettingsPages/GeneralPages/Interface_P.axaml.cs(56,42): warning CS0067: The event 'Interface_P.NavigationRequested' is never used [/home/runner/work/UniGetUI/UniGetUI/src/UniGetUI/UniGetUI.csproj]
/home/runner/work/UniGetUI/UniGetUI/src/UniGetUI/Pages/SettingsPages/ManagersPages/ManagersHomepage.axaml.cs(27,36): warning CS0067: The event 'ManagersHomepage.RestartRequired' is never used [/home/runner/work/UniGetUI/UniGetUI/src/UniGetUI/UniGetUI.csproj]
/home/runner/work/UniGetUI/UniGetUI/src/UniGetUI/Pages/SettingsPages/GeneralPages/Internet.xaml.cs(96,42): warning CS0067: The event 'Internet.NavigationRequested' is never used [/home/runner/work/UniGetUI/UniGetUI/src/UniGetUI/UniGetUI.csproj]
/home/runner/work/UniGetUI/UniGetUI/src/UniGetUI/Pages/SettingsPages/GeneralPages/Notifications.axaml.cs(51,36): warning CS0067: The event 'Notifications.RestartRequired' is never used [/home/runner/work/UniGetUI/UniGetUI/src/UniGetUI/UniGetUI.csproj]
/home/runner/work/UniGetUI/UniGetUI/src/UniGetUI/Pages/SettingsPages/GeneralPages/SettingsHomepage.axaml.cs(20,36): warning CS0067: The event 'SettingsHomepage.RestartRequired' is never used [/home/runner/work/UniGetUI/UniGetUI/src/UniGetUI/UniGetUI.csproj]
/home/runner/work/UniGetUI/UniGetUI/src/UniGetUI/Pages/SettingsPages/ManagersPages/PackageManager.xaml.cs(41,42): warning CS0067: The event 'PackageManagerPage.NavigationRequested' is never used [/home/runner/work/UniGetUI/UniGetUI/src/UniGetUI/UniGetUI.csproj]
/home/runner/work/UniGetUI/UniGetUI/src/UniGetUI/Pages/SettingsPages/GeneralPages/Administrator.axaml.cs(40,42): warning CS0067: The event 'Administrator.NavigationRequested' is never used [/home/runner/work/UniGetUI/UniGetUI/src/UniGetUI/UniGetUI.csproj]
/home/runner/work/UniGetUI/UniGetUI/src/UniGetUI/Pages/SettingsPages/GeneralPages/Experimental.xaml.cs(24,42): warning CS0067: The event 'Experimental.NavigationRequested' is never used [/home/runner/work/UniGetUI/UniGetUI/src/UniGetUI/UniGetUI.csproj]
/home/runner/work/UniGetUI/UniGetUI/src/UniGetUI/Pages/SettingsPages/GeneralPages/Backup.axaml.cs(55,42): warning CS0067: The event 'Backup.NavigationRequested' is never used [/home/runner/work/UniGetUI/UniGetUI/src/UniGetUI/UniGetUI.csproj]
/home/runner/work/UniGetUI/UniGetUI/src/UniGetUI/Pages/SettingsPages/GeneralPages/Notifications.axaml.cs(52,42): warning CS0067: The event 'Notifications.NavigationRequested' is never used [/home/runner/work/UniGetUI/UniGetUI/src/UniGetUI/UniGetUI.csproj]
/home/runner/work/UniGetUI/UniGetUI/src/UniGetUI/AppOperationHelper.cs(116,1): warning IDE2000: Avoid multiple blank lines (https://learn.microsoft.com/dotnet/fundamentals/code-analysis/style-rules/ide2000) [/home/runner/work/UniGetUI/UniGetUI/src/UniGetUI/UniGetUI.csproj]
/home/runner/work/UniGetUI/UniGetUI/src/UniGetUI/CLIHandler.cs(28,1): warning IDE2000: Avoid multiple blank lines (https://learn.microsoft.com/dotnet/fundamentals/code-analysis/style-rules/ide2000) [/home/runner/work/UniGetUI/UniGetUI/src/UniGetUI/UniGetUI.csproj]
/home/runner/work/UniGetUI/UniGetUI/src/UniGetUI/Controls/MenuForPackage.cs(73,1): warning IDE2000: Avoid multiple blank lines (https://learn.microsoft.com/dotnet/fundamentals/code-analysis/style-rules/ide2000) [/home/runner/work/UniGetUI/UniGetUI/src/UniGetUI/UniGetUI.csproj]
/home/runner/work/UniGetUI/UniGetUI/src/UniGetUI/Controls/OperationWidgets/OperationControl.cs(628,1): warning IDE2000: Avoid multiple blank lines (https://learn.microsoft.com/dotnet/fundamentals/code-analysis/style-rules/ide2000) [/home/runner/work/UniGetUI/UniGetUI/src/UniGetUI/UniGetUI.csproj]
/home/runner/work/UniGetUI/UniGetUI/src/UniGetUI/Controls/PackageWrapper.cs(98,1): warning IDE2000: Avoid multiple blank lines (https://learn.microsoft.com/dotnet/fundamentals/code-analysis/style-rules/ide2000) [/home/runner/work/UniGetUI/UniGetUI/src/UniGetUI/UniGetUI.csproj]
/home/runner/work/UniGetUI/UniGetUI/src/UniGetUI/CrashHandler.cs(68,1): warning IDE2000: Avoid multiple blank lines (https://learn.microsoft.com/dotnet/fundamentals/code-analysis/style-rules/ide2000) [/home/runner/work/UniGetUI/UniGetUI/src/UniGetUI/UniGetUI.csproj]
/home/runner/work/UniGetUI/UniGetUI/src/UniGetUI/CrashHandler.cs(127,1): warning IDE2000: Avoid multiple blank lines (https://learn.microsoft.com/dotnet/fundamentals/code-analysis/style-rules/ide2000) [/home/runner/work/UniGetUI/UniGetUI/src/UniGetUI/UniGetUI.csproj]
/home/runner/work/UniGetUI/UniGetUI/src/UniGetUI/Pages/DialogPages/DialogHelper_Generic.cs(590,1): warning IDE2000: Avoid multiple blank lines (https://learn.microsoft.com/dotnet/fundamentals/code-analysis/style-rules/ide2000) [/home/runner/work/UniGetUI/UniGetUI/src/UniGetUI/UniGetUI.csproj]
/home/runner/work/UniGetUI/UniGetUI/src/UniGetUI/Pages/DialogPages/DialogHelper_Packages.cs(122,1): warning IDE2000: Avoid multiple blank lines (https://learn.microsoft.com/dotnet/fundamentals/code-analysis/style-rules/ide2000) [/home/runner/work/UniGetUI/UniGetUI/src/UniGetUI/UniGetUI.csproj]
/home/runner/work/UniGetUI/UniGetUI/src/UniGetUI/Pages/DialogPages/DialogHelper_Packages.cs(357,1): warning IDE2000: Avoid multiple blank lines (https://learn.microsoft.com/dotnet/fundamentals/code-analysis/style-rules/ide2000) [/home/runner/work/UniGetUI/UniGetUI/src/UniGetUI/UniGetUI.csproj]
/home/runner/work/UniGetUI/UniGetUI/src/UniGetUI/Pages/SettingsPages/GeneralPages/Administrator.axaml.cs(47,1): warning IDE2000: Avoid multiple blank lines (https://learn.microsoft.com/dotnet/fundamentals/code-analysis/style-rules/ide2000) [/home/runner/work/UniGetUI/UniGetUI/src/UniGetUI/UniGetUI.csproj]
/home/runner/work/UniGetUI/UniGetUI/src/UniGetUI/Pages/SettingsPages/GeneralPages/Backup.axaml.cs(47,1): warning IDE2000: Avoid multiple blank lines (https://learn.microsoft.com/dotnet/fundamentals/code-analysis/style-rules/ide2000) [/home/runner/work/UniGetUI/UniGetUI/src/UniGetUI/UniGetUI.csproj]
/home/runner/work/UniGetUI/UniGetUI/src/UniGetUI/Pages/SettingsPages/GeneralPages/Internet.xaml.cs(21,1): warning IDE2000: Avoid multiple blank lines (https://learn.microsoft.com/dotnet/fundamentals/code-analysis/style-rules/ide2000) [/home/runner/work/UniGetUI/UniGetUI/src/UniGetUI/UniGetUI.csproj]
/home/runner/work/UniGetUI/UniGetUI/src/UniGetUI/Pages/SettingsPages/GeneralPages/Internet.xaml.cs(26,1): warning IDE2000: Avoid multiple blank lines (https://learn.microsoft.com/dotnet/fundamentals/code-analysis/style-rules/ide2000) [/home/runner/work/UniGetUI/UniGetUI/src/UniGetUI/UniGetUI.csproj]
/home/runner/work/UniGetUI/UniGetUI/src/UniGetUI/Pages/SettingsPages/ManagersPages/PackageManager.xaml.cs(398,1): warning IDE2000: Avoid multiple blank lines (https://learn.microsoft.com/dotnet/fundamentals/code-analysis/style-rules/ide2000) [/home/runner/work/UniGetUI/UniGetUI/src/UniGetUI/UniGetUI.csproj]
/home/runner/work/UniGetUI/UniGetUI/src/UniGetUI/Pages/SoftwarePages/AbstractPackagesPage.xaml.cs(168,1): warning IDE2000: Avoid multiple blank lines (https://learn.microsoft.com/dotnet/fundamentals/code-analysis/style-rules/ide2000) [/home/runner/work/UniGetUI/UniGetUI/src/UniGetUI/UniGetUI.csproj]
/home/runner/work/UniGetUI/UniGetUI/src/UniGetUI/Pages/SoftwarePages/AbstractPackagesPage.xaml.cs(276,1): warning IDE2000: Avoid multiple blank lines (https://learn.microsoft.com/dotnet/fundamentals/code-analysis/style-rules/ide2000) [/home/runner/work/UniGetUI/UniGetUI/src/UniGetUI/UniGetUI.csproj]
/home/runner/work/UniGetUI/UniGetUI/src/UniGetUI/Pages/SoftwarePages/AbstractPackagesPage.xaml.cs(442,1): warning IDE2000: Avoid multiple blank lines (https://learn.microsoft.com/dotnet/fundamentals/code-analysis/style-rules/ide2000) [/home/runner/work/UniGetUI/UniGetUI/src/UniGetUI/UniGetUI.csproj]
/home/runner/work/UniGetUI/UniGetUI/src/UniGetUI/Pages/SoftwarePages/AbstractPackagesPage.xaml.cs(615,1): warning IDE2000: Avoid multiple blank lines (https://learn.microsoft.com/dotnet/fundamentals/code-analysis/style-rules/ide2000) [/home/runner/work/UniGetUI/UniGetUI/src/UniGetUI/UniGetUI.csproj]
/home/runner/work/UniGetUI/UniGetUI/src/UniGetUI/Pages/SoftwarePages/AbstractPackagesPage.xaml.cs(791,1): warning IDE2000: Avoid multiple blank lines (https://learn.microsoft.com/dotnet/fundamentals/code-analysis/style-rules/ide2000) [/home/runner/work/UniGetUI/UniGetUI/src/UniGetUI/UniGetUI.csproj]
/home/runner/work/UniGetUI/UniGetUI/src/UniGetUI/Pages/SoftwarePages/AbstractPackagesPage.xaml.cs(900,1): warning IDE2000: Avoid multiple blank lines (https://learn.microsoft.com/dotnet/fundamentals/code-analysis/style-rules/ide2000) [/home/runner/work/UniGetUI/UniGetUI/src/UniGetUI/UniGetUI.csproj]
/home/runner/work/UniGetUI/UniGetUI/src/UniGetUI/Pages/SoftwarePages/AbstractPackagesPage.xaml.cs(911,1): warning IDE2000: Avoid multiple blank lines (https://learn.microsoft.com/dotnet/fundamentals/code-analysis/style-rules/ide2000) [/home/runner/work/UniGetUI/UniGetUI/src/UniGetUI/UniGetUI.csproj]
/home/runner/work/UniGetUI/UniGetUI/src/UniGetUI/Pages/SoftwarePages/AbstractPackagesPage.xaml.cs(1104,1): warning IDE2000: Avoid multiple blank lines (https://learn.microsoft.com/dotnet/fundamentals/code-analysis/style-rules/ide2000) [/home/runner/work/UniGetUI/UniGetUI/src/UniGetUI/UniGetUI.csproj]
/home/runner/work/UniGetUI/UniGetUI/src/UniGetUI/Pages/SoftwarePages/PackageBundlesPage.cs(631,1): warning IDE2000: Avoid multiple blank lines (https://learn.microsoft.com/dotnet/fundamentals/code-analysis/style-rules/ide2000) [/home/runner/work/UniGetUI/UniGetUI/src/UniGetUI/UniGetUI.csproj]
/home/runner/work/UniGetUI/UniGetUI/src/UniGetUI/Pages/SoftwarePages/PackageBundlesPage.cs(751,1): warning IDE2000: Avoid multiple blank lines (https://learn.microsoft.com/dotnet/fundamentals/code-analysis/style-rules/ide2000) [/home/runner/work/UniGetUI/UniGetUI/src/UniGetUI/UniGetUI.csproj]
/home/runner/work/UniGetUI/UniGetUI/src/UniGetUI/Pages/SoftwarePages/PackageBundlesPage.cs(819,1): warning IDE2000: Avoid multiple blank lines (https://learn.microsoft.com/dotnet/fundamentals/code-analysis/style-rules/ide2000) [/home/runner/work/UniGetUI/UniGetUI/src/UniGetUI/UniGetUI.csproj]
/home/runner/work/UniGetUI/UniGetUI/src/UniGetUI/Pages/SoftwarePages/SoftwareUpdatesPage.cs(283,1): warning IDE2000: Avoid multiple blank lines (https://learn.microsoft.com/dotnet/fundamentals/code-analysis/style-rules/ide2000) [/home/runner/work/UniGetUI/UniGetUI/src/UniGetUI/UniGetUI.csproj]
/home/runner/work/UniGetUI/UniGetUI/src/UniGetUI/Pages/SoftwarePages/SoftwareUpdatesPage.cs(376,1): warning IDE2000: Avoid multiple blank lines (https://learn.microsoft.com/dotnet/fundamentals/code-analysis/style-rules/ide2000) [/home/runner/work/UniGetUI/UniGetUI/src/UniGetUI/UniGetUI.csproj]
/home/runner/work/UniGetUI/UniGetUI/src/UniGetUI/Pages/SoftwarePages/SoftwareUpdatesPage.cs(542,1): warning IDE2000: Avoid multiple blank lines (https://learn.microsoft.com/dotnet/fundamentals/code-analysis/style-rules/ide2000) [/home/runner/work/UniGetUI/UniGetUI/src/UniGetUI/UniGetUI.csproj]
/home/runner/work/UniGetUI/UniGetUI/src/UniGetUI/Services/GitHubBackupService.cs(94,1): warning IDE2000: Avoid multiple blank lines (https://learn.microsoft.com/dotnet/fundamentals/code-analysis/style-rules/ide2000) [/home/runner/work/UniGetUI/UniGetUI/src/UniGetUI/UniGetUI.csproj]
CSC : warning EnableGenerateDocumentationFile: Set MSBuild property 'GenerateDocumentationFile' to 'true' in project file to enable IDE0005 (Remove unnecessary usings/imports) on build (https://github.com/dotnet/roslyn/issues/41640) [/home/runner/work/UniGetUI/UniGetUI/src/UniGetUI/UniGetUI.csproj]
/home/runner/work/UniGetUI/UniGetUI/src/UniGetUI/Controls/OperationWidgets/OperationControl.cs(32,29): warning CA1805: Member '_errorCount' is explicitly initialized to its default value (https://learn.microsoft.com/dotnet/fundamentals/code-analysis/quality-rules/ca1805) [/home/runner/work/UniGetUI/UniGetUI/src/UniGetUI/UniGetUI.csproj]
/home/runner/work/UniGetUI/UniGetUI/src/UniGetUI/Controls/SettingsWidgets/CheckboxCard.cs(113,48): warning CA1805: Member '_disableStateChangedEvent' is explicitly initialized to its default value (https://learn.microsoft.com/dotnet/fundamentals/code-analysis/quality-rules/ca1805) [/home/runner/work/UniGetUI/UniGetUI/src/UniGetUI/UniGetUI.csproj]
/home/runner/work/UniGetUI/UniGetUI/src/UniGetUI/Pages/SettingsPages/ManagersPages/PackageManager.xaml.cs(45,33): warning CA1805: Member '_isLoading' is explicitly initialized to its default value (https://learn.microsoft.com/dotnet/fundamentals/code-analysis/quality-rules/ca1805) [/home/runner/work/UniGetUI/UniGetUI/src/UniGetUI/UniGetUI.csproj]
/home/runner/work/UniGetUI/UniGetUI/src/UniGetUI/Pages/SettingsPages/ManagersPages/ManagersHomepage.axaml.cs(33,40): warning CA1805: Member '_isLoadingToggles' is explicitly initialized to its default value (https://learn.microsoft.com/dotnet/fundamentals/code-analysis/quality-rules/ca1805) [/home/runner/work/UniGetUI/UniGetUI/src/UniGetUI/UniGetUI.csproj]
/home/runner/work/UniGetUI/UniGetUI/src/UniGetUI/Interface/MissingWinUITypes.cs(236,28): warning IL2067: 'type' argument does not satisfy 'DynamicallyAccessedMemberTypes.PublicParameterlessConstructor' in call to 'System.Activator.CreateInstance(Type)'. The parameter 'pageType' of method 'Avalonia.Controls.FrameExtensions.Navigate(ContentControl, Type, Object, Object)' does not have matching annotations. The source value must declare at least the same requirements as those declared on the target location it is assigned to. [/home/runner/work/UniGetUI/UniGetUI/src/UniGetUI/UniGetUI.csproj]
/home/runner/work/UniGetUI/UniGetUI/src/UniGetUI/App.axaml.cs(79,80): warning IDE0059: Unnecessary assignment of a value to 'desktop' (https://learn.microsoft.com/dotnet/fundamentals/code-analysis/style-rules/ide0059) [/home/runner/work/UniGetUI/UniGetUI/src/UniGetUI/UniGetUI.csproj]
/home/runner/work/UniGetUI/UniGetUI/src/UniGetUI/Pages/SettingsPages/SettingsBasePage.axaml.cs(20,14): warning IDE0044: Make field readonly (https://learn.microsoft.com/dotnet/fundamentals/code-analysis/style-rules/ide0044) [/home/runner/work/UniGetUI/UniGetUI/src/UniGetUI/UniGetUI.csproj]
/home/runner/work/UniGetUI/UniGetUI/src/UniGetUI/App.axaml.cs(147,30): warning IDE0200: Lambda expression can be removed (https://learn.microsoft.com/dotnet/fundamentals/code-analysis/style-rules/ide0200) [/home/runner/work/UniGetUI/UniGetUI/src/UniGetUI/UniGetUI.csproj]
/home/runner/work/UniGetUI/UniGetUI/src/UniGetUI/Pages/SettingsPages/ManagersPages/ManagersHomepage.axaml.cs(31,42): warning IDE0044: Make field readonly (https://learn.microsoft.com/dotnet/fundamentals/code-analysis/style-rules/ide0044) [/home/runner/work/UniGetUI/UniGetUI/src/UniGetUI/UniGetUI.csproj]
/home/runner/work/UniGetUI/UniGetUI/src/UniGetUI/App.axaml.cs(71,22): warning CA1822: Member 'ApplyThemeToApp' does not access instance data and can be marked as static (https://learn.microsoft.com/dotnet/fundamentals/code-analysis/quality-rules/ca1822) [/home/runner/work/UniGetUI/UniGetUI/src/UniGetUI/UniGetUI.csproj]
/home/runner/work/UniGetUI/UniGetUI/src/UniGetUI/Controls/TranslatedTextBlock.xaml.cs(45,17): warning IDE0031: Null check can be simplified (https://learn.microsoft.com/dotnet/fundamentals/code-analysis/style-rules/ide0031) [/home/runner/work/UniGetUI/UniGetUI/src/UniGetUI/UniGetUI.csproj]
/home/runner/work/UniGetUI/UniGetUI/src/UniGetUI/Controls/SourceManager.xaml.cs(41,50): warning IDE0044: Make field readonly (https://learn.microsoft.com/dotnet/fundamentals/code-analysis/style-rules/ide0044) [/home/runner/work/UniGetUI/UniGetUI/src/UniGetUI/UniGetUI.csproj]
/home/runner/work/UniGetUI/UniGetUI/src/UniGetUI/Controls/SettingsWidgets/ComboboxCard.cs(39,68): warning IL2026: Using member 'Avalonia.Data.Binding.Binding()' which has 'RequiresUnreferencedCodeAttribute' can break functionality when trimming application code. BindingExpression and ReflectionBinding heavily use reflection. Consider using CompiledBindings instead. [/home/runner/work/UniGetUI/UniGetUI/src/UniGetUI/UniGetUI.csproj]
/home/runner/work/UniGetUI/UniGetUI/src/UniGetUI/Controls/OperationWidgets/OperationControl.cs(404,18): warning CA1822: Member 'ShowProgressToast' does not access instance data and can be marked as static (https://learn.microsoft.com/dotnet/fundamentals/code-analysis/quality-rules/ca1822) [/home/runner/work/UniGetUI/UniGetUI/src/UniGetUI/UniGetUI.csproj]
/home/runner/work/UniGetUI/UniGetUI/src/UniGetUI/Controls/OperationWidgets/OperationControl.cs(437,18): warning CA1822: Member 'ShowSuccessToast' does not access instance data and can be marked as static (https://learn.microsoft.com/dotnet/fundamentals/code-analysis/quality-rules/ca1822) [/home/runner/work/UniGetUI/UniGetUI/src/UniGetUI/UniGetUI.csproj]
/home/runner/work/UniGetUI/UniGetUI/src/UniGetUI/Controls/OperationWidgets/OperationControl.cs(466,18): warning CA1822: Member 'ShowErrorToast' does not access instance data and can be marked as static (https://learn.microsoft.com/dotnet/fundamentals/code-analysis/quality-rules/ca1822) [/home/runner/work/UniGetUI/UniGetUI/src/UniGetUI/UniGetUI.csproj]
/home/runner/work/UniGetUI/UniGetUI/src/UniGetUI/CrashHandler.cs(97,16): warning IDE0062: Local function can be made static (https://learn.microsoft.com/dotnet/fundamentals/code-analysis/style-rules/ide0062) [/home/runner/work/UniGetUI/UniGetUI/src/UniGetUI/UniGetUI.csproj]
/home/runner/work/UniGetUI/UniGetUI/src/UniGetUI/Pages/DialogPages/AboutUniGetUI.xaml.cs(32,96): warning IDE0060: Remove unused parameter 'args' (https://learn.microsoft.com/dotnet/fundamentals/code-analysis/style-rules/ide0060) [/home/runner/work/UniGetUI/UniGetUI/src/UniGetUI/UniGetUI.csproj]
/home/runner/work/UniGetUI/UniGetUI/src/UniGetUI/Pages/DialogPages/OperationLiveLogPage.xaml.cs(17,51): warning IDE0044: Make field readonly (https://learn.microsoft.com/dotnet/fundamentals/code-analysis/style-rules/ide0044) [/home/runner/work/UniGetUI/UniGetUI/src/UniGetUI/UniGetUI.csproj]
/home/runner/work/UniGetUI/UniGetUI/src/UniGetUI/Pages/DialogPages/OperationFailedDialog.xaml.cs(20,43): warning IDE0044: Make field readonly (https://learn.microsoft.com/dotnet/fundamentals/code-analysis/style-rules/ide0044) [/home/runner/work/UniGetUI/UniGetUI/src/UniGetUI/UniGetUI.csproj]
/home/runner/work/UniGetUI/UniGetUI/src/UniGetUI/Pages/SoftwarePages/PackageBundlesPage.cs(821,24): warning CA1822: Member 'GenerateCommandString' does not access instance data and can be marked as static (https://learn.microsoft.com/dotnet/fundamentals/code-analysis/quality-rules/ca1822) [/home/runner/work/UniGetUI/UniGetUI/src/UniGetUI/UniGetUI.csproj]
/home/runner/work/UniGetUI/UniGetUI/src/UniGetUI/Pages/DialogPages/PackageDetailsPage.xaml.cs(47,37): warning IDE0044: Make field readonly (https://learn.microsoft.com/dotnet/fundamentals/code-analysis/style-rules/ide0044) [/home/runner/work/UniGetUI/UniGetUI/src/UniGetUI/UniGetUI.csproj]
/home/runner/work/UniGetUI/UniGetUI/src/UniGetUI/Pages/SoftwarePages/AbstractPackagesPage.xaml.cs(1154,28): warning CA1822: Member 'ForceRedrawByScroll' does not access instance data and can be marked as static (https://learn.microsoft.com/dotnet/fundamentals/code-analysis/quality-rules/ca1822) [/home/runner/work/UniGetUI/UniGetUI/src/UniGetUI/UniGetUI.csproj]
/home/runner/work/UniGetUI/UniGetUI/src/UniGetUI/Pages/SoftwarePages/AbstractPackagesPage.xaml.cs(200,24): warning IDE0044: Make field readonly (https://learn.microsoft.com/dotnet/fundamentals/code-analysis/style-rules/ide0044) [/home/runner/work/UniGetUI/UniGetUI/src/UniGetUI/UniGetUI.csproj]
/home/runner/work/UniGetUI/UniGetUI/src/UniGetUI/Pages/SoftwarePages/AbstractPackagesPage.xaml.cs(563,116): warning IDE0060: Remove unused parameter 'args' (https://learn.microsoft.com/dotnet/fundamentals/code-analysis/style-rules/ide0060) [/home/runner/work/UniGetUI/UniGetUI/src/UniGetUI/UniGetUI.csproj]
/home/runner/work/UniGetUI/UniGetUI/src/UniGetUI/Pages/SoftwarePages/AbstractPackagesPage.xaml.cs(1390,74): warning IDE0060: Remove unused parameter 'args' (https://learn.microsoft.com/dotnet/fundamentals/code-analysis/style-rules/ide0060) [/home/runner/work/UniGetUI/UniGetUI/src/UniGetUI/UniGetUI.csproj]
/home/runner/work/UniGetUI/UniGetUI/src/UniGetUI/Pages/SoftwarePages/AbstractPackagesPage.xaml.cs(563,64): warning IDE0060: Remove unused parameter 'sender' (https://learn.microsoft.com/dotnet/fundamentals/code-analysis/style-rules/ide0060) [/home/runner/work/UniGetUI/UniGetUI/src/UniGetUI/UniGetUI.csproj]
/home/runner/work/UniGetUI/UniGetUI/src/UniGetUI/Pages/SoftwarePages/AbstractPackagesPage.xaml.cs(1390,59): warning IDE0060: Remove unused parameter 'sender' (https://learn.microsoft.com/dotnet/fundamentals/code-analysis/style-rules/ide0060) [/home/runner/work/UniGetUI/UniGetUI/src/UniGetUI/UniGetUI.csproj]
/home/runner/work/UniGetUI/UniGetUI/src/UniGetUI/Services/GitHubBackupService.cs(36,23): warning CA2201: Exception type System.Exception is not sufficiently specific (https://learn.microsoft.com/dotnet/fundamentals/code-analysis/quality-rules/ca2201) [/home/runner/work/UniGetUI/UniGetUI/src/UniGetUI/UniGetUI.csproj]
/home/runner/work/UniGetUI/UniGetUI/src/UniGetUI/Services/GitHubBackupService.cs(93,23): warning CA2201: Exception type System.Exception is not sufficiently specific (https://learn.microsoft.com/dotnet/fundamentals/code-analysis/quality-rules/ca2201) [/home/runner/work/UniGetUI/UniGetUI/src/UniGetUI/UniGetUI.csproj]
/home/runner/work/UniGetUI/UniGetUI/src/UniGetUI/Pages/MainView.xaml.cs(46,38): warning IDE0044: Make field readonly (https://learn.microsoft.com/dotnet/fundamentals/code-analysis/style-rules/ide0044) [/home/runner/work/UniGetUI/UniGetUI/src/UniGetUI/UniGetUI.csproj]
/home/runner/work/UniGetUI/UniGetUI/src/UniGetUI/Pages/MainView.xaml.cs(47,37): warning IDE0044: Make field readonly (https://learn.microsoft.com/dotnet/fundamentals/code-analysis/style-rules/ide0044) [/home/runner/work/UniGetUI/UniGetUI/src/UniGetUI/UniGetUI.csproj]
/home/runner/work/UniGetUI/UniGetUI/src/UniGetUI/Pages/MainView.xaml.cs(48,39): warning IDE0044: Make field readonly (https://learn.microsoft.com/dotnet/fundamentals/code-analysis/style-rules/ide0044) [/home/runner/work/UniGetUI/UniGetUI/src/UniGetUI/UniGetUI.csproj]
/home/runner/work/UniGetUI/UniGetUI/src/UniGetUI/Pages/MainView.xaml.cs(49,36): warning IDE0044: Make field readonly (https://learn.microsoft.com/dotnet/fundamentals/code-analysis/style-rules/ide0044) [/home/runner/work/UniGetUI/UniGetUI/src/UniGetUI/UniGetUI.csproj]
/home/runner/work/UniGetUI/UniGetUI/src/UniGetUI/Pages/MainView.xaml.cs(59,32): warning IDE0044: Make field readonly (https://learn.microsoft.com/dotnet/fundamentals/code-analysis/style-rules/ide0044) [/home/runner/work/UniGetUI/UniGetUI/src/UniGetUI/UniGetUI.csproj]
/home/runner/work/UniGetUI/UniGetUI/src/UniGetUI/Pages/MainView.xaml.cs(61,25): warning IDE0044: Make field readonly (https://learn.microsoft.com/dotnet/fundamentals/code-analysis/style-rules/ide0044) [/home/runner/work/UniGetUI/UniGetUI/src/UniGetUI/UniGetUI.csproj]
/home/runner/work/UniGetUI/UniGetUI/src/UniGetUI/Pages/DialogPages/InstallOptions_Package.xaml.cs(33,22): warning IDE0044: Make field readonly (https://learn.microsoft.com/dotnet/fundamentals/code-analysis/style-rules/ide0044) [/home/runner/work/UniGetUI/UniGetUI/src/UniGetUI/UniGetUI.csproj]
/home/runner/work/UniGetUI/UniGetUI/src/UniGetUI/Pages/MainView.xaml.cs(247,54): warning IDE0060: Remove unused parameter 'page' (https://learn.microsoft.com/dotnet/fundamentals/code-analysis/style-rules/ide0060) [/home/runner/work/UniGetUI/UniGetUI/src/UniGetUI/UniGetUI.csproj]
/home/runner/work/UniGetUI/UniGetUI/src/UniGetUI/Services/GitHubBackupService.cs(113,23): warning CA2201: Exception type System.Exception is not sufficiently specific (https://learn.microsoft.com/dotnet/fundamentals/code-analysis/quality-rules/ca2201) [/home/runner/work/UniGetUI/UniGetUI/src/UniGetUI/UniGetUI.csproj]
/home/runner/work/UniGetUI/UniGetUI/src/UniGetUI/Services/GitHubBackupService.cs(120,23): warning CA2201: Exception type System.Exception is not sufficiently specific (https://learn.microsoft.com/dotnet/fundamentals/code-analysis/quality-rules/ca2201) [/home/runner/work/UniGetUI/UniGetUI/src/UniGetUI/UniGetUI.csproj]
/home/runner/work/UniGetUI/UniGetUI/src/UniGetUI/Pages/DialogPages/InstallOptions_Package.xaml.cs(441,63): warning IDE0060: Remove unused parameter 'sender' (https://learn.microsoft.com/dotnet/fundamentals/code-analysis/style-rules/ide0060) [/home/runner/work/UniGetUI/UniGetUI/src/UniGetUI/UniGetUI.csproj]
/home/runner/work/UniGetUI/UniGetUI/src/UniGetUI/Pages/DialogPages/InstallOptions_Package.xaml.cs(452,114): warning IDE0060: Remove unused parameter 'args' (https://learn.microsoft.com/dotnet/fundamentals/code-analysis/style-rules/ide0060) [/home/runner/work/UniGetUI/UniGetUI/src/UniGetUI/UniGetUI.csproj]
/home/runner/work/UniGetUI/UniGetUI/src/UniGetUI/Pages/DialogPages/InstallOptions_Package.xaml.cs(452,67): warning IDE0060: Remove unused parameter 'sender' (https://learn.microsoft.com/dotnet/fundamentals/code-analysis/style-rules/ide0060) [/home/runner/work/UniGetUI/UniGetUI/src/UniGetUI/UniGetUI.csproj]
/home/runner/work/UniGetUI/UniGetUI/src/UniGetUI/Interface/MissingWinUITypes.cs(195,23): warning CA1852: Type 'FrameState' can be sealed because it has no subtypes in its containing assembly and is not externally visible (https://learn.microsoft.com/dotnet/fundamentals/code-analysis/quality-rules/ca1852) [/home/runner/work/UniGetUI/UniGetUI/src/UniGetUI/UniGetUI.csproj]
/home/runner/work/UniGetUI/UniGetUI/src/UniGetUI/Interface/MissingWinUITypes.cs(325,23): warning CA1852: Type 'CommandBarProxy' can be sealed because it has no subtypes in its containing assembly and is not externally visible (https://learn.microsoft.com/dotnet/fundamentals/code-analysis/quality-rules/ca1852) [/home/runner/work/UniGetUI/UniGetUI/src/UniGetUI/UniGetUI.csproj]
/home/runner/work/UniGetUI/UniGetUI/src/UniGetUI/Controls/CustomNavViewItem.cs(9,24): warning CA1852: Type 'CustomNavViewItem' can be sealed because it has no subtypes in its containing assembly and is not externally visible (https://learn.microsoft.com/dotnet/fundamentals/code-analysis/quality-rules/ca1852) [/home/runner/work/UniGetUI/UniGetUI/src/UniGetUI/UniGetUI.csproj]

Build FAILED.

/home/runner/work/UniGetUI/UniGetUI/src/UniGetUI/Controls/PackageWrapper.cs(7,7): warning CS0105: The using directive for 'Avalonia.Interactivity' appeared previously in this namespace [/home/runner/work/UniGetUI/UniGetUI/src/UniGetUI/UniGetUI.csproj]
/home/runner/work/UniGetUI/UniGetUI/src/UniGetUI/Controls/PackageWrapper.cs(9,7): warning CS0105: The using directive for 'Avalonia.Interactivity' appeared previously in this namespace [/home/runner/work/UniGetUI/UniGetUI/src/UniGetUI/UniGetUI.csproj]
/home/runner/work/UniGetUI/UniGetUI/src/UniGetUI/Controls/SettingsWidgets/CheckboxButtonCard.cs(4,7): warning CS0105: The using directive for 'Avalonia.Interactivity' appeared previously in this namespace [/home/runner/work/UniGetUI/UniGetUI/src/UniGetUI/UniGetUI.csproj]
/home/runner/work/UniGetUI/UniGetUI/src/UniGetUI/Controls/SettingsWidgets/CheckboxButtonCard.cs(6,7): warning CS0105: The using directive for 'Avalonia.Interactivity' appeared previously in this namespace [/home/runner/work/UniGetUI/UniGetUI/src/UniGetUI/UniGetUI.csproj]
/home/runner/work/UniGetUI/UniGetUI/src/UniGetUI/Controls/SettingsWidgets/CheckboxButtonCard.cs(8,7): warning CS0105: The using directive for 'Avalonia.Interactivity' appeared previously in this namespace [/home/runner/work/UniGetUI/UniGetUI/src/UniGetUI/UniGetUI.csproj]
/home/runner/work/UniGetUI/UniGetUI/src/UniGetUI/Controls/SettingsWidgets/CheckboxCard.cs(5,7): warning CS0105: The using directive for 'Avalonia.Interactivity' appeared previously in this namespace [/home/runner/work/UniGetUI/UniGetUI/src/UniGetUI/UniGetUI.csproj]
/home/runner/work/UniGetUI/UniGetUI/src/UniGetUI/Controls/SettingsWidgets/CheckboxCard.cs(7,7): warning CS0105: The using directive for 'Avalonia.Interactivity' appeared previously in this namespace [/home/runner/work/UniGetUI/UniGetUI/src/UniGetUI/UniGetUI.csproj]
/home/runner/work/UniGetUI/UniGetUI/src/UniGetUI/Pages/DialogPages/AboutUniGetUI.xaml.cs(3,7): warning CS0105: The using directive for 'Avalonia.Interactivity' appeared previously in this namespace [/home/runner/work/UniGetUI/UniGetUI/src/UniGetUI/UniGetUI.csproj]
/home/runner/work/UniGetUI/UniGetUI/src/UniGetUI/Pages/DialogPages/ReleaseNotes.xaml.cs(4,7): warning CS0105: The using directive for 'Avalonia.Interactivity' appeared previously in this namespace [/home/runner/work/UniGetUI/UniGetUI/src/UniGetUI/UniGetUI.csproj]
/home/runner/work/UniGetUI/UniGetUI/src/UniGetUI/Pages/HelpPage.xaml.cs(5,7): warning CS0105: The using directive for 'Avalonia.Interactivity' appeared previously in this namespace [/home/runner/work/UniGetUI/UniGetUI/src/UniGetUI/UniGetUI.csproj]
/home/runner/work/UniGetUI/UniGetUI/src/UniGetUI/Pages/SettingsPages/GeneralPages/Updates.axaml.cs(4,7): warning CS0105: The using directive for 'Avalonia.Interactivity' appeared previously in this namespace [/home/runner/work/UniGetUI/UniGetUI/src/UniGetUI/UniGetUI.csproj]
/home/runner/work/UniGetUI/UniGetUI/src/UniGetUI/Pages/SettingsPages/ManagersPages/PackageManager.xaml.cs(6,7): warning CS0105: The using directive for 'Avalonia.Interactivity' appeared previously in this namespace [/home/runner/work/UniGetUI/UniGetUI/src/UniGetUI/UniGetUI.csproj]
/home/runner/work/UniGetUI/UniGetUI/src/UniGetUI/Services/UserAvatar.cs(5,7): warning CS0105: The using directive for 'Avalonia.Interactivity' appeared previously in this namespace [/home/runner/work/UniGetUI/UniGetUI/src/UniGetUI/UniGetUI.csproj]
/home/runner/work/UniGetUI/UniGetUI/src/UniGetUI/Services/UserAvatar.cs(7,7): warning CS0105: The using directive for 'Avalonia.Interactivity' appeared previously in this namespace [/home/runner/work/UniGetUI/UniGetUI/src/UniGetUI/UniGetUI.csproj]
/home/runner/work/UniGetUI/UniGetUI/src/UniGetUI/Services/UserAvatar.cs(9,7): warning CS0105: The using directive for 'Avalonia.Interactivity' appeared previously in this namespace [/home/runner/work/UniGetUI/UniGetUI/src/UniGetUI/UniGetUI.csproj]
/home/runner/work/UniGetUI/UniGetUI/src/UniGetUI/Services/UserAvatar.cs(11,7): warning CS0105: The using directive for 'Avalonia.Interactivity' appeared previously in this namespace [/home/runner/work/UniGetUI/UniGetUI/src/UniGetUI/UniGetUI.csproj]
/home/runner/work/UniGetUI/UniGetUI/src/UniGetUI/Services/UserAvatar.cs(13,7): warning CS0105: The using directive for 'Avalonia.Interactivity' appeared previously in this namespace [/home/runner/work/UniGetUI/UniGetUI/src/UniGetUI/UniGetUI.csproj]
/home/runner/work/UniGetUI/UniGetUI/src/UniGetUI/Controls/MenuForPackage.cs(33,27): warning CS0109: The member 'BetterMenuItem.Text' does not hide an accessible member. The new keyword is not required. [/home/runner/work/UniGetUI/UniGetUI/src/UniGetUI/UniGetUI.csproj]
/home/runner/work/UniGetUI/UniGetUI/src/UniGetUI/Controls/MenuForPackage.cs(54,27): warning CS0109: The member 'BetterToggleMenuItem.Text' does not hide an accessible member. The new keyword is not required. [/home/runner/work/UniGetUI/UniGetUI/src/UniGetUI/UniGetUI.csproj]
/home/runner/work/UniGetUI/UniGetUI/src/UniGetUI/Controls/SettingsWidgets/ButtonCard.cs(23,51): warning CS0109: The member 'ButtonCard.Click' does not hide an accessible member. The new keyword is not required. [/home/runner/work/UniGetUI/UniGetUI/src/UniGetUI/UniGetUI.csproj]
/home/runner/work/UniGetUI/UniGetUI/src/UniGetUI/Controls/SettingsWidgets/CheckboxButtonCard.cs(43,80): warning CS0109: The member 'CheckboxButtonCard.Click' does not hide an accessible member. The new keyword is not required. [/home/runner/work/UniGetUI/UniGetUI/src/UniGetUI/UniGetUI.csproj]
/home/runner/work/UniGetUI/UniGetUI/src/UniGetUI/Pages/DialogPages/PackageDetailsPage.xaml.cs(437,63): warning CS0436: The type 'Run' in '/home/runner/work/UniGetUI/UniGetUI/src/UniGetUI/Controls/DocumentStubs.cs' conflicts with the imported type 'Run' in 'Avalonia.Controls, Version=11.2.2.0, Culture=neutral, PublicKeyToken=c8d484a7012f9a8b'. Using the type defined in '/home/runner/work/UniGetUI/UniGetUI/src/UniGetUI/Controls/DocumentStubs.cs'. [/home/runner/work/UniGetUI/UniGetUI/src/UniGetUI/UniGetUI.csproj]
/home/runner/work/UniGetUI/UniGetUI/src/UniGetUI/Pages/HelpPage.xaml.cs(19,22): warning CS0108: 'HelpPage.Initialized' hides inherited member 'StyledElement.Initialized'. Use the new keyword if hiding was intended. [/home/runner/work/UniGetUI/UniGetUI/src/UniGetUI/UniGetUI.csproj]
/home/runner/work/UniGetUI/UniGetUI/src/UniGetUI/Pages/SettingsPages/SettingsBasePage.axaml.cs(31,52): warning CS8622: Nullability of reference types in type of parameter 'sender' of 'void SettingsBasePage.MainNavigationFrame_Navigated(object sender, object e)' doesn't match the target delegate 'EventHandler<object>' (possibly because of nullability attributes). [/home/runner/work/UniGetUI/UniGetUI/src/UniGetUI/UniGetUI.csproj]
/home/runner/work/UniGetUI/UniGetUI/src/UniGetUI/Pages/SettingsPages/SettingsBasePage.axaml.cs(32,53): warning CS8622: Nullability of reference types in type of parameter 'sender' of 'void SettingsBasePage.MainNavigationFrame_Navigating(object sender, object e)' doesn't match the target delegate 'EventHandler<object>' (possibly because of nullability attributes). [/home/runner/work/UniGetUI/UniGetUI/src/UniGetUI/UniGetUI.csproj]
/home/runner/work/UniGetUI/UniGetUI/src/UniGetUI/AppOperationHelper.cs(88,17): warning CS0162: Unreachable code detected [/home/runner/work/UniGetUI/UniGetUI/src/UniGetUI/UniGetUI.csproj]
/home/runner/work/UniGetUI/UniGetUI/src/UniGetUI/Pages/SettingsPages/ManagersPages/ManagersHomepage.axaml.cs(98,37): warning CS8629: Nullable value type may be null. [/home/runner/work/UniGetUI/UniGetUI/src/UniGetUI/UniGetUI.csproj]
/home/runner/work/UniGetUI/UniGetUI/src/UniGetUI/Pages/SettingsPages/ManagersPages/ManagersHomepage.axaml.cs(66,56): warning CS8602: Dereference of a possibly null reference. [/home/runner/work/UniGetUI/UniGetUI/src/UniGetUI/UniGetUI.csproj]
/home/runner/work/UniGetUI/UniGetUI/src/UniGetUI/Pages/SettingsPages/ManagersPages/ManagersHomepage.axaml.cs(66,49): warning CS8600: Converting null literal or possible null value to non-nullable type. [/home/runner/work/UniGetUI/UniGetUI/src/UniGetUI/UniGetUI.csproj]
/home/runner/work/UniGetUI/UniGetUI/src/UniGetUI/Pages/SettingsPages/ManagersPages/ManagersHomepage.axaml.cs(67,51): warning CS8600: Converting null literal or possible null value to non-nullable type. [/home/runner/work/UniGetUI/UniGetUI/src/UniGetUI/UniGetUI.csproj]
/home/runner/work/UniGetUI/UniGetUI/src/UniGetUI/Pages/SettingsPages/ManagersPages/ManagersHomepage.axaml.cs(73,56): warning CS8602: Dereference of a possibly null reference. [/home/runner/work/UniGetUI/UniGetUI/src/UniGetUI/UniGetUI.csproj]
/home/runner/work/UniGetUI/UniGetUI/src/UniGetUI/Pages/SettingsPages/ManagersPages/ManagersHomepage.axaml.cs(73,49): warning CS8600: Converting null literal or possible null value to non-nullable type. [/home/runner/work/UniGetUI/UniGetUI/src/UniGetUI/UniGetUI.csproj]
/home/runner/work/UniGetUI/UniGetUI/src/UniGetUI/Pages/SettingsPages/ManagersPages/ManagersHomepage.axaml.cs(74,51): warning CS8600: Converting null literal or possible null value to non-nullable type. [/home/runner/work/UniGetUI/UniGetUI/src/UniGetUI/UniGetUI.csproj]
/home/runner/work/UniGetUI/UniGetUI/src/UniGetUI/Pages/SettingsPages/ManagersPages/ManagersHomepage.axaml.cs(80,56): warning CS8602: Dereference of a possibly null reference. [/home/runner/work/UniGetUI/UniGetUI/src/UniGetUI/UniGetUI.csproj]
/home/runner/work/UniGetUI/UniGetUI/src/UniGetUI/Pages/SettingsPages/ManagersPages/ManagersHomepage.axaml.cs(80,49): warning CS8600: Converting null literal or possible null value to non-nullable type. [/home/runner/work/UniGetUI/UniGetUI/src/UniGetUI/UniGetUI.csproj]
/home/runner/work/UniGetUI/UniGetUI/src/UniGetUI/Pages/SettingsPages/ManagersPages/ManagersHomepage.axaml.cs(81,51): warning CS8600: Converting null literal or possible null value to non-nullable type. [/home/runner/work/UniGetUI/UniGetUI/src/UniGetUI/UniGetUI.csproj]
/home/runner/work/UniGetUI/UniGetUI/src/UniGetUI/Pages/SettingsPages/ManagersPages/ManagersHomepage.axaml.cs(135,45): warning CS8600: Converting null literal or possible null value to non-nullable type. [/home/runner/work/UniGetUI/UniGetUI/src/UniGetUI/UniGetUI.csproj]
/home/runner/work/UniGetUI/UniGetUI/src/UniGetUI/Pages/SettingsPages/ManagersPages/ManagersHomepage.axaml.cs(135,45): warning CS8602: Dereference of a possibly null reference. [/home/runner/work/UniGetUI/UniGetUI/src/UniGetUI/UniGetUI.csproj]
/home/runner/work/UniGetUI/UniGetUI/src/UniGetUI/Controls/Announcer.xaml.cs(33,70): warning CS4014: Because this call is not awaited, execution of the current method continues before the call is completed. Consider applying the 'await' operator to the result of the call. [/home/runner/work/UniGetUI/UniGetUI/src/UniGetUI/UniGetUI.csproj]
/home/runner/work/UniGetUI/UniGetUI/src/UniGetUI/Controls/Announcer.xaml.cs(46,40): warning CS8600: Converting null literal or possible null value to non-nullable type. [/home/runner/work/UniGetUI/UniGetUI/src/UniGetUI/UniGetUI.csproj]
/home/runner/work/UniGetUI/UniGetUI/src/UniGetUI/Controls/Announcer.xaml.cs(49,48): warning CS8602: Dereference of a possibly null reference. [/home/runner/work/UniGetUI/UniGetUI/src/UniGetUI/UniGetUI.csproj]
/home/runner/work/UniGetUI/UniGetUI/src/UniGetUI/Controls/Announcer.xaml.cs(94,67): warning CS0436: The type 'Run' in '/home/runner/work/UniGetUI/UniGetUI/src/UniGetUI/Controls/DocumentStubs.cs' conflicts with the imported type 'Run' in 'Avalonia.Controls, Version=11.2.2.0, Culture=neutral, PublicKeyToken=c8d484a7012f9a8b'. Using the type defined in '/home/runner/work/UniGetUI/UniGetUI/src/UniGetUI/Controls/DocumentStubs.cs'. [/home/runner/work/UniGetUI/UniGetUI/src/UniGetUI/UniGetUI.csproj]
/home/runner/work/UniGetUI/UniGetUI/src/UniGetUI/Controls/Announcer.xaml.cs(101,71): warning CS0436: The type 'Run' in '/home/runner/work/UniGetUI/UniGetUI/src/UniGetUI/Controls/DocumentStubs.cs' conflicts with the imported type 'Run' in 'Avalonia.Controls, Version=11.2.2.0, Culture=neutral, PublicKeyToken=c8d484a7012f9a8b'. Using the type defined in '/home/runner/work/UniGetUI/UniGetUI/src/UniGetUI/Controls/DocumentStubs.cs'. [/home/runner/work/UniGetUI/UniGetUI/src/UniGetUI/UniGetUI.csproj]
/home/runner/work/UniGetUI/UniGetUI/src/UniGetUI/Controls/Announcer.xaml.cs(108,62): warning CS0436: The type 'Run' in '/home/runner/work/UniGetUI/UniGetUI/src/UniGetUI/Controls/DocumentStubs.cs' conflicts with the imported type 'Run' in 'Avalonia.Controls, Version=11.2.2.0, Culture=neutral, PublicKeyToken=c8d484a7012f9a8b'. Using the type defined in '/home/runner/work/UniGetUI/UniGetUI/src/UniGetUI/Controls/DocumentStubs.cs'. [/home/runner/work/UniGetUI/UniGetUI/src/UniGetUI/UniGetUI.csproj]
/home/runner/work/UniGetUI/UniGetUI/src/UniGetUI/Controls/Announcer.xaml.cs(110,67): warning CS0436: The type 'Run' in '/home/runner/work/UniGetUI/UniGetUI/src/UniGetUI/Controls/DocumentStubs.cs' conflicts with the imported type 'Run' in 'Avalonia.Controls, Version=11.2.2.0, Culture=neutral, PublicKeyToken=c8d484a7012f9a8b'. Using the type defined in '/home/runner/work/UniGetUI/UniGetUI/src/UniGetUI/Controls/DocumentStubs.cs'. [/home/runner/work/UniGetUI/UniGetUI/src/UniGetUI/UniGetUI.csproj]
/home/runner/work/UniGetUI/UniGetUI/src/UniGetUI/Controls/Announcer.xaml.cs(94,13): warning CS8602: Dereference of a possibly null reference. [/home/runner/work/UniGetUI/UniGetUI/src/UniGetUI/UniGetUI.csproj]
/home/runner/work/UniGetUI/UniGetUI/src/UniGetUI/Controls/Announcer.xaml.cs(101,17): warning CS8602: Dereference of a possibly null reference. [/home/runner/work/UniGetUI/UniGetUI/src/UniGetUI/UniGetUI.csproj]
/home/runner/work/UniGetUI/UniGetUI/src/UniGetUI/Controls/Announcer.xaml.cs(109,13): warning CS8602: Dereference of a possibly null reference. [/home/runner/work/UniGetUI/UniGetUI/src/UniGetUI/UniGetUI.csproj]
/home/runner/work/UniGetUI/UniGetUI/src/UniGetUI/Controls/Announcer.xaml.cs(120,71): warning CS0436: The type 'Run' in '/home/runner/work/UniGetUI/UniGetUI/src/UniGetUI/Controls/DocumentStubs.cs' conflicts with the imported type 'Run' in 'Avalonia.Controls, Version=11.2.2.0, Culture=neutral, PublicKeyToken=c8d484a7012f9a8b'. Using the type defined in '/home/runner/work/UniGetUI/UniGetUI/src/UniGetUI/Controls/DocumentStubs.cs'. [/home/runner/work/UniGetUI/UniGetUI/src/UniGetUI/UniGetUI.csproj]
/home/runner/work/UniGetUI/UniGetUI/src/UniGetUI/Controls/Announcer.xaml.cs(120,17): warning CS8602: Dereference of a possibly null reference. [/home/runner/work/UniGetUI/UniGetUI/src/UniGetUI/UniGetUI.csproj]
/home/runner/work/UniGetUI/UniGetUI/src/UniGetUI/Controls/LocalIcon.cs(10,53): warning CS8602: Dereference of a possibly null reference. [/home/runner/work/UniGetUI/UniGetUI/src/UniGetUI/UniGetUI.csproj]
/home/runner/work/UniGetUI/UniGetUI/src/UniGetUI/Controls/LocalIcon.cs(10,41): warning CS8600: Converting null literal or possible null value to non-nullable type. [/home/runner/work/UniGetUI/UniGetUI/src/UniGetUI/UniGetUI.csproj]
/home/runner/work/UniGetUI/UniGetUI/src/UniGetUI/Controls/LocalIcon.cs(10,41): warning CS8601: Possible null reference assignment. [/home/runner/work/UniGetUI/UniGetUI/src/UniGetUI/UniGetUI.csproj]
/home/runner/work/UniGetUI/UniGetUI/src/UniGetUI/Controls/LocalIcon.cs(35,40): warning CS8602: Dereference of a possibly null reference. [/home/runner/work/UniGetUI/UniGetUI/src/UniGetUI/UniGetUI.csproj]
/home/runner/work/UniGetUI/UniGetUI/src/UniGetUI/Controls/LocalIcon.cs(35,28): warning CS8600: Converting null literal or possible null value to non-nullable type. [/home/runner/work/UniGetUI/UniGetUI/src/UniGetUI/UniGetUI.csproj]
/home/runner/work/UniGetUI/UniGetUI/src/UniGetUI/Controls/LocalIcon.cs(35,28): warning CS8601: Possible null reference assignment. [/home/runner/work/UniGetUI/UniGetUI/src/UniGetUI/UniGetUI.csproj]
/home/runner/work/UniGetUI/UniGetUI/src/UniGetUI/Controls/LocalIcon.cs(37,32): warning CS8601: Possible null reference assignment. [/home/runner/work/UniGetUI/UniGetUI/src/UniGetUI/UniGetUI.csproj]
/home/runner/work/UniGetUI/UniGetUI/src/UniGetUI/Controls/LocalIcon.cs(56,20): warning CS8603: Possible null reference return. [/home/runner/work/UniGetUI/UniGetUI/src/UniGetUI/UniGetUI.csproj]
/home/runner/work/UniGetUI/UniGetUI/src/UniGetUI/Controls/LocalIcon.cs(62,53): warning CS8602: Dereference of a possibly null reference. [/home/runner/work/UniGetUI/UniGetUI/src/UniGetUI/UniGetUI.csproj]
/home/runner/work/UniGetUI/UniGetUI/src/UniGetUI/Controls/LocalIcon.cs(62,41): warning CS8600: Converting null literal or possible null value to non-nullable type. [/home/runner/work/UniGetUI/UniGetUI/src/UniGetUI/UniGetUI.csproj]
/home/runner/work/UniGetUI/UniGetUI/src/UniGetUI/Controls/LocalIcon.cs(62,41): warning CS8601: Possible null reference assignment. [/home/runner/work/UniGetUI/UniGetUI/src/UniGetUI/UniGetUI.csproj]
/home/runner/work/UniGetUI/UniGetUI/src/UniGetUI/Controls/MenuForPackage.cs(12,86): warning CS8602: Dereference of a possibly null reference. [/home/runner/work/UniGetUI/UniGetUI/src/UniGetUI/UniGetUI.csproj]
/home/runner/work/UniGetUI/UniGetUI/src/UniGetUI/Controls/MenuForPackage.cs(12,62): warning CS8600: Converting null literal or possible null value to non-nullable type. [/home/runner/work/UniGetUI/UniGetUI/src/UniGetUI/UniGetUI.csproj]
/home/runner/work/UniGetUI/UniGetUI/src/UniGetUI/Controls/MenuForPackage.cs(12,62): warning CS8601: Possible null reference assignment. [/home/runner/work/UniGetUI/UniGetUI/src/UniGetUI/UniGetUI.csproj]
/home/runner/work/UniGetUI/UniGetUI/src/UniGetUI/Controls/MenuForPackage.cs(21,85): warning CS8602: Dereference of a possibly null reference. [/home/runner/work/UniGetUI/UniGetUI/src/UniGetUI/UniGetUI.csproj]
/home/runner/work/UniGetUI/UniGetUI/src/UniGetUI/Controls/MenuForPackage.cs(21,61): warning CS8600: Converting null literal or possible null value to non-nullable type. [/home/runner/work/UniGetUI/UniGetUI/src/UniGetUI/UniGetUI.csproj]
/home/runner/work/UniGetUI/UniGetUI/src/UniGetUI/Controls/MenuForPackage.cs(21,61): warning CS8601: Possible null reference assignment. [/home/runner/work/UniGetUI/UniGetUI/src/UniGetUI/UniGetUI.csproj]
/home/runner/work/UniGetUI/UniGetUI/src/UniGetUI/Pages/SoftwarePages/SoftwareUpdatesPage.cs(66,34): warning CS8622: Nullability of reference types in type of parameter 'sender' of 'void SoftwareUpdatesPage.MenuInstall_Invoked(object sender, RoutedEventArgs e)' doesn't match the target delegate 'EventHandler<RoutedEventArgs>' (possibly because of nullability attributes). [/home/runner/work/UniGetUI/UniGetUI/src/UniGetUI/UniGetUI.csproj]
/home/runner/work/UniGetUI/UniGetUI/src/UniGetUI/Pages/SoftwarePages/SoftwareUpdatesPage.cs(88,34): warning CS8622: Nullability of reference types in type of parameter 'sender' of 'void SoftwareUpdatesPage.MenuAsAdmin_Invoked(object sender, RoutedEventArgs e)' doesn't match the target delegate 'EventHandler<RoutedEventArgs>' (possibly because of nullability attributes). [/home/runner/work/UniGetUI/UniGetUI/src/UniGetUI/UniGetUI.csproj]
/home/runner/work/UniGetUI/UniGetUI/src/UniGetUI/Pages/SoftwarePages/SoftwareUpdatesPage.cs(95,38): warning CS8622: Nullability of reference types in type of parameter 'sender' of 'void SoftwareUpdatesPage.MenuInteractive_Invoked(object sender, RoutedEventArgs e)' doesn't match the target delegate 'EventHandler<RoutedEventArgs>' (possibly because of nullability attributes). [/home/runner/work/UniGetUI/UniGetUI/src/UniGetUI/UniGetUI.csproj]
/home/runner/work/UniGetUI/UniGetUI/src/UniGetUI/Pages/SoftwarePages/SoftwareUpdatesPage.cs(102,35): warning CS8622: Nullability of reference types in type of parameter 'sender' of 'void SoftwareUpdatesPage.MenuSkipHash_Invoked(object sender, RoutedEventArgs e)' doesn't match the target delegate 'EventHandler<RoutedEventArgs>' (possibly because of nullability attributes). [/home/runner/work/UniGetUI/UniGetUI/src/UniGetUI/UniGetUI.csproj]
/home/runner/work/UniGetUI/UniGetUI/src/UniGetUI/Pages/SoftwarePages/SoftwareUpdatesPage.cs(116,47): warning CS8622: Nullability of reference types in type of parameter 'sender' of 'void SoftwareUpdatesPage.MenuUpdateAfterUninstall_Invoked(object sender, RoutedEventArgs e)' doesn't match the target delegate 'EventHandler<RoutedEventArgs>' (possibly because of nullability attributes). [/home/runner/work/UniGetUI/UniGetUI/src/UniGetUI/UniGetUI.csproj]
/home/runner/work/UniGetUI/UniGetUI/src/UniGetUI/Pages/SoftwarePages/SoftwareUpdatesPage.cs(123,36): warning CS8622: Nullability of reference types in type of parameter 'sender' of 'void SoftwareUpdatesPage.MenuUninstall_Invoked(object sender, RoutedEventArgs e)' doesn't match the target delegate 'EventHandler<RoutedEventArgs>' (possibly because of nullability attributes). [/home/runner/work/UniGetUI/UniGetUI/src/UniGetUI/UniGetUI.csproj]
/home/runner/work/UniGetUI/UniGetUI/src/UniGetUI/Pages/SoftwarePages/SoftwareUpdatesPage.cs(130,40): warning CS8622: Nullability of reference types in type of parameter 'sender' of 'void SoftwareUpdatesPage.MenuIgnorePackage_Invoked(object sender, RoutedEventArgs e)' doesn't match the target delegate 'EventHandler<RoutedEventArgs>' (possibly because of nullability attributes). [/home/runner/work/UniGetUI/UniGetUI/src/UniGetUI/UniGetUI.csproj]
/home/runner/work/UniGetUI/UniGetUI/src/UniGetUI/Pages/SoftwarePages/SoftwareUpdatesPage.cs(137,38): warning CS8622: Nullability of reference types in type of parameter 'sender' of 'void SoftwareUpdatesPage.MenuSkipVersion_Invoked(object sender, RoutedEventArgs e)' doesn't match the target delegate 'EventHandler<RoutedEventArgs>' (possibly because of nullability attributes). [/home/runner/work/UniGetUI/UniGetUI/src/UniGetUI/UniGetUI.csproj]
/home/runner/work/UniGetUI/UniGetUI/src/UniGetUI/Controls/SourceManager.xaml.cs(74,31): warning CS8602: Dereference of a possibly null reference. [/home/runner/work/UniGetUI/UniGetUI/src/UniGetUI/UniGetUI.csproj]
/home/runner/work/UniGetUI/UniGetUI/src/UniGetUI/Controls/SourceManager.xaml.cs(100,29): warning CS8602: Dereference of a possibly null reference. [/home/runner/work/UniGetUI/UniGetUI/src/UniGetUI/UniGetUI.csproj]
/home/runner/work/UniGetUI/UniGetUI/src/UniGetUI/Controls/SourceManager.xaml.cs(131,61): warning CS8602: Dereference of a possibly null reference. [/home/runner/work/UniGetUI/UniGetUI/src/UniGetUI/UniGetUI.csproj]
/home/runner/work/UniGetUI/UniGetUI/src/UniGetUI/Controls/SourceManager.xaml.cs(134,121): warning CS8604: Possible null reference argument for parameter 'uriString' in 'Uri.Uri(string uriString)'. [/home/runner/work/UniGetUI/UniGetUI/src/UniGetUI/UniGetUI.csproj]
/home/runner/work/UniGetUI/UniGetUI/src/UniGetUI/Controls/SourceManager.xaml.cs(134,89): warning CS8604: Possible null reference argument for parameter 'name' in 'ManagerSource.ManagerSource(IPackageManager manager, string name, Uri url, int? packageCount = 0, string updateDate = "", bool isVirtualManager = false)'. [/home/runner/work/UniGetUI/UniGetUI/src/UniGetUI/UniGetUI.csproj]
/home/runner/work/UniGetUI/UniGetUI/src/UniGetUI/Controls/SourceManager.xaml.cs(146,33): warning CS8602: Dereference of a possibly null reference. [/home/runner/work/UniGetUI/UniGetUI/src/UniGetUI/UniGetUI.csproj]
/home/runner/work/UniGetUI/UniGetUI/src/UniGetUI/Controls/OperationWidgets/OperationControl.cs(198,55): warning CS8602: Dereference of a possibly null reference. [/home/runner/work/UniGetUI/UniGetUI/src/UniGetUI/UniGetUI.csproj]
/home/runner/work/UniGetUI/UniGetUI/src/UniGetUI/Controls/OperationWidgets/OperationControl.cs(198,38): warning CS8600: Converting null literal or possible null value to non-nullable type. [/home/runner/work/UniGetUI/UniGetUI/src/UniGetUI/UniGetUI.csproj]
/home/runner/work/UniGetUI/UniGetUI/src/UniGetUI/Controls/OperationWidgets/OperationControl.cs(198,38): warning CS8601: Possible null reference assignment. [/home/runner/work/UniGetUI/UniGetUI/src/UniGetUI/UniGetUI.csproj]
/home/runner/work/UniGetUI/UniGetUI/src/UniGetUI/Controls/OperationWidgets/OperationControl.cs(199,30): warning CS8600: Converting null literal or possible null value to non-nullable type. [/home/runner/work/UniGetUI/UniGetUI/src/UniGetUI/UniGetUI.csproj]
/home/runner/work/UniGetUI/UniGetUI/src/UniGetUI/Controls/OperationWidgets/OperationControl.cs(199,30): warning CS8601: Possible null reference assignment. [/home/runner/work/UniGetUI/UniGetUI/src/UniGetUI/UniGetUI.csproj]
/home/runner/work/UniGetUI/UniGetUI/src/UniGetUI/Controls/OperationWidgets/OperationControl.cs(205,55): warning CS8602: Dereference of a possibly null reference. [/home/runner/work/UniGetUI/UniGetUI/src/UniGetUI/UniGetUI.csproj]
/home/runner/work/UniGetUI/UniGetUI/src/UniGetUI/Controls/OperationWidgets/OperationControl.cs(205,38): warning CS8600: Converting null literal or possible null value to non-nullable type. [/home/runner/work/UniGetUI/UniGetUI/src/UniGetUI/UniGetUI.csproj]
/home/runner/work/UniGetUI/UniGetUI/src/UniGetUI/Controls/OperationWidgets/OperationControl.cs(205,38): warning CS8601: Possible null reference assignment. [/home/runner/work/UniGetUI/UniGetUI/src/UniGetUI/UniGetUI.csproj]
/home/runner/work/UniGetUI/UniGetUI/src/UniGetUI/Controls/OperationWidgets/OperationControl.cs(206,30): warning CS8600: Converting null literal or possible null value to non-nullable type. [/home/runner/work/UniGetUI/UniGetUI/src/UniGetUI/UniGetUI.csproj]
/home/runner/work/UniGetUI/UniGetUI/src/UniGetUI/Controls/OperationWidgets/OperationControl.cs(206,30): warning CS8601: Possible null reference assignment. [/home/runner/work/UniGetUI/UniGetUI/src/UniGetUI/UniGetUI.csproj]
/home/runner/work/UniGetUI/UniGetUI/src/UniGetUI/Controls/OperationWidgets/OperationControl.cs(211,55): warning CS8602: Dereference of a possibly null reference. [/home/runner/work/UniGetUI/UniGetUI/src/UniGetUI/UniGetUI.csproj]
/home/runner/work/UniGetUI/UniGetUI/src/UniGetUI/Controls/OperationWidgets/OperationControl.cs(211,38): warning CS8600: Converting null literal or possible null value to non-nullable type. [/home/runner/work/UniGetUI/UniGetUI/src/UniGetUI/UniGetUI.csproj]
/home/runner/work/UniGetUI/UniGetUI/src/UniGetUI/Controls/OperationWidgets/OperationControl.cs(211,38): warning CS8601: Possible null reference assignment. [/home/runner/work/UniGetUI/UniGetUI/src/UniGetUI/UniGetUI.csproj]
/home/runner/work/UniGetUI/UniGetUI/src/UniGetUI/Controls/OperationWidgets/OperationControl.cs(212,30): warning CS8600: Converting null literal or possible null value to non-nullable type. [/home/runner/work/UniGetUI/UniGetUI/src/UniGetUI/UniGetUI.csproj]
/home/runner/work/UniGetUI/UniGetUI/src/UniGetUI/Controls/OperationWidgets/OperationControl.cs(212,30): warning CS8601: Possible null reference assignment. [/home/runner/work/UniGetUI/UniGetUI/src/UniGetUI/UniGetUI.csproj]
/home/runner/work/UniGetUI/UniGetUI/src/UniGetUI/Controls/OperationWidgets/OperationControl.cs(218,55): warning CS8602: Dereference of a possibly null reference. [/home/runner/work/UniGetUI/UniGetUI/src/UniGetUI/UniGetUI.csproj]
/home/runner/work/UniGetUI/UniGetUI/src/UniGetUI/Controls/OperationWidgets/OperationControl.cs(218,38): warning CS8600: Converting null literal or possible null value to non-nullable type. [/home/runner/work/UniGetUI/UniGetUI/src/UniGetUI/UniGetUI.csproj]
/home/runner/work/UniGetUI/UniGetUI/src/UniGetUI/Controls/OperationWidgets/OperationControl.cs(218,38): warning CS8601: Possible null reference assignment. [/home/runner/work/UniGetUI/UniGetUI/src/UniGetUI/UniGetUI.csproj]
/home/runner/work/UniGetUI/UniGetUI/src/UniGetUI/Controls/OperationWidgets/OperationControl.cs(219,30): warning CS8600: Converting null literal or possible null value to non-nullable type. [/home/runner/work/UniGetUI/UniGetUI/src/UniGetUI/UniGetUI.csproj]
/home/runner/work/UniGetUI/UniGetUI/src/UniGetUI/Controls/OperationWidgets/OperationControl.cs(219,30): warning CS8601: Possible null reference assignment. [/home/runner/work/UniGetUI/UniGetUI/src/UniGetUI/UniGetUI.csproj]
/home/runner/work/UniGetUI/UniGetUI/src/UniGetUI/Controls/OperationWidgets/OperationControl.cs(225,55): warning CS8602: Dereference of a possibly null reference. [/home/runner/work/UniGetUI/UniGetUI/src/UniGetUI/UniGetUI.csproj]
/home/runner/work/UniGetUI/UniGetUI/src/UniGetUI/Controls/OperationWidgets/OperationControl.cs(225,38): warning CS8600: Converting null literal or possible null value to non-nullable type. [/home/runner/work/UniGetUI/UniGetUI/src/UniGetUI/UniGetUI.csproj]
/home/runner/work/UniGetUI/UniGetUI/src/UniGetUI/Controls/OperationWidgets/OperationControl.cs(225,38): warning CS8601: Possible null reference assignment. [/home/runner/work/UniGetUI/UniGetUI/src/UniGetUI/UniGetUI.csproj]
/home/runner/work/UniGetUI/UniGetUI/src/UniGetUI/Controls/OperationWidgets/OperationControl.cs(226,30): warning CS8600: Converting null literal or possible null value to non-nullable type. [/home/runner/work/UniGetUI/UniGetUI/src/UniGetUI/UniGetUI.csproj]
/home/runner/work/UniGetUI/UniGetUI/src/UniGetUI/Controls/OperationWidgets/OperationControl.cs(226,30): warning CS8601: Possible null reference assignment. [/home/runner/work/UniGetUI/UniGetUI/src/UniGetUI/UniGetUI.csproj]
/home/runner/work/UniGetUI/UniGetUI/src/UniGetUI/Pages/SettingsPages/ManagersPages/PackageManager.xaml.cs(383,52): warning CS8622: Nullability of reference types in type of parameter 'sender' of 'void PackageManagerPage.ExecutableComboBox_SelectionChanged(object sender, SelectionChangedEventArgs e)' doesn't match the target delegate 'EventHandler<SelectionChangedEventArgs>' (possibly because of nullability attributes). [/home/runner/work/UniGetUI/UniGetUI/src/UniGetUI/UniGetUI.csproj]
/home/runner/work/UniGetUI/UniGetUI/src/UniGetUI/Pages/SettingsPages/ManagersPages/PackageManager.xaml.cs(397,52): warning CS8622: Nullability of reference types in type of parameter 'sender' of 'void PackageManagerPage.ExecutableComboBox_SelectionChanged(object sender, SelectionChangedEventArgs e)' doesn't match the target delegate 'EventHandler<SelectionChangedEventArgs>' (possibly because of nullability attributes). [/home/runner/work/UniGetUI/UniGetUI/src/UniGetUI/UniGetUI.csproj]
/home/runner/work/UniGetUI/UniGetUI/src/UniGetUI/Pages/SettingsPages/ManagersPages/PackageManager.xaml.cs(445,38): warning CS8604: Possible null reference argument for parameter 'text' in 'void WindowsClipboard.SetText(string text)'. [/home/runner/work/UniGetUI/UniGetUI/src/UniGetUI/UniGetUI.csproj]
/home/runner/work/UniGetUI/UniGetUI/src/UniGetUI/Pages/SettingsPages/ManagersPages/PackageManager.xaml.cs(459,38): warning CS8602: Dereference of a possibly null reference. [/home/runner/work/UniGetUI/UniGetUI/src/UniGetUI/UniGetUI.csproj]
/home/runner/work/UniGetUI/UniGetUI/src/UniGetUI/Controls/SettingsWidgets/TextboxCard.cs(75,36): warning CS8600: Converting null literal or possible null value to non-nullable type. [/home/runner/work/UniGetUI/UniGetUI/src/UniGetUI/UniGetUI.csproj]
/home/runner/work/UniGetUI/UniGetUI/src/UniGetUI/Controls/SettingsWidgets/TextboxCard.cs(79,61): warning CS8604: Possible null reference argument for parameter 'name' in 'string CoreTools.MakeValidFileName(string name)'. [/home/runner/work/UniGetUI/UniGetUI/src/UniGetUI/UniGetUI.csproj]
/home/runner/work/UniGetUI/UniGetUI/src/UniGetUI/Controls/SettingsWidgets/TextboxCard.cs(84,49): warning CS8604: Possible null reference argument for parameter 'value' in 'void Settings.SetValue(K key, string value)'. [/home/runner/work/UniGetUI/UniGetUI/src/UniGetUI/UniGetUI.csproj]
/home/runner/work/UniGetUI/UniGetUI/src/UniGetUI/Pages/SoftwarePages/PackageBundlesPage.cs(93,34): warning CS8622: Nullability of reference types in type of parameter 'sender' of 'void PackageBundlesPage.MenuInstall_Invoked(object sender, RoutedEventArgs args)' doesn't match the target delegate 'EventHandler<RoutedEventArgs>' (possibly because of nullability attributes). [/home/runner/work/UniGetUI/UniGetUI/src/UniGetUI/UniGetUI.csproj]
/home/runner/work/UniGetUI/UniGetUI/src/UniGetUI/Pages/SoftwarePages/PackageBundlesPage.cs(104,41): warning CS8622: Nullability of reference types in type of parameter 'sender' of 'void PackageBundlesPage.MenuInstallSettings_Invoked(object sender, RoutedEventArgs e)' doesn't match the target delegate 'EventHandler<RoutedEventArgs>' (possibly because of nullability attributes). [/home/runner/work/UniGetUI/UniGetUI/src/UniGetUI/UniGetUI.csproj]
/home/runner/work/UniGetUI/UniGetUI/src/UniGetUI/Pages/SoftwarePages/PackageBundlesPage.cs(114,34): warning CS8622: Nullability of reference types in type of parameter 'sender' of 'void PackageBundlesPage.MenuAsAdmin_Invoked(object sender, RoutedEventArgs args)' doesn't match the target delegate 'EventHandler<RoutedEventArgs>' (possibly because of nullability attributes). [/home/runner/work/UniGetUI/UniGetUI/src/UniGetUI/UniGetUI.csproj]
/home/runner/work/UniGetUI/UniGetUI/src/UniGetUI/Pages/SoftwarePages/PackageBundlesPage.cs(122,38): warning CS8622: Nullability of reference types in type of parameter 'sender' of 'void PackageBundlesPage.MenuInteractive_Invoked(object sender, RoutedEventArgs args)' doesn't match the target delegate 'EventHandler<RoutedEventArgs>' (possibly because of nullability attributes). [/home/runner/work/UniGetUI/UniGetUI/src/UniGetUI/UniGetUI.csproj]
/home/runner/work/UniGetUI/UniGetUI/src/UniGetUI/Pages/SoftwarePages/PackageBundlesPage.cs(130,35): warning CS8622: Nullability of reference types in type of parameter 'sender' of 'void PackageBundlesPage.MenuSkipHash_Invoked(object sender, RoutedEventArgs args)' doesn't match the target delegate 'EventHandler<RoutedEventArgs>' (possibly because of nullability attributes). [/home/runner/work/UniGetUI/UniGetUI/src/UniGetUI/UniGetUI.csproj]
/home/runner/work/UniGetUI/UniGetUI/src/UniGetUI/Pages/SoftwarePages/PackageBundlesPage.cs(148,41): warning CS8622: Nullability of reference types in type of parameter 'sender' of 'void PackageBundlesPage.MenuRemoveFromList_Invoked(object sender, RoutedEventArgs args)' doesn't match the target delegate 'EventHandler<RoutedEventArgs>' (possibly because of nullability attributes). [/home/runner/work/UniGetUI/UniGetUI/src/UniGetUI/UniGetUI.csproj]
/home/runner/work/UniGetUI/UniGetUI/src/UniGetUI/Pages/SoftwarePages/PackageBundlesPage.cs(157,32): warning CS8622: Nullability of reference types in type of parameter 'sender' of 'void PackageBundlesPage.MenuShare_Invoked(object sender, RoutedEventArgs args)' doesn't match the target delegate 'EventHandler<RoutedEventArgs>' (possibly because of nullability attributes). [/home/runner/work/UniGetUI/UniGetUI/src/UniGetUI/UniGetUI.csproj]
/home/runner/work/UniGetUI/UniGetUI/src/UniGetUI/Pages/SoftwarePages/PackageBundlesPage.cs(166,34): warning CS8622: Nullability of reference types in type of parameter 'sender' of 'void PackageBundlesPage.MenuDetails_Invoked(object sender, RoutedEventArgs args)' doesn't match the target delegate 'EventHandler<RoutedEventArgs>' (possibly because of nullability attributes). [/home/runner/work/UniGetUI/UniGetUI/src/UniGetUI/UniGetUI.csproj]
/home/runner/work/UniGetUI/UniGetUI/src/UniGetUI/Controls/SettingsWidgets/SecureCheckboxCard.cs(50,20): warning CS8619: Nullability of reference types in value of type 'bool?' doesn't match target type 'bool'. [/home/runner/work/UniGetUI/UniGetUI/src/UniGetUI/UniGetUI.csproj]
/home/runner/work/UniGetUI/UniGetUI/src/UniGetUI/Controls/SettingsWidgets/SecureCheckboxCard.cs(87,47): warning CS8602: Dereference of a possibly null reference. [/home/runner/work/UniGetUI/UniGetUI/src/UniGetUI/UniGetUI.csproj]
/home/runner/work/UniGetUI/UniGetUI/src/UniGetUI/Controls/SettingsWidgets/SecureCheckboxCard.cs(87,30): warning CS8600: Converting null literal or possible null value to non-nullable type. [/home/runner/work/UniGetUI/UniGetUI/src/UniGetUI/UniGetUI.csproj]
/home/runner/work/UniGetUI/UniGetUI/src/UniGetUI/Controls/SettingsWidgets/ComboboxCard.cs(85,42): warning CS8602: Dereference of a possibly null reference. [/home/runner/work/UniGetUI/UniGetUI/src/UniGetUI/UniGetUI.csproj]
/home/runner/work/UniGetUI/UniGetUI/src/UniGetUI/Controls/SettingsWidgets/CheckboxCard.cs(39,20): warning CS8619: Nullability of reference types in value of type 'bool?' doesn't match target type 'bool'. [/home/runner/work/UniGetUI/UniGetUI/src/UniGetUI/UniGetUI.csproj]
/home/runner/work/UniGetUI/UniGetUI/src/UniGetUI/Controls/SettingsWidgets/CheckboxCard.cs(98,43): warning CS8622: Nullability of reference types in type of parameter 'sender' of 'void CheckboxCard._checkbox_Toggled(object sender, RoutedEventArgs e)' doesn't match the target delegate 'EventHandler<RoutedEventArgs>' (possibly because of nullability attributes). [/home/runner/work/UniGetUI/UniGetUI/src/UniGetUI/UniGetUI.csproj]
/home/runner/work/UniGetUI/UniGetUI/src/UniGetUI/Controls/SettingsWidgets/CheckboxButtonCard.cs(40,20): warning CS8619: Nullability of reference types in value of type 'bool?' doesn't match target type 'bool'. [/home/runner/work/UniGetUI/UniGetUI/src/UniGetUI/UniGetUI.csproj]
/home/runner/work/UniGetUI/UniGetUI/src/UniGetUI/Pages/SettingsPages/GeneralPages/Internet.xaml.cs(38,39): warning CS8602: Dereference of a possibly null reference. [/home/runner/work/UniGetUI/UniGetUI/src/UniGetUI/UniGetUI.csproj]
/home/runner/work/UniGetUI/UniGetUI/src/UniGetUI/Pages/SettingsPages/GeneralPages/Internet.xaml.cs(38,32): warning CS8600: Converting null literal or possible null value to non-nullable type. [/home/runner/work/UniGetUI/UniGetUI/src/UniGetUI/UniGetUI.csproj]
/home/runner/work/UniGetUI/UniGetUI/src/UniGetUI/Pages/SettingsPages/GeneralPages/Internet.xaml.cs(39,29): warning CS8600: Converting null literal or possible null value to non-nullable type. [/home/runner/work/UniGetUI/UniGetUI/src/UniGetUI/UniGetUI.csproj]
/home/runner/work/UniGetUI/UniGetUI/src/UniGetUI/Pages/SettingsPages/GeneralPages/Internet.xaml.cs(40,30): warning CS8600: Converting null literal or possible null value to non-nullable type. [/home/runner/work/UniGetUI/UniGetUI/src/UniGetUI/UniGetUI.csproj]
/home/runner/work/UniGetUI/UniGetUI/src/UniGetUI/Pages/SettingsPages/GeneralPages/Internet.xaml.cs(41,31): warning CS8600: Converting null literal or possible null value to non-nullable type. [/home/runner/work/UniGetUI/UniGetUI/src/UniGetUI/UniGetUI.csproj]
/home/runner/work/UniGetUI/UniGetUI/src/UniGetUI/Pages/SettingsPages/GeneralPages/Internet.xaml.cs(42,29): warning CS8600: Converting null literal or possible null value to non-nullable type. [/home/runner/work/UniGetUI/UniGetUI/src/UniGetUI/UniGetUI.csproj]
/home/runner/work/UniGetUI/UniGetUI/src/UniGetUI/Pages/SettingsPages/GeneralPages/Internet.xaml.cs(105,34): warning CS8600: Converting null literal or possible null value to non-nullable type. [/home/runner/work/UniGetUI/UniGetUI/src/UniGetUI/UniGetUI.csproj]
/home/runner/work/UniGetUI/UniGetUI/src/UniGetUI/Controls/SettingsWidgets/CheckboxButtonCard.cs(81,66): warning CS8602: Dereference of a possibly null reference. [/home/runner/work/UniGetUI/UniGetUI/src/UniGetUI/UniGetUI.csproj]
/home/runner/work/UniGetUI/UniGetUI/src/UniGetUI/Controls/SettingsWidgets/CheckboxButtonCard.cs(81,42): warning CS8600: Converting null literal or possible null value to non-nullable type. [/home/runner/work/UniGetUI/UniGetUI/src/UniGetUI/UniGetUI.csproj]
/home/runner/work/UniGetUI/UniGetUI/src/UniGetUI/Controls/SettingsWidgets/CheckboxButtonCard.cs(83,30): warning CS8600: Converting null literal or possible null value to non-nullable type. [/home/runner/work/UniGetUI/UniGetUI/src/UniGetUI/UniGetUI.csproj]
/home/runner/work/UniGetUI/UniGetUI/src/UniGetUI/Controls/MenuForPackage.cs(98,60): warning CS8602: Dereference of a possibly null reference. [/home/runner/work/UniGetUI/UniGetUI/src/UniGetUI/UniGetUI.csproj]
/home/runner/work/UniGetUI/UniGetUI/src/UniGetUI/Controls/MenuForPackage.cs(98,36): warning CS8600: Converting null literal or possible null value to non-nullable type. [/home/runner/work/UniGetUI/UniGetUI/src/UniGetUI/UniGetUI.csproj]
/home/runner/work/UniGetUI/UniGetUI/src/UniGetUI/Controls/MenuForPackage.cs(43,85): warning CS8602: Dereference of a possibly null reference. [/home/runner/work/UniGetUI/UniGetUI/src/UniGetUI/UniGetUI.csproj]
/home/runner/work/UniGetUI/UniGetUI/src/UniGetUI/Controls/MenuForPackage.cs(43,61): warning CS8600: Converting null literal or possible null value to non-nullable type. [/home/runner/work/UniGetUI/UniGetUI/src/UniGetUI/UniGetUI.csproj]
/home/runner/work/UniGetUI/UniGetUI/src/UniGetUI/Controls/MenuForPackage.cs(43,61): warning CS8601: Possible null reference assignment. [/home/runner/work/UniGetUI/UniGetUI/src/UniGetUI/UniGetUI.csproj]
/home/runner/work/UniGetUI/UniGetUI/src/UniGetUI/Pages/DialogPages/DesktopShortcuts.xaml.cs(32,52): warning CS8622: Nullability of reference types in type of parameter 'sender' of 'void DesktopShortcutsManager.HandleAllDesktop_Checked(object sender, RoutedEventArgs e)' doesn't match the target delegate 'EventHandler<RoutedEventArgs>' (possibly because of nullability attributes). [/home/runner/work/UniGetUI/UniGetUI/src/UniGetUI/UniGetUI.csproj]
/home/runner/work/UniGetUI/UniGetUI/src/UniGetUI/Pages/DialogPages/DesktopShortcuts.xaml.cs(33,54): warning CS8622: Nullability of reference types in type of parameter 'sender' of 'void DesktopShortcutsManager.HandleAllDesktop_Unchecked(object sender, RoutedEventArgs e)' doesn't match the target delegate 'EventHandler<RoutedEventArgs>' (possibly because of nullability attributes). [/home/runner/work/UniGetUI/UniGetUI/src/UniGetUI/UniGetUI.csproj]
/home/runner/work/UniGetUI/UniGetUI/src/UniGetUI/Pages/DialogPages/DesktopShortcuts.xaml.cs(32,13): warning CS0618: 'ToggleButton.Checked' is obsolete: 'Use IsCheckedChanged instead.' [/home/runner/work/UniGetUI/UniGetUI/src/UniGetUI/UniGetUI.csproj]
/home/runner/work/UniGetUI/UniGetUI/src/UniGetUI/Pages/DialogPages/DesktopShortcuts.xaml.cs(33,13): warning CS0618: 'ToggleButton.Unchecked' is obsolete: 'Use IsCheckedChanged instead.' [/home/runner/work/UniGetUI/UniGetUI/src/UniGetUI/UniGetUI.csproj]
/home/runner/work/UniGetUI/UniGetUI/src/UniGetUI/Pages/LogPages/UniGetUILogPage.cs(78,71): warning CS0436: The type 'Run' in '/home/runner/work/UniGetUI/UniGetUI/src/UniGetUI/Controls/DocumentStubs.cs' conflicts with the imported type 'Run' in 'Avalonia.Controls, Version=11.2.2.0, Culture=neutral, PublicKeyToken=c8d484a7012f9a8b'. Using the type defined in '/home/runner/work/UniGetUI/UniGetUI/src/UniGetUI/Controls/DocumentStubs.cs'. [/home/runner/work/UniGetUI/UniGetUI/src/UniGetUI/UniGetUI.csproj]
/home/runner/work/UniGetUI/UniGetUI/src/UniGetUI/Pages/LogPages/UniGetUILogPage.cs(84,71): warning CS0436: The type 'Run' in '/home/runner/work/UniGetUI/UniGetUI/src/UniGetUI/Controls/DocumentStubs.cs' conflicts with the imported type 'Run' in 'Avalonia.Controls, Version=11.2.2.0, Culture=neutral, PublicKeyToken=c8d484a7012f9a8b'. Using the type defined in '/home/runner/work/UniGetUI/UniGetUI/src/UniGetUI/Controls/DocumentStubs.cs'. [/home/runner/work/UniGetUI/UniGetUI/src/UniGetUI/UniGetUI.csproj]
/home/runner/work/UniGetUI/UniGetUI/src/UniGetUI/Pages/LogPages/UniGetUILogPage.cs(86,49): warning CS0436: The type 'Run' in '/home/runner/work/UniGetUI/UniGetUI/src/UniGetUI/Controls/DocumentStubs.cs' conflicts with the imported type 'Run' in 'Avalonia.Controls, Version=11.2.2.0, Culture=neutral, PublicKeyToken=c8d484a7012f9a8b'. Using the type defined in '/home/runner/work/UniGetUI/UniGetUI/src/UniGetUI/Controls/DocumentStubs.cs'. [/home/runner/work/UniGetUI/UniGetUI/src/UniGetUI/UniGetUI.csproj]
/home/runner/work/UniGetUI/UniGetUI/src/UniGetUI/Pages/LogPages/UniGetUILogPage.cs(86,105): warning CS0436: The type 'Run' in '/home/runner/work/UniGetUI/UniGetUI/src/UniGetUI/Controls/DocumentStubs.cs' conflicts with the imported type 'Run' in 'Avalonia.Controls, Version=11.2.2.0, Culture=neutral, PublicKeyToken=c8d484a7012f9a8b'. Using the type defined in '/home/runner/work/UniGetUI/UniGetUI/src/UniGetUI/Controls/DocumentStubs.cs'. [/home/runner/work/UniGetUI/UniGetUI/src/UniGetUI/UniGetUI.csproj]
/home/runner/work/UniGetUI/UniGetUI/src/UniGetUI/Pages/LogPages/UniGetUILogPage.cs(78,25): warning CS8602: Dereference of a possibly null reference. [/home/runner/work/UniGetUI/UniGetUI/src/UniGetUI/UniGetUI.csproj]
/home/runner/work/UniGetUI/UniGetUI/src/UniGetUI/Pages/LogPages/UniGetUILogPage.cs(84,25): warning CS8602: Dereference of a possibly null reference. [/home/runner/work/UniGetUI/UniGetUI/src/UniGetUI/UniGetUI.csproj]
/home/runner/work/UniGetUI/UniGetUI/src/UniGetUI/Pages/LogPages/UniGetUILogPage.cs(86,53): warning CS8602: Dereference of a possibly null reference. [/home/runner/work/UniGetUI/UniGetUI/src/UniGetUI/UniGetUI.csproj]
/home/runner/work/UniGetUI/UniGetUI/src/UniGetUI/MainWindow.axaml.cs(216,21): warning CS1717: Assignment made to same variable; did you mean to assign something else? [/home/runner/work/UniGetUI/UniGetUI/src/UniGetUI/UniGetUI.csproj]
/home/runner/work/UniGetUI/UniGetUI/src/UniGetUI/MainWindow.axaml.cs(217,21): warning CS1717: Assignment made to same variable; did you mean to assign something else? [/home/runner/work/UniGetUI/UniGetUI/src/UniGetUI/UniGetUI.csproj]
/home/runner/work/UniGetUI/UniGetUI/src/UniGetUI/Pages/SoftwarePages/InstalledPackagesPage.cs(74,36): warning CS8622: Nullability of reference types in type of parameter 'sender' of 'void InstalledPackagesPage.MenuUninstall_Invoked(object sender, RoutedEventArgs args)' doesn't match the target delegate 'EventHandler<RoutedEventArgs>' (possibly because of nullability attributes). [/home/runner/work/UniGetUI/UniGetUI/src/UniGetUI/UniGetUI.csproj]
/home/runner/work/UniGetUI/UniGetUI/src/UniGetUI/Pages/SoftwarePages/InstalledPackagesPage.cs(85,46): warning CS8622: Nullability of reference types in type of parameter 'sender' of 'void InstalledPackagesPage.MenuInstallSettings_Invoked(object sender, RoutedEventArgs e)' doesn't match the target delegate 'EventHandler<RoutedEventArgs>' (possibly because of nullability attributes). [/home/runner/work/UniGetUI/UniGetUI/src/UniGetUI/UniGetUI.csproj]
/home/runner/work/UniGetUI/UniGetUI/src/UniGetUI/Pages/SoftwarePages/InstalledPackagesPage.cs(103,34): warning CS8622: Nullability of reference types in type of parameter 'sender' of 'void InstalledPackagesPage.MenuAsAdmin_Invoked(object sender, RoutedEventArgs args)' doesn't match the target delegate 'EventHandler<RoutedEventArgs>' (possibly because of nullability attributes). [/home/runner/work/UniGetUI/UniGetUI/src/UniGetUI/UniGetUI.csproj]
/home/runner/work/UniGetUI/UniGetUI/src/UniGetUI/Pages/SoftwarePages/InstalledPackagesPage.cs(111,38): warning CS8622: Nullability of reference types in type of parameter 'sender' of 'void InstalledPackagesPage.MenuInteractive_Invoked(object sender, RoutedEventArgs args)' doesn't match the target delegate 'EventHandler<RoutedEventArgs>' (possibly because of nullability attributes). [/home/runner/work/UniGetUI/UniGetUI/src/UniGetUI/UniGetUI.csproj]
/home/runner/work/UniGetUI/UniGetUI/src/UniGetUI/Pages/SoftwarePages/InstalledPackagesPage.cs(119,37): warning CS8622: Nullability of reference types in type of parameter 'sender' of 'void InstalledPackagesPage.MenuRemoveData_Invoked(object sender, RoutedEventArgs args)' doesn't match the target delegate 'EventHandler<RoutedEventArgs>' (possibly because of nullability attributes). [/home/runner/work/UniGetUI/UniGetUI/src/UniGetUI/UniGetUI.csproj]
/home/runner/work/UniGetUI/UniGetUI/src/UniGetUI/Pages/SoftwarePages/InstalledPackagesPage.cs(139,43): warning CS8622: Nullability of reference types in type of parameter 'sender' of 'void InstalledPackagesPage.MenuReinstall_Invoked(object sender, RoutedEventArgs args)' doesn't match the target delegate 'EventHandler<RoutedEventArgs>' (possibly because of nullability attributes). [/home/runner/work/UniGetUI/UniGetUI/src/UniGetUI/UniGetUI.csproj]
/home/runner/work/UniGetUI/UniGetUI/src/UniGetUI/Pages/SoftwarePages/InstalledPackagesPage.cs(147,49): warning CS8622: Nullability of reference types in type of parameter 'sender' of 'void InstalledPackagesPage.MenuUninstallThenReinstall_Invoked(object sender, RoutedEventArgs args)' doesn't match the target delegate 'EventHandler<RoutedEventArgs>' (possibly because of nullability attributes). [/home/runner/work/UniGetUI/UniGetUI/src/UniGetUI/UniGetUI.csproj]
/home/runner/work/UniGetUI/UniGetUI/src/UniGetUI/Pages/SoftwarePages/InstalledPackagesPage.cs(156,40): warning CS8622: Nullability of reference types in type of parameter 'sender' of 'void InstalledPackagesPage.MenuIgnorePackage_Invoked(object sender, RoutedEventArgs args)' doesn't match the target delegate 'EventHandler<RoutedEventArgs>' (possibly because of nullability attributes). [/home/runner/work/UniGetUI/UniGetUI/src/UniGetUI/UniGetUI.csproj]
/home/runner/work/UniGetUI/UniGetUI/src/UniGetUI/Pages/SoftwarePages/InstalledPackagesPage.cs(166,39): warning CS8622: Nullability of reference types in type of parameter 'sender' of 'void InstalledPackagesPage.MenuShare_Invoked(object sender, RoutedEventArgs args)' doesn't match the target delegate 'EventHandler<RoutedEventArgs>' (possibly because of nullability attributes). [/home/runner/work/UniGetUI/UniGetUI/src/UniGetUI/UniGetUI.csproj]
/home/runner/work/UniGetUI/UniGetUI/src/UniGetUI/Pages/SoftwarePages/InstalledPackagesPage.cs(175,41): warning CS8622: Nullability of reference types in type of parameter 'sender' of 'void InstalledPackagesPage.MenuDetails_Invoked(object sender, RoutedEventArgs args)' doesn't match the target delegate 'EventHandler<RoutedEventArgs>' (possibly because of nullability attributes). [/home/runner/work/UniGetUI/UniGetUI/src/UniGetUI/UniGetUI.csproj]
/home/runner/work/UniGetUI/UniGetUI/src/UniGetUI/Pages/LogPages/OperationHistoryPage.cs(22,71): warning CS0436: The type 'Run' in '/home/runner/work/UniGetUI/UniGetUI/src/UniGetUI/Controls/DocumentStubs.cs' conflicts with the imported type 'Run' in 'Avalonia.Controls, Version=11.2.2.0, Culture=neutral, PublicKeyToken=c8d484a7012f9a8b'. Using the type defined in '/home/runner/work/UniGetUI/UniGetUI/src/UniGetUI/Controls/DocumentStubs.cs'. [/home/runner/work/UniGetUI/UniGetUI/src/UniGetUI/UniGetUI.csproj]
/home/runner/work/UniGetUI/UniGetUI/src/UniGetUI/Pages/LogPages/OperationHistoryPage.cs(22,17): warning CS8602: Dereference of a possibly null reference. [/home/runner/work/UniGetUI/UniGetUI/src/UniGetUI/UniGetUI.csproj]
/home/runner/work/UniGetUI/UniGetUI/src/UniGetUI/Pages/SoftwarePages/InstalledPackagesPage.cs(258,38): warning CS8622: Nullability of reference types in type of parameter 'sender' of 'void InstalledPackagesPage.ExportSelection_Click(object sender, RoutedEventArgs e)' doesn't match the target delegate 'EventHandler<RoutedEventArgs>' (possibly because of nullability attributes). [/home/runner/work/UniGetUI/UniGetUI/src/UniGetUI/UniGetUI.csproj]
/home/runner/work/UniGetUI/UniGetUI/src/UniGetUI/Pages/LogPages/ManagerLogsPage.cs(29,74): warning CS0436: The type 'Run' in '/home/runner/work/UniGetUI/UniGetUI/src/UniGetUI/Controls/DocumentStubs.cs' conflicts with the imported type 'Run' in 'Avalonia.Controls, Version=11.2.2.0, Culture=neutral, PublicKeyToken=c8d484a7012f9a8b'. Using the type defined in '/home/runner/work/UniGetUI/UniGetUI/src/UniGetUI/Controls/DocumentStubs.cs'. [/home/runner/work/UniGetUI/UniGetUI/src/UniGetUI/UniGetUI.csproj]
/home/runner/work/UniGetUI/UniGetUI/src/UniGetUI/Pages/LogPages/ManagerLogsPage.cs(30,74): warning CS0436: The type 'Run' in '/home/runner/work/UniGetUI/UniGetUI/src/UniGetUI/Controls/DocumentStubs.cs' conflicts with the imported type 'Run' in 'Avalonia.Controls, Version=11.2.2.0, Culture=neutral, PublicKeyToken=c8d484a7012f9a8b'. Using the type defined in '/home/runner/work/UniGetUI/UniGetUI/src/UniGetUI/Controls/DocumentStubs.cs'. [/home/runner/work/UniGetUI/UniGetUI/src/UniGetUI/UniGetUI.csproj]
/home/runner/work/UniGetUI/UniGetUI/src/UniGetUI/Pages/LogPages/ManagerLogsPage.cs(31,74): warning CS0436: The type 'Run' in '/home/runner/work/UniGetUI/UniGetUI/src/UniGetUI/Controls/DocumentStubs.cs' conflicts with the imported type 'Run' in 'Avalonia.Controls, Version=11.2.2.0, Culture=neutral, PublicKeyToken=c8d484a7012f9a8b'. Using the type defined in '/home/runner/work/UniGetUI/UniGetUI/src/UniGetUI/Controls/DocumentStubs.cs'. [/home/runner/work/UniGetUI/UniGetUI/src/UniGetUI/UniGetUI.csproj]
/home/runner/work/UniGetUI/UniGetUI/src/UniGetUI/Pages/LogPages/ManagerLogsPage.cs(50,67): warning CS0436: The type 'Run' in '/home/runner/work/UniGetUI/UniGetUI/src/UniGetUI/Controls/DocumentStubs.cs' conflicts with the imported type 'Run' in 'Avalonia.Controls, Version=11.2.2.0, Culture=neutral, PublicKeyToken=c8d484a7012f9a8b'. Using the type defined in '/home/runner/work/UniGetUI/UniGetUI/src/UniGetUI/Controls/DocumentStubs.cs'. [/home/runner/work/UniGetUI/UniGetUI/src/UniGetUI/UniGetUI.csproj]
/home/runner/work/UniGetUI/UniGetUI/src/UniGetUI/Pages/LogPages/ManagerLogsPage.cs(52,47): warning CS0436: The type 'Run' in '/home/runner/work/UniGetUI/UniGetUI/src/UniGetUI/Controls/DocumentStubs.cs' conflicts with the imported type 'Run' in 'Avalonia.Controls, Version=11.2.2.0, Culture=neutral, PublicKeyToken=c8d484a7012f9a8b'. Using the type defined in '/home/runner/work/UniGetUI/UniGetUI/src/UniGetUI/Controls/DocumentStubs.cs'. [/home/runner/work/UniGetUI/UniGetUI/src/UniGetUI/UniGetUI.csproj]
/home/runner/work/UniGetUI/UniGetUI/src/UniGetUI/Pages/LogPages/ManagerLogsPage.cs(52,103): warning CS0436: The type 'Run' in '/home/runner/work/UniGetUI/UniGetUI/src/UniGetUI/Controls/DocumentStubs.cs' conflicts with the imported type 'Run' in 'Avalonia.Controls, Version=11.2.2.0, Culture=neutral, PublicKeyToken=c8d484a7012f9a8b'. Using the type defined in '/home/runner/work/UniGetUI/UniGetUI/src/UniGetUI/Controls/DocumentStubs.cs'. [/home/runner/work/UniGetUI/UniGetUI/src/UniGetUI/UniGetUI.csproj]
/home/runner/work/UniGetUI/UniGetUI/src/UniGetUI/Pages/LogPages/ManagerLogsPage.cs(29,13): warning CS8602: Dereference of a possibly null reference. [/home/runner/work/UniGetUI/UniGetUI/src/UniGetUI/UniGetUI.csproj]
/home/runner/work/UniGetUI/UniGetUI/src/UniGetUI/Pages/LogPages/ManagerLogsPage.cs(50,21): warning CS8602: Dereference of a possibly null reference. [/home/runner/work/UniGetUI/UniGetUI/src/UniGetUI/UniGetUI.csproj]
/home/runner/work/UniGetUI/UniGetUI/src/UniGetUI/Pages/LogPages/ManagerLogsPage.cs(52,51): warning CS8602: Dereference of a possibly null reference. [/home/runner/work/UniGetUI/UniGetUI/src/UniGetUI/UniGetUI.csproj]
/home/runner/work/UniGetUI/UniGetUI/src/UniGetUI/Pages/DialogPages/OperationLiveLogPage.xaml.cs(35,65): warning CS0436: The type 'Run' in '/home/runner/work/UniGetUI/UniGetUI/src/UniGetUI/Controls/DocumentStubs.cs' conflicts with the imported type 'Run' in 'Avalonia.Controls, Version=11.2.2.0, Culture=neutral, PublicKeyToken=c8d484a7012f9a8b'. Using the type defined in '/home/runner/work/UniGetUI/UniGetUI/src/UniGetUI/Controls/DocumentStubs.cs'. [/home/runner/work/UniGetUI/UniGetUI/src/UniGetUI/UniGetUI.csproj]
/home/runner/work/UniGetUI/UniGetUI/src/UniGetUI/Pages/DialogPages/OperationLiveLogPage.xaml.cs(40,65): warning CS0436: The type 'Run' in '/home/runner/work/UniGetUI/UniGetUI/src/UniGetUI/Controls/DocumentStubs.cs' conflicts with the imported type 'Run' in 'Avalonia.Controls, Version=11.2.2.0, Culture=neutral, PublicKeyToken=c8d484a7012f9a8b'. Using the type defined in '/home/runner/work/UniGetUI/UniGetUI/src/UniGetUI/Controls/DocumentStubs.cs'. [/home/runner/work/UniGetUI/UniGetUI/src/UniGetUI/UniGetUI.csproj]
/home/runner/work/UniGetUI/UniGetUI/src/UniGetUI/Pages/DialogPages/OperationLiveLogPage.xaml.cs(45,65): warning CS0436: The type 'Run' in '/home/runner/work/UniGetUI/UniGetUI/src/UniGetUI/Controls/DocumentStubs.cs' conflicts with the imported type 'Run' in 'Avalonia.Controls, Version=11.2.2.0, Culture=neutral, PublicKeyToken=c8d484a7012f9a8b'. Using the type defined in '/home/runner/work/UniGetUI/UniGetUI/src/UniGetUI/Controls/DocumentStubs.cs'. [/home/runner/work/UniGetUI/UniGetUI/src/UniGetUI/UniGetUI.csproj]
/home/runner/work/UniGetUI/UniGetUI/src/UniGetUI/Pages/DialogPages/OperationLiveLogPage.xaml.cs(25,41): warning CS8602: Dereference of a possibly null reference. [/home/runner/work/UniGetUI/UniGetUI/src/UniGetUI/UniGetUI.csproj]
/home/runner/work/UniGetUI/UniGetUI/src/UniGetUI/Pages/DialogPages/OperationLiveLogPage.xaml.cs(25,24): warning CS8600: Converting null literal or possible null value to non-nullable type. [/home/runner/work/UniGetUI/UniGetUI/src/UniGetUI/UniGetUI.csproj]
/home/runner/work/UniGetUI/UniGetUI/src/UniGetUI/Pages/DialogPages/OperationLiveLogPage.xaml.cs(25,24): warning CS8601: Possible null reference assignment. [/home/runner/work/UniGetUI/UniGetUI/src/UniGetUI/UniGetUI.csproj]
/home/runner/work/UniGetUI/UniGetUI/src/UniGetUI/Pages/DialogPages/OperationLiveLogPage.xaml.cs(26,41): warning CS8602: Dereference of a possibly null reference. [/home/runner/work/UniGetUI/UniGetUI/src/UniGetUI/UniGetUI.csproj]
/home/runner/work/UniGetUI/UniGetUI/src/UniGetUI/Pages/DialogPages/OperationLiveLogPage.xaml.cs(26,24): warning CS8600: Converting null literal or possible null value to non-nullable type. [/home/runner/work/UniGetUI/UniGetUI/src/UniGetUI/UniGetUI.csproj]
/home/runner/work/UniGetUI/UniGetUI/src/UniGetUI/Pages/DialogPages/OperationLiveLogPage.xaml.cs(26,24): warning CS8601: Possible null reference assignment. [/home/runner/work/UniGetUI/UniGetUI/src/UniGetUI/UniGetUI.csproj]
/home/runner/work/UniGetUI/UniGetUI/src/UniGetUI/Pages/DialogPages/OperationLiveLogPage.xaml.cs(35,17): warning CS8602: Dereference of a possibly null reference. [/home/runner/work/UniGetUI/UniGetUI/src/UniGetUI/UniGetUI.csproj]
/home/runner/work/UniGetUI/UniGetUI/src/UniGetUI/Pages/DialogPages/OperationLiveLogPage.xaml.cs(40,17): warning CS8602: Dereference of a possibly null reference. [/home/runner/work/UniGetUI/UniGetUI/src/UniGetUI/UniGetUI.csproj]
/home/runner/work/UniGetUI/UniGetUI/src/UniGetUI/Pages/DialogPages/OperationLiveLogPage.xaml.cs(45,17): warning CS8602: Dereference of a possibly null reference. [/home/runner/work/UniGetUI/UniGetUI/src/UniGetUI/UniGetUI.csproj]
/home/runner/work/UniGetUI/UniGetUI/src/UniGetUI/Pages/DialogPages/OperationLiveLogPage.xaml.cs(53,34): warning CS8602: Dereference of a possibly null reference. [/home/runner/work/UniGetUI/UniGetUI/src/UniGetUI/UniGetUI.csproj]
/home/runner/work/UniGetUI/UniGetUI/src/UniGetUI/Pages/DialogPages/OperationLiveLogPage.xaml.cs(58,13): warning CS8602: Dereference of a possibly null reference. [/home/runner/work/UniGetUI/UniGetUI/src/UniGetUI/UniGetUI.csproj]
/home/runner/work/UniGetUI/UniGetUI/src/UniGetUI/Pages/DialogPages/OperationLiveLogPage.xaml.cs(63,13): warning CS8602: Dereference of a possibly null reference. [/home/runner/work/UniGetUI/UniGetUI/src/UniGetUI/UniGetUI.csproj]
/home/runner/work/UniGetUI/UniGetUI/src/UniGetUI/Pages/DialogPages/OperationLiveLogPage.xaml.cs(68,13): warning CS8602: Dereference of a possibly null reference. [/home/runner/work/UniGetUI/UniGetUI/src/UniGetUI/UniGetUI.csproj]
/home/runner/work/UniGetUI/UniGetUI/src/UniGetUI/Pages/DialogPages/OperationLiveLogPage.xaml.cs(73,13): warning CS8602: Dereference of a possibly null reference. [/home/runner/work/UniGetUI/UniGetUI/src/UniGetUI/UniGetUI.csproj]
/home/runner/work/UniGetUI/UniGetUI/src/UniGetUI/Pages/DialogPages/OperationFailedDialog.xaml.cs(40,65): warning CS0436: The type 'Run' in '/home/runner/work/UniGetUI/UniGetUI/src/UniGetUI/Controls/DocumentStubs.cs' conflicts with the imported type 'Run' in 'Avalonia.Controls, Version=11.2.2.0, Culture=neutral, PublicKeyToken=c8d484a7012f9a8b'. Using the type defined in '/home/runner/work/UniGetUI/UniGetUI/src/UniGetUI/Controls/DocumentStubs.cs'. [/home/runner/work/UniGetUI/UniGetUI/src/UniGetUI/UniGetUI.csproj]
/home/runner/work/UniGetUI/UniGetUI/src/UniGetUI/Pages/DialogPages/OperationFailedDialog.xaml.cs(45,65): warning CS0436: The type 'Run' in '/home/runner/work/UniGetUI/UniGetUI/src/UniGetUI/Controls/DocumentStubs.cs' conflicts with the imported type 'Run' in 'Avalonia.Controls, Version=11.2.2.0, Culture=neutral, PublicKeyToken=c8d484a7012f9a8b'. Using the type defined in '/home/runner/work/UniGetUI/UniGetUI/src/UniGetUI/Controls/DocumentStubs.cs'. [/home/runner/work/UniGetUI/UniGetUI/src/UniGetUI/UniGetUI.csproj]
/home/runner/work/UniGetUI/UniGetUI/src/UniGetUI/Pages/DialogPages/OperationFailedDialog.xaml.cs(50,65): warning CS0436: The type 'Run' in '/home/runner/work/UniGetUI/UniGetUI/src/UniGetUI/Controls/DocumentStubs.cs' conflicts with the imported type 'Run' in 'Avalonia.Controls, Version=11.2.2.0, Culture=neutral, PublicKeyToken=c8d484a7012f9a8b'. Using the type defined in '/home/runner/work/UniGetUI/UniGetUI/src/UniGetUI/Controls/DocumentStubs.cs'. [/home/runner/work/UniGetUI/UniGetUI/src/UniGetUI/UniGetUI.csproj]
/home/runner/work/UniGetUI/UniGetUI/src/UniGetUI/Pages/DialogPages/OperationFailedDialog.xaml.cs(29,41): warning CS8602: Dereference of a possibly null reference. [/home/runner/work/UniGetUI/UniGetUI/src/UniGetUI/UniGetUI.csproj]
/home/runner/work/UniGetUI/UniGetUI/src/UniGetUI/Pages/DialogPages/OperationFailedDialog.xaml.cs(29,24): warning CS8600: Converting null literal or possible null value to non-nullable type. [/home/runner/work/UniGetUI/UniGetUI/src/UniGetUI/UniGetUI.csproj]
/home/runner/work/UniGetUI/UniGetUI/src/UniGetUI/Pages/DialogPages/OperationFailedDialog.xaml.cs(29,24): warning CS8601: Possible null reference assignment. [/home/runner/work/UniGetUI/UniGetUI/src/UniGetUI/UniGetUI.csproj]
/home/runner/work/UniGetUI/UniGetUI/src/UniGetUI/Pages/DialogPages/OperationFailedDialog.xaml.cs(30,41): warning CS8602: Dereference of a possibly null reference. [/home/runner/work/UniGetUI/UniGetUI/src/UniGetUI/UniGetUI.csproj]
/home/runner/work/UniGetUI/UniGetUI/src/UniGetUI/Pages/DialogPages/OperationFailedDialog.xaml.cs(30,24): warning CS8600: Converting null literal or possible null value to non-nullable type. [/home/runner/work/UniGetUI/UniGetUI/src/UniGetUI/UniGetUI.csproj]
/home/runner/work/UniGetUI/UniGetUI/src/UniGetUI/Pages/DialogPages/OperationFailedDialog.xaml.cs(30,24): warning CS8601: Possible null reference assignment. [/home/runner/work/UniGetUI/UniGetUI/src/UniGetUI/UniGetUI.csproj]
/home/runner/work/UniGetUI/UniGetUI/src/UniGetUI/Pages/DialogPages/OperationFailedDialog.xaml.cs(40,17): warning CS8602: Dereference of a possibly null reference. [/home/runner/work/UniGetUI/UniGetUI/src/UniGetUI/UniGetUI.csproj]
/home/runner/work/UniGetUI/UniGetUI/src/UniGetUI/Pages/DialogPages/OperationFailedDialog.xaml.cs(45,17): warning CS8602: Dereference of a possibly null reference. [/home/runner/work/UniGetUI/UniGetUI/src/UniGetUI/UniGetUI.csproj]
/home/runner/work/UniGetUI/UniGetUI/src/UniGetUI/Pages/DialogPages/OperationFailedDialog.xaml.cs(50,17): warning CS8602: Dereference of a possibly null reference. [/home/runner/work/UniGetUI/UniGetUI/src/UniGetUI/UniGetUI.csproj]
/home/runner/work/UniGetUI/UniGetUI/src/UniGetUI/Pages/SoftwarePages/DiscoverSoftwarePage.cs(53,37): warning CS8622: Nullability of reference types in type of parameter 'sender' of 'void DiscoverSoftwarePage.Event_SearchPackages(object sender, RoutedEventArgs e)' doesn't match the target delegate 'EventHandler<RoutedEventArgs>' (possibly because of nullability attributes). [/home/runner/work/UniGetUI/UniGetUI/src/UniGetUI/UniGetUI.csproj]
/home/runner/work/UniGetUI/UniGetUI/src/UniGetUI/Pages/SoftwarePages/DiscoverSoftwarePage.cs(54,103): warning CS8604: Possible null reference argument for parameter 'sender' in 'void DiscoverSoftwarePage.Event_SearchPackages(object sender, RoutedEventArgs e)'. [/home/runner/work/UniGetUI/UniGetUI/src/UniGetUI/UniGetUI.csproj]
/home/runner/work/UniGetUI/UniGetUI/src/UniGetUI/Pages/SoftwarePages/DiscoverSoftwarePage.cs(60,34): warning CS8604: Possible null reference argument for parameter 'sender' in 'void DiscoverSoftwarePage.Event_SearchPackages(object sender, RoutedEventArgs e)'. [/home/runner/work/UniGetUI/UniGetUI/src/UniGetUI/UniGetUI.csproj]
/home/runner/work/UniGetUI/UniGetUI/src/UniGetUI/Pages/SoftwarePages/DiscoverSoftwarePage.cs(73,34): warning CS8622: Nullability of reference types in type of parameter 'sender' of 'void DiscoverSoftwarePage.MenuInstall_Invoked(object sender, RoutedEventArgs e)' doesn't match the target delegate 'EventHandler<RoutedEventArgs>' (possibly because of nullability attributes). [/home/runner/work/UniGetUI/UniGetUI/src/UniGetUI/UniGetUI.csproj]
/home/runner/work/UniGetUI/UniGetUI/src/UniGetUI/Pages/SoftwarePages/DiscoverSoftwarePage.cs(84,42): warning CS8622: Nullability of reference types in type of parameter 'sender' of 'void DiscoverSoftwarePage.MenuInstallSettings_Invoked(object sender, RoutedEventArgs e)' doesn't match the target delegate 'EventHandler<RoutedEventArgs>' (possibly because of nullability attributes). [/home/runner/work/UniGetUI/UniGetUI/src/UniGetUI/UniGetUI.csproj]
/home/runner/work/UniGetUI/UniGetUI/src/UniGetUI/Pages/SoftwarePages/DiscoverSoftwarePage.cs(94,34): warning CS8622: Nullability of reference types in type of parameter 'sender' of 'void DiscoverSoftwarePage.MenuAsAdmin_Invoked(object sender, RoutedEventArgs e)' doesn't match the target delegate 'EventHandler<RoutedEventArgs>' (possibly because of nullability attributes). [/home/runner/work/UniGetUI/UniGetUI/src/UniGetUI/UniGetUI.csproj]
/home/runner/work/UniGetUI/UniGetUI/src/UniGetUI/Pages/SoftwarePages/DiscoverSoftwarePage.cs(102,38): warning CS8622: Nullability of reference types in type of parameter 'sender' of 'void DiscoverSoftwarePage.MenuInteractive_Invoked(object sender, RoutedEventArgs e)' doesn't match the target delegate 'EventHandler<RoutedEventArgs>' (possibly because of nullability attributes). [/home/runner/work/UniGetUI/UniGetUI/src/UniGetUI/UniGetUI.csproj]
/home/runner/work/UniGetUI/UniGetUI/src/UniGetUI/Pages/SoftwarePages/DiscoverSoftwarePage.cs(110,35): warning CS8622: Nullability of reference types in type of parameter 'sender' of 'void DiscoverSoftwarePage.MenuSkipHash_Invoked(object sender, RoutedEventArgs e)' doesn't match the target delegate 'EventHandler<RoutedEventArgs>' (possibly because of nullability attributes). [/home/runner/work/UniGetUI/UniGetUI/src/UniGetUI/UniGetUI.csproj]
/home/runner/work/UniGetUI/UniGetUI/src/UniGetUI/Pages/SoftwarePages/DiscoverSoftwarePage.cs(128,32): warning CS8622: Nullability of reference types in type of parameter 'sender' of 'void DiscoverSoftwarePage.MenuShare_Invoked(object sender, RoutedEventArgs e)' doesn't match the target delegate 'EventHandler<RoutedEventArgs>' (possibly because of nullability attributes). [/home/runner/work/UniGetUI/UniGetUI/src/UniGetUI/UniGetUI.csproj]
/home/runner/work/UniGetUI/UniGetUI/src/UniGetUI/Pages/SoftwarePages/DiscoverSoftwarePage.cs(137,34): warning CS8622: Nullability of reference types in type of parameter 'sender' of 'void DiscoverSoftwarePage.MenuDetails_Invoked(object sender, RoutedEventArgs e)' doesn't match the target delegate 'EventHandler<RoutedEventArgs>' (possibly because of nullability attributes). [/home/runner/work/UniGetUI/UniGetUI/src/UniGetUI/UniGetUI.csproj]
/home/runner/work/UniGetUI/UniGetUI/src/UniGetUI/Pages/SoftwarePages/DiscoverSoftwarePage.cs(213,38): warning CS8622: Nullability of reference types in type of parameter 'sender' of 'void DiscoverSoftwarePage.ExportSelection_Click(object sender, RoutedEventArgs e)' doesn't match the target delegate 'EventHandler<RoutedEventArgs>' (possibly because of nullability attributes). [/home/runner/work/UniGetUI/UniGetUI/src/UniGetUI/UniGetUI.csproj]
/home/runner/work/UniGetUI/UniGetUI/src/UniGetUI/Pages/SoftwarePages/DiscoverSoftwarePage.cs(231,17): warning CS8602: Dereference of a possibly null reference. [/home/runner/work/UniGetUI/UniGetUI/src/UniGetUI/UniGetUI.csproj]
/home/runner/work/UniGetUI/UniGetUI/src/UniGetUI/Pages/HelpPage.xaml.cs(74,17): warning CS8604: Possible null reference argument for parameter 'frame' in 'void FrameExtensions.GoBack(ContentControl frame)'. [/home/runner/work/UniGetUI/UniGetUI/src/UniGetUI/UniGetUI.csproj]
/home/runner/work/UniGetUI/UniGetUI/src/UniGetUI/Pages/DialogPages/InstallOptions_Manager.xaml.cs(159,70): warning CS8602: Dereference of a possibly null reference. [/home/runner/work/UniGetUI/UniGetUI/src/UniGetUI/UniGetUI.csproj]
/home/runner/work/UniGetUI/UniGetUI/src/UniGetUI/Pages/DialogPages/InstallOptions_Manager.xaml.cs(159,46): warning CS8600: Converting null literal or possible null value to non-nullable type. [/home/runner/work/UniGetUI/UniGetUI/src/UniGetUI/UniGetUI.csproj]
/home/runner/work/UniGetUI/UniGetUI/src/UniGetUI/Pages/SoftwarePages/DiscoverSoftwarePage.cs(239,17): warning CS8602: Dereference of a possibly null reference. [/home/runner/work/UniGetUI/UniGetUI/src/UniGetUI/UniGetUI.csproj]
/home/runner/work/UniGetUI/UniGetUI/src/UniGetUI/Pages/DialogPages/InstallOptions_Manager.xaml.cs(197,45): warning CS8601: Possible null reference assignment. [/home/runner/work/UniGetUI/UniGetUI/src/UniGetUI/UniGetUI.csproj]
/home/runner/work/UniGetUI/UniGetUI/src/UniGetUI/Pages/DialogPages/InstallOptions_Manager.xaml.cs(201,44): warning CS8602: Dereference of a possibly null reference. [/home/runner/work/UniGetUI/UniGetUI/src/UniGetUI/UniGetUI.csproj]
/home/runner/work/UniGetUI/UniGetUI/src/UniGetUI/Pages/DialogPages/InstallOptions_Manager.xaml.cs(202,43): warning CS8602: Dereference of a possibly null reference. [/home/runner/work/UniGetUI/UniGetUI/src/UniGetUI/UniGetUI.csproj]
/home/runner/work/UniGetUI/UniGetUI/src/UniGetUI/Pages/DialogPages/InstallOptions_Manager.xaml.cs(203,46): warning CS8602: Dereference of a possibly null reference. [/home/runner/work/UniGetUI/UniGetUI/src/UniGetUI/UniGetUI.csproj]
/home/runner/work/UniGetUI/UniGetUI/src/UniGetUI/Pages/DialogPages/InstallOptions_Manager.xaml.cs(238,70): warning CS8602: Dereference of a possibly null reference. [/home/runner/work/UniGetUI/UniGetUI/src/UniGetUI/UniGetUI.csproj]
/home/runner/work/UniGetUI/UniGetUI/src/UniGetUI/Pages/DialogPages/InstallOptions_Manager.xaml.cs(238,46): warning CS8600: Converting null literal or possible null value to non-nullable type. [/home/runner/work/UniGetUI/UniGetUI/src/UniGetUI/UniGetUI.csproj]
/home/runner/work/UniGetUI/UniGetUI/src/UniGetUI/Pages/DialogPages/InstallOptions_Manager.xaml.cs(245,70): warning CS8602: Dereference of a possibly null reference. [/home/runner/work/UniGetUI/UniGetUI/src/UniGetUI/UniGetUI.csproj]
/home/runner/work/UniGetUI/UniGetUI/src/UniGetUI/Pages/DialogPages/InstallOptions_Manager.xaml.cs(245,46): warning CS8600: Converting null literal or possible null value to non-nullable type. [/home/runner/work/UniGetUI/UniGetUI/src/UniGetUI/UniGetUI.csproj]
/home/runner/work/UniGetUI/UniGetUI/src/UniGetUI/Pages/DialogPages/InstallOptions_Manager.xaml.cs(256,74): warning CS8602: Dereference of a possibly null reference. [/home/runner/work/UniGetUI/UniGetUI/src/UniGetUI/UniGetUI.csproj]
/home/runner/work/UniGetUI/UniGetUI/src/UniGetUI/Pages/DialogPages/InstallOptions_Manager.xaml.cs(256,50): warning CS8600: Converting null literal or possible null value to non-nullable type. [/home/runner/work/UniGetUI/UniGetUI/src/UniGetUI/UniGetUI.csproj]
/home/runner/work/UniGetUI/UniGetUI/src/UniGetUI/Pages/DialogPages/InstallOptions_Manager.xaml.cs(262,70): warning CS8602: Dereference of a possibly null reference. [/home/runner/work/UniGetUI/UniGetUI/src/UniGetUI/UniGetUI.csproj]
/home/runner/work/UniGetUI/UniGetUI/src/UniGetUI/Pages/DialogPages/InstallOptions_Manager.xaml.cs(262,46): warning CS8600: Converting null literal or possible null value to non-nullable type. [/home/runner/work/UniGetUI/UniGetUI/src/UniGetUI/UniGetUI.csproj]
/home/runner/work/UniGetUI/UniGetUI/src/UniGetUI/Pages/DialogPages/InstallOptions_Manager.xaml.cs(267,70): warning CS8602: Dereference of a possibly null reference. [/home/runner/work/UniGetUI/UniGetUI/src/UniGetUI/UniGetUI.csproj]
/home/runner/work/UniGetUI/UniGetUI/src/UniGetUI/Pages/DialogPages/InstallOptions_Manager.xaml.cs(267,46): warning CS8600: Converting null literal or possible null value to non-nullable type. [/home/runner/work/UniGetUI/UniGetUI/src/UniGetUI/UniGetUI.csproj]
/home/runner/work/UniGetUI/UniGetUI/src/UniGetUI/Pages/DialogPages/InstallOptions_Manager.xaml.cs(272,70): warning CS8602: Dereference of a possibly null reference. [/home/runner/work/UniGetUI/UniGetUI/src/UniGetUI/UniGetUI.csproj]
/home/runner/work/UniGetUI/UniGetUI/src/UniGetUI/Pages/DialogPages/InstallOptions_Manager.xaml.cs(272,46): warning CS8600: Converting null literal or possible null value to non-nullable type. [/home/runner/work/UniGetUI/UniGetUI/src/UniGetUI/UniGetUI.csproj]
/home/runner/work/UniGetUI/UniGetUI/src/UniGetUI/Pages/DialogPages/InstallOptions_Manager.xaml.cs(277,70): warning CS8602: Dereference of a possibly null reference. [/home/runner/work/UniGetUI/UniGetUI/src/UniGetUI/UniGetUI.csproj]
/home/runner/work/UniGetUI/UniGetUI/src/UniGetUI/Pages/DialogPages/InstallOptions_Manager.xaml.cs(277,46): warning CS8600: Converting null literal or possible null value to non-nullable type. [/home/runner/work/UniGetUI/UniGetUI/src/UniGetUI/UniGetUI.csproj]
/home/runner/work/UniGetUI/UniGetUI/src/UniGetUI/Pages/DialogPages/InstallOptions_Manager.xaml.cs(282,70): warning CS8602: Dereference of a possibly null reference. [/home/runner/work/UniGetUI/UniGetUI/src/UniGetUI/UniGetUI.csproj]
/home/runner/work/UniGetUI/UniGetUI/src/UniGetUI/Pages/DialogPages/InstallOptions_Manager.xaml.cs(282,46): warning CS8600: Converting null literal or possible null value to non-nullable type. [/home/runner/work/UniGetUI/UniGetUI/src/UniGetUI/UniGetUI.csproj]
/home/runner/work/UniGetUI/UniGetUI/src/UniGetUI/Pages/DialogPages/InstallOptions_Manager.xaml.cs(287,70): warning CS8602: Dereference of a possibly null reference. [/home/runner/work/UniGetUI/UniGetUI/src/UniGetUI/UniGetUI.csproj]
/home/runner/work/UniGetUI/UniGetUI/src/UniGetUI/Pages/DialogPages/InstallOptions_Manager.xaml.cs(287,46): warning CS8600: Converting null literal or possible null value to non-nullable type. [/home/runner/work/UniGetUI/UniGetUI/src/UniGetUI/UniGetUI.csproj]
/home/runner/work/UniGetUI/UniGetUI/src/UniGetUI/Pages/DialogPages/InstallOptions_Manager.xaml.cs(308,70): warning CS8602: Dereference of a possibly null reference. [/home/runner/work/UniGetUI/UniGetUI/src/UniGetUI/UniGetUI.csproj]
/home/runner/work/UniGetUI/UniGetUI/src/UniGetUI/Pages/DialogPages/InstallOptions_Manager.xaml.cs(308,46): warning CS8600: Converting null literal or possible null value to non-nullable type. [/home/runner/work/UniGetUI/UniGetUI/src/UniGetUI/UniGetUI.csproj]
/home/runner/work/UniGetUI/UniGetUI/src/UniGetUI/Pages/SoftwarePages/AbstractPackagesPage.xaml.cs(285,35): warning CS8602: Dereference of a possibly null reference. [/home/runner/work/UniGetUI/UniGetUI/src/UniGetUI/UniGetUI.csproj]
/home/runner/work/UniGetUI/UniGetUI/src/UniGetUI/Pages/SoftwarePages/AbstractPackagesPage.xaml.cs(294,35): warning CS8602: Dereference of a possibly null reference. [/home/runner/work/UniGetUI/UniGetUI/src/UniGetUI/UniGetUI.csproj]
/home/runner/work/UniGetUI/UniGetUI/src/UniGetUI/Pages/SoftwarePages/AbstractPackagesPage.xaml.cs(207,19): warning CS8618: Non-nullable property 'QueryBackup' must contain a non-null value when exiting constructor. Consider adding the 'required' modifier or declaring the property as nullable. [/home/runner/work/UniGetUI/UniGetUI/src/UniGetUI/UniGetUI.csproj]
/home/runner/work/UniGetUI/UniGetUI/src/UniGetUI/Pages/DialogPages/PackageDetailsPage.xaml.cs(99,79): warning CS0436: The type 'Run' in '/home/runner/work/UniGetUI/UniGetUI/src/UniGetUI/Controls/DocumentStubs.cs' conflicts with the imported type 'Run' in 'Avalonia.Controls, Version=11.2.2.0, Culture=neutral, PublicKeyToken=c8d484a7012f9a8b'. Using the type defined in '/home/runner/work/UniGetUI/UniGetUI/src/UniGetUI/Controls/DocumentStubs.cs'. [/home/runner/work/UniGetUI/UniGetUI/src/UniGetUI/UniGetUI.csproj]
/home/runner/work/UniGetUI/UniGetUI/src/UniGetUI/Pages/DialogPages/DialogHelper_Generic.cs(93,13): warning CS0618: 'ToggleButton.Checked' is obsolete: 'Use IsCheckedChanged instead.' [/home/runner/work/UniGetUI/UniGetUI/src/UniGetUI/UniGetUI.csproj]
/home/runner/work/UniGetUI/UniGetUI/src/UniGetUI/Pages/DialogPages/DialogHelper_Generic.cs(94,13): warning CS0618: 'ToggleButton.Unchecked' is obsolete: 'Use IsCheckedChanged instead.' [/home/runner/work/UniGetUI/UniGetUI/src/UniGetUI/UniGetUI.csproj]
/home/runner/work/UniGetUI/UniGetUI/src/UniGetUI/Pages/DialogPages/DialogHelper_Generic.cs(274,38): warning CS8602: Dereference of a possibly null reference. [/home/runner/work/UniGetUI/UniGetUI/src/UniGetUI/UniGetUI.csproj]
/home/runner/work/UniGetUI/UniGetUI/src/UniGetUI/Pages/SoftwarePages/AbstractPackagesPage.xaml.cs(835,39): warning CS8602: Dereference of a possibly null reference. [/home/runner/work/UniGetUI/UniGetUI/src/UniGetUI/UniGetUI.csproj]
/home/runner/work/UniGetUI/UniGetUI/src/UniGetUI/Pages/DialogPages/DialogHelper_Generic.cs(405,55): warning CS0436: The type 'Run' in '/home/runner/work/UniGetUI/UniGetUI/src/UniGetUI/Controls/DocumentStubs.cs' conflicts with the imported type 'Run' in 'Avalonia.Controls, Version=11.2.2.0, Culture=neutral, PublicKeyToken=c8d484a7012f9a8b'. Using the type defined in '/home/runner/work/UniGetUI/UniGetUI/src/UniGetUI/Controls/DocumentStubs.cs'. [/home/runner/work/UniGetUI/UniGetUI/src/UniGetUI/UniGetUI.csproj]
/home/runner/work/UniGetUI/UniGetUI/src/UniGetUI/Pages/DialogPages/DialogHelper_Generic.cs(410,55): warning CS0436: The type 'Run' in '/home/runner/work/UniGetUI/UniGetUI/src/UniGetUI/Controls/DocumentStubs.cs' conflicts with the imported type 'Run' in 'Avalonia.Controls, Version=11.2.2.0, Culture=neutral, PublicKeyToken=c8d484a7012f9a8b'. Using the type defined in '/home/runner/work/UniGetUI/UniGetUI/src/UniGetUI/Controls/DocumentStubs.cs'. [/home/runner/work/UniGetUI/UniGetUI/src/UniGetUI/UniGetUI.csproj]
/home/runner/work/UniGetUI/UniGetUI/src/UniGetUI/Pages/DialogPages/DialogHelper_Generic.cs(417,58): warning CS0436: The type 'Run' in '/home/runner/work/UniGetUI/UniGetUI/src/UniGetUI/Controls/DocumentStubs.cs' conflicts with the imported type 'Run' in 'Avalonia.Controls, Version=11.2.2.0, Culture=neutral, PublicKeyToken=c8d484a7012f9a8b'. Using the type defined in '/home/runner/work/UniGetUI/UniGetUI/src/UniGetUI/Controls/DocumentStubs.cs'. [/home/runner/work/UniGetUI/UniGetUI/src/UniGetUI/UniGetUI.csproj]
/home/runner/work/UniGetUI/UniGetUI/src/UniGetUI/Pages/DialogPages/DialogHelper_Generic.cs(425,55): warning CS0436: The type 'Run' in '/home/runner/work/UniGetUI/UniGetUI/src/UniGetUI/Controls/DocumentStubs.cs' conflicts with the imported type 'Run' in 'Avalonia.Controls, Version=11.2.2.0, Culture=neutral, PublicKeyToken=c8d484a7012f9a8b'. Using the type defined in '/home/runner/work/UniGetUI/UniGetUI/src/UniGetUI/Controls/DocumentStubs.cs'. [/home/runner/work/UniGetUI/UniGetUI/src/UniGetUI/UniGetUI.csproj]
/home/runner/work/UniGetUI/UniGetUI/src/UniGetUI/Pages/DialogPages/DialogHelper_Generic.cs(405,9): warning CS8602: Dereference of a possibly null reference. [/home/runner/work/UniGetUI/UniGetUI/src/UniGetUI/UniGetUI.csproj]
/home/runner/work/UniGetUI/UniGetUI/src/UniGetUI/Pages/DialogPages/PackageDetailsPage.xaml.cs(381,83): warning CS0436: The type 'Run' in '/home/runner/work/UniGetUI/UniGetUI/src/UniGetUI/Controls/DocumentStubs.cs' conflicts with the imported type 'Run' in 'Avalonia.Controls, Version=11.2.2.0, Culture=neutral, PublicKeyToken=c8d484a7012f9a8b'. Using the type defined in '/home/runner/work/UniGetUI/UniGetUI/src/UniGetUI/Controls/DocumentStubs.cs'. [/home/runner/work/UniGetUI/UniGetUI/src/UniGetUI/UniGetUI.csproj]
/home/runner/work/UniGetUI/UniGetUI/src/UniGetUI/Pages/DialogPages/PackageDetailsPage.xaml.cs(393,87): warning CS0436: The type 'Run' in '/home/runner/work/UniGetUI/UniGetUI/src/UniGetUI/Controls/DocumentStubs.cs' conflicts with the imported type 'Run' in 'Avalonia.Controls, Version=11.2.2.0, Culture=neutral, PublicKeyToken=c8d484a7012f9a8b'. Using the type defined in '/home/runner/work/UniGetUI/UniGetUI/src/UniGetUI/Controls/DocumentStubs.cs'. [/home/runner/work/UniGetUI/UniGetUI/src/UniGetUI/UniGetUI.csproj]
/home/runner/work/UniGetUI/UniGetUI/src/UniGetUI/Pages/DialogPages/PackageDetailsPage.xaml.cs(404,87): warning CS0436: The type 'Run' in '/home/runner/work/UniGetUI/UniGetUI/src/UniGetUI/Controls/DocumentStubs.cs' conflicts with the imported type 'Run' in 'Avalonia.Controls, Version=11.2.2.0, Culture=neutral, PublicKeyToken=c8d484a7012f9a8b'. Using the type defined in '/home/runner/work/UniGetUI/UniGetUI/src/UniGetUI/Controls/DocumentStubs.cs'. [/home/runner/work/UniGetUI/UniGetUI/src/UniGetUI/UniGetUI.csproj]
/home/runner/work/UniGetUI/UniGetUI/src/UniGetUI/Pages/DialogPages/PackageDetailsPage.xaml.cs(417,83): warning CS0436: The type 'Run' in '/home/runner/work/UniGetUI/UniGetUI/src/UniGetUI/Controls/DocumentStubs.cs' conflicts with the imported type 'Run' in 'Avalonia.Controls, Version=11.2.2.0, Culture=neutral, PublicKeyToken=c8d484a7012f9a8b'. Using the type defined in '/home/runner/work/UniGetUI/UniGetUI/src/UniGetUI/Controls/DocumentStubs.cs'. [/home/runner/work/UniGetUI/UniGetUI/src/UniGetUI/UniGetUI.csproj]
/home/runner/work/UniGetUI/UniGetUI/src/UniGetUI/Pages/DialogPages/DialogHelper_Generic.cs(463,38): warning CS8602: Dereference of a possibly null reference. [/home/runner/work/UniGetUI/UniGetUI/src/UniGetUI/UniGetUI.csproj]
/home/runner/work/UniGetUI/UniGetUI/src/UniGetUI/Pages/SoftwarePages/AbstractPackagesPage.xaml.cs(1455,43): warning CS8602: Dereference of a possibly null reference. [/home/runner/work/UniGetUI/UniGetUI/src/UniGetUI/UniGetUI.csproj]
/home/runner/work/UniGetUI/UniGetUI/src/UniGetUI/Pages/DialogPages/InstallOptions_Package.xaml.cs(120,32): warning CS8602: Dereference of a possibly null reference. [/home/runner/work/UniGetUI/UniGetUI/src/UniGetUI/UniGetUI.csproj]
/home/runner/work/UniGetUI/UniGetUI/src/UniGetUI/Pages/DialogPages/DialogHelper_Packages.cs(268,33): warning CS8602: Dereference of a possibly null reference. [/home/runner/work/UniGetUI/UniGetUI/src/UniGetUI/UniGetUI.csproj]
/home/runner/work/UniGetUI/UniGetUI/src/UniGetUI/Pages/DialogPages/DialogHelper_Packages.cs(268,26): warning CS8600: Converting null literal or possible null value to non-nullable type. [/home/runner/work/UniGetUI/UniGetUI/src/UniGetUI/UniGetUI.csproj]
/home/runner/work/UniGetUI/UniGetUI/src/UniGetUI/Pages/DialogPages/DialogHelper_Infrastructure.cs(29,42): warning CS8602: Dereference of a possibly null reference. [/home/runner/work/UniGetUI/UniGetUI/src/UniGetUI/UniGetUI.csproj]
/home/runner/work/UniGetUI/UniGetUI/src/UniGetUI/Pages/MainView.xaml.cs(289,40): warning CS8601: Possible null reference assignment. [/home/runner/work/UniGetUI/UniGetUI/src/UniGetUI/UniGetUI.csproj]
/home/runner/work/UniGetUI/UniGetUI/src/UniGetUI/Pages/DialogPages/InstallOptions_Package.xaml.cs(327,34): warning CS8602: Dereference of a possibly null reference. [/home/runner/work/UniGetUI/UniGetUI/src/UniGetUI/UniGetUI.csproj]
/home/runner/work/UniGetUI/UniGetUI/src/UniGetUI/Services/UserAvatar.cs(154,34): warning CS8622: Nullability of reference types in type of parameter 'sender' of 'void UserAvatar.LoginButton_Click(object sender, RoutedEventArgs e)' doesn't match the target delegate 'EventHandler<RoutedEventArgs>' (possibly because of nullability attributes). [/home/runner/work/UniGetUI/UniGetUI/src/UniGetUI/UniGetUI.csproj]
/home/runner/work/UniGetUI/UniGetUI/src/UniGetUI/Services/UserAvatar.cs(280,34): warning CS8622: Nullability of reference types in type of parameter 'sender' of 'void UserAvatar.LogoutButton_Click(object sender, RoutedEventArgs e)' doesn't match the target delegate 'EventHandler<RoutedEventArgs>' (possibly because of nullability attributes). [/home/runner/work/UniGetUI/UniGetUI/src/UniGetUI/UniGetUI.csproj]
/home/runner/work/UniGetUI/UniGetUI/src/UniGetUI/Pages/MainView.xaml.cs(489,93): warning CS0183: The given expression is always of the provided ('PageType') type [/home/runner/work/UniGetUI/UniGetUI/src/UniGetUI/UniGetUI.csproj]
/home/runner/work/UniGetUI/UniGetUI/src/UniGetUI/Pages/SettingsPages/GeneralPages/Interface_P.axaml.cs(56,42): warning CS0067: The event 'Interface_P.NavigationRequested' is never used [/home/runner/work/UniGetUI/UniGetUI/src/UniGetUI/UniGetUI.csproj]
/home/runner/work/UniGetUI/UniGetUI/src/UniGetUI/Pages/SettingsPages/ManagersPages/ManagersHomepage.axaml.cs(27,36): warning CS0067: The event 'ManagersHomepage.RestartRequired' is never used [/home/runner/work/UniGetUI/UniGetUI/src/UniGetUI/UniGetUI.csproj]
/home/runner/work/UniGetUI/UniGetUI/src/UniGetUI/Pages/SettingsPages/GeneralPages/Internet.xaml.cs(96,42): warning CS0067: The event 'Internet.NavigationRequested' is never used [/home/runner/work/UniGetUI/UniGetUI/src/UniGetUI/UniGetUI.csproj]
/home/runner/work/UniGetUI/UniGetUI/src/UniGetUI/Pages/SettingsPages/GeneralPages/Notifications.axaml.cs(51,36): warning CS0067: The event 'Notifications.RestartRequired' is never used [/home/runner/work/UniGetUI/UniGetUI/src/UniGetUI/UniGetUI.csproj]
/home/runner/work/UniGetUI/UniGetUI/src/UniGetUI/Pages/SettingsPages/GeneralPages/SettingsHomepage.axaml.cs(20,36): warning CS0067: The event 'SettingsHomepage.RestartRequired' is never used [/home/runner/work/UniGetUI/UniGetUI/src/UniGetUI/UniGetUI.csproj]
/home/runner/work/UniGetUI/UniGetUI/src/UniGetUI/Pages/SettingsPages/ManagersPages/PackageManager.xaml.cs(41,42): warning CS0067: The event 'PackageManagerPage.NavigationRequested' is never used [/home/runner/work/UniGetUI/UniGetUI/src/UniGetUI/UniGetUI.csproj]
/home/runner/work/UniGetUI/UniGetUI/src/UniGetUI/Pages/SettingsPages/GeneralPages/Administrator.axaml.cs(40,42): warning CS0067: The event 'Administrator.NavigationRequested' is never used [/home/runner/work/UniGetUI/UniGetUI/src/UniGetUI/UniGetUI.csproj]
/home/runner/work/UniGetUI/UniGetUI/src/UniGetUI/Pages/SettingsPages/GeneralPages/Experimental.xaml.cs(24,42): warning CS0067: The event 'Experimental.NavigationRequested' is never used [/home/runner/work/UniGetUI/UniGetUI/src/UniGetUI/UniGetUI.csproj]
/home/runner/work/UniGetUI/UniGetUI/src/UniGetUI/Pages/SettingsPages/GeneralPages/Backup.axaml.cs(55,42): warning CS0067: The event 'Backup.NavigationRequested' is never used [/home/runner/work/UniGetUI/UniGetUI/src/UniGetUI/UniGetUI.csproj]
/home/runner/work/UniGetUI/UniGetUI/src/UniGetUI/Pages/SettingsPages/GeneralPages/Notifications.axaml.cs(52,42): warning CS0067: The event 'Notifications.NavigationRequested' is never used [/home/runner/work/UniGetUI/UniGetUI/src/UniGetUI/UniGetUI.csproj]
/home/runner/work/UniGetUI/UniGetUI/src/UniGetUI/AppOperationHelper.cs(116,1): warning IDE2000: Avoid multiple blank lines (https://learn.microsoft.com/dotnet/fundamentals/code-analysis/style-rules/ide2000) [/home/runner/work/UniGetUI/UniGetUI/src/UniGetUI/UniGetUI.csproj]
/home/runner/work/UniGetUI/UniGetUI/src/UniGetUI/CLIHandler.cs(28,1): warning IDE2000: Avoid multiple blank lines (https://learn.microsoft.com/dotnet/fundamentals/code-analysis/style-rules/ide2000) [/home/runner/work/UniGetUI/UniGetUI/src/UniGetUI/UniGetUI.csproj]
/home/runner/work/UniGetUI/UniGetUI/src/UniGetUI/Controls/MenuForPackage.cs(73,1): warning IDE2000: Avoid multiple blank lines (https://learn.microsoft.com/dotnet/fundamentals/code-analysis/style-rules/ide2000) [/home/runner/work/UniGetUI/UniGetUI/src/UniGetUI/UniGetUI.csproj]
/home/runner/work/UniGetUI/UniGetUI/src/UniGetUI/Controls/OperationWidgets/OperationControl.cs(628,1): warning IDE2000: Avoid multiple blank lines (https://learn.microsoft.com/dotnet/fundamentals/code-analysis/style-rules/ide2000) [/home/runner/work/UniGetUI/UniGetUI/src/UniGetUI/UniGetUI.csproj]
/home/runner/work/UniGetUI/UniGetUI/src/UniGetUI/Controls/PackageWrapper.cs(98,1): warning IDE2000: Avoid multiple blank lines (https://learn.microsoft.com/dotnet/fundamentals/code-analysis/style-rules/ide2000) [/home/runner/work/UniGetUI/UniGetUI/src/UniGetUI/UniGetUI.csproj]
/home/runner/work/UniGetUI/UniGetUI/src/UniGetUI/CrashHandler.cs(68,1): warning IDE2000: Avoid multiple blank lines (https://learn.microsoft.com/dotnet/fundamentals/code-analysis/style-rules/ide2000) [/home/runner/work/UniGetUI/UniGetUI/src/UniGetUI/UniGetUI.csproj]
/home/runner/work/UniGetUI/UniGetUI/src/UniGetUI/CrashHandler.cs(127,1): warning IDE2000: Avoid multiple blank lines (https://learn.microsoft.com/dotnet/fundamentals/code-analysis/style-rules/ide2000) [/home/runner/work/UniGetUI/UniGetUI/src/UniGetUI/UniGetUI.csproj]
/home/runner/work/UniGetUI/UniGetUI/src/UniGetUI/Pages/DialogPages/DialogHelper_Generic.cs(590,1): warning IDE2000: Avoid multiple blank lines (https://learn.microsoft.com/dotnet/fundamentals/code-analysis/style-rules/ide2000) [/home/runner/work/UniGetUI/UniGetUI/src/UniGetUI/UniGetUI.csproj]
/home/runner/work/UniGetUI/UniGetUI/src/UniGetUI/Pages/DialogPages/DialogHelper_Packages.cs(122,1): warning IDE2000: Avoid multiple blank lines (https://learn.microsoft.com/dotnet/fundamentals/code-analysis/style-rules/ide2000) [/home/runner/work/UniGetUI/UniGetUI/src/UniGetUI/UniGetUI.csproj]
/home/runner/work/UniGetUI/UniGetUI/src/UniGetUI/Pages/DialogPages/DialogHelper_Packages.cs(357,1): warning IDE2000: Avoid multiple blank lines (https://learn.microsoft.com/dotnet/fundamentals/code-analysis/style-rules/ide2000) [/home/runner/work/UniGetUI/UniGetUI/src/UniGetUI/UniGetUI.csproj]
/home/runner/work/UniGetUI/UniGetUI/src/UniGetUI/Pages/SettingsPages/GeneralPages/Administrator.axaml.cs(47,1): warning IDE2000: Avoid multiple blank lines (https://learn.microsoft.com/dotnet/fundamentals/code-analysis/style-rules/ide2000) [/home/runner/work/UniGetUI/UniGetUI/src/UniGetUI/UniGetUI.csproj]
/home/runner/work/UniGetUI/UniGetUI/src/UniGetUI/Pages/SettingsPages/GeneralPages/Backup.axaml.cs(47,1): warning IDE2000: Avoid multiple blank lines (https://learn.microsoft.com/dotnet/fundamentals/code-analysis/style-rules/ide2000) [/home/runner/work/UniGetUI/UniGetUI/src/UniGetUI/UniGetUI.csproj]
/home/runner/work/UniGetUI/UniGetUI/src/UniGetUI/Pages/SettingsPages/GeneralPages/Internet.xaml.cs(21,1): warning IDE2000: Avoid multiple blank lines (https://learn.microsoft.com/dotnet/fundamentals/code-analysis/style-rules/ide2000) [/home/runner/work/UniGetUI/UniGetUI/src/UniGetUI/UniGetUI.csproj]
/home/runner/work/UniGetUI/UniGetUI/src/UniGetUI/Pages/SettingsPages/GeneralPages/Internet.xaml.cs(26,1): warning IDE2000: Avoid multiple blank lines (https://learn.microsoft.com/dotnet/fundamentals/code-analysis/style-rules/ide2000) [/home/runner/work/UniGetUI/UniGetUI/src/UniGetUI/UniGetUI.csproj]
/home/runner/work/UniGetUI/UniGetUI/src/UniGetUI/Pages/SettingsPages/ManagersPages/PackageManager.xaml.cs(398,1): warning IDE2000: Avoid multiple blank lines (https://learn.microsoft.com/dotnet/fundamentals/code-analysis/style-rules/ide2000) [/home/runner/work/UniGetUI/UniGetUI/src/UniGetUI/UniGetUI.csproj]
/home/runner/work/UniGetUI/UniGetUI/src/UniGetUI/Pages/SoftwarePages/AbstractPackagesPage.xaml.cs(168,1): warning IDE2000: Avoid multiple blank lines (https://learn.microsoft.com/dotnet/fundamentals/code-analysis/style-rules/ide2000) [/home/runner/work/UniGetUI/UniGetUI/src/UniGetUI/UniGetUI.csproj]
/home/runner/work/UniGetUI/UniGetUI/src/UniGetUI/Pages/SoftwarePages/AbstractPackagesPage.xaml.cs(276,1): warning IDE2000: Avoid multiple blank lines (https://learn.microsoft.com/dotnet/fundamentals/code-analysis/style-rules/ide2000) [/home/runner/work/UniGetUI/UniGetUI/src/UniGetUI/UniGetUI.csproj]
/home/runner/work/UniGetUI/UniGetUI/src/UniGetUI/Pages/SoftwarePages/AbstractPackagesPage.xaml.cs(442,1): warning IDE2000: Avoid multiple blank lines (https://learn.microsoft.com/dotnet/fundamentals/code-analysis/style-rules/ide2000) [/home/runner/work/UniGetUI/UniGetUI/src/UniGetUI/UniGetUI.csproj]
/home/runner/work/UniGetUI/UniGetUI/src/UniGetUI/Pages/SoftwarePages/AbstractPackagesPage.xaml.cs(615,1): warning IDE2000: Avoid multiple blank lines (https://learn.microsoft.com/dotnet/fundamentals/code-analysis/style-rules/ide2000) [/home/runner/work/UniGetUI/UniGetUI/src/UniGetUI/UniGetUI.csproj]
/home/runner/work/UniGetUI/UniGetUI/src/UniGetUI/Pages/SoftwarePages/AbstractPackagesPage.xaml.cs(791,1): warning IDE2000: Avoid multiple blank lines (https://learn.microsoft.com/dotnet/fundamentals/code-analysis/style-rules/ide2000) [/home/runner/work/UniGetUI/UniGetUI/src/UniGetUI/UniGetUI.csproj]
/home/runner/work/UniGetUI/UniGetUI/src/UniGetUI/Pages/SoftwarePages/AbstractPackagesPage.xaml.cs(900,1): warning IDE2000: Avoid multiple blank lines (https://learn.microsoft.com/dotnet/fundamentals/code-analysis/style-rules/ide2000) [/home/runner/work/UniGetUI/UniGetUI/src/UniGetUI/UniGetUI.csproj]
/home/runner/work/UniGetUI/UniGetUI/src/UniGetUI/Pages/SoftwarePages/AbstractPackagesPage.xaml.cs(911,1): warning IDE2000: Avoid multiple blank lines (https://learn.microsoft.com/dotnet/fundamentals/code-analysis/style-rules/ide2000) [/home/runner/work/UniGetUI/UniGetUI/src/UniGetUI/UniGetUI.csproj]
/home/runner/work/UniGetUI/UniGetUI/src/UniGetUI/Pages/SoftwarePages/AbstractPackagesPage.xaml.cs(1104,1): warning IDE2000: Avoid multiple blank lines (https://learn.microsoft.com/dotnet/fundamentals/code-analysis/style-rules/ide2000) [/home/runner/work/UniGetUI/UniGetUI/src/UniGetUI/UniGetUI.csproj]
/home/runner/work/UniGetUI/UniGetUI/src/UniGetUI/Pages/SoftwarePages/PackageBundlesPage.cs(631,1): warning IDE2000: Avoid multiple blank lines (https://learn.microsoft.com/dotnet/fundamentals/code-analysis/style-rules/ide2000) [/home/runner/work/UniGetUI/UniGetUI/src/UniGetUI/UniGetUI.csproj]
/home/runner/work/UniGetUI/UniGetUI/src/UniGetUI/Pages/SoftwarePages/PackageBundlesPage.cs(751,1): warning IDE2000: Avoid multiple blank lines (https://learn.microsoft.com/dotnet/fundamentals/code-analysis/style-rules/ide2000) [/home/runner/work/UniGetUI/UniGetUI/src/UniGetUI/UniGetUI.csproj]
/home/runner/work/UniGetUI/UniGetUI/src/UniGetUI/Pages/SoftwarePages/PackageBundlesPage.cs(819,1): warning IDE2000: Avoid multiple blank lines (https://learn.microsoft.com/dotnet/fundamentals/code-analysis/style-rules/ide2000) [/home/runner/work/UniGetUI/UniGetUI/src/UniGetUI/UniGetUI.csproj]
/home/runner/work/UniGetUI/UniGetUI/src/UniGetUI/Pages/SoftwarePages/SoftwareUpdatesPage.cs(283,1): warning IDE2000: Avoid multiple blank lines (https://learn.microsoft.com/dotnet/fundamentals/code-analysis/style-rules/ide2000) [/home/runner/work/UniGetUI/UniGetUI/src/UniGetUI/UniGetUI.csproj]
/home/runner/work/UniGetUI/UniGetUI/src/UniGetUI/Pages/SoftwarePages/SoftwareUpdatesPage.cs(376,1): warning IDE2000: Avoid multiple blank lines (https://learn.microsoft.com/dotnet/fundamentals/code-analysis/style-rules/ide2000) [/home/runner/work/UniGetUI/UniGetUI/src/UniGetUI/UniGetUI.csproj]
/home/runner/work/UniGetUI/UniGetUI/src/UniGetUI/Pages/SoftwarePages/SoftwareUpdatesPage.cs(542,1): warning IDE2000: Avoid multiple blank lines (https://learn.microsoft.com/dotnet/fundamentals/code-analysis/style-rules/ide2000) [/home/runner/work/UniGetUI/UniGetUI/src/UniGetUI/UniGetUI.csproj]
/home/runner/work/UniGetUI/UniGetUI/src/UniGetUI/Services/GitHubBackupService.cs(94,1): warning IDE2000: Avoid multiple blank lines (https://learn.microsoft.com/dotnet/fundamentals/code-analysis/style-rules/ide2000) [/home/runner/work/UniGetUI/UniGetUI/src/UniGetUI/UniGetUI.csproj]
CSC : warning EnableGenerateDocumentationFile: Set MSBuild property 'GenerateDocumentationFile' to 'true' in project file to enable IDE0005 (Remove unnecessary usings/imports) on build (https://github.com/dotnet/roslyn/issues/41640) [/home/runner/work/UniGetUI/UniGetUI/src/UniGetUI/UniGetUI.csproj]
/home/runner/work/UniGetUI/UniGetUI/src/UniGetUI/Controls/OperationWidgets/OperationControl.cs(32,29): warning CA1805: Member '_errorCount' is explicitly initialized to its default value (https://learn.microsoft.com/dotnet/fundamentals/code-analysis/quality-rules/ca1805) [/home/runner/work/UniGetUI/UniGetUI/src/UniGetUI/UniGetUI.csproj]
/home/runner/work/UniGetUI/UniGetUI/src/UniGetUI/Controls/SettingsWidgets/CheckboxCard.cs(113,48): warning CA1805: Member '_disableStateChangedEvent' is explicitly initialized to its default value (https://learn.microsoft.com/dotnet/fundamentals/code-analysis/quality-rules/ca1805) [/home/runner/work/UniGetUI/UniGetUI/src/UniGetUI/UniGetUI.csproj]
/home/runner/work/UniGetUI/UniGetUI/src/UniGetUI/Pages/SettingsPages/ManagersPages/PackageManager.xaml.cs(45,33): warning CA1805: Member '_isLoading' is explicitly initialized to its default value (https://learn.microsoft.com/dotnet/fundamentals/code-analysis/quality-rules/ca1805) [/home/runner/work/UniGetUI/UniGetUI/src/UniGetUI/UniGetUI.csproj]
/home/runner/work/UniGetUI/UniGetUI/src/UniGetUI/Pages/SettingsPages/ManagersPages/ManagersHomepage.axaml.cs(33,40): warning CA1805: Member '_isLoadingToggles' is explicitly initialized to its default value (https://learn.microsoft.com/dotnet/fundamentals/code-analysis/quality-rules/ca1805) [/home/runner/work/UniGetUI/UniGetUI/src/UniGetUI/UniGetUI.csproj]
/home/runner/work/UniGetUI/UniGetUI/src/UniGetUI/Interface/MissingWinUITypes.cs(236,28): warning IL2067: 'type' argument does not satisfy 'DynamicallyAccessedMemberTypes.PublicParameterlessConstructor' in call to 'System.Activator.CreateInstance(Type)'. The parameter 'pageType' of method 'Avalonia.Controls.FrameExtensions.Navigate(ContentControl, Type, Object, Object)' does not have matching annotations. The source value must declare at least the same requirements as those declared on the target location it is assigned to. [/home/runner/work/UniGetUI/UniGetUI/src/UniGetUI/UniGetUI.csproj]
/home/runner/work/UniGetUI/UniGetUI/src/UniGetUI/App.axaml.cs(79,80): warning IDE0059: Unnecessary assignment of a value to 'desktop' (https://learn.microsoft.com/dotnet/fundamentals/code-analysis/style-rules/ide0059) [/home/runner/work/UniGetUI/UniGetUI/src/UniGetUI/UniGetUI.csproj]
/home/runner/work/UniGetUI/UniGetUI/src/UniGetUI/Pages/SettingsPages/SettingsBasePage.axaml.cs(20,14): warning IDE0044: Make field readonly (https://learn.microsoft.com/dotnet/fundamentals/code-analysis/style-rules/ide0044) [/home/runner/work/UniGetUI/UniGetUI/src/UniGetUI/UniGetUI.csproj]
/home/runner/work/UniGetUI/UniGetUI/src/UniGetUI/App.axaml.cs(147,30): warning IDE0200: Lambda expression can be removed (https://learn.microsoft.com/dotnet/fundamentals/code-analysis/style-rules/ide0200) [/home/runner/work/UniGetUI/UniGetUI/src/UniGetUI/UniGetUI.csproj]
/home/runner/work/UniGetUI/UniGetUI/src/UniGetUI/Pages/SettingsPages/ManagersPages/ManagersHomepage.axaml.cs(31,42): warning IDE0044: Make field readonly (https://learn.microsoft.com/dotnet/fundamentals/code-analysis/style-rules/ide0044) [/home/runner/work/UniGetUI/UniGetUI/src/UniGetUI/UniGetUI.csproj]
/home/runner/work/UniGetUI/UniGetUI/src/UniGetUI/App.axaml.cs(71,22): warning CA1822: Member 'ApplyThemeToApp' does not access instance data and can be marked as static (https://learn.microsoft.com/dotnet/fundamentals/code-analysis/quality-rules/ca1822) [/home/runner/work/UniGetUI/UniGetUI/src/UniGetUI/UniGetUI.csproj]
/home/runner/work/UniGetUI/UniGetUI/src/UniGetUI/Controls/TranslatedTextBlock.xaml.cs(45,17): warning IDE0031: Null check can be simplified (https://learn.microsoft.com/dotnet/fundamentals/code-analysis/style-rules/ide0031) [/home/runner/work/UniGetUI/UniGetUI/src/UniGetUI/UniGetUI.csproj]
/home/runner/work/UniGetUI/UniGetUI/src/UniGetUI/Controls/SourceManager.xaml.cs(41,50): warning IDE0044: Make field readonly (https://learn.microsoft.com/dotnet/fundamentals/code-analysis/style-rules/ide0044) [/home/runner/work/UniGetUI/UniGetUI/src/UniGetUI/UniGetUI.csproj]
/home/runner/work/UniGetUI/UniGetUI/src/UniGetUI/Controls/SettingsWidgets/ComboboxCard.cs(39,68): warning IL2026: Using member 'Avalonia.Data.Binding.Binding()' which has 'RequiresUnreferencedCodeAttribute' can break functionality when trimming application code. BindingExpression and ReflectionBinding heavily use reflection. Consider using CompiledBindings instead. [/home/runner/work/UniGetUI/UniGetUI/src/UniGetUI/UniGetUI.csproj]
/home/runner/work/UniGetUI/UniGetUI/src/UniGetUI/Controls/OperationWidgets/OperationControl.cs(404,18): warning CA1822: Member 'ShowProgressToast' does not access instance data and can be marked as static (https://learn.microsoft.com/dotnet/fundamentals/code-analysis/quality-rules/ca1822) [/home/runner/work/UniGetUI/UniGetUI/src/UniGetUI/UniGetUI.csproj]
/home/runner/work/UniGetUI/UniGetUI/src/UniGetUI/Controls/OperationWidgets/OperationControl.cs(437,18): warning CA1822: Member 'ShowSuccessToast' does not access instance data and can be marked as static (https://learn.microsoft.com/dotnet/fundamentals/code-analysis/quality-rules/ca1822) [/home/runner/work/UniGetUI/UniGetUI/src/UniGetUI/UniGetUI.csproj]
/home/runner/work/UniGetUI/UniGetUI/src/UniGetUI/Controls/OperationWidgets/OperationControl.cs(466,18): warning CA1822: Member 'ShowErrorToast' does not access instance data and can be marked as static (https://learn.microsoft.com/dotnet/fundamentals/code-analysis/quality-rules/ca1822) [/home/runner/work/UniGetUI/UniGetUI/src/UniGetUI/UniGetUI.csproj]
/home/runner/work/UniGetUI/UniGetUI/src/UniGetUI/CrashHandler.cs(97,16): warning IDE0062: Local function can be made static (https://learn.microsoft.com/dotnet/fundamentals/code-analysis/style-rules/ide0062) [/home/runner/work/UniGetUI/UniGetUI/src/UniGetUI/UniGetUI.csproj]
/home/runner/work/UniGetUI/UniGetUI/src/UniGetUI/Pages/DialogPages/AboutUniGetUI.xaml.cs(32,96): warning IDE0060: Remove unused parameter 'args' (https://learn.microsoft.com/dotnet/fundamentals/code-analysis/style-rules/ide0060) [/home/runner/work/UniGetUI/UniGetUI/src/UniGetUI/UniGetUI.csproj]
/home/runner/work/UniGetUI/UniGetUI/src/UniGetUI/Pages/DialogPages/OperationLiveLogPage.xaml.cs(17,51): warning IDE0044: Make field readonly (https://learn.microsoft.com/dotnet/fundamentals/code-analysis/style-rules/ide0044) [/home/runner/work/UniGetUI/UniGetUI/src/UniGetUI/UniGetUI.csproj]
/home/runner/work/UniGetUI/UniGetUI/src/UniGetUI/Pages/DialogPages/OperationFailedDialog.xaml.cs(20,43): warning IDE0044: Make field readonly (https://learn.microsoft.com/dotnet/fundamentals/code-analysis/style-rules/ide0044) [/home/runner/work/UniGetUI/UniGetUI/src/UniGetUI/UniGetUI.csproj]
/home/runner/work/UniGetUI/UniGetUI/src/UniGetUI/Pages/SoftwarePages/PackageBundlesPage.cs(821,24): warning CA1822: Member 'GenerateCommandString' does not access instance data and can be marked as static (https://learn.microsoft.com/dotnet/fundamentals/code-analysis/quality-rules/ca1822) [/home/runner/work/UniGetUI/UniGetUI/src/UniGetUI/UniGetUI.csproj]
/home/runner/work/UniGetUI/UniGetUI/src/UniGetUI/Pages/DialogPages/PackageDetailsPage.xaml.cs(47,37): warning IDE0044: Make field readonly (https://learn.microsoft.com/dotnet/fundamentals/code-analysis/style-rules/ide0044) [/home/runner/work/UniGetUI/UniGetUI/src/UniGetUI/UniGetUI.csproj]
/home/runner/work/UniGetUI/UniGetUI/src/UniGetUI/Pages/SoftwarePages/AbstractPackagesPage.xaml.cs(1154,28): warning CA1822: Member 'ForceRedrawByScroll' does not access instance data and can be marked as static (https://learn.microsoft.com/dotnet/fundamentals/code-analysis/quality-rules/ca1822) [/home/runner/work/UniGetUI/UniGetUI/src/UniGetUI/UniGetUI.csproj]
/home/runner/work/UniGetUI/UniGetUI/src/UniGetUI/Pages/SoftwarePages/AbstractPackagesPage.xaml.cs(200,24): warning IDE0044: Make field readonly (https://learn.microsoft.com/dotnet/fundamentals/code-analysis/style-rules/ide0044) [/home/runner/work/UniGetUI/UniGetUI/src/UniGetUI/UniGetUI.csproj]
/home/runner/work/UniGetUI/UniGetUI/src/UniGetUI/Pages/SoftwarePages/AbstractPackagesPage.xaml.cs(563,116): warning IDE0060: Remove unused parameter 'args' (https://learn.microsoft.com/dotnet/fundamentals/code-analysis/style-rules/ide0060) [/home/runner/work/UniGetUI/UniGetUI/src/UniGetUI/UniGetUI.csproj]
/home/runner/work/UniGetUI/UniGetUI/src/UniGetUI/Pages/SoftwarePages/AbstractPackagesPage.xaml.cs(1390,74): warning IDE0060: Remove unused parameter 'args' (https://learn.microsoft.com/dotnet/fundamentals/code-analysis/style-rules/ide0060) [/home/runner/work/UniGetUI/UniGetUI/src/UniGetUI/UniGetUI.csproj]
/home/runner/work/UniGetUI/UniGetUI/src/UniGetUI/Pages/SoftwarePages/AbstractPackagesPage.xaml.cs(563,64): warning IDE0060: Remove unused parameter 'sender' (https://learn.microsoft.com/dotnet/fundamentals/code-analysis/style-rules/ide0060) [/home/runner/work/UniGetUI/UniGetUI/src/UniGetUI/UniGetUI.csproj]
/home/runner/work/UniGetUI/UniGetUI/src/UniGetUI/Pages/SoftwarePages/AbstractPackagesPage.xaml.cs(1390,59): warning IDE0060: Remove unused parameter 'sender' (https://learn.microsoft.com/dotnet/fundamentals/code-analysis/style-rules/ide0060) [/home/runner/work/UniGetUI/UniGetUI/src/UniGetUI/UniGetUI.csproj]
/home/runner/work/UniGetUI/UniGetUI/src/UniGetUI/Services/GitHubBackupService.cs(36,23): warning CA2201: Exception type System.Exception is not sufficiently specific (https://learn.microsoft.com/dotnet/fundamentals/code-analysis/quality-rules/ca2201) [/home/runner/work/UniGetUI/UniGetUI/src/UniGetUI/UniGetUI.csproj]
/home/runner/work/UniGetUI/UniGetUI/src/UniGetUI/Services/GitHubBackupService.cs(93,23): warning CA2201: Exception type System.Exception is not sufficiently specific (https://learn.microsoft.com/dotnet/fundamentals/code-analysis/quality-rules/ca2201) [/home/runner/work/UniGetUI/UniGetUI/src/UniGetUI/UniGetUI.csproj]
/home/runner/work/UniGetUI/UniGetUI/src/UniGetUI/Pages/MainView.xaml.cs(46,38): warning IDE0044: Make field readonly (https://learn.microsoft.com/dotnet/fundamentals/code-analysis/style-rules/ide0044) [/home/runner/work/UniGetUI/UniGetUI/src/UniGetUI/UniGetUI.csproj]
/home/runner/work/UniGetUI/UniGetUI/src/UniGetUI/Pages/MainView.xaml.cs(47,37): warning IDE0044: Make field readonly (https://learn.microsoft.com/dotnet/fundamentals/code-analysis/style-rules/ide0044) [/home/runner/work/UniGetUI/UniGetUI/src/UniGetUI/UniGetUI.csproj]
/home/runner/work/UniGetUI/UniGetUI/src/UniGetUI/Pages/MainView.xaml.cs(48,39): warning IDE0044: Make field readonly (https://learn.microsoft.com/dotnet/fundamentals/code-analysis/style-rules/ide0044) [/home/runner/work/UniGetUI/UniGetUI/src/UniGetUI/UniGetUI.csproj]
/home/runner/work/UniGetUI/UniGetUI/src/UniGetUI/Pages/MainView.xaml.cs(49,36): warning IDE0044: Make field readonly (https://learn.microsoft.com/dotnet/fundamentals/code-analysis/style-rules/ide0044) [/home/runner/work/UniGetUI/UniGetUI/src/UniGetUI/UniGetUI.csproj]
/home/runner/work/UniGetUI/UniGetUI/src/UniGetUI/Pages/MainView.xaml.cs(59,32): warning IDE0044: Make field readonly (https://learn.microsoft.com/dotnet/fundamentals/code-analysis/style-rules/ide0044) [/home/runner/work/UniGetUI/UniGetUI/src/UniGetUI/UniGetUI.csproj]
/home/runner/work/UniGetUI/UniGetUI/src/UniGetUI/Pages/MainView.xaml.cs(61,25): warning IDE0044: Make field readonly (https://learn.microsoft.com/dotnet/fundamentals/code-analysis/style-rules/ide0044) [/home/runner/work/UniGetUI/UniGetUI/src/UniGetUI/UniGetUI.csproj]
/home/runner/work/UniGetUI/UniGetUI/src/UniGetUI/Pages/DialogPages/InstallOptions_Package.xaml.cs(33,22): warning IDE0044: Make field readonly (https://learn.microsoft.com/dotnet/fundamentals/code-analysis/style-rules/ide0044) [/home/runner/work/UniGetUI/UniGetUI/src/UniGetUI/UniGetUI.csproj]
/home/runner/work/UniGetUI/UniGetUI/src/UniGetUI/Pages/MainView.xaml.cs(247,54): warning IDE0060: Remove unused parameter 'page' (https://learn.microsoft.com/dotnet/fundamentals/code-analysis/style-rules/ide0060) [/home/runner/work/UniGetUI/UniGetUI/src/UniGetUI/UniGetUI.csproj]
/home/runner/work/UniGetUI/UniGetUI/src/UniGetUI/Services/GitHubBackupService.cs(113,23): warning CA2201: Exception type System.Exception is not sufficiently specific (https://learn.microsoft.com/dotnet/fundamentals/code-analysis/quality-rules/ca2201) [/home/runner/work/UniGetUI/UniGetUI/src/UniGetUI/UniGetUI.csproj]
/home/runner/work/UniGetUI/UniGetUI/src/UniGetUI/Services/GitHubBackupService.cs(120,23): warning CA2201: Exception type System.Exception is not sufficiently specific (https://learn.microsoft.com/dotnet/fundamentals/code-analysis/quality-rules/ca2201) [/home/runner/work/UniGetUI/UniGetUI/src/UniGetUI/UniGetUI.csproj]
/home/runner/work/UniGetUI/UniGetUI/src/UniGetUI/Pages/DialogPages/InstallOptions_Package.xaml.cs(441,63): warning IDE0060: Remove unused parameter 'sender' (https://learn.microsoft.com/dotnet/fundamentals/code-analysis/style-rules/ide0060) [/home/runner/work/UniGetUI/UniGetUI/src/UniGetUI/UniGetUI.csproj]
/home/runner/work/UniGetUI/UniGetUI/src/UniGetUI/Pages/DialogPages/InstallOptions_Package.xaml.cs(452,114): warning IDE0060: Remove unused parameter 'args' (https://learn.microsoft.com/dotnet/fundamentals/code-analysis/style-rules/ide0060) [/home/runner/work/UniGetUI/UniGetUI/src/UniGetUI/UniGetUI.csproj]
/home/runner/work/UniGetUI/UniGetUI/src/UniGetUI/Pages/DialogPages/InstallOptions_Package.xaml.cs(452,67): warning IDE0060: Remove unused parameter 'sender' (https://learn.microsoft.com/dotnet/fundamentals/code-analysis/style-rules/ide0060) [/home/runner/work/UniGetUI/UniGetUI/src/UniGetUI/UniGetUI.csproj]
/home/runner/work/UniGetUI/UniGetUI/src/UniGetUI/Interface/MissingWinUITypes.cs(195,23): warning CA1852: Type 'FrameState' can be sealed because it has no subtypes in its containing assembly and is not externally visible (https://learn.microsoft.com/dotnet/fundamentals/code-analysis/quality-rules/ca1852) [/home/runner/work/UniGetUI/UniGetUI/src/UniGetUI/UniGetUI.csproj]
/home/runner/work/UniGetUI/UniGetUI/src/UniGetUI/Interface/MissingWinUITypes.cs(325,23): warning CA1852: Type 'CommandBarProxy' can be sealed because it has no subtypes in its containing assembly and is not externally visible (https://learn.microsoft.com/dotnet/fundamentals/code-analysis/quality-rules/ca1852) [/home/runner/work/UniGetUI/UniGetUI/src/UniGetUI/UniGetUI.csproj]
/home/runner/work/UniGetUI/UniGetUI/src/UniGetUI/Controls/CustomNavViewItem.cs(9,24): warning CA1852: Type 'CustomNavViewItem' can be sealed because it has no subtypes in its containing assembly and is not externally visible (https://learn.microsoft.com/dotnet/fundamentals/code-analysis/quality-rules/ca1852) [/home/runner/work/UniGetUI/UniGetUI/src/UniGetUI/UniGetUI.csproj]
/home/runner/work/UniGetUI/UniGetUI/src/UniGetUI/Pages/SettingsPages/SettingsBasePage.axaml.cs(35,29): error CS1061: 'Border' does not contain a definition for 'Message' and no accessible extension method 'Message' accepting a first argument of type 'Border' could be found (are you missing a using directive or an assembly reference?) [/home/runner/work/UniGetUI/UniGetUI/src/UniGetUI/UniGetUI.csproj]
/home/runner/work/UniGetUI/UniGetUI/src/UniGetUI/Pages/SettingsPages/SettingsBasePage.axaml.cs(42,29): error CS1061: 'Border' does not contain a definition for 'ActionButton' and no accessible extension method 'ActionButton' accepting a first argument of type 'Border' could be found (are you missing a using directive or an assembly reference?) [/home/runner/work/UniGetUI/UniGetUI/src/UniGetUI/UniGetUI.csproj]
/home/runner/work/UniGetUI/UniGetUI/src/UniGetUI/Pages/SettingsPages/SettingsBasePage.axaml.cs(78,29): error CS1061: 'Border' does not contain a definition for 'IsOpen' and no accessible extension method 'IsOpen' accepting a first argument of type 'Border' could be found (are you missing a using directive or an assembly reference?) [/home/runner/work/UniGetUI/UniGetUI/src/UniGetUI/UniGetUI.csproj]
/home/runner/work/UniGetUI/UniGetUI/src/UniGetUI/AutoUpdater.cs(224,20): error CS1061: 'UserControl' does not contain a definition for 'IsOpen' and no accessible extension method 'IsOpen' accepting a first argument of type 'UserControl' could be found (are you missing a using directive or an assembly reference?) [/home/runner/work/UniGetUI/UniGetUI/src/UniGetUI/UniGetUI.csproj]
/home/runner/work/UniGetUI/UniGetUI/src/UniGetUI/AutoUpdater.cs(262,35): error CS1061: 'Window' does not contain a definition for 'Visible' and no accessible extension method 'Visible' accepting a first argument of type 'Window' could be found (are you missing a using directive or an assembly reference?) [/home/runner/work/UniGetUI/UniGetUI/src/UniGetUI/UniGetUI.csproj]
/home/runner/work/UniGetUI/UniGetUI/src/UniGetUI/AppOperationHelper.cs(68,25): error CS0117: 'Window' does not contain a definition for 'PrimaryButtonText' [/home/runner/work/UniGetUI/UniGetUI/src/UniGetUI/UniGetUI.csproj]
/home/runner/work/UniGetUI/UniGetUI/src/UniGetUI/AppOperationHelper.cs(69,25): error CS0117: 'Window' does not contain a definition for 'DefaultButton' [/home/runner/work/UniGetUI/UniGetUI/src/UniGetUI/UniGetUI.csproj]
/home/runner/work/UniGetUI/UniGetUI/src/UniGetUI/AppOperationHelper.cs(70,25): error CS0117: 'Window' does not contain a definition for 'XamlRoot' [/home/runner/work/UniGetUI/UniGetUI/src/UniGetUI/UniGetUI.csproj]
/home/runner/work/UniGetUI/UniGetUI/src/UniGetUI/AppOperationHelper.cs(70,64): error CS1061: 'object' does not contain a definition for 'XamlRoot' and no accessible extension method 'XamlRoot' accepting a first argument of type 'object' could be found (are you missing a using directive or an assembly reference?) [/home/runner/work/UniGetUI/UniGetUI/src/UniGetUI/UniGetUI.csproj]
/home/runner/work/UniGetUI/UniGetUI/src/UniGetUI/AppOperationHelper.cs(100,17): error CS0103: The name 'savePicker' does not exist in the current context [/home/runner/work/UniGetUI/UniGetUI/src/UniGetUI/UniGetUI.csproj]
/home/runner/work/UniGetUI/UniGetUI/src/UniGetUI/AppOperationHelper.cs(105,21): error CS0103: The name 'savePicker' does not exist in the current context [/home/runner/work/UniGetUI/UniGetUI/src/UniGetUI/UniGetUI.csproj]
/home/runner/work/UniGetUI/UniGetUI/src/UniGetUI/AppOperationHelper.cs(108,17): error CS0103: The name 'savePicker' does not exist in the current context [/home/runner/work/UniGetUI/UniGetUI/src/UniGetUI/UniGetUI.csproj]
/home/runner/work/UniGetUI/UniGetUI/src/UniGetUI/AppOperationHelper.cs(109,17): error CS0103: The name 'savePicker' does not exist in the current context [/home/runner/work/UniGetUI/UniGetUI/src/UniGetUI/UniGetUI.csproj]
/home/runner/work/UniGetUI/UniGetUI/src/UniGetUI/AppOperationHelper.cs(110,17): error CS0103: The name 'savePicker' does not exist in the current context [/home/runner/work/UniGetUI/UniGetUI/src/UniGetUI/UniGetUI.csproj]
/home/runner/work/UniGetUI/UniGetUI/src/UniGetUI/AppOperationHelper.cs(111,17): error CS0103: The name 'savePicker' does not exist in the current context [/home/runner/work/UniGetUI/UniGetUI/src/UniGetUI/UniGetUI.csproj]
/home/runner/work/UniGetUI/UniGetUI/src/UniGetUI/AppOperationHelper.cs(112,17): error CS0103: The name 'savePicker' does not exist in the current context [/home/runner/work/UniGetUI/UniGetUI/src/UniGetUI/UniGetUI.csproj]
/home/runner/work/UniGetUI/UniGetUI/src/UniGetUI/AppOperationHelper.cs(113,17): error CS0103: The name 'savePicker' does not exist in the current context [/home/runner/work/UniGetUI/UniGetUI/src/UniGetUI/UniGetUI.csproj]
/home/runner/work/UniGetUI/UniGetUI/src/UniGetUI/AppOperationHelper.cs(114,17): error CS0103: The name 'savePicker' does not exist in the current context [/home/runner/work/UniGetUI/UniGetUI/src/UniGetUI/UniGetUI.csproj]
/home/runner/work/UniGetUI/UniGetUI/src/UniGetUI/AppOperationHelper.cs(115,17): error CS0103: The name 'savePicker' does not exist in the current context [/home/runner/work/UniGetUI/UniGetUI/src/UniGetUI/UniGetUI.csproj]
/home/runner/work/UniGetUI/UniGetUI/src/UniGetUI/AppOperationHelper.cs(118,17): error CS0246: The type or namespace name 'StorageFile' could not be found (are you missing a using directive or an assembly reference?) [/home/runner/work/UniGetUI/UniGetUI/src/UniGetUI/UniGetUI.csproj]
/home/runner/work/UniGetUI/UniGetUI/src/UniGetUI/AppOperationHelper.cs(118,42): error CS0103: The name 'savePicker' does not exist in the current context [/home/runner/work/UniGetUI/UniGetUI/src/UniGetUI/UniGetUI.csproj]
/home/runner/work/UniGetUI/UniGetUI/src/UniGetUI/Pages/SettingsPages/ManagersPages/ManagersHomepage.axaml.cs(50,24): error CS1061: 'SettingsPageButton' does not contain a definition for 'Click' and no accessible extension method 'Click' accepting a first argument of type 'SettingsPageButton' could be found (are you missing a using directive or an assembly reference?) [/home/runner/work/UniGetUI/UniGetUI/src/UniGetUI/UniGetUI.csproj]
/home/runner/work/UniGetUI/UniGetUI/src/UniGetUI/Pages/SettingsPages/ManagersPages/ManagersHomepage.axaml.cs(98,37): error CS0266: Cannot implicitly convert type 'bool?' to 'bool'. An explicit conversion exists (are you missing a cast?) [/home/runner/work/UniGetUI/UniGetUI/src/UniGetUI/UniGetUI.csproj]
/home/runner/work/UniGetUI/UniGetUI/src/UniGetUI/AutoUpdater.cs(332,20): error CS1061: 'UserControl' does not contain a definition for 'Title' and no accessible extension method 'Title' accepting a first argument of type 'UserControl' could be found (are you missing a using directive or an assembly reference?) [/home/runner/work/UniGetUI/UniGetUI/src/UniGetUI/UniGetUI.csproj]
/home/runner/work/UniGetUI/UniGetUI/src/UniGetUI/AutoUpdater.cs(333,20): error CS1061: 'UserControl' does not contain a definition for 'Message' and no accessible extension method 'Message' accepting a first argument of type 'UserControl' could be found (are you missing a using directive or an assembly reference?) [/home/runner/work/UniGetUI/UniGetUI/src/UniGetUI/UniGetUI.csproj]
/home/runner/work/UniGetUI/UniGetUI/src/UniGetUI/AutoUpdater.cs(334,20): error CS1061: 'UserControl' does not contain a definition for 'Severity' and no accessible extension method 'Severity' accepting a first argument of type 'UserControl' could be found (are you missing a using directive or an assembly reference?) [/home/runner/work/UniGetUI/UniGetUI/src/UniGetUI/UniGetUI.csproj]
/home/runner/work/UniGetUI/UniGetUI/src/UniGetUI/AutoUpdater.cs(335,20): error CS1061: 'UserControl' does not contain a definition for 'IsClosable' and no accessible extension method 'IsClosable' accepting a first argument of type 'UserControl' could be found (are you missing a using directive or an assembly reference?) [/home/runner/work/UniGetUI/UniGetUI/src/UniGetUI/UniGetUI.csproj]
/home/runner/work/UniGetUI/UniGetUI/src/UniGetUI/AutoUpdater.cs(336,20): error CS1061: 'UserControl' does not contain a definition for 'ActionButton' and no accessible extension method 'ActionButton' accepting a first argument of type 'UserControl' could be found (are you missing a using directive or an assembly reference?) [/home/runner/work/UniGetUI/UniGetUI/src/UniGetUI/UniGetUI.csproj]
/home/runner/work/UniGetUI/UniGetUI/src/UniGetUI/AutoUpdater.cs(337,20): error CS1061: 'UserControl' does not contain a definition for 'IsOpen' and no accessible extension method 'IsOpen' accepting a first argument of type 'UserControl' could be found (are you missing a using directive or an assembly reference?) [/home/runner/work/UniGetUI/UniGetUI/src/UniGetUI/UniGetUI.csproj]
/home/runner/work/UniGetUI/UniGetUI/src/UniGetUI/AppOperationHelper.cs(148,56): error CS1061: 'MainWindow' does not contain a definition for 'GetWindowHandle' and no accessible extension method 'GetWindowHandle' accepting a first argument of type 'MainWindow' could be found (are you missing a using directive or an assembly reference?) [/home/runner/work/UniGetUI/UniGetUI/src/UniGetUI/UniGetUI.csproj]
/home/runner/work/UniGetUI/UniGetUI/src/UniGetUI/Controls/Announcer.xaml.cs(39,13): error CS0103: The name '_textblock' does not exist in the current context [/home/runner/work/UniGetUI/UniGetUI/src/UniGetUI/UniGetUI.csproj]
/home/runner/work/UniGetUI/UniGetUI/src/UniGetUI/Controls/Announcer.xaml.cs(94,87): error CS0117: 'Run' does not contain a definition for 'FontSize' [/home/runner/work/UniGetUI/UniGetUI/src/UniGetUI/UniGetUI.csproj]
/home/runner/work/UniGetUI/UniGetUI/src/UniGetUI/Controls/Announcer.xaml.cs(94,102): error CS0117: 'Run' does not contain a definition for 'FontWeight' [/home/runner/work/UniGetUI/UniGetUI/src/UniGetUI/UniGetUI.csproj]
/home/runner/work/UniGetUI/UniGetUI/src/UniGetUI/Controls/Announcer.xaml.cs(94,132): error CS0117: 'Run' does not contain a definition for 'FontFamily' [/home/runner/work/UniGetUI/UniGetUI/src/UniGetUI/UniGetUI.csproj]
/home/runner/work/UniGetUI/UniGetUI/src/UniGetUI/Controls/Announcer.xaml.cs(95,13): error CS0103: The name '_textblock' does not exist in the current context [/home/runner/work/UniGetUI/UniGetUI/src/UniGetUI/UniGetUI.csproj]
/home/runner/work/UniGetUI/UniGetUI/src/UniGetUI/Controls/Announcer.xaml.cs(96,13): error CS0103: The name '_textblock' does not exist in the current context [/home/runner/work/UniGetUI/UniGetUI/src/UniGetUI/UniGetUI.csproj]
/home/runner/work/UniGetUI/UniGetUI/src/UniGetUI/Controls/Announcer.xaml.cs(102,43): error CS0246: The type or namespace name 'LineBreak' could not be found (are you missing a using directive or an assembly reference?) [/home/runner/work/UniGetUI/UniGetUI/src/UniGetUI/UniGetUI.csproj]
/home/runner/work/UniGetUI/UniGetUI/src/UniGetUI/Controls/Announcer.xaml.cs(104,56): error CS0234: The type or namespace name 'Hyperlink' does not exist in the namespace 'Avalonia.Controls.Documents' (are you missing an assembly reference?) [/home/runner/work/UniGetUI/UniGetUI/src/UniGetUI/UniGetUI.csproj]
/home/runner/work/UniGetUI/UniGetUI/src/UniGetUI/Controls/Announcer.xaml.cs(112,13): error CS0103: The name '_textblock' does not exist in the current context [/home/runner/work/UniGetUI/UniGetUI/src/UniGetUI/UniGetUI.csproj]
/home/runner/work/UniGetUI/UniGetUI/src/UniGetUI/Controls/Announcer.xaml.cs(121,43): error CS0246: The type or namespace name 'LineBreak' could not be found (are you missing a using directive or an assembly reference?) [/home/runner/work/UniGetUI/UniGetUI/src/UniGetUI/UniGetUI.csproj]
/home/runner/work/UniGetUI/UniGetUI/src/UniGetUI/Controls/Announcer.xaml.cs(124,13): error CS0103: The name '_textblock' does not exist in the current context [/home/runner/work/UniGetUI/UniGetUI/src/UniGetUI/UniGetUI.csproj]
/home/runner/work/UniGetUI/UniGetUI/src/UniGetUI/Controls/Announcer.xaml.cs(125,13): error CS0103: The name '_textblock' does not exist in the current context [/home/runner/work/UniGetUI/UniGetUI/src/UniGetUI/UniGetUI.csproj]
/home/runner/work/UniGetUI/UniGetUI/src/UniGetUI/Controls/LocalIcon.cs(14,20): error CS0103: The name 'Glyph' does not exist in the current context [/home/runner/work/UniGetUI/UniGetUI/src/UniGetUI/UniGetUI.csproj]
/home/runner/work/UniGetUI/UniGetUI/src/UniGetUI/Controls/LocalIcon.cs(24,13): error CS0103: The name 'Glyph' does not exist in the current context [/home/runner/work/UniGetUI/UniGetUI/src/UniGetUI/UniGetUI.csproj]
/home/runner/work/UniGetUI/UniGetUI/src/UniGetUI/Controls/LocalIcon.cs(66,20): error CS0103: The name 'Glyph' does not exist in the current context [/home/runner/work/UniGetUI/UniGetUI/src/UniGetUI/UniGetUI.csproj]
/home/runner/work/UniGetUI/UniGetUI/src/UniGetUI/Controls/LocalIcon.cs(71,13): error CS0118: 'FontFamily' is a type but is used like a variable [/home/runner/work/UniGetUI/UniGetUI/src/UniGetUI/UniGetUI.csproj]
/home/runner/work/UniGetUI/UniGetUI/src/UniGetUI/Controls/LocalIcon.cs(76,13): error CS0103: The name 'Glyph' does not exist in the current context [/home/runner/work/UniGetUI/UniGetUI/src/UniGetUI/UniGetUI.csproj]
/home/runner/work/UniGetUI/UniGetUI/src/UniGetUI/Controls/MenuForPackage.cs(15,13): error CS0103: The name 'MenuFlyoutPresenterStyle' does not exist in the current context [/home/runner/work/UniGetUI/UniGetUI/src/UniGetUI/UniGetUI.csproj]
/home/runner/work/UniGetUI/UniGetUI/src/UniGetUI/Controls/MenuForPackage.cs(32,54): error CS0117: 'MenuItem' does not contain a definition for 'Text' [/home/runner/work/UniGetUI/UniGetUI/src/UniGetUI/UniGetUI.csproj]
/home/runner/work/UniGetUI/UniGetUI/src/UniGetUI/Controls/MenuForPackage.cs(33,46): error CS0117: 'MenuItem' does not contain a definition for 'Text' [/home/runner/work/UniGetUI/UniGetUI/src/UniGetUI/UniGetUI.csproj]
/home/runner/work/UniGetUI/UniGetUI/src/UniGetUI/Controls/MenuForPackage.cs(37,13): error CS0118: 'Style' is a type but is used like a variable [/home/runner/work/UniGetUI/UniGetUI/src/UniGetUI/UniGetUI.csproj]
/home/runner/work/UniGetUI/UniGetUI/src/UniGetUI/Pages/SoftwarePages/SoftwareUpdatesPage.cs(64,17): error CS0117: 'BetterMenuItem' does not contain a definition for 'KeyboardAcceleratorTextOverride' [/home/runner/work/UniGetUI/UniGetUI/src/UniGetUI/UniGetUI.csproj]
/home/runner/work/UniGetUI/UniGetUI/src/UniGetUI/Pages/SoftwarePages/SoftwareUpdatesPage.cs(72,17): error CS0117: 'BetterMenuItem' does not contain a definition for 'KeyboardAcceleratorTextOverride' [/home/runner/work/UniGetUI/UniGetUI/src/UniGetUI/UniGetUI.csproj]
/home/runner/work/UniGetUI/UniGetUI/src/UniGetUI/Pages/SoftwarePages/SoftwareUpdatesPage.cs(150,17): error CS0117: 'BetterMenuItem' does not contain a definition for 'KeyboardAcceleratorTextOverride' [/home/runner/work/UniGetUI/UniGetUI/src/UniGetUI/UniGetUI.csproj]
/home/runner/work/UniGetUI/UniGetUI/src/UniGetUI/Pages/SoftwarePages/SoftwareUpdatesPage.cs(156,17): error CS0117: 'MenuFlyoutSubItem' does not contain a definition for 'Text' [/home/runner/work/UniGetUI/UniGetUI/src/UniGetUI/UniGetUI.csproj]
/home/runner/work/UniGetUI/UniGetUI/src/UniGetUI/Pages/SoftwarePages/SoftwareUpdatesPage.cs(157,40): error CS0117: 'TextBlock' does not contain a definition for 'Glyph' [/home/runner/work/UniGetUI/UniGetUI/src/UniGetUI/UniGetUI.csproj]
/home/runner/work/UniGetUI/UniGetUI/src/UniGetUI/Controls/SourceManager.xaml.cs(74,23): error CS1061: 'Window' does not contain a definition for 'Style' and no accessible extension method 'Style' accepting a first argument of type 'Window' could be found (are you missing a using directive or an assembly reference?) [/home/runner/work/UniGetUI/UniGetUI/src/UniGetUI/UniGetUI.csproj]
/home/runner/work/UniGetUI/UniGetUI/src/UniGetUI/Controls/SourceManager.xaml.cs(128,25): error CS0019: Operator '==' cannot be applied to operands of type 'bool?' and 'ContentDialogResult' [/home/runner/work/UniGetUI/UniGetUI/src/UniGetUI/UniGetUI.csproj]
/home/runner/work/UniGetUI/UniGetUI/src/UniGetUI/Controls/SourceManager.xaml.cs(146,25): error CS0117: 'Window' does not contain a definition for 'Style' [/home/runner/work/UniGetUI/UniGetUI/src/UniGetUI/UniGetUI.csproj]
/home/runner/work/UniGetUI/UniGetUI/src/UniGetUI/Controls/SourceManager.xaml.cs(157,38): error CS0246: The type or namespace name 'DataTemplate' could not be found (are you missing a using directive or an assembly reference?) [/home/runner/work/UniGetUI/UniGetUI/src/UniGetUI/UniGetUI.csproj]
/home/runner/work/UniGetUI/UniGetUI/src/UniGetUI/Pages/SettingsPages/ManagersPages/PackageManager.xaml.cs(59,68): error CS0117: 'PEInterface' does not contain a definition for 'WinGet' [/home/runner/work/UniGetUI/UniGetUI/src/UniGetUI/UniGetUI.csproj]
/home/runner/work/UniGetUI/UniGetUI/src/UniGetUI/Pages/SettingsPages/ManagersPages/PackageManager.xaml.cs(96,47): error CS0029: Cannot implicitly convert type 'UniGetUI.Pages.DialogPages.InstallOptions_Manager' to 'string' [/home/runner/work/UniGetUI/UniGetUI/src/UniGetUI/UniGetUI.csproj]
/home/runner/work/UniGetUI/UniGetUI/src/UniGetUI/Pages/SettingsPages/ManagersPages/PackageManager.xaml.cs(112,49): error CS0029: Cannot implicitly convert type 'UniGetUI.Interface.Widgets.SourceManager' to 'string' [/home/runner/work/UniGetUI/UniGetUI/src/UniGetUI/UniGetUI.csproj]
/home/runner/work/UniGetUI/UniGetUI/src/UniGetUI/Pages/SettingsPages/ManagersPages/PackageManager.xaml.cs(118,34): error CS0176: Member 'FontWeight.SemiBold' cannot be accessed with an instance reference; qualify it with a type name instead [/home/runner/work/UniGetUI/UniGetUI/src/UniGetUI/UniGetUI.csproj]
/home/runner/work/UniGetUI/UniGetUI/src/UniGetUI/Pages/SettingsPages/ManagersPages/PackageManager.xaml.cs(327,57): error CS1061: 'MainWindow' does not contain a definition for 'GetWindowHandle' and no accessible extension method 'GetWindowHandle' accepting a first argument of type 'MainWindow' could be found (are you missing a using directive or an assembly reference?) [/home/runner/work/UniGetUI/UniGetUI/src/UniGetUI/UniGetUI.csproj]
/home/runner/work/UniGetUI/UniGetUI/src/UniGetUI/Pages/SettingsPages/ManagersPages/PackageManager.xaml.cs(341,53): error CS0029: Cannot implicitly convert type 'Avalonia.Controls.StackPanel' to 'string' [/home/runner/work/UniGetUI/UniGetUI/src/UniGetUI/UniGetUI.csproj]
/home/runner/work/UniGetUI/UniGetUI/src/UniGetUI/Pages/SoftwarePages/SoftwareUpdatesPage.cs(242,29): error CS0266: Cannot implicitly convert type 'UniGetUI.Interface.FlyoutPlacementMode' to 'Avalonia.Controls.PlacementMode'. An explicit conversion exists (are you missing a cast?) [/home/runner/work/UniGetUI/UniGetUI/src/UniGetUI/UniGetUI.csproj]
/home/runner/work/UniGetUI/UniGetUI/src/UniGetUI/Pages/SoftwarePages/SoftwareUpdatesPage.cs(351,42): error CS0103: The name 'NetworkInformation' does not exist in the current context [/home/runner/work/UniGetUI/UniGetUI/src/UniGetUI/UniGetUI.csproj]
/home/runner/work/UniGetUI/UniGetUI/src/UniGetUI/Pages/SoftwarePages/SoftwareUpdatesPage.cs(352,43): error CS0103: The name 'NetworkCostType' does not exist in the current context [/home/runner/work/UniGetUI/UniGetUI/src/UniGetUI/UniGetUI.csproj]
/home/runner/work/UniGetUI/UniGetUI/src/UniGetUI/Pages/SoftwarePages/SoftwareUpdatesPage.cs(352,68): error CS0103: The name 'NetworkCostType' does not exist in the current context [/home/runner/work/UniGetUI/UniGetUI/src/UniGetUI/UniGetUI.csproj]
/home/runner/work/UniGetUI/UniGetUI/src/UniGetUI/Pages/SoftwarePages/SoftwareUpdatesPage.cs(358,25): error CS0103: The name 'PowerManager' does not exist in the current context [/home/runner/work/UniGetUI/UniGetUI/src/UniGetUI/UniGetUI.csproj]
/home/runner/work/UniGetUI/UniGetUI/src/UniGetUI/Pages/SoftwarePages/SoftwareUpdatesPage.cs(358,59): error CS0246: The type or namespace name 'PowerSupplyStatus' could not be found (are you missing a using directive or an assembly reference?) [/home/runner/work/UniGetUI/UniGetUI/src/UniGetUI/UniGetUI.csproj]
/home/runner/work/UniGetUI/UniGetUI/src/UniGetUI/Pages/SoftwarePages/SoftwareUpdatesPage.cs(364,25): error CS0103: The name 'PowerManager' does not exist in the current context [/home/runner/work/UniGetUI/UniGetUI/src/UniGetUI/UniGetUI.csproj]
/home/runner/work/UniGetUI/UniGetUI/src/UniGetUI/Pages/SoftwarePages/SoftwareUpdatesPage.cs(364,59): error CS0246: The type or namespace name 'EnergySaverStatus' could not be found (are you missing a using directive or an assembly reference?) [/home/runner/work/UniGetUI/UniGetUI/src/UniGetUI/UniGetUI.csproj]
/home/runner/work/UniGetUI/UniGetUI/src/UniGetUI/Pages/SettingsPages/ManagersPages/PackageManager.xaml.cs(403,17): error CS0103: The name 'ManagerStatusBar' does not exist in the current context [/home/runner/work/UniGetUI/UniGetUI/src/UniGetUI/UniGetUI.csproj]
/home/runner/work/UniGetUI/UniGetUI/src/UniGetUI/Pages/SettingsPages/ManagersPages/PackageManager.xaml.cs(403,49): error CS0117: 'int' does not contain a definition for 'Informational' [/home/runner/work/UniGetUI/UniGetUI/src/UniGetUI/UniGetUI.csproj]
/home/runner/work/UniGetUI/UniGetUI/src/UniGetUI/Pages/SettingsPages/ManagersPages/PackageManager.xaml.cs(404,17): error CS0103: The name 'ManagerStatusBar' does not exist in the current context [/home/runner/work/UniGetUI/UniGetUI/src/UniGetUI/UniGetUI.csproj]
/home/runner/work/UniGetUI/UniGetUI/src/UniGetUI/Pages/SettingsPages/ManagersPages/PackageManager.xaml.cs(405,17): error CS0103: The name 'ManagerStatusBar' does not exist in the current context [/home/runner/work/UniGetUI/UniGetUI/src/UniGetUI/UniGetUI.csproj]
/home/runner/work/UniGetUI/UniGetUI/src/UniGetUI/Pages/SettingsPages/ManagersPages/PackageManager.xaml.cs(409,17): error CS0103: The name 'ManagerStatusBar' does not exist in the current context [/home/runner/work/UniGetUI/UniGetUI/src/UniGetUI/UniGetUI.csproj]
/home/runner/work/UniGetUI/UniGetUI/src/UniGetUI/Pages/SettingsPages/ManagersPages/PackageManager.xaml.cs(409,49): error CS0117: 'int' does not contain a definition for 'Warning' [/home/runner/work/UniGetUI/UniGetUI/src/UniGetUI/UniGetUI.csproj]
/home/runner/work/UniGetUI/UniGetUI/src/UniGetUI/Pages/SettingsPages/ManagersPages/PackageManager.xaml.cs(410,17): error CS0103: The name 'ManagerStatusBar' does not exist in the current context [/home/runner/work/UniGetUI/UniGetUI/src/UniGetUI/UniGetUI.csproj]
/home/runner/work/UniGetUI/UniGetUI/src/UniGetUI/Pages/SettingsPages/ManagersPages/PackageManager.xaml.cs(411,17): error CS0103: The name 'ManagerStatusBar' does not exist in the current context [/home/runner/work/UniGetUI/UniGetUI/src/UniGetUI/UniGetUI.csproj]
/home/runner/work/UniGetUI/UniGetUI/src/UniGetUI/Pages/SettingsPages/ManagersPages/PackageManager.xaml.cs(415,17): error CS0103: The name 'ManagerStatusBar' does not exist in the current context [/home/runner/work/UniGetUI/UniGetUI/src/UniGetUI/UniGetUI.csproj]
/home/runner/work/UniGetUI/UniGetUI/src/UniGetUI/Pages/SettingsPages/ManagersPages/PackageManager.xaml.cs(415,49): error CS0117: 'int' does not contain a definition for 'Success' [/home/runner/work/UniGetUI/UniGetUI/src/UniGetUI/UniGetUI.csproj]
/home/runner/work/UniGetUI/UniGetUI/src/UniGetUI/Pages/SettingsPages/ManagersPages/PackageManager.xaml.cs(416,17): error CS0103: The name 'ManagerStatusBar' does not exist in the current context [/home/runner/work/UniGetUI/UniGetUI/src/UniGetUI/UniGetUI.csproj]
/home/runner/work/UniGetUI/UniGetUI/src/UniGetUI/Pages/SettingsPages/ManagersPages/PackageManager.xaml.cs(419,21): error CS0103: The name 'ManagerStatusBar' does not exist in the current context [/home/runner/work/UniGetUI/UniGetUI/src/UniGetUI/UniGetUI.csproj]
/home/runner/work/UniGetUI/UniGetUI/src/UniGetUI/Pages/SettingsPages/ManagersPages/PackageManager.xaml.cs(424,21): error CS0103: The name 'ManagerStatusBar' does not exist in the current context [/home/runner/work/UniGetUI/UniGetUI/src/UniGetUI/UniGetUI.csproj]
/home/runner/work/UniGetUI/UniGetUI/src/UniGetUI/Pages/SettingsPages/ManagersPages/PackageManager.xaml.cs(429,21): error CS0103: The name 'ManagerStatusBar' does not exist in the current context [/home/runner/work/UniGetUI/UniGetUI/src/UniGetUI/UniGetUI.csproj]
/home/runner/work/UniGetUI/UniGetUI/src/UniGetUI/Pages/SettingsPages/ManagersPages/PackageManager.xaml.cs(435,17): error CS0103: The name 'ManagerStatusBar' does not exist in the current context [/home/runner/work/UniGetUI/UniGetUI/src/UniGetUI/UniGetUI.csproj]
/home/runner/work/UniGetUI/UniGetUI/src/UniGetUI/Pages/SettingsPages/ManagersPages/PackageManager.xaml.cs(435,49): error CS0117: 'int' does not contain a definition for 'Error' [/home/runner/work/UniGetUI/UniGetUI/src/UniGetUI/UniGetUI.csproj]
/home/runner/work/UniGetUI/UniGetUI/src/UniGetUI/Pages/SettingsPages/ManagersPages/PackageManager.xaml.cs(436,17): error CS0103: The name 'ManagerStatusBar' does not exist in the current context [/home/runner/work/UniGetUI/UniGetUI/src/UniGetUI/UniGetUI.csproj]
/home/runner/work/UniGetUI/UniGetUI/src/UniGetUI/Pages/SettingsPages/ManagersPages/PackageManager.xaml.cs(437,17): error CS0103: The name 'ManagerStatusBar' does not exist in the current context [/home/runner/work/UniGetUI/UniGetUI/src/UniGetUI/UniGetUI.csproj]
/home/runner/work/UniGetUI/UniGetUI/src/UniGetUI/Controls/SettingsWidgets/TextboxCard.cs(29,29): error CS1061: 'TextBox' does not contain a definition for 'PlaceholderText' and no accessible extension method 'PlaceholderText' accepting a first argument of type 'TextBox' could be found (are you missing a using directive or an assembly reference?) [/home/runner/work/UniGetUI/UniGetUI/src/UniGetUI/UniGetUI.csproj]
/home/runner/work/UniGetUI/UniGetUI/src/UniGetUI/Pages/SettingsPages/ManagersPages/PackageManager.xaml.cs(446,13): error CS0103: The name 'CopyButtonIcon' does not exist in the current context [/home/runner/work/UniGetUI/UniGetUI/src/UniGetUI/UniGetUI.csproj]
/home/runner/work/UniGetUI/UniGetUI/src/UniGetUI/Pages/SettingsPages/ManagersPages/PackageManager.xaml.cs(446,37): error CS0103: The name 'Symbol' does not exist in the current context [/home/runner/work/UniGetUI/UniGetUI/src/UniGetUI/UniGetUI.csproj]
/home/runner/work/UniGetUI/UniGetUI/src/UniGetUI/Pages/SettingsPages/ManagersPages/PackageManager.xaml.cs(448,13): error CS0103: The name 'CopyButtonIcon' does not exist in the current context [/home/runner/work/UniGetUI/UniGetUI/src/UniGetUI/UniGetUI.csproj]
/home/runner/work/UniGetUI/UniGetUI/src/UniGetUI/Pages/SettingsPages/ManagersPages/PackageManager.xaml.cs(448,37): error CS0103: The name 'Symbol' does not exist in the current context [/home/runner/work/UniGetUI/UniGetUI/src/UniGetUI/UniGetUI.csproj]
/home/runner/work/UniGetUI/UniGetUI/src/UniGetUI/Controls/OperationWidgets/OperationControl.cs(275,34): error CS0246: The type or namespace name 'MenuFlyoutSeparator' could not be found (are you missing a using directive or an assembly reference?) [/home/runner/work/UniGetUI/UniGetUI/src/UniGetUI/UniGetUI.csproj]
/home/runner/work/UniGetUI/UniGetUI/src/UniGetUI/Controls/OperationWidgets/OperationControl.cs(280,139): error CS0117: 'TextBlock' does not contain a definition for 'Glyph' [/home/runner/work/UniGetUI/UniGetUI/src/UniGetUI/UniGetUI.csproj]
/home/runner/work/UniGetUI/UniGetUI/src/UniGetUI/Controls/OperationWidgets/OperationControl.cs(284,138): error CS0117: 'TextBlock' does not contain a definition for 'Glyph' [/home/runner/work/UniGetUI/UniGetUI/src/UniGetUI/UniGetUI.csproj]
/home/runner/work/UniGetUI/UniGetUI/src/UniGetUI/Controls/OperationWidgets/OperationControl.cs(288,138): error CS0117: 'TextBlock' does not contain a definition for 'Glyph' [/home/runner/work/UniGetUI/UniGetUI/src/UniGetUI/UniGetUI.csproj]
/home/runner/work/UniGetUI/UniGetUI/src/UniGetUI/Controls/OperationWidgets/OperationControl.cs(292,34): error CS0246: The type or namespace name 'MenuFlyoutSeparator' could not be found (are you missing a using directive or an assembly reference?) [/home/runner/work/UniGetUI/UniGetUI/src/UniGetUI/UniGetUI.csproj]
/home/runner/work/UniGetUI/UniGetUI/src/UniGetUI/Controls/OperationWidgets/OperationControl.cs(312,38): error CS0246: The type or namespace name 'MenuFlyoutSeparator' could not be found (are you missing a using directive or an assembly reference?) [/home/runner/work/UniGetUI/UniGetUI/src/UniGetUI/UniGetUI.csproj]
/home/runner/work/UniGetUI/UniGetUI/src/UniGetUI/Pages/SoftwarePages/PackageBundlesPage.cs(91,17): error CS0117: 'BetterMenuItem' does not contain a definition for 'KeyboardAcceleratorTextOverride' [/home/runner/work/UniGetUI/UniGetUI/src/UniGetUI/UniGetUI.csproj]
/home/runner/work/UniGetUI/UniGetUI/src/UniGetUI/Pages/SoftwarePages/PackageBundlesPage.cs(102,17): error CS0117: 'BetterMenuItem' does not contain a definition for 'KeyboardAcceleratorTextOverride' [/home/runner/work/UniGetUI/UniGetUI/src/UniGetUI/UniGetUI.csproj]
/home/runner/work/UniGetUI/UniGetUI/src/UniGetUI/Pages/SoftwarePages/PackageBundlesPage.cs(164,17): error CS0117: 'BetterMenuItem' does not contain a definition for 'KeyboardAcceleratorTextOverride' [/home/runner/work/UniGetUI/UniGetUI/src/UniGetUI/UniGetUI.csproj]
/home/runner/work/UniGetUI/UniGetUI/src/UniGetUI/Controls/SettingsWidgets/SecureCheckboxCard.cs(31,38): error CS0266: Cannot implicitly convert type 'bool?' to 'bool'. An explicit conversion exists (are you missing a cast?) [/home/runner/work/UniGetUI/UniGetUI/src/UniGetUI/UniGetUI.csproj]
/home/runner/work/UniGetUI/UniGetUI/src/UniGetUI/Controls/SettingsWidgets/SecureCheckboxCard.cs(50,20): error CS0266: Cannot implicitly convert type 'bool?' to 'bool'. An explicit conversion exists (are you missing a cast?) [/home/runner/work/UniGetUI/UniGetUI/src/UniGetUI/UniGetUI.csproj]
/home/runner/work/UniGetUI/UniGetUI/src/UniGetUI/Controls/OperationWidgets/OperationControl.cs(401,28): error CS1061: 'Dispatcher' does not contain a definition for 'TryEnqueue' and no accessible extension method 'TryEnqueue' accepting a first argument of type 'Dispatcher' could be found (are you missing a using directive or an assembly reference?) [/home/runner/work/UniGetUI/UniGetUI/src/UniGetUI/UniGetUI.csproj]
/home/runner/work/UniGetUI/UniGetUI/src/UniGetUI/Controls/SettingsWidgets/SecureCheckboxCard.cs(99,22): error CS0029: Cannot implicitly convert type 'Avalonia.Controls.StackPanel' to 'string' [/home/runner/work/UniGetUI/UniGetUI/src/UniGetUI/UniGetUI.csproj]
/home/runner/work/UniGetUI/UniGetUI/src/UniGetUI/Controls/SettingsWidgets/SecureCheckboxCard.cs(118,59): error CS1503: Argument 2: cannot convert from 'bool?' to 'bool' [/home/runner/work/UniGetUI/UniGetUI/src/UniGetUI/UniGetUI.csproj]
/home/runner/work/UniGetUI/UniGetUI/src/UniGetUI/Controls/SettingsWidgets/SecureCheckboxCard.cs(120,38): error CS0266: Cannot implicitly convert type 'bool?' to 'bool'. An explicit conversion exists (are you missing a cast?) [/home/runner/work/UniGetUI/UniGetUI/src/UniGetUI/UniGetUI.csproj]
/home/runner/work/UniGetUI/UniGetUI/src/UniGetUI/Controls/SettingsWidgets/ComboboxCard.cs(39,23): error CS1061: 'ComboBox' does not contain a definition for 'SetBinding' and no accessible extension method 'SetBinding' accepting a first argument of type 'ComboBox' could be found (are you missing a using directive or an assembly reference?) [/home/runner/work/UniGetUI/UniGetUI/src/UniGetUI/UniGetUI.csproj]
/home/runner/work/UniGetUI/UniGetUI/src/UniGetUI/Pages/SoftwarePages/PackageBundlesPage.cs(192,29): error CS0266: Cannot implicitly convert type 'UniGetUI.Interface.FlyoutPlacementMode' to 'Avalonia.Controls.PlacementMode'. An explicit conversion exists (are you missing a cast?) [/home/runner/work/UniGetUI/UniGetUI/src/UniGetUI/UniGetUI.csproj]
/home/runner/work/UniGetUI/UniGetUI/src/UniGetUI/Controls/SettingsWidgets/CheckboxCard.cs(123,38): error CS0266: Cannot implicitly convert type 'bool?' to 'bool'. An explicit conversion exists (are you missing a cast?) [/home/runner/work/UniGetUI/UniGetUI/src/UniGetUI/UniGetUI.csproj]
/home/runner/work/UniGetUI/UniGetUI/src/UniGetUI/Controls/SettingsWidgets/CheckboxCard.cs(137,42): error CS0266: Cannot implicitly convert type 'bool?' to 'bool'. An explicit conversion exists (are you missing a cast?) [/home/runner/work/UniGetUI/UniGetUI/src/UniGetUI/UniGetUI.csproj]
/home/runner/work/UniGetUI/UniGetUI/src/UniGetUI/Controls/OperationWidgets/OperationControl.cs(561,42): error CS0246: The type or namespace name 'MenuFlyoutSeparator' could not be found (are you missing a using directive or an assembly reference?) [/home/runner/work/UniGetUI/UniGetUI/src/UniGetUI/UniGetUI.csproj]
/home/runner/work/UniGetUI/UniGetUI/src/UniGetUI/Controls/OperationWidgets/OperationControl.cs(584,42): error CS0246: The type or namespace name 'MenuFlyoutSeparator' could not be found (are you missing a using directive or an assembly reference?) [/home/runner/work/UniGetUI/UniGetUI/src/UniGetUI/UniGetUI.csproj]
/home/runner/work/UniGetUI/UniGetUI/src/UniGetUI/Controls/SettingsWidgets/CheckboxCard.cs(151,34): error CS0266: Cannot implicitly convert type 'bool?' to 'bool'. An explicit conversion exists (are you missing a cast?) [/home/runner/work/UniGetUI/UniGetUI/src/UniGetUI/UniGetUI.csproj]
/home/runner/work/UniGetUI/UniGetUI/src/UniGetUI/Controls/SettingsWidgets/CheckboxCard.cs(31,38): error CS0266: Cannot implicitly convert type 'bool?' to 'bool'. An explicit conversion exists (are you missing a cast?) [/home/runner/work/UniGetUI/UniGetUI/src/UniGetUI/UniGetUI.csproj]
/home/runner/work/UniGetUI/UniGetUI/src/UniGetUI/Controls/SettingsWidgets/CheckboxCard.cs(39,20): error CS0266: Cannot implicitly convert type 'bool?' to 'bool'. An explicit conversion exists (are you missing a cast?) [/home/runner/work/UniGetUI/UniGetUI/src/UniGetUI/UniGetUI.csproj]
/home/runner/work/UniGetUI/UniGetUI/src/UniGetUI/Controls/SettingsWidgets/CheckboxCard.cs(90,22): error CS0029: Cannot implicitly convert type 'Avalonia.Controls.StackPanel' to 'string' [/home/runner/work/UniGetUI/UniGetUI/src/UniGetUI/UniGetUI.csproj]
/home/runner/work/UniGetUI/UniGetUI/src/UniGetUI/Controls/SettingsWidgets/CheckboxCard.cs(102,40): error CS1503: Argument 2: cannot convert from 'bool?' to 'bool' [/home/runner/work/UniGetUI/UniGetUI/src/UniGetUI/UniGetUI.csproj]
/home/runner/work/UniGetUI/UniGetUI/src/UniGetUI/Controls/SettingsWidgets/CheckboxCard.cs(104,34): error CS0266: Cannot implicitly convert type 'bool?' to 'bool'. An explicit conversion exists (are you missing a cast?) [/home/runner/work/UniGetUI/UniGetUI/src/UniGetUI/UniGetUI.csproj]
/home/runner/work/UniGetUI/UniGetUI/src/UniGetUI/Controls/SettingsWidgets/CheckboxButtonCard.cs(31,38): error CS0266: Cannot implicitly convert type 'bool?' to 'bool'. An explicit conversion exists (are you missing a cast?) [/home/runner/work/UniGetUI/UniGetUI/src/UniGetUI/UniGetUI.csproj]
/home/runner/work/UniGetUI/UniGetUI/src/UniGetUI/Controls/SettingsWidgets/CheckboxButtonCard.cs(32,36): error CS0019: Operator '||' cannot be applied to operands of type 'bool?' and 'bool' [/home/runner/work/UniGetUI/UniGetUI/src/UniGetUI/UniGetUI.csproj]
/home/runner/work/UniGetUI/UniGetUI/src/UniGetUI/Controls/SettingsWidgets/CheckboxButtonCard.cs(40,20): error CS0266: Cannot implicitly convert type 'bool?' to 'bool'. An explicit conversion exists (are you missing a cast?) [/home/runner/work/UniGetUI/UniGetUI/src/UniGetUI/UniGetUI.csproj]
/home/runner/work/UniGetUI/UniGetUI/src/UniGetUI/Pages/SettingsPages/GeneralPages/Internet.xaml.cs(28,25): error CS1061: 'TextBox' does not contain a definition for 'PlaceholderText' and no accessible extension method 'PlaceholderText' accepting a first argument of type 'TextBox' could be found (are you missing a using directive or an assembly reference?) [/home/runner/work/UniGetUI/UniGetUI/src/UniGetUI/UniGetUI.csproj]
/home/runner/work/UniGetUI/UniGetUI/src/UniGetUI/Pages/SettingsPages/GeneralPages/Internet.xaml.cs(29,13): error CS0103: The name 'PasswordBox' does not exist in the current context [/home/runner/work/UniGetUI/UniGetUI/src/UniGetUI/UniGetUI.csproj]
/home/runner/work/UniGetUI/UniGetUI/src/UniGetUI/Pages/SettingsPages/GeneralPages/Internet.xaml.cs(35,17): error CS0103: The name 'PasswordBox' does not exist in the current context [/home/runner/work/UniGetUI/UniGetUI/src/UniGetUI/UniGetUI.csproj]
/home/runner/work/UniGetUI/UniGetUI/src/UniGetUI/Controls/SettingsWidgets/CheckboxButtonCard.cs(61,36): error CS0019: Operator '||' cannot be applied to operands of type 'bool?' and 'bool' [/home/runner/work/UniGetUI/UniGetUI/src/UniGetUI/UniGetUI.csproj]
/home/runner/work/UniGetUI/UniGetUI/src/UniGetUI/Pages/SettingsPages/GeneralPages/Internet.xaml.cs(106,34): error CS0103: The name 'PasswordBox' does not exist in the current context [/home/runner/work/UniGetUI/UniGetUI/src/UniGetUI/UniGetUI.csproj]
/home/runner/work/UniGetUI/UniGetUI/src/UniGetUI/Pages/SettingsPages/GeneralPages/Internet.xaml.cs(109,32): error CS0103: The name 'PasswordBox' does not exist in the current context [/home/runner/work/UniGetUI/UniGetUI/src/UniGetUI/UniGetUI.csproj]
/home/runner/work/UniGetUI/UniGetUI/src/UniGetUI/Pages/SettingsPages/GeneralPages/Internet.xaml.cs(110,60): error CS0103: The name 'PasswordBox' does not exist in the current context [/home/runner/work/UniGetUI/UniGetUI/src/UniGetUI/UniGetUI.csproj]
/home/runner/work/UniGetUI/UniGetUI/src/UniGetUI/Controls/CustomNavViewItem.cs(52,13): error CS0122: 'ToolTipService' is inaccessible due to its protection level [/home/runner/work/UniGetUI/UniGetUI/src/UniGetUI/UniGetUI.csproj]
/home/runner/work/UniGetUI/UniGetUI/src/UniGetUI/Pages/SoftwarePages/PackageBundlesPage.cs(488,21): error CS0117: 'Window' does not contain a definition for 'CloseButtonText' [/home/runner/work/UniGetUI/UniGetUI/src/UniGetUI/UniGetUI.csproj]
/home/runner/work/UniGetUI/UniGetUI/src/UniGetUI/Pages/SoftwarePages/PackageBundlesPage.cs(489,21): error CS0117: 'Window' does not contain a definition for 'DefaultButton' [/home/runner/work/UniGetUI/UniGetUI/src/UniGetUI/UniGetUI.csproj]
/home/runner/work/UniGetUI/UniGetUI/src/UniGetUI/Pages/SoftwarePages/PackageBundlesPage.cs(490,21): error CS0117: 'Window' does not contain a definition for 'XamlRoot' [/home/runner/work/UniGetUI/UniGetUI/src/UniGetUI/UniGetUI.csproj]
/home/runner/work/UniGetUI/UniGetUI/src/UniGetUI/Pages/SoftwarePages/PackageBundlesPage.cs(490,68): error CS1061: 'object' does not contain a definition for 'XamlRoot' and no accessible extension method 'XamlRoot' accepting a first argument of type 'object' could be found (are you missing a using directive or an assembly reference?) [/home/runner/work/UniGetUI/UniGetUI/src/UniGetUI/UniGetUI.csproj]
/home/runner/work/UniGetUI/UniGetUI/src/UniGetUI/Controls/SettingsWidgets/CheckboxButtonCard.cs(81,17): error CS0118: 'Style' is a type but is used like a variable [/home/runner/work/UniGetUI/UniGetUI/src/UniGetUI/UniGetUI.csproj]
/home/runner/work/UniGetUI/UniGetUI/src/UniGetUI/Controls/SettingsWidgets/CheckboxButtonCard.cs(81,17): error CS0747: Invalid initializer member declarator [/home/runner/work/UniGetUI/UniGetUI/src/UniGetUI/UniGetUI.csproj]
/home/runner/work/UniGetUI/UniGetUI/src/UniGetUI/Controls/SettingsWidgets/CheckboxButtonCard.cs(88,22): error CS0029: Cannot implicitly convert type 'Avalonia.Controls.TextBlock' to 'string' [/home/runner/work/UniGetUI/UniGetUI/src/UniGetUI/UniGetUI.csproj]
/home/runner/work/UniGetUI/UniGetUI/src/UniGetUI/Controls/SettingsWidgets/CheckboxButtonCard.cs(89,27): error CS0029: Cannot implicitly convert type 'Avalonia.Controls.Button' to 'string' [/home/runner/work/UniGetUI/UniGetUI/src/UniGetUI/UniGetUI.csproj]
/home/runner/work/UniGetUI/UniGetUI/src/UniGetUI/Controls/SettingsWidgets/CheckboxButtonCard.cs(92,44): error CS1503: Argument 2: cannot convert from 'bool?' to 'bool' [/home/runner/work/UniGetUI/UniGetUI/src/UniGetUI/UniGetUI.csproj]
/home/runner/work/UniGetUI/UniGetUI/src/UniGetUI/Controls/SettingsWidgets/CheckboxButtonCard.cs(94,36): error CS0266: Cannot implicitly convert type 'bool?' to 'bool'. An explicit conversion exists (are you missing a cast?) [/home/runner/work/UniGetUI/UniGetUI/src/UniGetUI/UniGetUI.csproj]
/home/runner/work/UniGetUI/UniGetUI/src/UniGetUI/Controls/SettingsWidgets/CheckboxButtonCard.cs(95,38): error CS0266: Cannot implicitly convert type 'bool?' to 'bool'. An explicit conversion exists (are you missing a cast?) [/home/runner/work/UniGetUI/UniGetUI/src/UniGetUI/UniGetUI.csproj]
/home/runner/work/UniGetUI/UniGetUI/src/UniGetUI/Pages/SoftwarePages/PackageBundlesPage.cs(503,69): error CS1061: 'MainWindow' does not contain a definition for 'GetWindowHandle' and no accessible extension method 'GetWindowHandle' accepting a first argument of type 'MainWindow' could be found (are you missing a using directive or an assembly reference?) [/home/runner/work/UniGetUI/UniGetUI/src/UniGetUI/UniGetUI.csproj]
/home/runner/work/UniGetUI/UniGetUI/src/UniGetUI/Controls/MenuForPackage.cs(96,13): error CS0103: The name 'ShouldConstrainToRootBounds' does not exist in the current context [/home/runner/work/UniGetUI/UniGetUI/src/UniGetUI/UniGetUI.csproj]
/home/runner/work/UniGetUI/UniGetUI/src/UniGetUI/Controls/MenuForPackage.cs(97,13): error CS0103: The name 'SystemBackdrop' does not exist in the current context [/home/runner/work/UniGetUI/UniGetUI/src/UniGetUI/UniGetUI.csproj]
/home/runner/work/UniGetUI/UniGetUI/src/UniGetUI/Controls/MenuForPackage.cs(97,34): error CS0246: The type or namespace name 'DesktopAcrylicBackdrop' could not be found (are you missing a using directive or an assembly reference?) [/home/runner/work/UniGetUI/UniGetUI/src/UniGetUI/UniGetUI.csproj]
/home/runner/work/UniGetUI/UniGetUI/src/UniGetUI/Controls/MenuForPackage.cs(98,13): error CS0103: The name 'FlyoutPresenterStyle' does not exist in the current context [/home/runner/work/UniGetUI/UniGetUI/src/UniGetUI/UniGetUI.csproj]
/home/runner/work/UniGetUI/UniGetUI/src/UniGetUI/Controls/MenuForPackage.cs(72,43): error CS0103: The name 'IconSource' does not exist in the current context [/home/runner/work/UniGetUI/UniGetUI/src/UniGetUI/UniGetUI.csproj]
/home/runner/work/UniGetUI/UniGetUI/src/UniGetUI/Controls/MenuForPackage.cs(77,13): error CS0103: The name 'IsClosable' does not exist in the current context [/home/runner/work/UniGetUI/UniGetUI/src/UniGetUI/UniGetUI.csproj]
/home/runner/work/UniGetUI/UniGetUI/src/UniGetUI/Controls/MenuForPackage.cs(78,13): error CS0103: The name 'CanDrag' does not exist in the current context [/home/runner/work/UniGetUI/UniGetUI/src/UniGetUI/UniGetUI.csproj]
/home/runner/work/UniGetUI/UniGetUI/src/UniGetUI/Pages/SoftwarePages/PackageBundlesPage.cs(517,79): error CS1061: 'MainWindow' does not contain a definition for 'GetWindowHandle' and no accessible extension method 'GetWindowHandle' accepting a first argument of type 'MainWindow' could be found (are you missing a using directive or an assembly reference?) [/home/runner/work/UniGetUI/UniGetUI/src/UniGetUI/UniGetUI.csproj]
/home/runner/work/UniGetUI/UniGetUI/src/UniGetUI/Pages/SoftwarePages/PackageBundlesPage.cs(557,21): error CS0117: 'Window' does not contain a definition for 'CloseButtonText' [/home/runner/work/UniGetUI/UniGetUI/src/UniGetUI/UniGetUI.csproj]
/home/runner/work/UniGetUI/UniGetUI/src/UniGetUI/Pages/SoftwarePages/PackageBundlesPage.cs(558,21): error CS0117: 'Window' does not contain a definition for 'DefaultButton' [/home/runner/work/UniGetUI/UniGetUI/src/UniGetUI/UniGetUI.csproj]
/home/runner/work/UniGetUI/UniGetUI/src/UniGetUI/Pages/SoftwarePages/PackageBundlesPage.cs(559,21): error CS0117: 'Window' does not contain a definition for 'XamlRoot' [/home/runner/work/UniGetUI/UniGetUI/src/UniGetUI/UniGetUI.csproj]
/home/runner/work/UniGetUI/UniGetUI/src/UniGetUI/Pages/SoftwarePages/PackageBundlesPage.cs(559,68): error CS1061: 'object' does not contain a definition for 'XamlRoot' and no accessible extension method 'XamlRoot' accepting a first argument of type 'object' could be found (are you missing a using directive or an assembly reference?) [/home/runner/work/UniGetUI/UniGetUI/src/UniGetUI/UniGetUI.csproj]
/home/runner/work/UniGetUI/UniGetUI/src/UniGetUI/Controls/MenuForPackage.cs(56,25): error CS0117: 'MenuItem' does not contain a definition for 'Text' [/home/runner/work/UniGetUI/UniGetUI/src/UniGetUI/UniGetUI.csproj]
/home/runner/work/UniGetUI/UniGetUI/src/UniGetUI/Controls/MenuForPackage.cs(61,13): error CS0118: 'Style' is a type but is used like a variable [/home/runner/work/UniGetUI/UniGetUI/src/UniGetUI/UniGetUI.csproj]
/home/runner/work/UniGetUI/UniGetUI/src/UniGetUI/Pages/SettingsPages/GeneralPages/General.axaml.cs(57,75): error CS1061: 'MainWindow' does not contain a definition for 'UpdatesBanner' and no accessible extension method 'UpdatesBanner' accepting a first argument of type 'MainWindow' could be found (are you missing a using directive or an assembly reference?) [/home/runner/work/UniGetUI/UniGetUI/src/UniGetUI/UniGetUI.csproj]
/home/runner/work/UniGetUI/UniGetUI/src/UniGetUI/Pages/SettingsPages/GeneralPages/General.axaml.cs(66,95): error CS1061: 'MainWindow' does not contain a definition for 'GetWindowHandle' and no accessible extension method 'GetWindowHandle' accepting a first argument of type 'MainWindow' could be found (are you missing a using directive or an assembly reference?) [/home/runner/work/UniGetUI/UniGetUI/src/UniGetUI/UniGetUI.csproj]
/home/runner/work/UniGetUI/UniGetUI/src/UniGetUI/Pages/SettingsPages/GeneralPages/General.axaml.cs(83,99): error CS1061: 'MainWindow' does not contain a definition for 'GetWindowHandle' and no accessible extension method 'GetWindowHandle' accepting a first argument of type 'MainWindow' could be found (are you missing a using directive or an assembly reference?) [/home/runner/work/UniGetUI/UniGetUI/src/UniGetUI/UniGetUI.csproj]
/home/runner/work/UniGetUI/UniGetUI/src/UniGetUI/Interface/MissingWinUITypes.cs(129,27): error CS0176: Member 'Orientation.Horizontal' cannot be accessed with an instance reference; qualify it with a type name instead [/home/runner/work/UniGetUI/UniGetUI/src/UniGetUI/UniGetUI.csproj]
/home/runner/work/UniGetUI/UniGetUI/src/UniGetUI/Pages/SettingsPages/GeneralPages/Backup.axaml.cs(62,97): error CS1061: 'MainWindow' does not contain a definition for 'GetWindowHandle' and no accessible extension method 'GetWindowHandle' accepting a first argument of type 'MainWindow' could be found (are you missing a using directive or an assembly reference?) [/home/runner/work/UniGetUI/UniGetUI/src/UniGetUI/UniGetUI.csproj]
/home/runner/work/UniGetUI/UniGetUI/src/UniGetUI/Pages/SettingsPages/GeneralPages/Backup.axaml.cs(155,25): error CS1061: 'Border' does not contain a definition for 'ProfilePicture' and no accessible extension method 'ProfilePicture' accepting a first argument of type 'Border' could be found (are you missing a using directive or an assembly reference?) [/home/runner/work/UniGetUI/UniGetUI/src/UniGetUI/UniGetUI.csproj]
/home/runner/work/UniGetUI/UniGetUI/src/UniGetUI/Pages/SettingsPages/GeneralPages/Backup.axaml.cs(169,25): error CS1061: 'Border' does not contain a definition for 'Initials' and no accessible extension method 'Initials' accepting a first argument of type 'Border' could be found (are you missing a using directive or an assembly reference?) [/home/runner/work/UniGetUI/UniGetUI/src/UniGetUI/UniGetUI.csproj]
/home/runner/work/UniGetUI/UniGetUI/src/UniGetUI/Pages/AboutPages/AboutUniGetUI.xaml.cs(20,13): error CS0103: The name 'DisclaimerBanner' does not exist in the current context [/home/runner/work/UniGetUI/UniGetUI/src/UniGetUI/UniGetUI.csproj]
/home/runner/work/UniGetUI/UniGetUI/src/UniGetUI/Pages/AboutPages/AboutUniGetUI.xaml.cs(21,13): error CS0103: The name 'DisclaimerBanner' does not exist in the current context [/home/runner/work/UniGetUI/UniGetUI/src/UniGetUI/UniGetUI.csproj]
/home/runner/work/UniGetUI/UniGetUI/src/UniGetUI/Pages/DialogPages/AboutUniGetUI.xaml.cs(25,34): error CS1061: 'TabItem' does not contain a definition for 'Text' and no accessible extension method 'Text' accepting a first argument of type 'TabItem' could be found (are you missing a using directive or an assembly reference?) [/home/runner/work/UniGetUI/UniGetUI/src/UniGetUI/UniGetUI.csproj]
/home/runner/work/UniGetUI/UniGetUI/src/UniGetUI/Pages/DialogPages/AboutUniGetUI.xaml.cs(26,34): error CS1061: 'TabItem' does not contain a definition for 'Text' and no accessible extension method 'Text' accepting a first argument of type 'TabItem' could be found (are you missing a using directive or an assembly reference?) [/home/runner/work/UniGetUI/UniGetUI/src/UniGetUI/UniGetUI.csproj]
/home/runner/work/UniGetUI/UniGetUI/src/UniGetUI/Pages/DialogPages/AboutUniGetUI.xaml.cs(27,34): error CS1061: 'TabItem' does not contain a definition for 'Text' and no accessible extension method 'Text' accepting a first argument of type 'TabItem' could be found (are you missing a using directive or an assembly reference?) [/home/runner/work/UniGetUI/UniGetUI/src/UniGetUI/UniGetUI.csproj]
/home/runner/work/UniGetUI/UniGetUI/src/UniGetUI/Pages/DialogPages/AboutUniGetUI.xaml.cs(28,34): error CS1061: 'TabItem' does not contain a definition for 'Text' and no accessible extension method 'Text' accepting a first argument of type 'TabItem' could be found (are you missing a using directive or an assembly reference?) [/home/runner/work/UniGetUI/UniGetUI/src/UniGetUI/UniGetUI.csproj]
/home/runner/work/UniGetUI/UniGetUI/src/UniGetUI/Pages/DialogPages/AboutUniGetUI.xaml.cs(29,34): error CS1061: 'TabItem' does not contain a definition for 'Text' and no accessible extension method 'Text' accepting a first argument of type 'TabItem' could be found (are you missing a using directive or an assembly reference?) [/home/runner/work/UniGetUI/UniGetUI/src/UniGetUI/UniGetUI.csproj]
/home/runner/work/UniGetUI/UniGetUI/src/UniGetUI/Pages/DialogPages/AboutUniGetUI.xaml.cs(34,13): error CS0246: The type or namespace name 'SelectorBarItem' could not be found (are you missing a using directive or an assembly reference?) [/home/runner/work/UniGetUI/UniGetUI/src/UniGetUI/UniGetUI.csproj]
/home/runner/work/UniGetUI/UniGetUI/src/UniGetUI/Pages/LogPages/LogPage.xaml.cs(43,16): error CS0103: The name 'LogTextBox' does not exist in the current context [/home/runner/work/UniGetUI/UniGetUI/src/UniGetUI/UniGetUI.csproj]
/home/runner/work/UniGetUI/UniGetUI/src/UniGetUI/Pages/LogPages/LogPage.xaml.cs(68,13): error CS0103: The name 'LogTextBox' does not exist in the current context [/home/runner/work/UniGetUI/UniGetUI/src/UniGetUI/UniGetUI.csproj]
/home/runner/work/UniGetUI/UniGetUI/src/UniGetUI/Pages/LogPages/LogPage.xaml.cs(69,38): error CS0103: The name 'LogTextBox' does not exist in the current context [/home/runner/work/UniGetUI/UniGetUI/src/UniGetUI/UniGetUI.csproj]
/home/runner/work/UniGetUI/UniGetUI/src/UniGetUI/Pages/LogPages/LogPage.xaml.cs(70,13): error CS0103: The name 'LogTextBox' does not exist in the current context [/home/runner/work/UniGetUI/UniGetUI/src/UniGetUI/UniGetUI.csproj]
/home/runner/work/UniGetUI/UniGetUI/src/UniGetUI/Pages/LogPages/LogPage.xaml.cs(70,31): error CS0103: The name 'LogTextBox' does not exist in the current context [/home/runner/work/UniGetUI/UniGetUI/src/UniGetUI/UniGetUI.csproj]
/home/runner/work/UniGetUI/UniGetUI/src/UniGetUI/Pages/LogPages/LogPage.xaml.cs(70,58): error CS0103: The name 'LogTextBox' does not exist in the current context [/home/runner/work/UniGetUI/UniGetUI/src/UniGetUI/UniGetUI.csproj]
/home/runner/work/UniGetUI/UniGetUI/src/UniGetUI/Pages/DialogPages/DesktopShortcuts.xaml.cs(92,13): error CS0103: The name 'ConfirmResetFlyout' does not exist in the current context [/home/runner/work/UniGetUI/UniGetUI/src/UniGetUI/UniGetUI.csproj]
/home/runner/work/UniGetUI/UniGetUI/src/UniGetUI/Pages/DialogPages/DesktopShortcuts.xaml.cs(97,13): error CS0103: The name 'ConfirmResetFlyout' does not exist in the current context [/home/runner/work/UniGetUI/UniGetUI/src/UniGetUI/UniGetUI.csproj]
/home/runner/work/UniGetUI/UniGetUI/src/UniGetUI/Pages/LogPages/UniGetUILogPage.cs(33,13): error CS0103: The name 'LogTextBox' does not exist in the current context [/home/runner/work/UniGetUI/UniGetUI/src/UniGetUI/UniGetUI.csproj]
/home/runner/work/UniGetUI/UniGetUI/src/UniGetUI/Pages/LogPages/UniGetUILogPage.cs(86,20): error CS0030: Cannot convert type 'Avalonia.Controls.Documents.Inline' to 'Avalonia.Controls.Documents.Run' [/home/runner/work/UniGetUI/UniGetUI/src/UniGetUI/UniGetUI.csproj]
/home/runner/work/UniGetUI/UniGetUI/src/UniGetUI/Pages/LogPages/UniGetUILogPage.cs(86,76): error CS0030: Cannot convert type 'Avalonia.Controls.Documents.Inline' to 'Avalonia.Controls.Documents.Run' [/home/runner/work/UniGetUI/UniGetUI/src/UniGetUI/UniGetUI.csproj]
/home/runner/work/UniGetUI/UniGetUI/src/UniGetUI/Pages/LogPages/UniGetUILogPage.cs(87,17): error CS0103: The name 'LogTextBox' does not exist in the current context [/home/runner/work/UniGetUI/UniGetUI/src/UniGetUI/UniGetUI.csproj]
/home/runner/work/UniGetUI/UniGetUI/src/UniGetUI/Pages/LogPages/UniGetUILogPage.cs(89,76): error CS1061: 'ScrollViewer' does not contain a definition for 'ScrollableHeight' and no accessible extension method 'ScrollableHeight' accepting a first argument of type 'ScrollViewer' could be found (are you missing a using directive or an assembly reference?) [/home/runner/work/UniGetUI/UniGetUI/src/UniGetUI/UniGetUI.csproj]
/home/runner/work/UniGetUI/UniGetUI/src/UniGetUI/Pages/LogPages/UniGetUILogPage.cs(89,40): error CS1061: 'ScrollViewer' does not contain a definition for 'ScrollToVerticalOffset' and no accessible extension method 'ScrollToVerticalOffset' accepting a first argument of type 'ScrollViewer' could be found (are you missing a using directive or an assembly reference?) [/home/runner/work/UniGetUI/UniGetUI/src/UniGetUI/UniGetUI.csproj]
/home/runner/work/UniGetUI/UniGetUI/src/UniGetUI/Pages/LogPages/LogPage.xaml.cs(76,13): error CS0246: The type or namespace name 'FileSavePicker' could not be found (are you missing a using directive or an assembly reference?) [/home/runner/work/UniGetUI/UniGetUI/src/UniGetUI/UniGetUI.csproj]
/home/runner/work/UniGetUI/UniGetUI/src/UniGetUI/Pages/LogPages/LogPage.xaml.cs(80,13): error CS0103: The name 'WinRT' does not exist in the current context [/home/runner/work/UniGetUI/UniGetUI/src/UniGetUI/UniGetUI.csproj]
/home/runner/work/UniGetUI/UniGetUI/src/UniGetUI/Pages/LogPages/LogPage.xaml.cs(80,71): error CS0103: The name 'WinRT' does not exist in the current context [/home/runner/work/UniGetUI/UniGetUI/src/UniGetUI/UniGetUI.csproj]
/home/runner/work/UniGetUI/UniGetUI/src/UniGetUI/Pages/LogPages/LogPage.xaml.cs(84,13): error CS0246: The type or namespace name 'StorageFile' could not be found (are you missing a using directive or an assembly reference?) [/home/runner/work/UniGetUI/UniGetUI/src/UniGetUI/UniGetUI.csproj]
/home/runner/work/UniGetUI/UniGetUI/src/UniGetUI/Pages/LogPages/LogPage.xaml.cs(87,17): error CS0103: The name 'LogTextBox' does not exist in the current context [/home/runner/work/UniGetUI/UniGetUI/src/UniGetUI/UniGetUI.csproj]
/home/runner/work/UniGetUI/UniGetUI/src/UniGetUI/Pages/LogPages/LogPage.xaml.cs(88,57): error CS0103: The name 'LogTextBox' does not exist in the current context [/home/runner/work/UniGetUI/UniGetUI/src/UniGetUI/UniGetUI.csproj]
/home/runner/work/UniGetUI/UniGetUI/src/UniGetUI/Pages/LogPages/LogPage.xaml.cs(89,17): error CS0103: The name 'LogTextBox' does not exist in the current context [/home/runner/work/UniGetUI/UniGetUI/src/UniGetUI/UniGetUI.csproj]
/home/runner/work/UniGetUI/UniGetUI/src/UniGetUI/Pages/LogPages/LogPage.xaml.cs(89,35): error CS0103: The name 'LogTextBox' does not exist in the current context [/home/runner/work/UniGetUI/UniGetUI/src/UniGetUI/UniGetUI.csproj]
/home/runner/work/UniGetUI/UniGetUI/src/UniGetUI/Pages/LogPages/LogPage.xaml.cs(89,62): error CS0103: The name 'LogTextBox' does not exist in the current context [/home/runner/work/UniGetUI/UniGetUI/src/UniGetUI/UniGetUI.csproj]
/home/runner/work/UniGetUI/UniGetUI/src/UniGetUI/Pages/LogPages/LogPage.xaml.cs(107,16): error CS0103: The name 'LogTextBox' does not exist in the current context [/home/runner/work/UniGetUI/UniGetUI/src/UniGetUI/UniGetUI.csproj]
/home/runner/work/UniGetUI/UniGetUI/src/UniGetUI/obj/Debug/net8.0/Avalonia.Generators/Avalonia.Generators.NameGenerator.AvaloniaNameSourceGenerator/UniGetUI.Interface.Pages.BaseLogPage.g.cs(38,37): error CS1929: 'BaseLogPage' does not contain a definition for 'FindNameScope' and the best extension method overload 'NameScopeExtensions.FindNameScope(ILogical)' requires a receiver of type 'Avalonia.LogicalTree.ILogical' [/home/runner/work/UniGetUI/UniGetUI/src/UniGetUI/UniGetUI.csproj]
/home/runner/work/UniGetUI/UniGetUI/src/UniGetUI/MainWindow.axaml.cs(225,64): error CS1503: Argument 2: cannot convert from 'System.Exception' to 'string' [/home/runner/work/UniGetUI/UniGetUI/src/UniGetUI/UniGetUI.csproj]
/home/runner/work/UniGetUI/UniGetUI/src/UniGetUI/Pages/SoftwarePages/InstalledPackagesPage.cs(72,17): error CS0117: 'BetterMenuItem' does not contain a definition for 'KeyboardAcceleratorTextOverride' [/home/runner/work/UniGetUI/UniGetUI/src/UniGetUI/UniGetUI.csproj]
/home/runner/work/UniGetUI/UniGetUI/src/UniGetUI/Pages/SoftwarePages/InstalledPackagesPage.cs(83,17): error CS0117: 'BetterMenuItem' does not contain a definition for 'KeyboardAcceleratorTextOverride' [/home/runner/work/UniGetUI/UniGetUI/src/UniGetUI/UniGetUI.csproj]
/home/runner/work/UniGetUI/UniGetUI/src/UniGetUI/Pages/SoftwarePages/InstalledPackagesPage.cs(173,17): error CS0117: 'BetterMenuItem' does not contain a definition for 'KeyboardAcceleratorTextOverride' [/home/runner/work/UniGetUI/UniGetUI/src/UniGetUI/UniGetUI.csproj]
/home/runner/work/UniGetUI/UniGetUI/src/UniGetUI/MainWindow.axaml.cs(241,64): error CS1503: Argument 2: cannot convert from 'System.Exception' to 'string' [/home/runner/work/UniGetUI/UniGetUI/src/UniGetUI/UniGetUI.csproj]
/home/runner/work/UniGetUI/UniGetUI/src/UniGetUI/Pages/SettingsPages/GeneralPages/Administrator.axaml.cs(24,29): error CS1061: 'Border' does not contain a definition for 'Title' and no accessible extension method 'Title' accepting a first argument of type 'Border' could be found (are you missing a using directive or an assembly reference?) [/home/runner/work/UniGetUI/UniGetUI/src/UniGetUI/UniGetUI.csproj]
/home/runner/work/UniGetUI/UniGetUI/src/UniGetUI/Pages/SettingsPages/GeneralPages/Administrator.axaml.cs(25,29): error CS1061: 'Border' does not contain a definition for 'Message' and no accessible extension method 'Message' accepting a first argument of type 'Border' could be found (are you missing a using directive or an assembly reference?) [/home/runner/work/UniGetUI/UniGetUI/src/UniGetUI/UniGetUI.csproj]
/home/runner/work/UniGetUI/UniGetUI/src/UniGetUI/Pages/LogPages/OperationHistoryPage.cs(23,43): error CS0246: The type or namespace name 'LineBreak' could not be found (are you missing a using directive or an assembly reference?) [/home/runner/work/UniGetUI/UniGetUI/src/UniGetUI/UniGetUI.csproj]
/home/runner/work/UniGetUI/UniGetUI/src/UniGetUI/Pages/LogPages/OperationHistoryPage.cs(25,13): error CS0103: The name 'LogTextBox' does not exist in the current context [/home/runner/work/UniGetUI/UniGetUI/src/UniGetUI/UniGetUI.csproj]
/home/runner/work/UniGetUI/UniGetUI/src/UniGetUI/Pages/LogPages/OperationHistoryPage.cs(26,13): error CS0103: The name 'LogTextBox' does not exist in the current context [/home/runner/work/UniGetUI/UniGetUI/src/UniGetUI/UniGetUI.csproj]
/home/runner/work/UniGetUI/UniGetUI/src/UniGetUI/Pages/SoftwarePages/InstalledPackagesPage.cs(196,29): error CS0266: Cannot implicitly convert type 'UniGetUI.Interface.FlyoutPlacementMode' to 'Avalonia.Controls.PlacementMode'. An explicit conversion exists (are you missing a cast?) [/home/runner/work/UniGetUI/UniGetUI/src/UniGetUI/UniGetUI.csproj]
/home/runner/work/UniGetUI/UniGetUI/src/UniGetUI/Pages/SoftwarePages/InstalledPackagesPage.cs(306,59): error CS1061: 'MainWindow' does not contain a definition for 'WinGetWarningBanner' and no accessible extension method 'WinGetWarningBanner' accepting a first argument of type 'MainWindow' could be found (are you missing a using directive or an assembly reference?) [/home/runner/work/UniGetUI/UniGetUI/src/UniGetUI/UniGetUI.csproj]
/home/runner/work/UniGetUI/UniGetUI/src/UniGetUI/Pages/LogPages/ManagerLogsPage.cs(27,13): error CS0103: The name 'LogTextBox' does not exist in the current context [/home/runner/work/UniGetUI/UniGetUI/src/UniGetUI/UniGetUI.csproj]
/home/runner/work/UniGetUI/UniGetUI/src/UniGetUI/Pages/LogPages/ManagerLogsPage.cs(32,13): error CS0103: The name 'LogTextBox' does not exist in the current context [/home/runner/work/UniGetUI/UniGetUI/src/UniGetUI/UniGetUI.csproj]
/home/runner/work/UniGetUI/UniGetUI/src/UniGetUI/Pages/LogPages/ManagerLogsPage.cs(52,18): error CS0030: Cannot convert type 'Avalonia.Controls.Documents.Inline' to 'Avalonia.Controls.Documents.Run' [/home/runner/work/UniGetUI/UniGetUI/src/UniGetUI/UniGetUI.csproj]
/home/runner/work/UniGetUI/UniGetUI/src/UniGetUI/Pages/LogPages/ManagerLogsPage.cs(52,74): error CS0030: Cannot convert type 'Avalonia.Controls.Documents.Inline' to 'Avalonia.Controls.Documents.Run' [/home/runner/work/UniGetUI/UniGetUI/src/UniGetUI/UniGetUI.csproj]
/home/runner/work/UniGetUI/UniGetUI/src/UniGetUI/Pages/LogPages/ManagerLogsPage.cs(53,17): error CS0103: The name 'LogTextBox' does not exist in the current context [/home/runner/work/UniGetUI/UniGetUI/src/UniGetUI/UniGetUI.csproj]
/home/runner/work/UniGetUI/UniGetUI/src/UniGetUI/Pages/DialogPages/OperationLiveLogPage.xaml.cs(28,19): error CS0117: 'TextBlock' does not contain a definition for 'Blocks' [/home/runner/work/UniGetUI/UniGetUI/src/UniGetUI/UniGetUI.csproj]
/home/runner/work/UniGetUI/UniGetUI/src/UniGetUI/Pages/DialogPages/OperationLiveLogPage.xaml.cs(29,19): error CS0117: 'TextBlock' does not contain a definition for 'Blocks' [/home/runner/work/UniGetUI/UniGetUI/src/UniGetUI/UniGetUI.csproj]
/home/runner/work/UniGetUI/UniGetUI/src/UniGetUI/Pages/LogPages/ManagerLogsPage.cs(67,80): error CS1061: 'ScrollViewer' does not contain a definition for 'ScrollableHeight' and no accessible extension method 'ScrollableHeight' accepting a first argument of type 'ScrollViewer' could be found (are you missing a using directive or an assembly reference?) [/home/runner/work/UniGetUI/UniGetUI/src/UniGetUI/UniGetUI.csproj]
/home/runner/work/UniGetUI/UniGetUI/src/UniGetUI/Pages/LogPages/ManagerLogsPage.cs(67,44): error CS1061: 'ScrollViewer' does not contain a definition for 'ScrollToVerticalOffset' and no accessible extension method 'ScrollToVerticalOffset' accepting a first argument of type 'ScrollViewer' could be found (are you missing a using directive or an assembly reference?) [/home/runner/work/UniGetUI/UniGetUI/src/UniGetUI/UniGetUI.csproj]
/home/runner/work/UniGetUI/UniGetUI/src/UniGetUI/Pages/SoftwarePages/InstalledPackagesPage.cs(357,62): error CS0117: 'TextBlock' does not contain a definition for 'Glyph' [/home/runner/work/UniGetUI/UniGetUI/src/UniGetUI/UniGetUI.csproj]
/home/runner/work/UniGetUI/UniGetUI/src/UniGetUI/Pages/SoftwarePages/InstalledPackagesPage.cs(362,62): error CS0117: 'TextBlock' does not contain a definition for 'Glyph' [/home/runner/work/UniGetUI/UniGetUI/src/UniGetUI/UniGetUI.csproj]
/home/runner/work/UniGetUI/UniGetUI/src/UniGetUI/Pages/DialogPages/OperationLiveLogPage.xaml.cs(51,28): error CS1061: 'Dispatcher' does not contain a definition for 'TryEnqueue' and no accessible extension method 'TryEnqueue' accepting a first argument of type 'Dispatcher' could be found (are you missing a using directive or an assembly reference?) [/home/runner/work/UniGetUI/UniGetUI/src/UniGetUI/UniGetUI.csproj]
/home/runner/work/UniGetUI/UniGetUI/src/UniGetUI/Pages/DialogPages/IgnoredUpdates.xaml.cs(49,55): error CS0117: 'PEInterface' does not contain a definition for 'WinGet' [/home/runner/work/UniGetUI/UniGetUI/src/UniGetUI/UniGetUI.csproj]
/home/runner/work/UniGetUI/UniGetUI/src/UniGetUI/Pages/DialogPages/IgnoredUpdates.xaml.cs(79,13): error CS0103: The name 'ConfirmResetFlyout' does not exist in the current context [/home/runner/work/UniGetUI/UniGetUI/src/UniGetUI/UniGetUI.csproj]
/home/runner/work/UniGetUI/UniGetUI/src/UniGetUI/Pages/DialogPages/IgnoredUpdates.xaml.cs(84,13): error CS0103: The name 'ConfirmResetFlyout' does not exist in the current context [/home/runner/work/UniGetUI/UniGetUI/src/UniGetUI/UniGetUI.csproj]
/home/runner/work/UniGetUI/UniGetUI/src/UniGetUI/Pages/DialogPages/OperationFailedDialog.xaml.cs(54,9): error CS0103: The name 'CommandLineOutput' does not exist in the current context [/home/runner/work/UniGetUI/UniGetUI/src/UniGetUI/UniGetUI.csproj]
/home/runner/work/UniGetUI/UniGetUI/src/UniGetUI/Pages/SoftwarePages/DiscoverSoftwarePage.cs(54,62): error CS0103: The name 'VirtualKey' does not exist in the current context [/home/runner/work/UniGetUI/UniGetUI/src/UniGetUI/UniGetUI.csproj]
/home/runner/work/UniGetUI/UniGetUI/src/UniGetUI/Pages/SoftwarePages/DiscoverSoftwarePage.cs(71,17): error CS0117: 'BetterMenuItem' does not contain a definition for 'KeyboardAcceleratorTextOverride' [/home/runner/work/UniGetUI/UniGetUI/src/UniGetUI/UniGetUI.csproj]
/home/runner/work/UniGetUI/UniGetUI/src/UniGetUI/Pages/SoftwarePages/DiscoverSoftwarePage.cs(82,17): error CS0117: 'BetterMenuItem' does not contain a definition for 'KeyboardAcceleratorTextOverride' [/home/runner/work/UniGetUI/UniGetUI/src/UniGetUI/UniGetUI.csproj]
/home/runner/work/UniGetUI/UniGetUI/src/UniGetUI/Pages/SoftwarePages/DiscoverSoftwarePage.cs(135,17): error CS0117: 'BetterMenuItem' does not contain a definition for 'KeyboardAcceleratorTextOverride' [/home/runner/work/UniGetUI/UniGetUI/src/UniGetUI/UniGetUI.csproj]
/home/runner/work/UniGetUI/UniGetUI/src/UniGetUI/Pages/HelpPage.xaml.cs(33,21): error CS1061: 'UserControl' does not contain a definition for 'NavigationStarting' and no accessible extension method 'NavigationStarting' accepting a first argument of type 'UserControl' could be found (are you missing a using directive or an assembly reference?) [/home/runner/work/UniGetUI/UniGetUI/src/UniGetUI/UniGetUI.csproj]
/home/runner/work/UniGetUI/UniGetUI/src/UniGetUI/Pages/HelpPage.xaml.cs(50,21): error CS1061: 'UserControl' does not contain a definition for 'NavigationCompleted' and no accessible extension method 'NavigationCompleted' accepting a first argument of type 'UserControl' could be found (are you missing a using directive or an assembly reference?) [/home/runner/work/UniGetUI/UniGetUI/src/UniGetUI/UniGetUI.csproj]
/home/runner/work/UniGetUI/UniGetUI/src/UniGetUI/Pages/HelpPage.xaml.cs(55,27): error CS1061: 'UserControl' does not contain a definition for 'EnsureCoreWebView2Async' and no accessible extension method 'EnsureCoreWebView2Async' accepting a first argument of type 'UserControl' could be found (are you missing a using directive or an assembly reference?) [/home/runner/work/UniGetUI/UniGetUI/src/UniGetUI/UniGetUI.csproj]
/home/runner/work/UniGetUI/UniGetUI/src/UniGetUI/Pages/HelpPage.xaml.cs(67,21): error CS1061: 'UserControl' does not contain a definition for 'Source' and no accessible extension method 'Source' accepting a first argument of type 'UserControl' could be found (are you missing a using directive or an assembly reference?) [/home/runner/work/UniGetUI/UniGetUI/src/UniGetUI/UniGetUI.csproj]
/home/runner/work/UniGetUI/UniGetUI/src/UniGetUI/Pages/SoftwarePages/DiscoverSoftwarePage.cs(159,29): error CS0266: Cannot implicitly convert type 'UniGetUI.Interface.FlyoutPlacementMode' to 'Avalonia.Controls.PlacementMode'. An explicit conversion exists (are you missing a cast?) [/home/runner/work/UniGetUI/UniGetUI/src/UniGetUI/UniGetUI.csproj]
/home/runner/work/UniGetUI/UniGetUI/src/UniGetUI/Pages/HelpPage.xaml.cs(72,17): error CS0019: Operator '&&' cannot be applied to operands of type 'bool' and 'method group' [/home/runner/work/UniGetUI/UniGetUI/src/UniGetUI/UniGetUI.csproj]
/home/runner/work/UniGetUI/UniGetUI/src/UniGetUI/Pages/HelpPage.xaml.cs(81,64): error CS1061: 'UserControl' does not contain a definition for 'CanGoForward' and no accessible extension method 'CanGoForward' accepting a first argument of type 'UserControl' could be found (are you missing a using directive or an assembly reference?) [/home/runner/work/UniGetUI/UniGetUI/src/UniGetUI/UniGetUI.csproj]
/home/runner/work/UniGetUI/UniGetUI/src/UniGetUI/Pages/HelpPage.xaml.cs(83,25): error CS1061: 'UserControl' does not contain a definition for 'GoForward' and no accessible extension method 'GoForward' accepting a first argument of type 'UserControl' could be found (are you missing a using directive or an assembly reference?) [/home/runner/work/UniGetUI/UniGetUI/src/UniGetUI/UniGetUI.csproj]
/home/runner/work/UniGetUI/UniGetUI/src/UniGetUI/Pages/DialogPages/InstallOptions_Manager.xaml.cs(51,9): error CS0103: The name 'LoadingIndicator' does not exist in the current context [/home/runner/work/UniGetUI/UniGetUI/src/UniGetUI/UniGetUI.csproj]
/home/runner/work/UniGetUI/UniGetUI/src/UniGetUI/Pages/DialogPages/InstallOptions_Manager.xaml.cs(159,21): error CS1061: 'Button' does not contain a definition for 'Avalonia' and no accessible extension method 'Avalonia' accepting a first argument of type 'Button' could be found (are you missing a using directive or an assembly reference?) [/home/runner/work/UniGetUI/UniGetUI/src/UniGetUI/UniGetUI.csproj]
/home/runner/work/UniGetUI/UniGetUI/src/UniGetUI/Pages/DialogPages/InstallOptions_Manager.xaml.cs(161,9): error CS0103: The name 'LoadingIndicator' does not exist in the current context [/home/runner/work/UniGetUI/UniGetUI/src/UniGetUI/UniGetUI.csproj]
/home/runner/work/UniGetUI/UniGetUI/src/UniGetUI/Pages/HelpPage.xaml.cs(92,21): error CS1061: 'UserControl' does not contain a definition for 'Source' and no accessible extension method 'Source' accepting a first argument of type 'UserControl' could be found (are you missing a using directive or an assembly reference?) [/home/runner/work/UniGetUI/UniGetUI/src/UniGetUI/UniGetUI.csproj]
/home/runner/work/UniGetUI/UniGetUI/src/UniGetUI/Pages/HelpPage.xaml.cs(100,21): error CS1061: 'UserControl' does not contain a definition for 'Reload' and no accessible extension method 'Reload' accepting a first argument of type 'UserControl' could be found (are you missing a using directive or an assembly reference?) [/home/runner/work/UniGetUI/UniGetUI/src/UniGetUI/UniGetUI.csproj]
/home/runner/work/UniGetUI/UniGetUI/src/UniGetUI/Pages/HelpPage.xaml.cs(108,34): error CS1061: 'UserControl' does not contain a definition for 'Source' and no accessible extension method 'Source' accepting a first argument of type 'UserControl' could be found (are you missing a using directive or an assembly reference?) [/home/runner/work/UniGetUI/UniGetUI/src/UniGetUI/UniGetUI.csproj]
/home/runner/work/UniGetUI/UniGetUI/src/UniGetUI/Pages/HelpPage.xaml.cs(108,84): error CS0023: Operator '.' cannot be applied to operand of type 'void' [/home/runner/work/UniGetUI/UniGetUI/src/UniGetUI/UniGetUI.csproj]
/home/runner/work/UniGetUI/UniGetUI/src/UniGetUI/Pages/HelpPage.xaml.cs(114,21): error CS1061: 'UserControl' does not contain a definition for 'Close' and no accessible extension method 'Close' accepting a first argument of type 'UserControl' could be found (are you missing a using directive or an assembly reference?) [/home/runner/work/UniGetUI/UniGetUI/src/UniGetUI/UniGetUI.csproj]
/home/runner/work/UniGetUI/UniGetUI/src/UniGetUI/Pages/HelpPage.xaml.cs(127,21): error CS1061: 'UserControl' does not contain a definition for 'Close' and no accessible extension method 'Close' accepting a first argument of type 'UserControl' could be found (are you missing a using directive or an assembly reference?) [/home/runner/work/UniGetUI/UniGetUI/src/UniGetUI/UniGetUI.csproj]
/home/runner/work/UniGetUI/UniGetUI/src/UniGetUI/Pages/DialogPages/InstallOptions_Manager.xaml.cs(166,9): error CS0103: The name 'LoadingIndicator' does not exist in the current context [/home/runner/work/UniGetUI/UniGetUI/src/UniGetUI/UniGetUI.csproj]
/home/runner/work/UniGetUI/UniGetUI/src/UniGetUI/Pages/SoftwarePages/AbstractPackagesPage.xaml.cs(133,83): error CS1061: 'MainWindow' does not contain a definition for 'GlobalSearchBox' and no accessible extension method 'GlobalSearchBox' accepting a first argument of type 'MainWindow' could be found (are you missing a using directive or an assembly reference?) [/home/runner/work/UniGetUI/UniGetUI/src/UniGetUI/UniGetUI.csproj]
/home/runner/work/UniGetUI/UniGetUI/src/UniGetUI/Pages/DialogPages/InstallOptions_Manager.xaml.cs(211,9): error CS0103: The name 'LoadingIndicator' does not exist in the current context [/home/runner/work/UniGetUI/UniGetUI/src/UniGetUI/UniGetUI.csproj]
/home/runner/work/UniGetUI/UniGetUI/src/UniGetUI/Pages/DialogPages/ReleaseNotes.xaml.cs(24,13): error CS0103: The name 'WebView' does not exist in the current context [/home/runner/work/UniGetUI/UniGetUI/src/UniGetUI/UniGetUI.csproj]
/home/runner/work/UniGetUI/UniGetUI/src/UniGetUI/Pages/DialogPages/ReleaseNotes.xaml.cs(25,13): error CS0103: The name 'WebView' does not exist in the current context [/home/runner/work/UniGetUI/UniGetUI/src/UniGetUI/UniGetUI.csproj]
/home/runner/work/UniGetUI/UniGetUI/src/UniGetUI/Pages/DialogPages/InstallOptions_Manager.xaml.cs(238,21): error CS1061: 'Button' does not contain a definition for 'Avalonia' and no accessible extension method 'Avalonia' accepting a first argument of type 'Button' could be found (are you missing a using directive or an assembly reference?) [/home/runner/work/UniGetUI/UniGetUI/src/UniGetUI/UniGetUI.csproj]
/home/runner/work/UniGetUI/UniGetUI/src/UniGetUI/Pages/DialogPages/ReleaseNotes.xaml.cs(30,19): error CS0103: The name 'WebView' does not exist in the current context [/home/runner/work/UniGetUI/UniGetUI/src/UniGetUI/UniGetUI.csproj]
/home/runner/work/UniGetUI/UniGetUI/src/UniGetUI/Pages/DialogPages/ReleaseNotes.xaml.cs(31,13): error CS0103: The name 'WebView' does not exist in the current context [/home/runner/work/UniGetUI/UniGetUI/src/UniGetUI/UniGetUI.csproj]
/home/runner/work/UniGetUI/UniGetUI/src/UniGetUI/Pages/DialogPages/ReleaseNotes.xaml.cs(36,13): error CS0103: The name 'WebView' does not exist in the current context [/home/runner/work/UniGetUI/UniGetUI/src/UniGetUI/UniGetUI.csproj]
/home/runner/work/UniGetUI/UniGetUI/src/UniGetUI/Pages/DialogPages/InstallOptions_Manager.xaml.cs(245,21): error CS1061: 'Button' does not contain a definition for 'Avalonia' and no accessible extension method 'Avalonia' accepting a first argument of type 'Button' could be found (are you missing a using directive or an assembly reference?) [/home/runner/work/UniGetUI/UniGetUI/src/UniGetUI/UniGetUI.csproj]
/home/runner/work/UniGetUI/UniGetUI/src/UniGetUI/Pages/SoftwarePages/AbstractPackagesPage.xaml.cs(139,39): error CS1061: 'ItemsControl' does not contain a definition for 'SelectedItem' and no accessible extension method 'SelectedItem' accepting a first argument of type 'ItemsControl' could be found (are you missing a using directive or an assembly reference?) [/home/runner/work/UniGetUI/UniGetUI/src/UniGetUI/UniGetUI.csproj]
/home/runner/work/UniGetUI/UniGetUI/src/UniGetUI/Pages/SoftwarePages/AbstractPackagesPage.xaml.cs(155,38): error CS1061: 'StackPanel' does not contain a definition for 'SelectedIndex' and no accessible extension method 'SelectedIndex' accepting a first argument of type 'StackPanel' could be found (are you missing a using directive or an assembly reference?) [/home/runner/work/UniGetUI/UniGetUI/src/UniGetUI/UniGetUI.csproj]
/home/runner/work/UniGetUI/UniGetUI/src/UniGetUI/Pages/DialogPages/InstallOptions_Manager.xaml.cs(250,93): error CS1061: 'MainWindow' does not contain a definition for 'GetWindowHandle' and no accessible extension method 'GetWindowHandle' accepting a first argument of type 'MainWindow' could be found (are you missing a using directive or an assembly reference?) [/home/runner/work/UniGetUI/UniGetUI/src/UniGetUI/UniGetUI.csproj]
/home/runner/work/UniGetUI/UniGetUI/src/UniGetUI/Pages/DialogPages/InstallOptions_Manager.xaml.cs(256,25): error CS1061: 'Button' does not contain a definition for 'Avalonia' and no accessible extension method 'Avalonia' accepting a first argument of type 'Button' could be found (are you missing a using directive or an assembly reference?) [/home/runner/work/UniGetUI/UniGetUI/src/UniGetUI/UniGetUI.csproj]
/home/runner/work/UniGetUI/UniGetUI/src/UniGetUI/Pages/DialogPages/InstallOptions_Manager.xaml.cs(262,21): error CS1061: 'Button' does not contain a definition for 'Avalonia' and no accessible extension method 'Avalonia' accepting a first argument of type 'Button' could be found (are you missing a using directive or an assembly reference?) [/home/runner/work/UniGetUI/UniGetUI/src/UniGetUI/UniGetUI.csproj]
/home/runner/work/UniGetUI/UniGetUI/src/UniGetUI/Pages/DialogPages/InstallOptions_Manager.xaml.cs(267,21): error CS1061: 'Button' does not contain a definition for 'Avalonia' and no accessible extension method 'Avalonia' accepting a first argument of type 'Button' could be found (are you missing a using directive or an assembly reference?) [/home/runner/work/UniGetUI/UniGetUI/src/UniGetUI/UniGetUI.csproj]
/home/runner/work/UniGetUI/UniGetUI/src/UniGetUI/Pages/DialogPages/InstallOptions_Manager.xaml.cs(272,21): error CS1061: 'Button' does not contain a definition for 'Avalonia' and no accessible extension method 'Avalonia' accepting a first argument of type 'Button' could be found (are you missing a using directive or an assembly reference?) [/home/runner/work/UniGetUI/UniGetUI/src/UniGetUI/UniGetUI.csproj]
/home/runner/work/UniGetUI/UniGetUI/src/UniGetUI/Pages/DialogPages/InstallOptions_Manager.xaml.cs(277,21): error CS1061: 'Button' does not contain a definition for 'Avalonia' and no accessible extension method 'Avalonia' accepting a first argument of type 'Button' could be found (are you missing a using directive or an assembly reference?) [/home/runner/work/UniGetUI/UniGetUI/src/UniGetUI/UniGetUI.csproj]
/home/runner/work/UniGetUI/UniGetUI/src/UniGetUI/Pages/DialogPages/InstallOptions_Manager.xaml.cs(282,21): error CS1061: 'Button' does not contain a definition for 'Avalonia' and no accessible extension method 'Avalonia' accepting a first argument of type 'Button' could be found (are you missing a using directive or an assembly reference?) [/home/runner/work/UniGetUI/UniGetUI/src/UniGetUI/UniGetUI.csproj]
/home/runner/work/UniGetUI/UniGetUI/src/UniGetUI/Pages/DialogPages/InstallOptions_Manager.xaml.cs(287,21): error CS1061: 'Button' does not contain a definition for 'Avalonia' and no accessible extension method 'Avalonia' accepting a first argument of type 'Button' could be found (are you missing a using directive or an assembly reference?) [/home/runner/work/UniGetUI/UniGetUI/src/UniGetUI/UniGetUI.csproj]
/home/runner/work/UniGetUI/UniGetUI/src/UniGetUI/Pages/DialogPages/InstallOptions_Manager.xaml.cs(308,21): error CS1061: 'Button' does not contain a definition for 'Avalonia' and no accessible extension method 'Avalonia' accepting a first argument of type 'Button' could be found (are you missing a using directive or an assembly reference?) [/home/runner/work/UniGetUI/UniGetUI/src/UniGetUI/UniGetUI.csproj]
/home/runner/work/UniGetUI/UniGetUI/src/UniGetUI/Pages/SoftwarePages/AbstractPackagesPage.xaml.cs(235,62): error CS1061: 'StackPanel' does not contain a definition for 'Items' and no accessible extension method 'Items' accepting a first argument of type 'StackPanel' could be found (are you missing a using directive or an assembly reference?) [/home/runner/work/UniGetUI/UniGetUI/src/UniGetUI/UniGetUI.csproj]
/home/runner/work/UniGetUI/UniGetUI/src/UniGetUI/Pages/SoftwarePages/AbstractPackagesPage.xaml.cs(236,30): error CS1061: 'StackPanel' does not contain a definition for 'SelectedIndex' and no accessible extension method 'SelectedIndex' accepting a first argument of type 'StackPanel' could be found (are you missing a using directive or an assembly reference?) [/home/runner/work/UniGetUI/UniGetUI/src/UniGetUI/UniGetUI.csproj]
/home/runner/work/UniGetUI/UniGetUI/src/UniGetUI/Pages/SoftwarePages/AbstractPackagesPage.xaml.cs(239,13): error CS0122: 'ToolTipService' is inaccessible due to its protection level [/home/runner/work/UniGetUI/UniGetUI/src/UniGetUI/UniGetUI.csproj]
/home/runner/work/UniGetUI/UniGetUI/src/UniGetUI/Pages/SoftwarePages/AbstractPackagesPage.xaml.cs(240,13): error CS0122: 'ToolTipService' is inaccessible due to its protection level [/home/runner/work/UniGetUI/UniGetUI/src/UniGetUI/UniGetUI.csproj]
/home/runner/work/UniGetUI/UniGetUI/src/UniGetUI/Pages/SoftwarePages/AbstractPackagesPage.xaml.cs(241,13): error CS0122: 'ToolTipService' is inaccessible due to its protection level [/home/runner/work/UniGetUI/UniGetUI/src/UniGetUI/UniGetUI.csproj]
/home/runner/work/UniGetUI/UniGetUI/src/UniGetUI/Pages/SoftwarePages/AbstractPackagesPage.xaml.cs(248,31): error CS1061: 'StackPanel' does not contain a definition for 'SelectedIndex' and no accessible extension method 'SelectedIndex' accepting a first argument of type 'StackPanel' could be found (are you missing a using directive or an assembly reference?) [/home/runner/work/UniGetUI/UniGetUI/src/UniGetUI/UniGetUI.csproj]
/home/runner/work/UniGetUI/UniGetUI/src/UniGetUI/Pages/SoftwarePages/AbstractPackagesPage.xaml.cs(249,31): error CS1061: 'StackPanel' does not contain a definition for 'SelectedIndex' and no accessible extension method 'SelectedIndex' accepting a first argument of type 'StackPanel' could be found (are you missing a using directive or an assembly reference?) [/home/runner/work/UniGetUI/UniGetUI/src/UniGetUI/UniGetUI.csproj]
/home/runner/work/UniGetUI/UniGetUI/src/UniGetUI/Pages/SoftwarePages/AbstractPackagesPage.xaml.cs(250,31): error CS1061: 'StackPanel' does not contain a definition for 'SelectedItem' and no accessible extension method 'SelectedItem' accepting a first argument of type 'StackPanel' could be found (are you missing a using directive or an assembly reference?) [/home/runner/work/UniGetUI/UniGetUI/src/UniGetUI/UniGetUI.csproj]
/home/runner/work/UniGetUI/UniGetUI/src/UniGetUI/Pages/SoftwarePages/AbstractPackagesPage.xaml.cs(271,31): error CS1061: 'TreeViewItem' does not contain a definition for 'Content' and no accessible extension method 'Content' accepting a first argument of type 'TreeViewItem' could be found (are you missing a using directive or an assembly reference?) [/home/runner/work/UniGetUI/UniGetUI/src/UniGetUI/UniGetUI.csproj]
/home/runner/work/UniGetUI/UniGetUI/src/UniGetUI/Pages/SoftwarePages/AbstractPackagesPage.xaml.cs(281,30): error CS0103: The name 'VirtualKey' does not exist in the current context [/home/runner/work/UniGetUI/UniGetUI/src/UniGetUI/UniGetUI.csproj]
/home/runner/work/UniGetUI/UniGetUI/src/UniGetUI/Pages/SoftwarePages/AbstractPackagesPage.xaml.cs(301,41): error CS1061: 'TappedEventArgs' does not contain a definition for 'OriginalSource' and no accessible extension method 'OriginalSource' accepting a first argument of type 'TappedEventArgs' could be found (are you missing a using directive or an assembly reference?) [/home/runner/work/UniGetUI/UniGetUI/src/UniGetUI/UniGetUI.csproj]
/home/runner/work/UniGetUI/UniGetUI/src/UniGetUI/Pages/SoftwarePages/AbstractPackagesPage.xaml.cs(307,37): error CS1061: 'TreeView' does not contain a definition for 'SelectedNodes' and no accessible extension method 'SelectedNodes' accepting a first argument of type 'TreeView' could be found (are you missing a using directive or an assembly reference?) [/home/runner/work/UniGetUI/UniGetUI/src/UniGetUI/UniGetUI.csproj]
/home/runner/work/UniGetUI/UniGetUI/src/UniGetUI/Pages/SoftwarePages/AbstractPackagesPage.xaml.cs(309,37): error CS1061: 'TreeView' does not contain a definition for 'SelectedNodes' and no accessible extension method 'SelectedNodes' accepting a first argument of type 'TreeView' could be found (are you missing a using directive or an assembly reference?) [/home/runner/work/UniGetUI/UniGetUI/src/UniGetUI/UniGetUI.csproj]
/home/runner/work/UniGetUI/UniGetUI/src/UniGetUI/Pages/SoftwarePages/AbstractPackagesPage.xaml.cs(313,37): error CS1061: 'TreeView' does not contain a definition for 'SelectedNodes' and no accessible extension method 'SelectedNodes' accepting a first argument of type 'TreeView' could be found (are you missing a using directive or an assembly reference?) [/home/runner/work/UniGetUI/UniGetUI/src/UniGetUI/UniGetUI.csproj]
/home/runner/work/UniGetUI/UniGetUI/src/UniGetUI/Pages/SoftwarePages/AbstractPackagesPage.xaml.cs(320,29): error CS1061: 'TreeView' does not contain a definition for 'RightTapped' and no accessible extension method 'RightTapped' accepting a first argument of type 'TreeView' could be found (are you missing a using directive or an assembly reference?) [/home/runner/work/UniGetUI/UniGetUI/src/UniGetUI/UniGetUI.csproj]
/home/runner/work/UniGetUI/UniGetUI/src/UniGetUI/Pages/SoftwarePages/AbstractPackagesPage.xaml.cs(341,28): error CS1061: 'TextBox' does not contain a definition for 'PlaceholderText' and no accessible extension method 'PlaceholderText' accepting a first argument of type 'TextBox' could be found (are you missing a using directive or an assembly reference?) [/home/runner/work/UniGetUI/UniGetUI/src/UniGetUI/UniGetUI.csproj]
/home/runner/work/UniGetUI/UniGetUI/src/UniGetUI/Pages/SoftwarePages/AbstractPackagesPage.xaml.cs(344,49): error CS0234: The type or namespace name 'UI' does not exist in the namespace 'Windows' (are you missing an assembly reference?) [/home/runner/work/UniGetUI/UniGetUI/src/UniGetUI/UniGetUI.csproj]
/home/runner/work/UniGetUI/UniGetUI/src/UniGetUI/Pages/SoftwarePages/AbstractPackagesPage.xaml.cs(374,34): error CS1061: 'StackPanel' does not contain a definition for 'SelectedIndex' and no accessible extension method 'SelectedIndex' accepting a first argument of type 'StackPanel' could be found (are you missing a using directive or an assembly reference?) [/home/runner/work/UniGetUI/UniGetUI/src/UniGetUI/UniGetUI.csproj]
/home/runner/work/UniGetUI/UniGetUI/src/UniGetUI/Pages/DialogPages/PackageDetailsPage.xaml.cs(67,27): error CS0103: The name 'DescriptionContent' does not exist in the current context [/home/runner/work/UniGetUI/UniGetUI/src/UniGetUI/UniGetUI.csproj]
/home/runner/work/UniGetUI/UniGetUI/src/UniGetUI/Pages/DialogPages/PackageDetailsPage.xaml.cs(68,27): error CS0103: The name 'HomepageUrl_Label' does not exist in the current context [/home/runner/work/UniGetUI/UniGetUI/src/UniGetUI/UniGetUI.csproj]
/home/runner/work/UniGetUI/UniGetUI/src/UniGetUI/Pages/DialogPages/PackageDetailsPage.xaml.cs(69,27): error CS0103: The name 'HomepageUrl_Content' does not exist in the current context [/home/runner/work/UniGetUI/UniGetUI/src/UniGetUI/UniGetUI.csproj]
/home/runner/work/UniGetUI/UniGetUI/src/UniGetUI/Pages/DialogPages/PackageDetailsPage.xaml.cs(70,27): error CS0103: The name 'Author_Label' does not exist in the current context [/home/runner/work/UniGetUI/UniGetUI/src/UniGetUI/UniGetUI.csproj]
/home/runner/work/UniGetUI/UniGetUI/src/UniGetUI/Pages/DialogPages/PackageDetailsPage.xaml.cs(71,27): error CS0103: The name 'Author_Content' does not exist in the current context [/home/runner/work/UniGetUI/UniGetUI/src/UniGetUI/UniGetUI.csproj]
/home/runner/work/UniGetUI/UniGetUI/src/UniGetUI/Pages/DialogPages/PackageDetailsPage.xaml.cs(72,27): error CS0103: The name 'Publisher_Label' does not exist in the current context [/home/runner/work/UniGetUI/UniGetUI/src/UniGetUI/UniGetUI.csproj]
/home/runner/work/UniGetUI/UniGetUI/src/UniGetUI/Pages/DialogPages/PackageDetailsPage.xaml.cs(73,27): error CS0103: The name 'Publisher_Content' does not exist in the current context [/home/runner/work/UniGetUI/UniGetUI/src/UniGetUI/UniGetUI.csproj]
/home/runner/work/UniGetUI/UniGetUI/src/UniGetUI/Pages/DialogPages/PackageDetailsPage.xaml.cs(74,27): error CS0103: The name 'License_Label' does not exist in the current context [/home/runner/work/UniGetUI/UniGetUI/src/UniGetUI/UniGetUI.csproj]
/home/runner/work/UniGetUI/UniGetUI/src/UniGetUI/Pages/DialogPages/PackageDetailsPage.xaml.cs(75,27): error CS0103: The name 'License_Content_Text' does not exist in the current context [/home/runner/work/UniGetUI/UniGetUI/src/UniGetUI/UniGetUI.csproj]
/home/runner/work/UniGetUI/UniGetUI/src/UniGetUI/Pages/DialogPages/PackageDetailsPage.xaml.cs(76,27): error CS0103: The name 'License_Content_Uri' does not exist in the current context [/home/runner/work/UniGetUI/UniGetUI/src/UniGetUI/UniGetUI.csproj]
/home/runner/work/UniGetUI/UniGetUI/src/UniGetUI/Pages/DialogPages/PackageDetailsPage.xaml.cs(77,27): error CS0103: The name 'Source_Label' does not exist in the current context [/home/runner/work/UniGetUI/UniGetUI/src/UniGetUI/UniGetUI.csproj]
/home/runner/work/UniGetUI/UniGetUI/src/UniGetUI/Pages/DialogPages/PackageDetailsPage.xaml.cs(78,27): error CS0103: The name 'Source_Content' does not exist in the current context [/home/runner/work/UniGetUI/UniGetUI/src/UniGetUI/UniGetUI.csproj]
/home/runner/work/UniGetUI/UniGetUI/src/UniGetUI/Pages/DialogPages/PackageDetailsPage.xaml.cs(81,27): error CS0103: The name 'PackageId_Label' does not exist in the current context [/home/runner/work/UniGetUI/UniGetUI/src/UniGetUI/UniGetUI.csproj]
/home/runner/work/UniGetUI/UniGetUI/src/UniGetUI/Pages/DialogPages/PackageDetailsPage.xaml.cs(82,27): error CS0103: The name 'PackageId_Content' does not exist in the current context [/home/runner/work/UniGetUI/UniGetUI/src/UniGetUI/UniGetUI.csproj]
/home/runner/work/UniGetUI/UniGetUI/src/UniGetUI/Pages/DialogPages/PackageDetailsPage.xaml.cs(83,27): error CS0103: The name 'ManifestUrl_Label' does not exist in the current context [/home/runner/work/UniGetUI/UniGetUI/src/UniGetUI/UniGetUI.csproj]
/home/runner/work/UniGetUI/UniGetUI/src/UniGetUI/Pages/DialogPages/PackageDetailsPage.xaml.cs(84,27): error CS0103: The name 'ManifestUrl_Content' does not exist in the current context [/home/runner/work/UniGetUI/UniGetUI/src/UniGetUI/UniGetUI.csproj]
/home/runner/work/UniGetUI/UniGetUI/src/UniGetUI/Pages/DialogPages/PackageDetailsPage.xaml.cs(86,27): error CS0103: The name 'InstallerType_Label' does not exist in the current context [/home/runner/work/UniGetUI/UniGetUI/src/UniGetUI/UniGetUI.csproj]
/home/runner/work/UniGetUI/UniGetUI/src/UniGetUI/Pages/DialogPages/PackageDetailsPage.xaml.cs(87,27): error CS0103: The name 'InstallerType_Content' does not exist in the current context [/home/runner/work/UniGetUI/UniGetUI/src/UniGetUI/UniGetUI.csproj]
/home/runner/work/UniGetUI/UniGetUI/src/UniGetUI/Pages/DialogPages/PackageDetailsPage.xaml.cs(88,27): error CS0103: The name 'InstallerHash_Label' does not exist in the current context [/home/runner/work/UniGetUI/UniGetUI/src/UniGetUI/UniGetUI.csproj]
/home/runner/work/UniGetUI/UniGetUI/src/UniGetUI/Pages/DialogPages/PackageDetailsPage.xaml.cs(89,27): error CS0103: The name 'InstallerHash_Content' does not exist in the current context [/home/runner/work/UniGetUI/UniGetUI/src/UniGetUI/UniGetUI.csproj]
/home/runner/work/UniGetUI/UniGetUI/src/UniGetUI/Pages/DialogPages/PackageDetailsPage.xaml.cs(90,27): error CS0103: The name 'InstallerUrl_Label' does not exist in the current context [/home/runner/work/UniGetUI/UniGetUI/src/UniGetUI/UniGetUI.csproj]
/home/runner/work/UniGetUI/UniGetUI/src/UniGetUI/Pages/DialogPages/PackageDetailsPage.xaml.cs(91,27): error CS0103: The name 'InstallerUrl_Content' does not exist in the current context [/home/runner/work/UniGetUI/UniGetUI/src/UniGetUI/UniGetUI.csproj]
/home/runner/work/UniGetUI/UniGetUI/src/UniGetUI/Pages/DialogPages/PackageDetailsPage.xaml.cs(92,13): error CS0103: The name 'DownloadInstaller_Button' does not exist in the current context [/home/runner/work/UniGetUI/UniGetUI/src/UniGetUI/UniGetUI.csproj]
/home/runner/work/UniGetUI/UniGetUI/src/UniGetUI/Pages/DialogPages/PackageDetailsPage.xaml.cs(93,27): error CS0103: The name 'DownloadInstaller_Button' does not exist in the current context [/home/runner/work/UniGetUI/UniGetUI/src/UniGetUI/UniGetUI.csproj]
/home/runner/work/UniGetUI/UniGetUI/src/UniGetUI/Pages/DialogPages/PackageDetailsPage.xaml.cs(94,27): error CS0103: The name 'UpdateDate_Label' does not exist in the current context [/home/runner/work/UniGetUI/UniGetUI/src/UniGetUI/UniGetUI.csproj]
/home/runner/work/UniGetUI/UniGetUI/src/UniGetUI/Pages/DialogPages/PackageDetailsPage.xaml.cs(95,27): error CS0103: The name 'UpdateDate_Content' does not exist in the current context [/home/runner/work/UniGetUI/UniGetUI/src/UniGetUI/UniGetUI.csproj]
/home/runner/work/UniGetUI/UniGetUI/src/UniGetUI/Pages/DialogPages/PackageDetailsPage.xaml.cs(96,27): error CS0103: The name 'Dependencies_Label' does not exist in the current context [/home/runner/work/UniGetUI/UniGetUI/src/UniGetUI/UniGetUI.csproj]
/home/runner/work/UniGetUI/UniGetUI/src/UniGetUI/Pages/DialogPages/PackageDetailsPage.xaml.cs(97,13): error CS0103: The name 'DependenciesParagraph' does not exist in the current context [/home/runner/work/UniGetUI/UniGetUI/src/UniGetUI/UniGetUI.csproj]
/home/runner/work/UniGetUI/UniGetUI/src/UniGetUI/Pages/DialogPages/PackageDetailsPage.xaml.cs(99,13): error CS0103: The name 'DependenciesParagraph' does not exist in the current context [/home/runner/work/UniGetUI/UniGetUI/src/UniGetUI/UniGetUI.csproj]
/home/runner/work/UniGetUI/UniGetUI/src/UniGetUI/Pages/DialogPages/PackageDetailsPage.xaml.cs(100,27): error CS0103: The name 'ReleaseNotes_Label' does not exist in the current context [/home/runner/work/UniGetUI/UniGetUI/src/UniGetUI/UniGetUI.csproj]
/home/runner/work/UniGetUI/UniGetUI/src/UniGetUI/Pages/DialogPages/PackageDetailsPage.xaml.cs(101,27): error CS0103: The name 'ReleaseNotes_Content' does not exist in the current context [/home/runner/work/UniGetUI/UniGetUI/src/UniGetUI/UniGetUI.csproj]
/home/runner/work/UniGetUI/UniGetUI/src/UniGetUI/Pages/DialogPages/PackageDetailsPage.xaml.cs(102,27): error CS0103: The name 'ReleaseNotesUrl_Label' does not exist in the current context [/home/runner/work/UniGetUI/UniGetUI/src/UniGetUI/UniGetUI.csproj]
/home/runner/work/UniGetUI/UniGetUI/src/UniGetUI/Pages/DialogPages/PackageDetailsPage.xaml.cs(103,27): error CS0103: The name 'ReleaseNotesUrl_Content' does not exist in the current context [/home/runner/work/UniGetUI/UniGetUI/src/UniGetUI/UniGetUI.csproj]
/home/runner/work/UniGetUI/UniGetUI/src/UniGetUI/Pages/DialogPages/PackageDetailsPage.xaml.cs(122,60): error CS0117: 'TextWrapping' does not contain a definition for 'WrapWholeWords' [/home/runner/work/UniGetUI/UniGetUI/src/UniGetUI/UniGetUI.csproj]
/home/runner/work/UniGetUI/UniGetUI/src/UniGetUI/Pages/DialogPages/PackageDetailsPage.xaml.cs(130,31): error CS0103: The name 'Version_Label' does not exist in the current context [/home/runner/work/UniGetUI/UniGetUI/src/UniGetUI/UniGetUI.csproj]
/home/runner/work/UniGetUI/UniGetUI/src/UniGetUI/Pages/DialogPages/PackageDetailsPage.xaml.cs(131,31): error CS0103: The name 'Version_Content' does not exist in the current context [/home/runner/work/UniGetUI/UniGetUI/src/UniGetUI/UniGetUI.csproj]
/home/runner/work/UniGetUI/UniGetUI/src/UniGetUI/Pages/DialogPages/PackageDetailsPage.xaml.cs(137,31): error CS0103: The name 'Version_Label' does not exist in the current context [/home/runner/work/UniGetUI/UniGetUI/src/UniGetUI/UniGetUI.csproj]
/home/runner/work/UniGetUI/UniGetUI/src/UniGetUI/Pages/DialogPages/PackageDetailsPage.xaml.cs(138,31): error CS0103: The name 'Version_Content' does not exist in the current context [/home/runner/work/UniGetUI/UniGetUI/src/UniGetUI/UniGetUI.csproj]
/home/runner/work/UniGetUI/UniGetUI/src/UniGetUI/Pages/DialogPages/PackageDetailsPage.xaml.cs(145,31): error CS0103: The name 'Version_Label' does not exist in the current context [/home/runner/work/UniGetUI/UniGetUI/src/UniGetUI/UniGetUI.csproj]
/home/runner/work/UniGetUI/UniGetUI/src/UniGetUI/Pages/DialogPages/PackageDetailsPage.xaml.cs(146,31): error CS0103: The name 'Version_Content' does not exist in the current context [/home/runner/work/UniGetUI/UniGetUI/src/UniGetUI/UniGetUI.csproj]
/home/runner/work/UniGetUI/UniGetUI/src/UniGetUI/Pages/SoftwarePages/AbstractPackagesPage.xaml.cs(395,17): error CS0234: The type or namespace name 'Dispatching' does not exist in the namespace 'Microsoft.UI' (are you missing an assembly reference?) [/home/runner/work/UniGetUI/UniGetUI/src/UniGetUI/UniGetUI.csproj]
/home/runner/work/UniGetUI/UniGetUI/src/UniGetUI/Pages/SoftwarePages/AbstractPackagesPage.xaml.cs(397,47): error CS0117: 'Dispatcher' does not contain a definition for 'TryEnqueue' [/home/runner/work/UniGetUI/UniGetUI/src/UniGetUI/UniGetUI.csproj]
/home/runner/work/UniGetUI/UniGetUI/src/UniGetUI/Pages/SoftwarePages/AbstractPackagesPage.xaml.cs(447,17): error CS0234: The type or namespace name 'Dispatching' does not exist in the namespace 'Microsoft.UI' (are you missing an assembly reference?) [/home/runner/work/UniGetUI/UniGetUI/src/UniGetUI/UniGetUI.csproj]
/home/runner/work/UniGetUI/UniGetUI/src/UniGetUI/Pages/SoftwarePages/AbstractPackagesPage.xaml.cs(449,47): error CS0117: 'Dispatcher' does not contain a definition for 'TryEnqueue' [/home/runner/work/UniGetUI/UniGetUI/src/UniGetUI/UniGetUI.csproj]
/home/runner/work/UniGetUI/UniGetUI/src/UniGetUI/Pages/SoftwarePages/AbstractPackagesPage.xaml.cs(463,17): error CS0234: The type or namespace name 'Dispatching' does not exist in the namespace 'Microsoft.UI' (are you missing an assembly reference?) [/home/runner/work/UniGetUI/UniGetUI/src/UniGetUI/UniGetUI.csproj]
/home/runner/work/UniGetUI/UniGetUI/src/UniGetUI/Pages/SoftwarePages/AbstractPackagesPage.xaml.cs(465,47): error CS0117: 'Dispatcher' does not contain a definition for 'TryEnqueue' [/home/runner/work/UniGetUI/UniGetUI/src/UniGetUI/UniGetUI.csproj]
/home/runner/work/UniGetUI/UniGetUI/src/UniGetUI/Pages/DialogPages/PackageDetailsPage.xaml.cs(179,13): error CS0103: The name 'ExtendedActionsMenu' does not exist in the current context [/home/runner/work/UniGetUI/UniGetUI/src/UniGetUI/UniGetUI.csproj]
/home/runner/work/UniGetUI/UniGetUI/src/UniGetUI/Pages/DialogPages/PackageDetailsPage.xaml.cs(180,13): error CS0103: The name 'ExtendedActionsMenu' does not exist in the current context [/home/runner/work/UniGetUI/UniGetUI/src/UniGetUI/UniGetUI.csproj]
/home/runner/work/UniGetUI/UniGetUI/src/UniGetUI/Pages/DialogPages/PackageDetailsPage.xaml.cs(181,13): error CS0103: The name 'ExtendedActionsMenu' does not exist in the current context [/home/runner/work/UniGetUI/UniGetUI/src/UniGetUI/UniGetUI.csproj]
/home/runner/work/UniGetUI/UniGetUI/src/UniGetUI/Pages/DialogPages/PackageDetailsPage.xaml.cs(185,17): error CS0103: The name 'ExtendedActionsMenu' does not exist in the current context [/home/runner/work/UniGetUI/UniGetUI/src/UniGetUI/UniGetUI.csproj]
/home/runner/work/UniGetUI/UniGetUI/src/UniGetUI/Pages/DialogPages/PackageDetailsPage.xaml.cs(192,17): error CS0103: The name 'ExtendedActionsMenu' does not exist in the current context [/home/runner/work/UniGetUI/UniGetUI/src/UniGetUI/UniGetUI.csproj]
/home/runner/work/UniGetUI/UniGetUI/src/UniGetUI/Pages/DialogPages/PackageDetailsPage.xaml.cs(197,17): error CS0103: The name 'ExtendedActionsMenu' does not exist in the current context [/home/runner/work/UniGetUI/UniGetUI/src/UniGetUI/UniGetUI.csproj]
/home/runner/work/UniGetUI/UniGetUI/src/UniGetUI/Pages/DialogPages/PackageDetailsPage.xaml.cs(204,17): error CS0103: The name 'ExtendedActionsMenu' does not exist in the current context [/home/runner/work/UniGetUI/UniGetUI/src/UniGetUI/UniGetUI.csproj]
/home/runner/work/UniGetUI/UniGetUI/src/UniGetUI/Pages/SoftwarePages/AbstractPackagesPage.xaml.cs(507,47): error CS0117: 'TreeViewItem' does not contain a definition for 'Content' [/home/runner/work/UniGetUI/UniGetUI/src/UniGetUI/UniGetUI.csproj]
/home/runner/work/UniGetUI/UniGetUI/src/UniGetUI/Pages/SoftwarePages/AbstractPackagesPage.xaml.cs(508,33): error CS1061: 'TreeView' does not contain a definition for 'RootNodes' and no accessible extension method 'RootNodes' accepting a first argument of type 'TreeView' could be found (are you missing a using directive or an assembly reference?) [/home/runner/work/UniGetUI/UniGetUI/src/UniGetUI/UniGetUI.csproj]
/home/runner/work/UniGetUI/UniGetUI/src/UniGetUI/Pages/SoftwarePages/AbstractPackagesPage.xaml.cs(513,37): error CS1061: 'TreeView' does not contain a definition for 'RootNodes' and no accessible extension method 'RootNodes' accepting a first argument of type 'TreeView' could be found (are you missing a using directive or an assembly reference?) [/home/runner/work/UniGetUI/UniGetUI/src/UniGetUI/UniGetUI.csproj]
/home/runner/work/UniGetUI/UniGetUI/src/UniGetUI/Pages/SoftwarePages/AbstractPackagesPage.xaml.cs(515,37): error CS1061: 'TreeView' does not contain a definition for 'SelectedNodes' and no accessible extension method 'SelectedNodes' accepting a first argument of type 'TreeView' could be found (are you missing a using directive or an assembly reference?) [/home/runner/work/UniGetUI/UniGetUI/src/UniGetUI/UniGetUI.csproj]
/home/runner/work/UniGetUI/UniGetUI/src/UniGetUI/Pages/SoftwarePages/AbstractPackagesPage.xaml.cs(517,42): error CS1061: 'TreeView' does not contain a definition for 'SelectedNodes' and no accessible extension method 'SelectedNodes' accepting a first argument of type 'TreeView' could be found (are you missing a using directive or an assembly reference?) [/home/runner/work/UniGetUI/UniGetUI/src/UniGetUI/UniGetUI.csproj]
/home/runner/work/UniGetUI/UniGetUI/src/UniGetUI/Pages/SoftwarePages/AbstractPackagesPage.xaml.cs(517,81): error CS1061: 'TreeView' does not contain a definition for 'RootNodes' and no accessible extension method 'RootNodes' accepting a first argument of type 'TreeView' could be found (are you missing a using directive or an assembly reference?) [/home/runner/work/UniGetUI/UniGetUI/src/UniGetUI/UniGetUI.csproj]
/home/runner/work/UniGetUI/UniGetUI/src/UniGetUI/Pages/SoftwarePages/AbstractPackagesPage.xaml.cs(519,37): error CS1061: 'TreeView' does not contain a definition for 'SelectedNodes' and no accessible extension method 'SelectedNodes' accepting a first argument of type 'TreeView' could be found (are you missing a using directive or an assembly reference?) [/home/runner/work/UniGetUI/UniGetUI/src/UniGetUI/UniGetUI.csproj]
/home/runner/work/UniGetUI/UniGetUI/src/UniGetUI/Pages/SoftwarePages/AbstractPackagesPage.xaml.cs(531,45): error CS0117: 'TreeViewItem' does not contain a definition for 'Content' [/home/runner/work/UniGetUI/UniGetUI/src/UniGetUI/UniGetUI.csproj]
/home/runner/work/UniGetUI/UniGetUI/src/UniGetUI/Pages/SoftwarePages/AbstractPackagesPage.xaml.cs(536,39): error CS1061: 'TreeViewItem' does not contain a definition for 'Children' and no accessible extension method 'Children' accepting a first argument of type 'TreeViewItem' could be found (are you missing a using directive or an assembly reference?) [/home/runner/work/UniGetUI/UniGetUI/src/UniGetUI/UniGetUI.csproj]
/home/runner/work/UniGetUI/UniGetUI/src/UniGetUI/Pages/SoftwarePages/AbstractPackagesPage.xaml.cs(537,42): error CS1061: 'TreeView' does not contain a definition for 'RootNodes' and no accessible extension method 'RootNodes' accepting a first argument of type 'TreeView' could be found (are you missing a using directive or an assembly reference?) [/home/runner/work/UniGetUI/UniGetUI/src/UniGetUI/UniGetUI.csproj]
/home/runner/work/UniGetUI/UniGetUI/src/UniGetUI/Pages/SoftwarePages/AbstractPackagesPage.xaml.cs(539,41): error CS1061: 'TreeView' does not contain a definition for 'RootNodes' and no accessible extension method 'RootNodes' accepting a first argument of type 'TreeView' could be found (are you missing a using directive or an assembly reference?) [/home/runner/work/UniGetUI/UniGetUI/src/UniGetUI/UniGetUI.csproj]
/home/runner/work/UniGetUI/UniGetUI/src/UniGetUI/Pages/SoftwarePages/AbstractPackagesPage.xaml.cs(540,41): error CS1061: 'TreeView' does not contain a definition for 'SelectedNodes' and no accessible extension method 'SelectedNodes' accepting a first argument of type 'TreeView' could be found (are you missing a using directive or an assembly reference?) [/home/runner/work/UniGetUI/UniGetUI/src/UniGetUI/UniGetUI.csproj]
/home/runner/work/UniGetUI/UniGetUI/src/UniGetUI/Pages/SoftwarePages/AbstractPackagesPage.xaml.cs(545,56): error CS1061: 'TreeViewItem' does not contain a definition for 'Children' and no accessible extension method 'Children' accepting a first argument of type 'TreeViewItem' could be found (are you missing a using directive or an assembly reference?) [/home/runner/work/UniGetUI/UniGetUI/src/UniGetUI/UniGetUI.csproj]
/home/runner/work/UniGetUI/UniGetUI/src/UniGetUI/Pages/SoftwarePages/AbstractPackagesPage.xaml.cs(572,29): error CS1061: 'TreeView' does not contain a definition for 'RootNodes' and no accessible extension method 'RootNodes' accepting a first argument of type 'TreeView' could be found (are you missing a using directive or an assembly reference?) [/home/runner/work/UniGetUI/UniGetUI/src/UniGetUI/UniGetUI.csproj]
/home/runner/work/UniGetUI/UniGetUI/src/UniGetUI/Pages/SoftwarePages/AbstractPackagesPage.xaml.cs(576,31): error CS1061: 'TreeViewItem' does not contain a definition for 'Children' and no accessible extension method 'Children' accepting a first argument of type 'TreeViewItem' could be found (are you missing a using directive or an assembly reference?) [/home/runner/work/UniGetUI/UniGetUI/src/UniGetUI/UniGetUI.csproj]
/home/runner/work/UniGetUI/UniGetUI/src/UniGetUI/Pages/SoftwarePages/AbstractPackagesPage.xaml.cs(597,32): error CS1061: 'ItemsControl' does not contain a definition for 'Select' and no accessible extension method 'Select' accepting a first argument of type 'ItemsControl' could be found (are you missing a using directive or an assembly reference?) [/home/runner/work/UniGetUI/UniGetUI/src/UniGetUI/UniGetUI.csproj]
/home/runner/work/UniGetUI/UniGetUI/src/UniGetUI/Pages/SoftwarePages/AbstractPackagesPage.xaml.cs(600,36): error CS1061: 'ItemsControl' does not contain a definition for 'Layout' and no accessible extension method 'Layout' accepting a first argument of type 'ItemsControl' could be found (are you missing a using directive or an assembly reference?) [/home/runner/work/UniGetUI/UniGetUI/src/UniGetUI/UniGetUI.csproj]
/home/runner/work/UniGetUI/UniGetUI/src/UniGetUI/Pages/SoftwarePages/AbstractPackagesPage.xaml.cs(600,46): error CS0246: The type or namespace name 'StackLayout' could not be found (are you missing a using directive or an assembly reference?) [/home/runner/work/UniGetUI/UniGetUI/src/UniGetUI/UniGetUI.csproj]
/home/runner/work/UniGetUI/UniGetUI/src/UniGetUI/Pages/SoftwarePages/AbstractPackagesPage.xaml.cs(604,41): error CS1061: 'ItemsControl' does not contain a definition for 'Layout' and no accessible extension method 'Layout' accepting a first argument of type 'ItemsControl' could be found (are you missing a using directive or an assembly reference?) [/home/runner/work/UniGetUI/UniGetUI/src/UniGetUI/UniGetUI.csproj]
/home/runner/work/UniGetUI/UniGetUI/src/UniGetUI/Pages/SoftwarePages/AbstractPackagesPage.xaml.cs(604,51): error CS0246: The type or namespace name 'UniformGridLayout' could not be found (are you missing a using directive or an assembly reference?) [/home/runner/work/UniGetUI/UniGetUI/src/UniGetUI/UniGetUI.csproj]
/home/runner/work/UniGetUI/UniGetUI/src/UniGetUI/Pages/SoftwarePages/AbstractPackagesPage.xaml.cs(606,61): error CS1061: 'ItemsControl' does not contain a definition for 'ActualWidth' and no accessible extension method 'ActualWidth' accepting a first argument of type 'ItemsControl' could be found (are you missing a using directive or an assembly reference?) [/home/runner/work/UniGetUI/UniGetUI/src/UniGetUI/UniGetUI.csproj]
/home/runner/work/UniGetUI/UniGetUI/src/UniGetUI/Pages/SoftwarePages/AbstractPackagesPage.xaml.cs(617,47): error CS1061: 'ItemsControl' does not contain a definition for 'ScrollView' and no accessible extension method 'ScrollView' accepting a first argument of type 'ItemsControl' could be found (are you missing a using directive or an assembly reference?) [/home/runner/work/UniGetUI/UniGetUI/src/UniGetUI/UniGetUI.csproj]
/home/runner/work/UniGetUI/UniGetUI/src/UniGetUI/Pages/SoftwarePages/AbstractPackagesPage.xaml.cs(618,36): error CS1061: 'ItemsControl' does not contain a definition for 'ScrollView' and no accessible extension method 'ScrollView' accepting a first argument of type 'ItemsControl' could be found (are you missing a using directive or an assembly reference?) [/home/runner/work/UniGetUI/UniGetUI/src/UniGetUI/UniGetUI.csproj]
/home/runner/work/UniGetUI/UniGetUI/src/UniGetUI/Pages/SoftwarePages/AbstractPackagesPage.xaml.cs(618,83): error CS1061: 'ItemsControl' does not contain a definition for 'ScrollView' and no accessible extension method 'ScrollView' accepting a first argument of type 'ItemsControl' could be found (are you missing a using directive or an assembly reference?) [/home/runner/work/UniGetUI/UniGetUI/src/UniGetUI/UniGetUI.csproj]
/home/runner/work/UniGetUI/UniGetUI/src/UniGetUI/Pages/SoftwarePages/AbstractPackagesPage.xaml.cs(620,36): error CS1061: 'ItemsControl' does not contain a definition for 'ScrollView' and no accessible extension method 'ScrollView' accepting a first argument of type 'ItemsControl' could be found (are you missing a using directive or an assembly reference?) [/home/runner/work/UniGetUI/UniGetUI/src/UniGetUI/UniGetUI.csproj]
/home/runner/work/UniGetUI/UniGetUI/src/UniGetUI/Pages/SoftwarePages/AbstractPackagesPage.xaml.cs(620,73): error CS0246: The type or namespace name 'ScrollingScrollOptions' could not be found (are you missing a using directive or an assembly reference?) [/home/runner/work/UniGetUI/UniGetUI/src/UniGetUI/UniGetUI.csproj]
/home/runner/work/UniGetUI/UniGetUI/src/UniGetUI/Pages/SoftwarePages/AbstractPackagesPage.xaml.cs(621,21): error CS0103: The name 'ScrollingAnimationMode' does not exist in the current context [/home/runner/work/UniGetUI/UniGetUI/src/UniGetUI/UniGetUI.csproj]
/home/runner/work/UniGetUI/UniGetUI/src/UniGetUI/Pages/SoftwarePages/AbstractPackagesPage.xaml.cs(622,21): error CS0103: The name 'ScrollingSnapPointsMode' does not exist in the current context [/home/runner/work/UniGetUI/UniGetUI/src/UniGetUI/UniGetUI.csproj]
/home/runner/work/UniGetUI/UniGetUI/src/UniGetUI/Pages/DialogPages/PackageDetailsPage.xaml.cs(233,13): error CS0103: The name 'ExtendedActionsMenu' does not exist in the current context [/home/runner/work/UniGetUI/UniGetUI/src/UniGetUI/UniGetUI.csproj]
/home/runner/work/UniGetUI/UniGetUI/src/UniGetUI/Pages/DialogPages/PackageDetailsPage.xaml.cs(234,13): error CS0103: The name 'ExtendedActionsMenu' does not exist in the current context [/home/runner/work/UniGetUI/UniGetUI/src/UniGetUI/UniGetUI.csproj]
/home/runner/work/UniGetUI/UniGetUI/src/UniGetUI/Pages/DialogPages/PackageDetailsPage.xaml.cs(235,13): error CS0103: The name 'ExtendedActionsMenu' does not exist in the current context [/home/runner/work/UniGetUI/UniGetUI/src/UniGetUI/UniGetUI.csproj]
/home/runner/work/UniGetUI/UniGetUI/src/UniGetUI/Pages/DialogPages/PackageDetailsPage.xaml.cs(239,17): error CS0103: The name 'ExtendedActionsMenu' does not exist in the current context [/home/runner/work/UniGetUI/UniGetUI/src/UniGetUI/UniGetUI.csproj]
/home/runner/work/UniGetUI/UniGetUI/src/UniGetUI/Pages/DialogPages/PackageDetailsPage.xaml.cs(245,17): error CS0103: The name 'ExtendedActionsMenu' does not exist in the current context [/home/runner/work/UniGetUI/UniGetUI/src/UniGetUI/UniGetUI.csproj]
/home/runner/work/UniGetUI/UniGetUI/src/UniGetUI/Pages/DialogPages/PackageDetailsPage.xaml.cs(248,13): error CS0103: The name 'ExtendedActionsMenu' does not exist in the current context [/home/runner/work/UniGetUI/UniGetUI/src/UniGetUI/UniGetUI.csproj]
/home/runner/work/UniGetUI/UniGetUI/src/UniGetUI/Pages/DialogPages/PackageDetailsPage.xaml.cs(255,13): error CS0103: The name 'ExtendedActionsMenu' does not exist in the current context [/home/runner/work/UniGetUI/UniGetUI/src/UniGetUI/UniGetUI.csproj]
/home/runner/work/UniGetUI/UniGetUI/src/UniGetUI/Pages/SoftwarePages/AbstractPackagesPage.xaml.cs(635,17): error CS0103: The name 'DispatcherQueuePriority' does not exist in the current context [/home/runner/work/UniGetUI/UniGetUI/src/UniGetUI/UniGetUI.csproj]
/home/runner/work/UniGetUI/UniGetUI/src/UniGetUI/Pages/SoftwarePages/AbstractPackagesPage.xaml.cs(634,43): error CS0117: 'Dispatcher' does not contain a definition for 'TryEnqueue' [/home/runner/work/UniGetUI/UniGetUI/src/UniGetUI/UniGetUI.csproj]
/home/runner/work/UniGetUI/UniGetUI/src/UniGetUI/Pages/DialogPages/DialogHelper_Generic.cs(62,25): error CS0234: The type or namespace name 'UI' does not exist in the namespace 'Windows' (are you missing an assembly reference?) [/home/runner/work/UniGetUI/UniGetUI/src/UniGetUI/UniGetUI.csproj]
/home/runner/work/UniGetUI/UniGetUI/src/UniGetUI/Pages/DialogPages/DialogHelper_Generic.cs(83,13): error CS0117: 'TextBlock' does not contain a definition for 'IsTextSelectionEnabled' [/home/runner/work/UniGetUI/UniGetUI/src/UniGetUI/UniGetUI.csproj]
/home/runner/work/UniGetUI/UniGetUI/src/UniGetUI/Pages/DialogPages/DialogHelper_Generic.cs(101,16): error CS1061: 'Window' does not contain a definition for 'PrimaryButtonClick' and no accessible extension method 'PrimaryButtonClick' accepting a first argument of type 'Window' could be found (are you missing a using directive or an assembly reference?) [/home/runner/work/UniGetUI/UniGetUI/src/UniGetUI/UniGetUI.csproj]
/home/runner/work/UniGetUI/UniGetUI/src/UniGetUI/Pages/SoftwarePages/AbstractPackagesPage.xaml.cs(662,38): error CS1061: 'TextInputEventArgs' does not contain a definition for 'Character' and no accessible extension method 'Character' accepting a first argument of type 'TextInputEventArgs' could be found (are you missing a using directive or an assembly reference?) [/home/runner/work/UniGetUI/UniGetUI/src/UniGetUI/UniGetUI.csproj]
/home/runner/work/UniGetUI/UniGetUI/src/UniGetUI/Pages/DialogPages/DialogHelper_Generic.cs(273,9): error CS1922: Cannot initialize type 'Window' with a collection initializer because it does not implement 'System.Collections.IEnumerable' [/home/runner/work/UniGetUI/UniGetUI/src/UniGetUI/UniGetUI.csproj]
/home/runner/work/UniGetUI/UniGetUI/src/UniGetUI/Pages/DialogPages/DialogHelper_Generic.cs(274,13): error CS0747: Invalid initializer member declarator [/home/runner/work/UniGetUI/UniGetUI/src/UniGetUI/UniGetUI.csproj]
/home/runner/work/UniGetUI/UniGetUI/src/UniGetUI/Pages/DialogPages/DialogHelper_Generic.cs(274,13): error CS0118: 'Style' is a type but is used like a variable [/home/runner/work/UniGetUI/UniGetUI/src/UniGetUI/UniGetUI.csproj]
/home/runner/work/UniGetUI/UniGetUI/src/UniGetUI/Pages/DialogPages/DialogHelper_Generic.cs(277,23): error CS1061: 'MainWindow' does not contain a definition for 'XamlRoot' and no accessible extension method 'XamlRoot' accepting a first argument of type 'MainWindow' could be found (are you missing a using directive or an assembly reference?) [/home/runner/work/UniGetUI/UniGetUI/src/UniGetUI/UniGetUI.csproj]
/home/runner/work/UniGetUI/UniGetUI/src/UniGetUI/Pages/DialogPages/PackageDetailsPage.xaml.cs(283,13): error CS0103: The name 'ExtendedActionsMenu' does not exist in the current context [/home/runner/work/UniGetUI/UniGetUI/src/UniGetUI/UniGetUI.csproj]
/home/runner/work/UniGetUI/UniGetUI/src/UniGetUI/Pages/DialogPages/PackageDetailsPage.xaml.cs(284,13): error CS0103: The name 'ExtendedActionsMenu' does not exist in the current context [/home/runner/work/UniGetUI/UniGetUI/src/UniGetUI/UniGetUI.csproj]
/home/runner/work/UniGetUI/UniGetUI/src/UniGetUI/Pages/DialogPages/PackageDetailsPage.xaml.cs(285,13): error CS0103: The name 'ExtendedActionsMenu' does not exist in the current context [/home/runner/work/UniGetUI/UniGetUI/src/UniGetUI/UniGetUI.csproj]
/home/runner/work/UniGetUI/UniGetUI/src/UniGetUI/Pages/DialogPages/PackageDetailsPage.xaml.cs(289,17): error CS0103: The name 'ExtendedActionsMenu' does not exist in the current context [/home/runner/work/UniGetUI/UniGetUI/src/UniGetUI/UniGetUI.csproj]
/home/runner/work/UniGetUI/UniGetUI/src/UniGetUI/Pages/DialogPages/PackageDetailsPage.xaml.cs(296,17): error CS0103: The name 'ExtendedActionsMenu' does not exist in the current context [/home/runner/work/UniGetUI/UniGetUI/src/UniGetUI/UniGetUI.csproj]
/home/runner/work/UniGetUI/UniGetUI/src/UniGetUI/Pages/DialogPages/PackageDetailsPage.xaml.cs(299,13): error CS0103: The name 'ExtendedActionsMenu' does not exist in the current context [/home/runner/work/UniGetUI/UniGetUI/src/UniGetUI/UniGetUI.csproj]
/home/runner/work/UniGetUI/UniGetUI/src/UniGetUI/Pages/DialogPages/PackageDetailsPage.xaml.cs(305,13): error CS0103: The name 'ExtendedActionsMenu' does not exist in the current context [/home/runner/work/UniGetUI/UniGetUI/src/UniGetUI/UniGetUI.csproj]
/home/runner/work/UniGetUI/UniGetUI/src/UniGetUI/Pages/SoftwarePages/AbstractPackagesPage.xaml.cs(760,17): error CS0122: 'ToolTipService' is inaccessible due to its protection level [/home/runner/work/UniGetUI/UniGetUI/src/UniGetUI/UniGetUI.csproj]
/home/runner/work/UniGetUI/UniGetUI/src/UniGetUI/Pages/SoftwarePages/AbstractPackagesPage.xaml.cs(763,32): error CS1061: 'AppBarButton' does not contain a definition for 'IsCompact' and no accessible extension method 'IsCompact' accepting a first argument of type 'AppBarButton' could be found (are you missing a using directive or an assembly reference?) [/home/runner/work/UniGetUI/UniGetUI/src/UniGetUI/UniGetUI.csproj]
/home/runner/work/UniGetUI/UniGetUI/src/UniGetUI/Pages/SoftwarePages/AbstractPackagesPage.xaml.cs(764,36): error CS1061: 'AppBarButton' does not contain a definition for 'IsCompact' and no accessible extension method 'IsCompact' accepting a first argument of type 'AppBarButton' could be found (are you missing a using directive or an assembly reference?) [/home/runner/work/UniGetUI/UniGetUI/src/UniGetUI/UniGetUI.csproj]
/home/runner/work/UniGetUI/UniGetUI/src/UniGetUI/Pages/SoftwarePages/AbstractPackagesPage.xaml.cs(766,36): error CS1061: 'AppBarButton' does not contain a definition for 'LabelPosition' and no accessible extension method 'LabelPosition' accepting a first argument of type 'AppBarButton' could be found (are you missing a using directive or an assembly reference?) [/home/runner/work/UniGetUI/UniGetUI/src/UniGetUI/UniGetUI.csproj]
/home/runner/work/UniGetUI/UniGetUI/src/UniGetUI/Pages/SoftwarePages/AbstractPackagesPage.xaml.cs(768,32): error CS1061: 'AppBarButton' does not contain a definition for 'Label' and no accessible extension method 'Label' accepting a first argument of type 'AppBarButton' could be found (are you missing a using directive or an assembly reference?) [/home/runner/work/UniGetUI/UniGetUI/src/UniGetUI/UniGetUI.csproj]
/home/runner/work/UniGetUI/UniGetUI/src/UniGetUI/Pages/SoftwarePages/AbstractPackagesPage.xaml.cs(782,31): error CS1061: 'AppBarButton' does not contain a definition for 'Icon' and no accessible extension method 'Icon' accepting a first argument of type 'AppBarButton' could be found (are you missing a using directive or an assembly reference?) [/home/runner/work/UniGetUI/UniGetUI/src/UniGetUI/UniGetUI.csproj]
/home/runner/work/UniGetUI/UniGetUI/src/UniGetUI/Pages/DialogPages/DialogHelper_Generic.cs(321,36): error CS1061: 'MainWindow' does not contain a definition for 'WinGetWarningBanner' and no accessible extension method 'WinGetWarningBanner' accepting a first argument of type 'MainWindow' could be found (are you missing a using directive or an assembly reference?) [/home/runner/work/UniGetUI/UniGetUI/src/UniGetUI/UniGetUI.csproj]
/home/runner/work/UniGetUI/UniGetUI/src/UniGetUI/Pages/DialogPages/DialogHelper_Generic.cs(322,20): error CS1061: 'MainWindow' does not contain a definition for 'WinGetWarningBanner' and no accessible extension method 'WinGetWarningBanner' accepting a first argument of type 'MainWindow' could be found (are you missing a using directive or an assembly reference?) [/home/runner/work/UniGetUI/UniGetUI/src/UniGetUI/UniGetUI.csproj]
/home/runner/work/UniGetUI/UniGetUI/src/UniGetUI/Pages/DialogPages/DialogHelper_Generic.cs(363,17): error CS0019: Operator '==' cannot be applied to operands of type 'bool?' and 'ContentDialogResult' [/home/runner/work/UniGetUI/UniGetUI/src/UniGetUI/UniGetUI.csproj]
/home/runner/work/UniGetUI/UniGetUI/src/UniGetUI/Pages/DialogPages/DialogHelper_Generic.cs(376,20): error CS1061: 'MainWindow' does not contain a definition for 'WinGetWarningBanner' and no accessible extension method 'WinGetWarningBanner' accepting a first argument of type 'MainWindow' could be found (are you missing a using directive or an assembly reference?) [/home/runner/work/UniGetUI/UniGetUI/src/UniGetUI/UniGetUI.csproj]
/home/runner/work/UniGetUI/UniGetUI/src/UniGetUI/Pages/SoftwarePages/AbstractPackagesPage.xaml.cs(799,56): error CS1061: 'ItemsControl' does not contain a definition for 'SelectedItem' and no accessible extension method 'SelectedItem' accepting a first argument of type 'ItemsControl' could be found (are you missing a using directive or an assembly reference?) [/home/runner/work/UniGetUI/UniGetUI/src/UniGetUI/UniGetUI.csproj]
/home/runner/work/UniGetUI/UniGetUI/src/UniGetUI/Pages/SoftwarePages/AbstractPackagesPage.xaml.cs(804,33): error CS1061: 'TreeView' does not contain a definition for 'SelectedNodes' and no accessible extension method 'SelectedNodes' accepting a first argument of type 'TreeView' could be found (are you missing a using directive or an assembly reference?) [/home/runner/work/UniGetUI/UniGetUI/src/UniGetUI/UniGetUI.csproj]
/home/runner/work/UniGetUI/UniGetUI/src/UniGetUI/Pages/SoftwarePages/AbstractPackagesPage.xaml.cs(806,63): error CS1061: 'TreeView' does not contain a definition for 'SelectedNodes' and no accessible extension method 'SelectedNodes' accepting a first argument of type 'TreeView' could be found (are you missing a using directive or an assembly reference?) [/home/runner/work/UniGetUI/UniGetUI/src/UniGetUI/UniGetUI.csproj]
/home/runner/work/UniGetUI/UniGetUI/src/UniGetUI/Pages/DialogPages/DialogHelper_Generic.cs(409,27): error CS0246: The type or namespace name 'LineBreak' could not be found (are you missing a using directive or an assembly reference?) [/home/runner/work/UniGetUI/UniGetUI/src/UniGetUI/UniGetUI.csproj]
/home/runner/work/UniGetUI/UniGetUI/src/UniGetUI/Pages/DialogPages/DialogHelper_Generic.cs(414,27): error CS0246: The type or namespace name 'LineBreak' could not be found (are you missing a using directive or an assembly reference?) [/home/runner/work/UniGetUI/UniGetUI/src/UniGetUI/UniGetUI.csproj]
/home/runner/work/UniGetUI/UniGetUI/src/UniGetUI/Pages/DialogPages/DialogHelper_Generic.cs(415,27): error CS0246: The type or namespace name 'LineBreak' could not be found (are you missing a using directive or an assembly reference?) [/home/runner/work/UniGetUI/UniGetUI/src/UniGetUI/UniGetUI.csproj]
/home/runner/work/UniGetUI/UniGetUI/src/UniGetUI/Pages/DialogPages/DialogHelper_Generic.cs(416,33): error CS0117: 'Button' does not contain a definition for 'NavigateUri' [/home/runner/work/UniGetUI/UniGetUI/src/UniGetUI/UniGetUI.csproj]
/home/runner/work/UniGetUI/UniGetUI/src/UniGetUI/Pages/DialogPages/DialogHelper_Generic.cs(417,14): error CS1061: 'Button' does not contain a definition for 'Inlines' and no accessible extension method 'Inlines' accepting a first argument of type 'Button' could be found (are you missing a using directive or an assembly reference?) [/home/runner/work/UniGetUI/UniGetUI/src/UniGetUI/UniGetUI.csproj]
/home/runner/work/UniGetUI/UniGetUI/src/UniGetUI/Pages/DialogPages/DialogHelper_Generic.cs(423,27): error CS0246: The type or namespace name 'LineBreak' could not be found (are you missing a using directive or an assembly reference?) [/home/runner/work/UniGetUI/UniGetUI/src/UniGetUI/UniGetUI.csproj]
/home/runner/work/UniGetUI/UniGetUI/src/UniGetUI/Pages/DialogPages/DialogHelper_Generic.cs(424,27): error CS0246: The type or namespace name 'LineBreak' could not be found (are you missing a using directive or an assembly reference?) [/home/runner/work/UniGetUI/UniGetUI/src/UniGetUI/UniGetUI.csproj]
/home/runner/work/UniGetUI/UniGetUI/src/UniGetUI/Pages/DialogPages/DialogHelper_Generic.cs(428,13): error CS0117: 'Run' does not contain a definition for 'FontWeight' [/home/runner/work/UniGetUI/UniGetUI/src/UniGetUI/UniGetUI.csproj]
/home/runner/work/UniGetUI/UniGetUI/src/UniGetUI/Pages/DialogPages/DialogHelper_Generic.cs(428,26): error CS0103: The name 'FontWeights' does not exist in the current context [/home/runner/work/UniGetUI/UniGetUI/src/UniGetUI/UniGetUI.csproj]
/home/runner/work/UniGetUI/UniGetUI/src/UniGetUI/Pages/DialogPages/DialogHelper_Generic.cs(436,19): error CS1061: 'WindowClosingEventArgs' does not contain a definition for 'Result' and no accessible extension method 'Result' accepting a first argument of type 'WindowClosingEventArgs' could be found (are you missing a using directive or an assembly reference?) [/home/runner/work/UniGetUI/UniGetUI/src/UniGetUI/UniGetUI.csproj]
/home/runner/work/UniGetUI/UniGetUI/src/UniGetUI/Pages/DialogPages/DialogHelper_Generic.cs(441,20): error CS0029: Cannot implicitly convert type 'UniGetUI.Interface.ContentDialogResult' to 'bool?' [/home/runner/work/UniGetUI/UniGetUI/src/UniGetUI/UniGetUI.csproj]
/home/runner/work/UniGetUI/UniGetUI/src/UniGetUI/Pages/DialogPages/PackageDetailsPage.xaml.cs(324,27): error CS0103: The name 'DescriptionContent' does not exist in the current context [/home/runner/work/UniGetUI/UniGetUI/src/UniGetUI/UniGetUI.csproj]
/home/runner/work/UniGetUI/UniGetUI/src/UniGetUI/Pages/DialogPages/PackageDetailsPage.xaml.cs(325,27): error CS0103: The name 'HomepageUrl_Content' does not exist in the current context [/home/runner/work/UniGetUI/UniGetUI/src/UniGetUI/UniGetUI.csproj]
/home/runner/work/UniGetUI/UniGetUI/src/UniGetUI/Pages/DialogPages/PackageDetailsPage.xaml.cs(326,27): error CS0103: The name 'Author_Content' does not exist in the current context [/home/runner/work/UniGetUI/UniGetUI/src/UniGetUI/UniGetUI.csproj]
/home/runner/work/UniGetUI/UniGetUI/src/UniGetUI/Pages/DialogPages/PackageDetailsPage.xaml.cs(327,27): error CS0103: The name 'Publisher_Content' does not exist in the current context [/home/runner/work/UniGetUI/UniGetUI/src/UniGetUI/UniGetUI.csproj]
/home/runner/work/UniGetUI/UniGetUI/src/UniGetUI/Pages/DialogPages/PackageDetailsPage.xaml.cs(331,31): error CS0103: The name 'License_Content_Text' does not exist in the current context [/home/runner/work/UniGetUI/UniGetUI/src/UniGetUI/UniGetUI.csproj]
/home/runner/work/UniGetUI/UniGetUI/src/UniGetUI/Pages/DialogPages/PackageDetailsPage.xaml.cs(332,31): error CS0103: The name 'License_Content_Uri' does not exist in the current context [/home/runner/work/UniGetUI/UniGetUI/src/UniGetUI/UniGetUI.csproj]
/home/runner/work/UniGetUI/UniGetUI/src/UniGetUI/Pages/DialogPages/PackageDetailsPage.xaml.cs(336,31): error CS0103: The name 'License_Content_Text' does not exist in the current context [/home/runner/work/UniGetUI/UniGetUI/src/UniGetUI/UniGetUI.csproj]
/home/runner/work/UniGetUI/UniGetUI/src/UniGetUI/Pages/DialogPages/PackageDetailsPage.xaml.cs(337,31): error CS0103: The name 'License_Content_Uri' does not exist in the current context [/home/runner/work/UniGetUI/UniGetUI/src/UniGetUI/UniGetUI.csproj]
/home/runner/work/UniGetUI/UniGetUI/src/UniGetUI/Pages/DialogPages/PackageDetailsPage.xaml.cs(341,31): error CS0103: The name 'License_Content_Text' does not exist in the current context [/home/runner/work/UniGetUI/UniGetUI/src/UniGetUI/UniGetUI.csproj]
/home/runner/work/UniGetUI/UniGetUI/src/UniGetUI/Pages/DialogPages/PackageDetailsPage.xaml.cs(342,31): error CS0103: The name 'License_Content_Uri' does not exist in the current context [/home/runner/work/UniGetUI/UniGetUI/src/UniGetUI/UniGetUI.csproj]
/home/runner/work/UniGetUI/UniGetUI/src/UniGetUI/Pages/DialogPages/PackageDetailsPage.xaml.cs(346,31): error CS0103: The name 'License_Content_Text' does not exist in the current context [/home/runner/work/UniGetUI/UniGetUI/src/UniGetUI/UniGetUI.csproj]
/home/runner/work/UniGetUI/UniGetUI/src/UniGetUI/Pages/DialogPages/PackageDetailsPage.xaml.cs(347,31): error CS0103: The name 'License_Content_Uri' does not exist in the current context [/home/runner/work/UniGetUI/UniGetUI/src/UniGetUI/UniGetUI.csproj]
/home/runner/work/UniGetUI/UniGetUI/src/UniGetUI/Pages/DialogPages/PackageDetailsPage.xaml.cs(351,27): error CS0103: The name 'ManifestUrl_Content' does not exist in the current context [/home/runner/work/UniGetUI/UniGetUI/src/UniGetUI/UniGetUI.csproj]
/home/runner/work/UniGetUI/UniGetUI/src/UniGetUI/Pages/DialogPages/PackageDetailsPage.xaml.cs(354,31): error CS0103: The name 'InstallerHash_Label' does not exist in the current context [/home/runner/work/UniGetUI/UniGetUI/src/UniGetUI/UniGetUI.csproj]
/home/runner/work/UniGetUI/UniGetUI/src/UniGetUI/Pages/DialogPages/PackageDetailsPage.xaml.cs(358,31): error CS0103: The name 'InstallerHash_Label' does not exist in the current context [/home/runner/work/UniGetUI/UniGetUI/src/UniGetUI/UniGetUI.csproj]
/home/runner/work/UniGetUI/UniGetUI/src/UniGetUI/Pages/DialogPages/PackageDetailsPage.xaml.cs(361,27): error CS0103: The name 'InstallerHash_Content' does not exist in the current context [/home/runner/work/UniGetUI/UniGetUI/src/UniGetUI/UniGetUI.csproj]
/home/runner/work/UniGetUI/UniGetUI/src/UniGetUI/Pages/DialogPages/PackageDetailsPage.xaml.cs(364,31): error CS0103: The name 'InstallerSize_Content' does not exist in the current context [/home/runner/work/UniGetUI/UniGetUI/src/UniGetUI/UniGetUI.csproj]
/home/runner/work/UniGetUI/UniGetUI/src/UniGetUI/Pages/DialogPages/PackageDetailsPage.xaml.cs(365,31): error CS0103: The name 'DownloadInstaller_Button' does not exist in the current context [/home/runner/work/UniGetUI/UniGetUI/src/UniGetUI/UniGetUI.csproj]
/home/runner/work/UniGetUI/UniGetUI/src/UniGetUI/Pages/DialogPages/PackageDetailsPage.xaml.cs(369,31): error CS0103: The name 'InstallerSize_Content' does not exist in the current context [/home/runner/work/UniGetUI/UniGetUI/src/UniGetUI/UniGetUI.csproj]
/home/runner/work/UniGetUI/UniGetUI/src/UniGetUI/Pages/DialogPages/PackageDetailsPage.xaml.cs(370,31): error CS0103: The name 'DownloadInstaller_Button' does not exist in the current context [/home/runner/work/UniGetUI/UniGetUI/src/UniGetUI/UniGetUI.csproj]
/home/runner/work/UniGetUI/UniGetUI/src/UniGetUI/Pages/DialogPages/PackageDetailsPage.xaml.cs(372,27): error CS0103: The name 'InstallerUrl_Content' does not exist in the current context [/home/runner/work/UniGetUI/UniGetUI/src/UniGetUI/UniGetUI.csproj]
/home/runner/work/UniGetUI/UniGetUI/src/UniGetUI/Pages/DialogPages/PackageDetailsPage.xaml.cs(373,27): error CS0103: The name 'InstallerType_Content' does not exist in the current context [/home/runner/work/UniGetUI/UniGetUI/src/UniGetUI/UniGetUI.csproj]
/home/runner/work/UniGetUI/UniGetUI/src/UniGetUI/Pages/DialogPages/PackageDetailsPage.xaml.cs(374,27): error CS0103: The name 'UpdateDate_Content' does not exist in the current context [/home/runner/work/UniGetUI/UniGetUI/src/UniGetUI/UniGetUI.csproj]
/home/runner/work/UniGetUI/UniGetUI/src/UniGetUI/Pages/DialogPages/PackageDetailsPage.xaml.cs(375,27): error CS0103: The name 'ReleaseNotes_Content' does not exist in the current context [/home/runner/work/UniGetUI/UniGetUI/src/UniGetUI/UniGetUI.csproj]
/home/runner/work/UniGetUI/UniGetUI/src/UniGetUI/Pages/DialogPages/PackageDetailsPage.xaml.cs(376,27): error CS0103: The name 'ReleaseNotesUrl_Content' does not exist in the current context [/home/runner/work/UniGetUI/UniGetUI/src/UniGetUI/UniGetUI.csproj]
/home/runner/work/UniGetUI/UniGetUI/src/UniGetUI/Pages/DialogPages/PackageDetailsPage.xaml.cs(380,17): error CS0103: The name 'DependenciesParagraph' does not exist in the current context [/home/runner/work/UniGetUI/UniGetUI/src/UniGetUI/UniGetUI.csproj]
/home/runner/work/UniGetUI/UniGetUI/src/UniGetUI/Pages/DialogPages/PackageDetailsPage.xaml.cs(381,17): error CS0103: The name 'DependenciesParagraph' does not exist in the current context [/home/runner/work/UniGetUI/UniGetUI/src/UniGetUI/UniGetUI.csproj]
/home/runner/work/UniGetUI/UniGetUI/src/UniGetUI/Pages/DialogPages/PackageDetailsPage.xaml.cs(384,21): error CS0117: 'Run' does not contain a definition for 'Foreground' [/home/runner/work/UniGetUI/UniGetUI/src/UniGetUI/UniGetUI.csproj]
/home/runner/work/UniGetUI/UniGetUI/src/UniGetUI/Pages/DialogPages/PackageDetailsPage.xaml.cs(389,17): error CS0103: The name 'DependenciesParagraph' does not exist in the current context [/home/runner/work/UniGetUI/UniGetUI/src/UniGetUI/UniGetUI.csproj]
/home/runner/work/UniGetUI/UniGetUI/src/UniGetUI/Pages/DialogPages/PackageDetailsPage.xaml.cs(393,21): error CS0103: The name 'DependenciesParagraph' does not exist in the current context [/home/runner/work/UniGetUI/UniGetUI/src/UniGetUI/UniGetUI.csproj]
/home/runner/work/UniGetUI/UniGetUI/src/UniGetUI/Pages/DialogPages/PackageDetailsPage.xaml.cs(396,25): error CS0117: 'Run' does not contain a definition for 'FontStyle' [/home/runner/work/UniGetUI/UniGetUI/src/UniGetUI/UniGetUI.csproj]
/home/runner/work/UniGetUI/UniGetUI/src/UniGetUI/Pages/DialogPages/PackageDetailsPage.xaml.cs(397,25): error CS0117: 'Run' does not contain a definition for 'FontWeight' [/home/runner/work/UniGetUI/UniGetUI/src/UniGetUI/UniGetUI.csproj]
/home/runner/work/UniGetUI/UniGetUI/src/UniGetUI/Pages/DialogPages/PackageDetailsPage.xaml.cs(404,21): error CS0103: The name 'DependenciesParagraph' does not exist in the current context [/home/runner/work/UniGetUI/UniGetUI/src/UniGetUI/UniGetUI.csproj]
/home/runner/work/UniGetUI/UniGetUI/src/UniGetUI/Pages/DialogPages/PackageDetailsPage.xaml.cs(407,25): error CS0117: 'Run' does not contain a definition for 'FontStyle' [/home/runner/work/UniGetUI/UniGetUI/src/UniGetUI/UniGetUI.csproj]
/home/runner/work/UniGetUI/UniGetUI/src/UniGetUI/Pages/DialogPages/PackageDetailsPage.xaml.cs(409,21): error CS0103: The name 'DependenciesParagraph' does not exist in the current context [/home/runner/work/UniGetUI/UniGetUI/src/UniGetUI/UniGetUI.csproj]
/home/runner/work/UniGetUI/UniGetUI/src/UniGetUI/Pages/DialogPages/PackageDetailsPage.xaml.cs(409,59): error CS0246: The type or namespace name 'LineBreak' could not be found (are you missing a using directive or an assembly reference?) [/home/runner/work/UniGetUI/UniGetUI/src/UniGetUI/UniGetUI.csproj]
/home/runner/work/UniGetUI/UniGetUI/src/UniGetUI/Pages/DialogPages/PackageDetailsPage.xaml.cs(411,20): error CS0103: The name 'DependenciesParagraph' does not exist in the current context [/home/runner/work/UniGetUI/UniGetUI/src/UniGetUI/UniGetUI.csproj]
/home/runner/work/UniGetUI/UniGetUI/src/UniGetUI/Pages/DialogPages/PackageDetailsPage.xaml.cs(411,59): error CS0103: The name 'DependenciesParagraph' does not exist in the current context [/home/runner/work/UniGetUI/UniGetUI/src/UniGetUI/UniGetUI.csproj]
/home/runner/work/UniGetUI/UniGetUI/src/UniGetUI/Pages/DialogPages/PackageDetailsPage.xaml.cs(411,99): error CS0246: The type or namespace name 'LineBreak' could not be found (are you missing a using directive or an assembly reference?) [/home/runner/work/UniGetUI/UniGetUI/src/UniGetUI/UniGetUI.csproj]
/home/runner/work/UniGetUI/UniGetUI/src/UniGetUI/Pages/DialogPages/PackageDetailsPage.xaml.cs(412,21): error CS0103: The name 'DependenciesParagraph' does not exist in the current context [/home/runner/work/UniGetUI/UniGetUI/src/UniGetUI/UniGetUI.csproj]
/home/runner/work/UniGetUI/UniGetUI/src/UniGetUI/Pages/DialogPages/PackageDetailsPage.xaml.cs(412,60): error CS0103: The name 'DependenciesParagraph' does not exist in the current context [/home/runner/work/UniGetUI/UniGetUI/src/UniGetUI/UniGetUI.csproj]
/home/runner/work/UniGetUI/UniGetUI/src/UniGetUI/Pages/DialogPages/PackageDetailsPage.xaml.cs(416,17): error CS0103: The name 'DependenciesParagraph' does not exist in the current context [/home/runner/work/UniGetUI/UniGetUI/src/UniGetUI/UniGetUI.csproj]
/home/runner/work/UniGetUI/UniGetUI/src/UniGetUI/Pages/DialogPages/PackageDetailsPage.xaml.cs(417,17): error CS0103: The name 'DependenciesParagraph' does not exist in the current context [/home/runner/work/UniGetUI/UniGetUI/src/UniGetUI/UniGetUI.csproj]
/home/runner/work/UniGetUI/UniGetUI/src/UniGetUI/Pages/DialogPages/PackageDetailsPage.xaml.cs(420,21): error CS0117: 'Run' does not contain a definition for 'Foreground' [/home/runner/work/UniGetUI/UniGetUI/src/UniGetUI/UniGetUI.csproj]
/home/runner/work/UniGetUI/UniGetUI/src/UniGetUI/Pages/DialogPages/PackageDetailsPage.xaml.cs(442,19): error CS1061: 'Run' does not contain a definition for 'Foreground' and no accessible extension method 'Foreground' accepting a first argument of type 'Run' could be found (are you missing a using directive or an assembly reference?) [/home/runner/work/UniGetUI/UniGetUI/src/UniGetUI/UniGetUI.csproj]
/home/runner/work/UniGetUI/UniGetUI/src/UniGetUI/Pages/DialogPages/PackageDetailsPage.xaml.cs(448,19): error CS1061: 'Run' does not contain a definition for 'Foreground' and no accessible extension method 'Foreground' accepting a first argument of type 'Run' could be found (are you missing a using directive or an assembly reference?) [/home/runner/work/UniGetUI/UniGetUI/src/UniGetUI/UniGetUI.csproj]
/home/runner/work/UniGetUI/UniGetUI/src/UniGetUI/Pages/DialogPages/DialogHelper_Generic.cs(453,16): error CS1061: 'MainWindow' does not contain a definition for 'TelemetryWarner' and no accessible extension method 'TelemetryWarner' accepting a first argument of type 'MainWindow' could be found (are you missing a using directive or an assembly reference?) [/home/runner/work/UniGetUI/UniGetUI/src/UniGetUI/UniGetUI.csproj]
/home/runner/work/UniGetUI/UniGetUI/src/UniGetUI/Pages/DialogPages/DialogHelper_Generic.cs(454,16): error CS1061: 'MainWindow' does not contain a definition for 'TelemetryWarner' and no accessible extension method 'TelemetryWarner' accepting a first argument of type 'MainWindow' could be found (are you missing a using directive or an assembly reference?) [/home/runner/work/UniGetUI/UniGetUI/src/UniGetUI/UniGetUI.csproj]
/home/runner/work/UniGetUI/UniGetUI/src/UniGetUI/Pages/DialogPages/DialogHelper_Generic.cs(455,16): error CS1061: 'MainWindow' does not contain a definition for 'TelemetryWarner' and no accessible extension method 'TelemetryWarner' accepting a first argument of type 'MainWindow' could be found (are you missing a using directive or an assembly reference?) [/home/runner/work/UniGetUI/UniGetUI/src/UniGetUI/UniGetUI.csproj]
/home/runner/work/UniGetUI/UniGetUI/src/UniGetUI/Pages/DialogPages/DialogHelper_Generic.cs(457,16): error CS1061: 'MainWindow' does not contain a definition for 'TelemetryWarner' and no accessible extension method 'TelemetryWarner' accepting a first argument of type 'MainWindow' could be found (are you missing a using directive or an assembly reference?) [/home/runner/work/UniGetUI/UniGetUI/src/UniGetUI/UniGetUI.csproj]
/home/runner/work/UniGetUI/UniGetUI/src/UniGetUI/Pages/DialogPages/DialogHelper_Generic.cs(458,16): error CS1061: 'MainWindow' does not contain a definition for 'TelemetryWarner' and no accessible extension method 'TelemetryWarner' accepting a first argument of type 'MainWindow' could be found (are you missing a using directive or an assembly reference?) [/home/runner/work/UniGetUI/UniGetUI/src/UniGetUI/UniGetUI.csproj]
/home/runner/work/UniGetUI/UniGetUI/src/UniGetUI/Pages/DialogPages/DialogHelper_Generic.cs(463,13): error CS0118: 'Style' is a type but is used like a variable [/home/runner/work/UniGetUI/UniGetUI/src/UniGetUI/UniGetUI.csproj]
/home/runner/work/UniGetUI/UniGetUI/src/UniGetUI/Pages/DialogPages/DialogHelper_Generic.cs(463,13): error CS0747: Invalid initializer member declarator [/home/runner/work/UniGetUI/UniGetUI/src/UniGetUI/UniGetUI.csproj]
/home/runner/work/UniGetUI/UniGetUI/src/UniGetUI/Pages/DialogPages/DialogHelper_Generic.cs(467,20): error CS1061: 'MainWindow' does not contain a definition for 'TelemetryWarner' and no accessible extension method 'TelemetryWarner' accepting a first argument of type 'MainWindow' could be found (are you missing a using directive or an assembly reference?) [/home/runner/work/UniGetUI/UniGetUI/src/UniGetUI/UniGetUI.csproj]
/home/runner/work/UniGetUI/UniGetUI/src/UniGetUI/Pages/DialogPages/DialogHelper_Generic.cs(468,20): error CS1061: 'MainWindow' does not contain a definition for 'TelemetryWarner' and no accessible extension method 'TelemetryWarner' accepting a first argument of type 'MainWindow' could be found (are you missing a using directive or an assembly reference?) [/home/runner/work/UniGetUI/UniGetUI/src/UniGetUI/UniGetUI.csproj]
/home/runner/work/UniGetUI/UniGetUI/src/UniGetUI/Pages/DialogPages/DialogHelper_Generic.cs(478,20): error CS1061: 'MainWindow' does not contain a definition for 'TelemetryWarner' and no accessible extension method 'TelemetryWarner' accepting a first argument of type 'MainWindow' could be found (are you missing a using directive or an assembly reference?) [/home/runner/work/UniGetUI/UniGetUI/src/UniGetUI/UniGetUI.csproj]
/home/runner/work/UniGetUI/UniGetUI/src/UniGetUI/Pages/DialogPages/DialogHelper_Generic.cs(479,20): error CS1061: 'MainWindow' does not contain a definition for 'TelemetryWarner' and no accessible extension method 'TelemetryWarner' accepting a first argument of type 'MainWindow' could be found (are you missing a using directive or an assembly reference?) [/home/runner/work/UniGetUI/UniGetUI/src/UniGetUI/UniGetUI.csproj]
/home/runner/work/UniGetUI/UniGetUI/src/UniGetUI/Pages/DialogPages/DialogHelper_Generic.cs(488,33): error CS1061: 'MainWindow' does not contain a definition for 'TelemetryWarner' and no accessible extension method 'TelemetryWarner' accepting a first argument of type 'MainWindow' could be found (are you missing a using directive or an assembly reference?) [/home/runner/work/UniGetUI/UniGetUI/src/UniGetUI/UniGetUI.csproj]
/home/runner/work/UniGetUI/UniGetUI/src/UniGetUI/Pages/DialogPages/DialogHelper_Generic.cs(497,16): error CS1061: 'MainWindow' does not contain a definition for 'TelemetryWarner' and no accessible extension method 'TelemetryWarner' accepting a first argument of type 'MainWindow' could be found (are you missing a using directive or an assembly reference?) [/home/runner/work/UniGetUI/UniGetUI/src/UniGetUI/UniGetUI.csproj]
/home/runner/work/UniGetUI/UniGetUI/src/UniGetUI/Pages/DialogPages/DialogHelper_Generic.cs(509,16): error CS1061: 'Window' does not contain a definition for 'CloseButtonText' and no accessible extension method 'CloseButtonText' accepting a first argument of type 'Window' could be found (are you missing a using directive or an assembly reference?) [/home/runner/work/UniGetUI/UniGetUI/src/UniGetUI/UniGetUI.csproj]
/home/runner/work/UniGetUI/UniGetUI/src/UniGetUI/Pages/DialogPages/DialogHelper_Generic.cs(511,46): error CS0029: Cannot implicitly convert type 'UniGetUI.Interface.ContentDialogResult' to 'bool?' [/home/runner/work/UniGetUI/UniGetUI/src/UniGetUI/UniGetUI.csproj]
/home/runner/work/UniGetUI/UniGetUI/src/UniGetUI/Pages/DialogPages/DialogHelper_Generic.cs(539,16): error CS1061: 'Window' does not contain a definition for 'CloseButtonText' and no accessible extension method 'CloseButtonText' accepting a first argument of type 'Window' could be found (are you missing a using directive or an assembly reference?) [/home/runner/work/UniGetUI/UniGetUI/src/UniGetUI/UniGetUI.csproj]
/home/runner/work/UniGetUI/UniGetUI/src/UniGetUI/Pages/DialogPages/DialogHelper_Generic.cs(542,22): error CS0029: Cannot implicitly convert type 'UniGetUI.Interface.ContentDialogResult' to 'bool?' [/home/runner/work/UniGetUI/UniGetUI/src/UniGetUI/UniGetUI.csproj]
/home/runner/work/UniGetUI/UniGetUI/src/UniGetUI/Pages/DialogPages/DialogHelper_Generic.cs(542,58): error CS1061: 'MainWindow' does not contain a definition for 'NavigationPage' and no accessible extension method 'NavigationPage' accepting a first argument of type 'MainWindow' could be found (are you missing a using directive or an assembly reference?) [/home/runner/work/UniGetUI/UniGetUI/src/UniGetUI/UniGetUI.csproj]
/home/runner/work/UniGetUI/UniGetUI/src/UniGetUI/Pages/DialogPages/DialogHelper_Generic.cs(543,27): error CS0029: Cannot implicitly convert type 'UniGetUI.Interface.ContentDialogResult' to 'bool?' [/home/runner/work/UniGetUI/UniGetUI/src/UniGetUI/UniGetUI.csproj]
/home/runner/work/UniGetUI/UniGetUI/src/UniGetUI/Pages/DialogPages/DialogHelper_Generic.cs(543,65): error CS1061: 'MainWindow' does not contain a definition for 'NavigationPage' and no accessible extension method 'NavigationPage' accepting a first argument of type 'MainWindow' could be found (are you missing a using directive or an assembly reference?) [/home/runner/work/UniGetUI/UniGetUI/src/UniGetUI/UniGetUI.csproj]
/home/runner/work/UniGetUI/UniGetUI/src/UniGetUI/Pages/DialogPages/DialogHelper_Generic.cs(548,16): error CS1061: 'MainWindow' does not contain a definition for 'DismissableNotification' and no accessible extension method 'DismissableNotification' accepting a first argument of type 'MainWindow' could be found (are you missing a using directive or an assembly reference?) [/home/runner/work/UniGetUI/UniGetUI/src/UniGetUI/UniGetUI.csproj]
/home/runner/work/UniGetUI/UniGetUI/src/UniGetUI/Pages/DialogPages/DialogHelper_Generic.cs(549,16): error CS1061: 'MainWindow' does not contain a definition for 'DismissableNotification' and no accessible extension method 'DismissableNotification' accepting a first argument of type 'MainWindow' could be found (are you missing a using directive or an assembly reference?) [/home/runner/work/UniGetUI/UniGetUI/src/UniGetUI/UniGetUI.csproj]
/home/runner/work/UniGetUI/UniGetUI/src/UniGetUI/Pages/DialogPages/DialogHelper_Generic.cs(550,16): error CS1061: 'MainWindow' does not contain a definition for 'DismissableNotification' and no accessible extension method 'DismissableNotification' accepting a first argument of type 'MainWindow' could be found (are you missing a using directive or an assembly reference?) [/home/runner/work/UniGetUI/UniGetUI/src/UniGetUI/UniGetUI.csproj]
/home/runner/work/UniGetUI/UniGetUI/src/UniGetUI/Pages/DialogPages/PackageDetailsPage.xaml.cs(552,21): error CS0103: The name 'RightPanel' does not exist in the current context [/home/runner/work/UniGetUI/UniGetUI/src/UniGetUI/UniGetUI.csproj]
/home/runner/work/UniGetUI/UniGetUI/src/UniGetUI/Pages/DialogPages/PackageDetailsPage.xaml.cs(577,36): error CS0103: The name 'RightPanel' does not exist in the current context [/home/runner/work/UniGetUI/UniGetUI/src/UniGetUI/UniGetUI.csproj]
/home/runner/work/UniGetUI/UniGetUI/src/UniGetUI/Pages/DialogPages/PackageDetailsPage.xaml.cs(584,33): error CS0103: The name 'RightPanel' does not exist in the current context [/home/runner/work/UniGetUI/UniGetUI/src/UniGetUI/UniGetUI.csproj]
/home/runner/work/UniGetUI/UniGetUI/src/UniGetUI/Pages/DialogPages/PackageDetailsPage.xaml.cs(587,21): error CS0103: The name 'RightPanel' does not exist in the current context [/home/runner/work/UniGetUI/UniGetUI/src/UniGetUI/UniGetUI.csproj]
/home/runner/work/UniGetUI/UniGetUI/src/UniGetUI/Pages/DialogPages/PackageDetailsPage.xaml.cs(605,21): error CS0103: The name 'RightPanel' does not exist in the current context [/home/runner/work/UniGetUI/UniGetUI/src/UniGetUI/UniGetUI.csproj]
/home/runner/work/UniGetUI/UniGetUI/src/UniGetUI/Pages/DialogPages/PackageDetailsPage.xaml.cs(606,21): error CS0103: The name 'RightPanel' does not exist in the current context [/home/runner/work/UniGetUI/UniGetUI/src/UniGetUI/UniGetUI.csproj]
/home/runner/work/UniGetUI/UniGetUI/src/UniGetUI/Pages/DialogPages/PackageDetailsPage.xaml.cs(612,43): error CS0103: The name 'RightPanel' does not exist in the current context [/home/runner/work/UniGetUI/UniGetUI/src/UniGetUI/UniGetUI.csproj]
/home/runner/work/UniGetUI/UniGetUI/src/UniGetUI/Pages/DialogPages/DialogHelper_Generic.cs(560,16): error CS1061: 'Window' does not contain a definition for 'IsPrimaryButtonEnabled' and no accessible extension method 'IsPrimaryButtonEnabled' accepting a first argument of type 'Window' could be found (are you missing a using directive or an assembly reference?) [/home/runner/work/UniGetUI/UniGetUI/src/UniGetUI/UniGetUI.csproj]
/home/runner/work/UniGetUI/UniGetUI/src/UniGetUI/Pages/DialogPages/DialogHelper_Generic.cs(562,9): error CS0246: The type or namespace name 'RadioButtons' could not be found (are you missing a using directive or an assembly reference?) [/home/runner/work/UniGetUI/UniGetUI/src/UniGetUI/UniGetUI.csproj]
/home/runner/work/UniGetUI/UniGetUI/src/UniGetUI/Pages/DialogPages/DialogHelper_Generic.cs(562,36): error CS0246: The type or namespace name 'RadioButtons' could not be found (are you missing a using directive or an assembly reference?) [/home/runner/work/UniGetUI/UniGetUI/src/UniGetUI/UniGetUI.csproj]
/home/runner/work/UniGetUI/UniGetUI/src/UniGetUI/Pages/DialogPages/DialogHelper_Generic.cs(580,21): error CS0117: 'ScrollViewer' does not contain a definition for 'HorizontalScrollMode' [/home/runner/work/UniGetUI/UniGetUI/src/UniGetUI/UniGetUI.csproj]
/home/runner/work/UniGetUI/UniGetUI/src/UniGetUI/Pages/DialogPages/DialogHelper_Generic.cs(580,44): error CS0103: The name 'ScrollMode' does not exist in the current context [/home/runner/work/UniGetUI/UniGetUI/src/UniGetUI/UniGetUI.csproj]
/home/runner/work/UniGetUI/UniGetUI/src/UniGetUI/Pages/DialogPages/DialogHelper_Generic.cs(585,45): error CS0029: Cannot implicitly convert type 'UniGetUI.Interface.ContentDialogResult' to 'bool?' [/home/runner/work/UniGetUI/UniGetUI/src/UniGetUI/UniGetUI.csproj]
/home/runner/work/UniGetUI/UniGetUI/src/UniGetUI/Pages/DialogPages/DialogHelper_Generic.cs(604,44): error CS0029: Cannot implicitly convert type 'UniGetUI.Interface.ContentDialogResult' to 'bool?' [/home/runner/work/UniGetUI/UniGetUI/src/UniGetUI/UniGetUI.csproj]
/home/runner/work/UniGetUI/UniGetUI/src/UniGetUI/Pages/DialogPages/DialogHelper_Infrastructure.cs(181,20): error CS1061: 'Window' does not contain a definition for 'RequestedTheme' and no accessible extension method 'RequestedTheme' accepting a first argument of type 'Window' could be found (are you missing a using directive or an assembly reference?) [/home/runner/work/UniGetUI/UniGetUI/src/UniGetUI/UniGetUI.csproj]
/home/runner/work/UniGetUI/UniGetUI/src/UniGetUI/Pages/DialogPages/DialogHelper_Infrastructure.cs(181,60): error CS1061: 'Grid' does not contain a definition for 'RequestedTheme' and no accessible extension method 'RequestedTheme' accepting a first argument of type 'Grid' could be found (are you missing a using directive or an assembly reference?) [/home/runner/work/UniGetUI/UniGetUI/src/UniGetUI/UniGetUI.csproj]
/home/runner/work/UniGetUI/UniGetUI/src/UniGetUI/Pages/DialogPages/DialogHelper_Infrastructure.cs(184,41): error CS1061: 'Window' does not contain a definition for 'ShowAsync' and no accessible extension method 'ShowAsync' accepting a first argument of type 'Window' could be found (are you missing a using directive or an assembly reference?) [/home/runner/work/UniGetUI/UniGetUI/src/UniGetUI/UniGetUI.csproj]
/home/runner/work/UniGetUI/UniGetUI/src/UniGetUI/Pages/DialogPages/DialogHelper_Infrastructure.cs(196,20): error CS0029: Cannot implicitly convert type 'UniGetUI.Interface.ContentDialogResult' to 'bool?' [/home/runner/work/UniGetUI/UniGetUI/src/UniGetUI/UniGetUI.csproj]
/home/runner/work/UniGetUI/UniGetUI/src/UniGetUI/Pages/DialogPages/DialogHelper_Infrastructure.cs(205,30): error CS0246: The type or namespace name 'ScrollView' could not be found (are you missing a using directive or an assembly reference?) [/home/runner/work/UniGetUI/UniGetUI/src/UniGetUI/UniGetUI.csproj]
/home/runner/work/UniGetUI/UniGetUI/src/UniGetUI/Pages/DialogPages/DialogHelper_Infrastructure.cs(242,20): error CS1061: 'Window' does not contain a definition for 'SecondaryButtonClick' and no accessible extension method 'SecondaryButtonClick' accepting a first argument of type 'Window' could be found (are you missing a using directive or an assembly reference?) [/home/runner/work/UniGetUI/UniGetUI/src/UniGetUI/UniGetUI.csproj]
/home/runner/work/UniGetUI/UniGetUI/src/UniGetUI/Pages/DialogPages/DialogHelper_Packages.cs(31,33): error CS0103: The name 'ContentDialogResult' does not exist in the current context [/home/runner/work/UniGetUI/UniGetUI/src/UniGetUI/UniGetUI.csproj]
/home/runner/work/UniGetUI/UniGetUI/src/UniGetUI/Pages/DialogPages/DialogHelper_Packages.cs(41,32): error CS0246: The type or namespace name 'ContentDialogResult' could not be found (are you missing a using directive or an assembly reference?) [/home/runner/work/UniGetUI/UniGetUI/src/UniGetUI/UniGetUI.csproj]
/home/runner/work/UniGetUI/UniGetUI/src/UniGetUI/Pages/DialogPages/DialogHelper_Packages.cs(52,29): error CS0103: The name 'ContentDialogResult' does not exist in the current context [/home/runner/work/UniGetUI/UniGetUI/src/UniGetUI/UniGetUI.csproj]
/home/runner/work/UniGetUI/UniGetUI/src/UniGetUI/Pages/DialogPages/DialogHelper_Packages.cs(102,49): error CS0246: The type or namespace name 'ContentDialogResult' could not be found (are you missing a using directive or an assembly reference?) [/home/runner/work/UniGetUI/UniGetUI/src/UniGetUI/UniGetUI.csproj]
/home/runner/work/UniGetUI/UniGetUI/src/UniGetUI/Pages/DialogPages/DialogHelper_Packages.cs(140,28): error CS0246: The type or namespace name 'ScrollView' could not be found (are you missing a using directive or an assembly reference?) [/home/runner/work/UniGetUI/UniGetUI/src/UniGetUI/UniGetUI.csproj]
/home/runner/work/UniGetUI/UniGetUI/src/UniGetUI/Pages/DialogPages/DialogHelper_Packages.cs(144,49): error CS0246: The type or namespace name 'ContentDialogResult' could not be found (are you missing a using directive or an assembly reference?) [/home/runner/work/UniGetUI/UniGetUI/src/UniGetUI/UniGetUI.csproj]
/home/runner/work/UniGetUI/UniGetUI/src/UniGetUI/Pages/DialogPages/DialogHelper_Packages.cs(158,37): error CS1061: 'MainWindow' does not contain a definition for 'Avalonia' and no accessible extension method 'Avalonia' accepting a first argument of type 'MainWindow' could be found (are you missing a using directive or an assembly reference?) [/home/runner/work/UniGetUI/UniGetUI/src/UniGetUI/UniGetUI.csproj]
/home/runner/work/UniGetUI/UniGetUI/src/UniGetUI/Pages/DialogPages/InstallOptions_Package.xaml.cs(47,13): error CS0103: The name 'KillProcessesThatWontDie' does not exist in the current context [/home/runner/work/UniGetUI/UniGetUI/src/UniGetUI/UniGetUI.csproj]
/home/runner/work/UniGetUI/UniGetUI/src/UniGetUI/Pages/DialogPages/InstallOptions_Package.xaml.cs(63,13): error CS0103: The name 'FollowGlobalOptionsSwitch' does not exist in the current context [/home/runner/work/UniGetUI/UniGetUI/src/UniGetUI/UniGetUI.csproj]
/home/runner/work/UniGetUI/UniGetUI/src/UniGetUI/Pages/DialogPages/InstallOptions_Package.xaml.cs(64,13): error CS0103: The name 'FollowGlobalOptionsSwitch' does not exist in the current context [/home/runner/work/UniGetUI/UniGetUI/src/UniGetUI/UniGetUI.csproj]
/home/runner/work/UniGetUI/UniGetUI/src/UniGetUI/Pages/DialogPages/InstallOptions_Package.xaml.cs(85,13): error CS0103: The name 'PlaceholderText' does not exist in the current context [/home/runner/work/UniGetUI/UniGetUI/src/UniGetUI/UniGetUI.csproj]
/home/runner/work/UniGetUI/UniGetUI/src/UniGetUI/Pages/DialogPages/InstallOptions_Package.xaml.cs(87,13): error CS0103: The name 'KillProcessesLabel' does not exist in the current context [/home/runner/work/UniGetUI/UniGetUI/src/UniGetUI/UniGetUI.csproj]
/home/runner/work/UniGetUI/UniGetUI/src/UniGetUI/Pages/DialogPages/InstallOptions_Package.xaml.cs(88,13): error CS0103: The name 'KillProcessesBox' does not exist in the current context [/home/runner/work/UniGetUI/UniGetUI/src/UniGetUI/UniGetUI.csproj]
/home/runner/work/UniGetUI/UniGetUI/src/UniGetUI/Pages/DialogPages/InstallOptions_Package.xaml.cs(94,13): error CS0103: The name 'HashCheckbox' does not exist in the current context [/home/runner/work/UniGetUI/UniGetUI/src/UniGetUI/UniGetUI.csproj]
/home/runner/work/UniGetUI/UniGetUI/src/UniGetUI/Pages/DialogPages/InstallOptions_Package.xaml.cs(95,13): error CS0103: The name 'UninstallPreviousOnUpdate' does not exist in the current context [/home/runner/work/UniGetUI/UniGetUI/src/UniGetUI/UniGetUI.csproj]
/home/runner/work/UniGetUI/UniGetUI/src/UniGetUI/Pages/DialogPages/InstallOptions_Package.xaml.cs(114,17): error CS0103: The name 'IgnoreUpdatesCheckbox' does not exist in the current context [/home/runner/work/UniGetUI/UniGetUI/src/UniGetUI/UniGetUI.csproj]
/home/runner/work/UniGetUI/UniGetUI/src/UniGetUI/Pages/DialogPages/InstallOptions_Package.xaml.cs(134,13): error CS0103: The name 'SkipMinorUpdatesCheckbox' does not exist in the current context [/home/runner/work/UniGetUI/UniGetUI/src/UniGetUI/UniGetUI.csproj]
/home/runner/work/UniGetUI/UniGetUI/src/UniGetUI/Pages/DialogPages/InstallOptions_Package.xaml.cs(142,17): error CS0103: The name 'VersionProgress' does not exist in the current context [/home/runner/work/UniGetUI/UniGetUI/src/UniGetUI/UniGetUI.csproj]
/home/runner/work/UniGetUI/UniGetUI/src/UniGetUI/Pages/DialogPages/InstallOptions_Package.xaml.cs(145,13): error CS0103: The name 'ScopeCombo' does not exist in the current context [/home/runner/work/UniGetUI/UniGetUI/src/UniGetUI/UniGetUI.csproj]
/home/runner/work/UniGetUI/UniGetUI/src/UniGetUI/Pages/DialogPages/InstallOptions_Package.xaml.cs(146,13): error CS0103: The name 'ScopeCombo' does not exist in the current context [/home/runner/work/UniGetUI/UniGetUI/src/UniGetUI/UniGetUI.csproj]
/home/runner/work/UniGetUI/UniGetUI/src/UniGetUI/Pages/DialogPages/InstallOptions_Package.xaml.cs(149,17): error CS0103: The name 'ScopeCombo' does not exist in the current context [/home/runner/work/UniGetUI/UniGetUI/src/UniGetUI/UniGetUI.csproj]
/home/runner/work/UniGetUI/UniGetUI/src/UniGetUI/Pages/DialogPages/InstallOptions_Package.xaml.cs(152,21): error CS0103: The name 'ScopeCombo' does not exist in the current context [/home/runner/work/UniGetUI/UniGetUI/src/UniGetUI/UniGetUI.csproj]
/home/runner/work/UniGetUI/UniGetUI/src/UniGetUI/Pages/DialogPages/InstallOptions_Package.xaml.cs(155,17): error CS0103: The name 'ScopeCombo' does not exist in the current context [/home/runner/work/UniGetUI/UniGetUI/src/UniGetUI/UniGetUI.csproj]
/home/runner/work/UniGetUI/UniGetUI/src/UniGetUI/Pages/DialogPages/InstallOptions_Package.xaml.cs(158,21): error CS0103: The name 'ScopeCombo' does not exist in the current context [/home/runner/work/UniGetUI/UniGetUI/src/UniGetUI/UniGetUI.csproj]
/home/runner/work/UniGetUI/UniGetUI/src/UniGetUI/Pages/DialogPages/InstallOptions_Package.xaml.cs(167,54): error CS0103: The name 'CustomInstallLocation' does not exist in the current context [/home/runner/work/UniGetUI/UniGetUI/src/UniGetUI/UniGetUI.csproj]
/home/runner/work/UniGetUI/UniGetUI/src/UniGetUI/Pages/DialogPages/InstallOptions_Package.xaml.cs(168,18): error CS0103: The name 'CustomInstallLocation' does not exist in the current context [/home/runner/work/UniGetUI/UniGetUI/src/UniGetUI/UniGetUI.csproj]
/home/runner/work/UniGetUI/UniGetUI/src/UniGetUI/Pages/DialogPages/InstallOptions_Package.xaml.cs(170,13): error CS0103: The name 'CustomParameters1' does not exist in the current context [/home/runner/work/UniGetUI/UniGetUI/src/UniGetUI/UniGetUI.csproj]
/home/runner/work/UniGetUI/UniGetUI/src/UniGetUI/Pages/DialogPages/InstallOptions_Package.xaml.cs(171,13): error CS0103: The name 'CustomParameters2' does not exist in the current context [/home/runner/work/UniGetUI/UniGetUI/src/UniGetUI/UniGetUI.csproj]
/home/runner/work/UniGetUI/UniGetUI/src/UniGetUI/Pages/DialogPages/InstallOptions_Package.xaml.cs(172,13): error CS0103: The name 'CustomParameters3' does not exist in the current context [/home/runner/work/UniGetUI/UniGetUI/src/UniGetUI/UniGetUI.csproj]
/home/runner/work/UniGetUI/UniGetUI/src/UniGetUI/Pages/DialogPages/InstallOptions_Package.xaml.cs(174,13): error CS0103: The name 'PreInstallCommandBox' does not exist in the current context [/home/runner/work/UniGetUI/UniGetUI/src/UniGetUI/UniGetUI.csproj]
/home/runner/work/UniGetUI/UniGetUI/src/UniGetUI/Pages/DialogPages/InstallOptions_Package.xaml.cs(175,13): error CS0103: The name 'PostInstallCommandBox' does not exist in the current context [/home/runner/work/UniGetUI/UniGetUI/src/UniGetUI/UniGetUI.csproj]
/home/runner/work/UniGetUI/UniGetUI/src/UniGetUI/Pages/DialogPages/InstallOptions_Package.xaml.cs(176,13): error CS0103: The name 'PreUpdateCommandBox' does not exist in the current context [/home/runner/work/UniGetUI/UniGetUI/src/UniGetUI/UniGetUI.csproj]
/home/runner/work/UniGetUI/UniGetUI/src/UniGetUI/Pages/DialogPages/InstallOptions_Package.xaml.cs(177,13): error CS0103: The name 'PostUpdateCommandBox' does not exist in the current context [/home/runner/work/UniGetUI/UniGetUI/src/UniGetUI/UniGetUI.csproj]
/home/runner/work/UniGetUI/UniGetUI/src/UniGetUI/Pages/DialogPages/InstallOptions_Package.xaml.cs(178,13): error CS0103: The name 'PreUninstallCommandBox' does not exist in the current context [/home/runner/work/UniGetUI/UniGetUI/src/UniGetUI/UniGetUI.csproj]
/home/runner/work/UniGetUI/UniGetUI/src/UniGetUI/Pages/DialogPages/InstallOptions_Package.xaml.cs(179,13): error CS0103: The name 'PostUninstallCommandBox' does not exist in the current context [/home/runner/work/UniGetUI/UniGetUI/src/UniGetUI/UniGetUI.csproj]
/home/runner/work/UniGetUI/UniGetUI/src/UniGetUI/Pages/DialogPages/InstallOptions_Package.xaml.cs(180,13): error CS0103: The name 'AbortInsFailedCheck' does not exist in the current context [/home/runner/work/UniGetUI/UniGetUI/src/UniGetUI/UniGetUI.csproj]
/home/runner/work/UniGetUI/UniGetUI/src/UniGetUI/Pages/DialogPages/InstallOptions_Package.xaml.cs(181,13): error CS0103: The name 'AbortUpdFailedCheck' does not exist in the current context [/home/runner/work/UniGetUI/UniGetUI/src/UniGetUI/UniGetUI.csproj]
/home/runner/work/UniGetUI/UniGetUI/src/UniGetUI/Pages/DialogPages/InstallOptions_Package.xaml.cs(182,13): error CS0103: The name 'AbortUniFailedCheck' does not exist in the current context [/home/runner/work/UniGetUI/UniGetUI/src/UniGetUI/UniGetUI.csproj]
/home/runner/work/UniGetUI/UniGetUI/src/UniGetUI/Pages/DialogPages/DialogHelper_Packages.cs(190,17): error CS0117: 'Window' does not contain a definition for 'CloseButtonText' [/home/runner/work/UniGetUI/UniGetUI/src/UniGetUI/UniGetUI.csproj]
/home/runner/work/UniGetUI/UniGetUI/src/UniGetUI/Pages/DialogPages/DialogHelper_Packages.cs(191,17): error CS0117: 'Window' does not contain a definition for 'DefaultButton' [/home/runner/work/UniGetUI/UniGetUI/src/UniGetUI/UniGetUI.csproj]
/home/runner/work/UniGetUI/UniGetUI/src/UniGetUI/Pages/DialogPages/DialogHelper_Packages.cs(191,33): error CS0103: The name 'ContentDialogButton' does not exist in the current context [/home/runner/work/UniGetUI/UniGetUI/src/UniGetUI/UniGetUI.csproj]
/home/runner/work/UniGetUI/UniGetUI/src/UniGetUI/Pages/DialogPages/DialogHelper_Packages.cs(192,17): error CS0117: 'Window' does not contain a definition for 'XamlRoot' [/home/runner/work/UniGetUI/UniGetUI/src/UniGetUI/UniGetUI.csproj]
/home/runner/work/UniGetUI/UniGetUI/src/UniGetUI/Pages/DialogPages/DialogHelper_Packages.cs(192,64): error CS1061: 'object' does not contain a definition for 'XamlRoot' and no accessible extension method 'XamlRoot' accepting a first argument of type 'object' could be found (are you missing a using directive or an assembly reference?) [/home/runner/work/UniGetUI/UniGetUI/src/UniGetUI/UniGetUI.csproj]
/home/runner/work/UniGetUI/UniGetUI/src/UniGetUI/Pages/DialogPages/DialogHelper_Packages.cs(326,24): error CS0117: 'DialogHelper' does not contain a definition for 'ShowErrorDialog' [/home/runner/work/UniGetUI/UniGetUI/src/UniGetUI/UniGetUI.csproj]
/home/runner/work/UniGetUI/UniGetUI/src/UniGetUI/Pages/DialogPages/DialogHelper_Packages.cs(326,5): error CS4033: The 'await' operator can only be used within an async method. Consider marking this method with the 'async' modifier and changing its return type to 'Task'. [/home/runner/work/UniGetUI/UniGetUI/src/UniGetUI/UniGetUI.csproj]
/home/runner/work/UniGetUI/UniGetUI/src/UniGetUI/Pages/DialogPages/DialogHelper_Packages.cs(355,62): error CS0246: The type or namespace name 'ContentDialogResult' could not be found (are you missing a using directive or an assembly reference?) [/home/runner/work/UniGetUI/UniGetUI/src/UniGetUI/UniGetUI.csproj]
/home/runner/work/UniGetUI/UniGetUI/src/UniGetUI/Pages/DialogPages/DialogHelper_Infrastructure.cs(28,17): error CS0117: 'Window' does not contain a definition for 'XamlRoot' [/home/runner/work/UniGetUI/UniGetUI/src/UniGetUI/UniGetUI.csproj]
/home/runner/work/UniGetUI/UniGetUI/src/UniGetUI/Pages/DialogPages/DialogHelper_Infrastructure.cs(28,51): error CS1061: 'Grid' does not contain a definition for 'XamlRoot' and no accessible extension method 'XamlRoot' accepting a first argument of type 'Grid' could be found (are you missing a using directive or an assembly reference?) [/home/runner/work/UniGetUI/UniGetUI/src/UniGetUI/UniGetUI.csproj]
/home/runner/work/UniGetUI/UniGetUI/src/UniGetUI/Pages/DialogPages/DialogHelper_Infrastructure.cs(29,17): error CS0118: 'Style' is a type but is used like a variable [/home/runner/work/UniGetUI/UniGetUI/src/UniGetUI/UniGetUI.csproj]
/home/runner/work/UniGetUI/UniGetUI/src/UniGetUI/Pages/DialogPages/DialogHelper_Infrastructure.cs(29,17): error CS0747: Invalid initializer member declarator [/home/runner/work/UniGetUI/UniGetUI/src/UniGetUI/UniGetUI.csproj]
/home/runner/work/UniGetUI/UniGetUI/src/UniGetUI/Pages/DialogPages/InstallOptions_Package.xaml.cs(203,16): error CS0103: The name 'FollowGlobalOptionsSwitch' does not exist in the current context [/home/runner/work/UniGetUI/UniGetUI/src/UniGetUI/UniGetUI.csproj]
/home/runner/work/UniGetUI/UniGetUI/src/UniGetUI/Pages/DialogPages/InstallOptions_Package.xaml.cs(205,17): error CS0103: The name 'OptionsPanel0' does not exist in the current context [/home/runner/work/UniGetUI/UniGetUI/src/UniGetUI/UniGetUI.csproj]
/home/runner/work/UniGetUI/UniGetUI/src/UniGetUI/Pages/DialogPages/InstallOptions_Package.xaml.cs(206,17): error CS0103: The name 'SettingsSwitchPresenter' does not exist in the current context [/home/runner/work/UniGetUI/UniGetUI/src/UniGetUI/UniGetUI.csproj]
/home/runner/work/UniGetUI/UniGetUI/src/UniGetUI/Pages/DialogPages/InstallOptions_Package.xaml.cs(207,17): error CS0103: The name 'SettingsTabBar' does not exist in the current context [/home/runner/work/UniGetUI/UniGetUI/src/UniGetUI/UniGetUI.csproj]
/home/runner/work/UniGetUI/UniGetUI/src/UniGetUI/Pages/DialogPages/InstallOptions_Package.xaml.cs(208,17): error CS0103: The name 'OptionsPanelBase' does not exist in the current context [/home/runner/work/UniGetUI/UniGetUI/src/UniGetUI/UniGetUI.csproj]
/home/runner/work/UniGetUI/UniGetUI/src/UniGetUI/Pages/DialogPages/InstallOptions_Package.xaml.cs(209,17): error CS0103: The name 'PlaceholderBanner' does not exist in the current context [/home/runner/work/UniGetUI/UniGetUI/src/UniGetUI/UniGetUI.csproj]
/home/runner/work/UniGetUI/UniGetUI/src/UniGetUI/Pages/DialogPages/InstallOptions_Package.xaml.cs(213,17): error CS0103: The name 'OptionsPanel0' does not exist in the current context [/home/runner/work/UniGetUI/UniGetUI/src/UniGetUI/UniGetUI.csproj]
/home/runner/work/UniGetUI/UniGetUI/src/UniGetUI/Pages/DialogPages/InstallOptions_Package.xaml.cs(214,17): error CS0103: The name 'SettingsSwitchPresenter' does not exist in the current context [/home/runner/work/UniGetUI/UniGetUI/src/UniGetUI/UniGetUI.csproj]
/home/runner/work/UniGetUI/UniGetUI/src/UniGetUI/Pages/DialogPages/InstallOptions_Package.xaml.cs(215,17): error CS0103: The name 'SettingsTabBar' does not exist in the current context [/home/runner/work/UniGetUI/UniGetUI/src/UniGetUI/UniGetUI.csproj]
/home/runner/work/UniGetUI/UniGetUI/src/UniGetUI/Pages/DialogPages/InstallOptions_Package.xaml.cs(216,17): error CS0103: The name 'OptionsPanelBase' does not exist in the current context [/home/runner/work/UniGetUI/UniGetUI/src/UniGetUI/UniGetUI.csproj]
/home/runner/work/UniGetUI/UniGetUI/src/UniGetUI/Pages/DialogPages/InstallOptions_Package.xaml.cs(217,17): error CS0103: The name 'PlaceholderBanner' does not exist in the current context [/home/runner/work/UniGetUI/UniGetUI/src/UniGetUI/UniGetUI.csproj]
/home/runner/work/UniGetUI/UniGetUI/src/UniGetUI/Pages/DialogPages/InstallOptions_Package.xaml.cs(221,17): error CS0103: The name 'HashCheckbox' does not exist in the current context [/home/runner/work/UniGetUI/UniGetUI/src/UniGetUI/UniGetUI.csproj]
/home/runner/work/UniGetUI/UniGetUI/src/UniGetUI/Pages/DialogPages/InstallOptions_Package.xaml.cs(225,17): error CS0103: The name 'UninstallPreviousOnUpdate' does not exist in the current context [/home/runner/work/UniGetUI/UniGetUI/src/UniGetUI/UniGetUI.csproj]
/home/runner/work/UniGetUI/UniGetUI/src/UniGetUI/Pages/DialogPages/InstallOptions_Package.xaml.cs(226,17): error CS0103: The name 'UninstallPreviousOnUpdate' does not exist in the current context [/home/runner/work/UniGetUI/UniGetUI/src/UniGetUI/UniGetUI.csproj]
/home/runner/work/UniGetUI/UniGetUI/src/UniGetUI/Pages/DialogPages/InstallOptions_Package.xaml.cs(235,17): error CS0103: The name 'ScopeCombo' does not exist in the current context [/home/runner/work/UniGetUI/UniGetUI/src/UniGetUI/UniGetUI.csproj]
/home/runner/work/UniGetUI/UniGetUI/src/UniGetUI/Pages/DialogPages/InstallOptions_Package.xaml.cs(236,17): error CS0103: The name 'ResetDir' does not exist in the current context [/home/runner/work/UniGetUI/UniGetUI/src/UniGetUI/UniGetUI.csproj]
/home/runner/work/UniGetUI/UniGetUI/src/UniGetUI/Pages/DialogPages/InstallOptions_Package.xaml.cs(237,17): error CS0103: The name 'SelectDir' does not exist in the current context [/home/runner/work/UniGetUI/UniGetUI/src/UniGetUI/UniGetUI.csproj]
/home/runner/work/UniGetUI/UniGetUI/src/UniGetUI/Pages/DialogPages/InstallOptions_Package.xaml.cs(241,13): error CS0103: The name 'CustomParameters1' does not exist in the current context [/home/runner/work/UniGetUI/UniGetUI/src/UniGetUI/UniGetUI.csproj]
/home/runner/work/UniGetUI/UniGetUI/src/UniGetUI/Pages/DialogPages/InstallOptions_Package.xaml.cs(242,13): error CS0103: The name 'CustomParameters2' does not exist in the current context [/home/runner/work/UniGetUI/UniGetUI/src/UniGetUI/UniGetUI.csproj]
/home/runner/work/UniGetUI/UniGetUI/src/UniGetUI/Pages/DialogPages/InstallOptions_Package.xaml.cs(243,13): error CS0103: The name 'CustomParameters3' does not exist in the current context [/home/runner/work/UniGetUI/UniGetUI/src/UniGetUI/UniGetUI.csproj]
/home/runner/work/UniGetUI/UniGetUI/src/UniGetUI/Pages/DialogPages/InstallOptions_Package.xaml.cs(244,13): error CS0103: The name 'CustomParametersLabel1' does not exist in the current context [/home/runner/work/UniGetUI/UniGetUI/src/UniGetUI/UniGetUI.csproj]
/home/runner/work/UniGetUI/UniGetUI/src/UniGetUI/Pages/DialogPages/InstallOptions_Package.xaml.cs(245,13): error CS0103: The name 'CustomParametersLabel2' does not exist in the current context [/home/runner/work/UniGetUI/UniGetUI/src/UniGetUI/UniGetUI.csproj]
/home/runner/work/UniGetUI/UniGetUI/src/UniGetUI/Pages/DialogPages/InstallOptions_Package.xaml.cs(246,13): error CS0103: The name 'CustomParametersLabel3' does not exist in the current context [/home/runner/work/UniGetUI/UniGetUI/src/UniGetUI/UniGetUI.csproj]
/home/runner/work/UniGetUI/UniGetUI/src/UniGetUI/Pages/DialogPages/InstallOptions_Package.xaml.cs(247,13): error CS0103: The name 'GoToCLISettings' does not exist in the current context [/home/runner/work/UniGetUI/UniGetUI/src/UniGetUI/UniGetUI.csproj]
/home/runner/work/UniGetUI/UniGetUI/src/UniGetUI/Pages/DialogPages/InstallOptions_Package.xaml.cs(248,13): error CS0103: The name 'CLIDisabled' does not exist in the current context [/home/runner/work/UniGetUI/UniGetUI/src/UniGetUI/UniGetUI.csproj]
/home/runner/work/UniGetUI/UniGetUI/src/UniGetUI/Pages/DialogPages/InstallOptions_Package.xaml.cs(251,13): error CS0103: The name 'PreInstallCommandBox' does not exist in the current context [/home/runner/work/UniGetUI/UniGetUI/src/UniGetUI/UniGetUI.csproj]
/home/runner/work/UniGetUI/UniGetUI/src/UniGetUI/Pages/DialogPages/InstallOptions_Package.xaml.cs(252,13): error CS0103: The name 'PostInstallCommandBox' does not exist in the current context [/home/runner/work/UniGetUI/UniGetUI/src/UniGetUI/UniGetUI.csproj]
/home/runner/work/UniGetUI/UniGetUI/src/UniGetUI/Pages/DialogPages/InstallOptions_Package.xaml.cs(253,13): error CS0103: The name 'AbortInsFailedCheck' does not exist in the current context [/home/runner/work/UniGetUI/UniGetUI/src/UniGetUI/UniGetUI.csproj]
/home/runner/work/UniGetUI/UniGetUI/src/UniGetUI/Pages/DialogPages/InstallOptions_Package.xaml.cs(254,13): error CS0103: The name 'PreUpdateCommandBox' does not exist in the current context [/home/runner/work/UniGetUI/UniGetUI/src/UniGetUI/UniGetUI.csproj]
/home/runner/work/UniGetUI/UniGetUI/src/UniGetUI/Pages/DialogPages/InstallOptions_Package.xaml.cs(255,13): error CS0103: The name 'PostUpdateCommandBox' does not exist in the current context [/home/runner/work/UniGetUI/UniGetUI/src/UniGetUI/UniGetUI.csproj]
/home/runner/work/UniGetUI/UniGetUI/src/UniGetUI/Pages/DialogPages/InstallOptions_Package.xaml.cs(256,13): error CS0103: The name 'AbortUpdFailedCheck' does not exist in the current context [/home/runner/work/UniGetUI/UniGetUI/src/UniGetUI/UniGetUI.csproj]
/home/runner/work/UniGetUI/UniGetUI/src/UniGetUI/Pages/DialogPages/InstallOptions_Package.xaml.cs(257,13): error CS0103: The name 'PreUninstallCommandBox' does not exist in the current context [/home/runner/work/UniGetUI/UniGetUI/src/UniGetUI/UniGetUI.csproj]
/home/runner/work/UniGetUI/UniGetUI/src/UniGetUI/Pages/DialogPages/InstallOptions_Package.xaml.cs(258,13): error CS0103: The name 'PostUninstallCommandBox' does not exist in the current context [/home/runner/work/UniGetUI/UniGetUI/src/UniGetUI/UniGetUI.csproj]
/home/runner/work/UniGetUI/UniGetUI/src/UniGetUI/Pages/DialogPages/InstallOptions_Package.xaml.cs(259,13): error CS0103: The name 'AbortUniFailedCheck' does not exist in the current context [/home/runner/work/UniGetUI/UniGetUI/src/UniGetUI/UniGetUI.csproj]
/home/runner/work/UniGetUI/UniGetUI/src/UniGetUI/Pages/DialogPages/InstallOptions_Package.xaml.cs(260,13): error CS0103: The name 'PeInsLabel' does not exist in the current context [/home/runner/work/UniGetUI/UniGetUI/src/UniGetUI/UniGetUI.csproj]
/home/runner/work/UniGetUI/UniGetUI/src/UniGetUI/Pages/DialogPages/InstallOptions_Package.xaml.cs(261,13): error CS0103: The name 'PoInsLabel' does not exist in the current context [/home/runner/work/UniGetUI/UniGetUI/src/UniGetUI/UniGetUI.csproj]
/home/runner/work/UniGetUI/UniGetUI/src/UniGetUI/Pages/DialogPages/InstallOptions_Package.xaml.cs(262,13): error CS0103: The name 'PeUpdLabel' does not exist in the current context [/home/runner/work/UniGetUI/UniGetUI/src/UniGetUI/UniGetUI.csproj]
/home/runner/work/UniGetUI/UniGetUI/src/UniGetUI/Pages/DialogPages/InstallOptions_Package.xaml.cs(263,13): error CS0103: The name 'PoUpdLabel' does not exist in the current context [/home/runner/work/UniGetUI/UniGetUI/src/UniGetUI/UniGetUI.csproj]
/home/runner/work/UniGetUI/UniGetUI/src/UniGetUI/Pages/DialogPages/InstallOptions_Package.xaml.cs(264,13): error CS0103: The name 'PeUniLabel' does not exist in the current context [/home/runner/work/UniGetUI/UniGetUI/src/UniGetUI/UniGetUI.csproj]
/home/runner/work/UniGetUI/UniGetUI/src/UniGetUI/Pages/DialogPages/InstallOptions_Package.xaml.cs(265,13): error CS0103: The name 'PoUniLabel' does not exist in the current context [/home/runner/work/UniGetUI/UniGetUI/src/UniGetUI/UniGetUI.csproj]
/home/runner/work/UniGetUI/UniGetUI/src/UniGetUI/Pages/DialogPages/InstallOptions_Package.xaml.cs(266,13): error CS0103: The name 'CustomCommandsHeaderExplainer' does not exist in the current context [/home/runner/work/UniGetUI/UniGetUI/src/UniGetUI/UniGetUI.csproj]
/home/runner/work/UniGetUI/UniGetUI/src/UniGetUI/Pages/DialogPages/InstallOptions_Package.xaml.cs(267,13): error CS0103: The name 'GoToPrePostSettings' does not exist in the current context [/home/runner/work/UniGetUI/UniGetUI/src/UniGetUI/UniGetUI.csproj]
/home/runner/work/UniGetUI/UniGetUI/src/UniGetUI/Pages/DialogPages/InstallOptions_Package.xaml.cs(268,13): error CS0103: The name 'PrePostDisabled' does not exist in the current context [/home/runner/work/UniGetUI/UniGetUI/src/UniGetUI/UniGetUI.csproj]
/home/runner/work/UniGetUI/UniGetUI/src/UniGetUI/Pages/DialogPages/InstallOptions_Package.xaml.cs(275,13): error CS0103: The name 'IgnoreUpdatesCheckbox' does not exist in the current context [/home/runner/work/UniGetUI/UniGetUI/src/UniGetUI/UniGetUI.csproj]
/home/runner/work/UniGetUI/UniGetUI/src/UniGetUI/Pages/DialogPages/InstallOptions_Package.xaml.cs(280,13): error CS0103: The name 'IgnoreUpdatesCheckbox' does not exist in the current context [/home/runner/work/UniGetUI/UniGetUI/src/UniGetUI/UniGetUI.csproj]
/home/runner/work/UniGetUI/UniGetUI/src/UniGetUI/Pages/DialogPages/InstallOptions_Package.xaml.cs(295,13): error CS0103: The name 'VersionProgress' does not exist in the current context [/home/runner/work/UniGetUI/UniGetUI/src/UniGetUI/UniGetUI.csproj]
/home/runner/work/UniGetUI/UniGetUI/src/UniGetUI/Pages/DialogPages/DialogHelper_Infrastructure.cs(45,32): error CS1061: 'MainWindow' does not contain a definition for 'NavigationPage' and no accessible extension method 'NavigationPage' accepting a first argument of type 'MainWindow' could be found (are you missing a using directive or an assembly reference?) [/home/runner/work/UniGetUI/UniGetUI/src/UniGetUI/UniGetUI.csproj]
/home/runner/work/UniGetUI/UniGetUI/src/UniGetUI/Pages/DialogPages/DialogHelper_Infrastructure.cs(46,37): error CS1061: 'MainWindow' does not contain a definition for 'NavigationPage' and no accessible extension method 'NavigationPage' accepting a first argument of type 'MainWindow' could be found (are you missing a using directive or an assembly reference?) [/home/runner/work/UniGetUI/UniGetUI/src/UniGetUI/UniGetUI.csproj]
/home/runner/work/UniGetUI/UniGetUI/src/UniGetUI/Pages/DialogPages/DialogHelper_Infrastructure.cs(47,40): error CS1061: 'MainWindow' does not contain a definition for 'NavigationPage' and no accessible extension method 'NavigationPage' accepting a first argument of type 'MainWindow' could be found (are you missing a using directive or an assembly reference?) [/home/runner/work/UniGetUI/UniGetUI/src/UniGetUI/UniGetUI.csproj]
/home/runner/work/UniGetUI/UniGetUI/src/UniGetUI/Pages/DialogPages/DialogHelper_Infrastructure.cs(49,32): error CS1061: 'MainWindow' does not contain a definition for 'NavigationPage' and no accessible extension method 'NavigationPage' accepting a first argument of type 'MainWindow' could be found (are you missing a using directive or an assembly reference?) [/home/runner/work/UniGetUI/UniGetUI/src/UniGetUI/UniGetUI.csproj]
/home/runner/work/UniGetUI/UniGetUI/src/UniGetUI/Pages/DialogPages/DialogHelper_Infrastructure.cs(50,37): error CS1061: 'MainWindow' does not contain a definition for 'NavigationPage' and no accessible extension method 'NavigationPage' accepting a first argument of type 'MainWindow' could be found (are you missing a using directive or an assembly reference?) [/home/runner/work/UniGetUI/UniGetUI/src/UniGetUI/UniGetUI.csproj]
/home/runner/work/UniGetUI/UniGetUI/src/UniGetUI/Pages/DialogPages/DialogHelper_Infrastructure.cs(51,40): error CS1061: 'MainWindow' does not contain a definition for 'NavigationPage' and no accessible extension method 'NavigationPage' accepting a first argument of type 'MainWindow' could be found (are you missing a using directive or an assembly reference?) [/home/runner/work/UniGetUI/UniGetUI/src/UniGetUI/UniGetUI.csproj]
/home/runner/work/UniGetUI/UniGetUI/src/UniGetUI/Pages/DialogPages/DialogHelper_Infrastructure.cs(53,59): error CS1061: 'MainWindow' does not contain a definition for 'NavigationPage' and no accessible extension method 'NavigationPage' accepting a first argument of type 'MainWindow' could be found (are you missing a using directive or an assembly reference?) [/home/runner/work/UniGetUI/UniGetUI/src/UniGetUI/UniGetUI.csproj]
/home/runner/work/UniGetUI/UniGetUI/src/UniGetUI/Pages/DialogPages/DialogHelper_Infrastructure.cs(54,60): error CS1061: 'MainWindow' does not contain a definition for 'NavigationPage' and no accessible extension method 'NavigationPage' accepting a first argument of type 'MainWindow' could be found (are you missing a using directive or an assembly reference?) [/home/runner/work/UniGetUI/UniGetUI/src/UniGetUI/UniGetUI.csproj]
/home/runner/work/UniGetUI/UniGetUI/src/UniGetUI/Pages/DialogPages/InstallOptions_Package.xaml.cs(303,37): error CS0103: The name 'HashCheckbox' does not exist in the current context [/home/runner/work/UniGetUI/UniGetUI/src/UniGetUI/UniGetUI.csproj]
/home/runner/work/UniGetUI/UniGetUI/src/UniGetUI/Pages/DialogPages/InstallOptions_Package.xaml.cs(304,57): error CS0103: The name 'UninstallPreviousOnUpdate' does not exist in the current context [/home/runner/work/UniGetUI/UniGetUI/src/UniGetUI/UniGetUI.csproj]
/home/runner/work/UniGetUI/UniGetUI/src/UniGetUI/Pages/DialogPages/InstallOptions_Package.xaml.cs(305,47): error CS0103: The name 'FollowGlobalOptionsSwitch' does not exist in the current context [/home/runner/work/UniGetUI/UniGetUI/src/UniGetUI/UniGetUI.csproj]
/home/runner/work/UniGetUI/UniGetUI/src/UniGetUI/Pages/DialogPages/InstallOptions_Package.xaml.cs(315,29): error CS0103: The name 'ScopeCombo' does not exist in the current context [/home/runner/work/UniGetUI/UniGetUI/src/UniGetUI/UniGetUI.csproj]
/home/runner/work/UniGetUI/UniGetUI/src/UniGetUI/Pages/DialogPages/InstallOptions_Package.xaml.cs(321,17): error CS0103: The name 'CustomInstallLocation' does not exist in the current context [/home/runner/work/UniGetUI/UniGetUI/src/UniGetUI/UniGetUI.csproj]
/home/runner/work/UniGetUI/UniGetUI/src/UniGetUI/Pages/DialogPages/InstallOptions_Package.xaml.cs(322,50): error CS0103: The name 'CustomInstallLocation' does not exist in the current context [/home/runner/work/UniGetUI/UniGetUI/src/UniGetUI/UniGetUI.csproj]
/home/runner/work/UniGetUI/UniGetUI/src/UniGetUI/Pages/DialogPages/InstallOptions_Package.xaml.cs(324,48): error CS0103: The name 'CustomParameters1' does not exist in the current context [/home/runner/work/UniGetUI/UniGetUI/src/UniGetUI/UniGetUI.csproj]
/home/runner/work/UniGetUI/UniGetUI/src/UniGetUI/Pages/DialogPages/InstallOptions_Package.xaml.cs(325,47): error CS0103: The name 'CustomParameters2' does not exist in the current context [/home/runner/work/UniGetUI/UniGetUI/src/UniGetUI/UniGetUI.csproj]
/home/runner/work/UniGetUI/UniGetUI/src/UniGetUI/Pages/DialogPages/InstallOptions_Package.xaml.cs(326,50): error CS0103: The name 'CustomParameters3' does not exist in the current context [/home/runner/work/UniGetUI/UniGetUI/src/UniGetUI/UniGetUI.csproj]
/home/runner/work/UniGetUI/UniGetUI/src/UniGetUI/Pages/DialogPages/InstallOptions_Package.xaml.cs(329,41): error CS0103: The name 'PreInstallCommandBox' does not exist in the current context [/home/runner/work/UniGetUI/UniGetUI/src/UniGetUI/UniGetUI.csproj]
/home/runner/work/UniGetUI/UniGetUI/src/UniGetUI/Pages/DialogPages/InstallOptions_Package.xaml.cs(330,42): error CS0103: The name 'PostInstallCommandBox' does not exist in the current context [/home/runner/work/UniGetUI/UniGetUI/src/UniGetUI/UniGetUI.csproj]
/home/runner/work/UniGetUI/UniGetUI/src/UniGetUI/Pages/DialogPages/InstallOptions_Package.xaml.cs(331,40): error CS0103: The name 'PreUpdateCommandBox' does not exist in the current context [/home/runner/work/UniGetUI/UniGetUI/src/UniGetUI/UniGetUI.csproj]
/home/runner/work/UniGetUI/UniGetUI/src/UniGetUI/Pages/DialogPages/InstallOptions_Package.xaml.cs(332,41): error CS0103: The name 'PostUpdateCommandBox' does not exist in the current context [/home/runner/work/UniGetUI/UniGetUI/src/UniGetUI/UniGetUI.csproj]
/home/runner/work/UniGetUI/UniGetUI/src/UniGetUI/Pages/DialogPages/InstallOptions_Package.xaml.cs(333,43): error CS0103: The name 'PreUninstallCommandBox' does not exist in the current context [/home/runner/work/UniGetUI/UniGetUI/src/UniGetUI/UniGetUI.csproj]
/home/runner/work/UniGetUI/UniGetUI/src/UniGetUI/Pages/DialogPages/InstallOptions_Package.xaml.cs(334,44): error CS0103: The name 'PostUninstallCommandBox' does not exist in the current context [/home/runner/work/UniGetUI/UniGetUI/src/UniGetUI/UniGetUI.csproj]
/home/runner/work/UniGetUI/UniGetUI/src/UniGetUI/Pages/DialogPages/InstallOptions_Package.xaml.cs(335,45): error CS0103: The name 'AbortInsFailedCheck' does not exist in the current context [/home/runner/work/UniGetUI/UniGetUI/src/UniGetUI/UniGetUI.csproj]
/home/runner/work/UniGetUI/UniGetUI/src/UniGetUI/Pages/DialogPages/InstallOptions_Package.xaml.cs(336,44): error CS0103: The name 'AbortUpdFailedCheck' does not exist in the current context [/home/runner/work/UniGetUI/UniGetUI/src/UniGetUI/UniGetUI.csproj]
/home/runner/work/UniGetUI/UniGetUI/src/UniGetUI/Pages/DialogPages/InstallOptions_Package.xaml.cs(337,47): error CS0103: The name 'AbortUniFailedCheck' does not exist in the current context [/home/runner/work/UniGetUI/UniGetUI/src/UniGetUI/UniGetUI.csproj]
/home/runner/work/UniGetUI/UniGetUI/src/UniGetUI/Pages/DialogPages/InstallOptions_Package.xaml.cs(350,40): error CS0103: The name 'SkipMinorUpdatesCheckbox' does not exist in the current context [/home/runner/work/UniGetUI/UniGetUI/src/UniGetUI/UniGetUI.csproj]
/home/runner/work/UniGetUI/UniGetUI/src/UniGetUI/Pages/DialogPages/InstallOptions_Package.xaml.cs(354,71): error CS0103: The name 'KillProcessesThatWontDie' does not exist in the current context [/home/runner/work/UniGetUI/UniGetUI/src/UniGetUI/UniGetUI.csproj]
/home/runner/work/UniGetUI/UniGetUI/src/UniGetUI/Pages/DialogPages/InstallOptions_Package.xaml.cs(356,21): error CS0103: The name 'IgnoreUpdatesCheckbox' does not exist in the current context [/home/runner/work/UniGetUI/UniGetUI/src/UniGetUI/UniGetUI.csproj]
/home/runner/work/UniGetUI/UniGetUI/src/UniGetUI/Services/UserAvatar.cs(147,76): error CS1061: 'MainWindow' does not contain a definition for 'NavigationPage' and no accessible extension method 'NavigationPage' accepting a first argument of type 'MainWindow' could be found (are you missing a using directive or an assembly reference?) [/home/runner/work/UniGetUI/UniGetUI/src/UniGetUI/UniGetUI.csproj]
/home/runner/work/UniGetUI/UniGetUI/src/UniGetUI/Services/UserAvatar.cs(171,29): error CS0103: The name 'FlyoutPlacementMode' does not exist in the current context [/home/runner/work/UniGetUI/UniGetUI/src/UniGetUI/UniGetUI.csproj]
/home/runner/work/UniGetUI/UniGetUI/src/UniGetUI/Pages/DialogPages/InstallOptions_Package.xaml.cs(373,97): error CS1061: 'MainWindow' does not contain a definition for 'GetWindowHandle' and no accessible extension method 'GetWindowHandle' accepting a first argument of type 'MainWindow' could be found (are you missing a using directive or an assembly reference?) [/home/runner/work/UniGetUI/UniGetUI/src/UniGetUI/UniGetUI.csproj]
/home/runner/work/UniGetUI/UniGetUI/src/UniGetUI/Pages/DialogPages/InstallOptions_Package.xaml.cs(377,17): error CS0103: The name 'CustomInstallLocation' does not exist in the current context [/home/runner/work/UniGetUI/UniGetUI/src/UniGetUI/UniGetUI.csproj]
/home/runner/work/UniGetUI/UniGetUI/src/UniGetUI/Pages/DialogPages/InstallOptions_Package.xaml.cs(384,13): error CS0103: The name 'CustomInstallLocation' does not exist in the current context [/home/runner/work/UniGetUI/UniGetUI/src/UniGetUI/UniGetUI.csproj]
/home/runner/work/UniGetUI/UniGetUI/src/UniGetUI/Pages/DialogPages/InstallOptions_Package.xaml.cs(414,13): error CS0103: The name 'CommandBox' does not exist in the current context [/home/runner/work/UniGetUI/UniGetUI/src/UniGetUI/UniGetUI.csproj]
/home/runner/work/UniGetUI/UniGetUI/src/UniGetUI/Pages/DialogPages/InstallOptions_Package.xaml.cs(419,27): error CS1061: 'StackPanel' does not contain a definition for 'ActualSize' and no accessible extension method 'ActualSize' accepting a first argument of type 'StackPanel' could be found (are you missing a using directive or an assembly reference?) [/home/runner/work/UniGetUI/UniGetUI/src/UniGetUI/UniGetUI.csproj]
/home/runner/work/UniGetUI/UniGetUI/src/UniGetUI/Pages/DialogPages/InstallOptions_Package.xaml.cs(419,58): error CS1061: 'StackPanel' does not contain a definition for 'ActualSize' and no accessible extension method 'ActualSize' accepting a first argument of type 'StackPanel' could be found (are you missing a using directive or an assembly reference?) [/home/runner/work/UniGetUI/UniGetUI/src/UniGetUI/UniGetUI.csproj]
/home/runner/work/UniGetUI/UniGetUI/src/UniGetUI/Pages/DialogPages/InstallOptions_Package.xaml.cs(419,121): error CS1061: 'StackPanel' does not contain a definition for 'ActualSize' and no accessible extension method 'ActualSize' accepting a first argument of type 'StackPanel' could be found (are you missing a using directive or an assembly reference?) [/home/runner/work/UniGetUI/UniGetUI/src/UniGetUI/UniGetUI.csproj]
/home/runner/work/UniGetUI/UniGetUI/src/UniGetUI/Services/UserAvatar.cs(236,30): error CS1729: 'FontWeight' does not contain a constructor that takes 1 arguments [/home/runner/work/UniGetUI/UniGetUI/src/UniGetUI/UniGetUI.csproj]
/home/runner/work/UniGetUI/UniGetUI/src/UniGetUI/Services/UserAvatar.cs(299,29): error CS0103: The name 'FlyoutPlacementMode' does not exist in the current context [/home/runner/work/UniGetUI/UniGetUI/src/UniGetUI/UniGetUI.csproj]
/home/runner/work/UniGetUI/UniGetUI/src/UniGetUI/Pages/DialogPages/InstallOptions_Package.xaml.cs(424,13): error CS0103: The name 'FollowGlobalOptionsSwitch' does not exist in the current context [/home/runner/work/UniGetUI/UniGetUI/src/UniGetUI/UniGetUI.csproj]
/home/runner/work/UniGetUI/UniGetUI/src/UniGetUI/Pages/DialogPages/InstallOptions_Package.xaml.cs(443,18): error CS1061: 'object' does not contain a definition for 'Item' and no accessible extension method 'Item' accepting a first argument of type 'object' could be found (are you missing a using directive or an assembly reference?) [/home/runner/work/UniGetUI/UniGetUI/src/UniGetUI/UniGetUI.csproj]
/home/runner/work/UniGetUI/UniGetUI/src/UniGetUI/Pages/DialogPages/InstallOptions_Package.xaml.cs(443,92): error CS1061: 'object' does not contain a definition for 'TokenText' and no accessible extension method 'TokenText' accepting a first argument of type 'object' could be found (are you missing a using directive or an assembly reference?) [/home/runner/work/UniGetUI/UniGetUI/src/UniGetUI/UniGetUI.csproj]
/home/runner/work/UniGetUI/UniGetUI/src/UniGetUI/Pages/DialogPages/InstallOptions_Package.xaml.cs(444,21): error CS1061: 'object' does not contain a definition for 'Item' and no accessible extension method 'Item' accepting a first argument of type 'object' could be found (are you missing a using directive or an assembly reference?) [/home/runner/work/UniGetUI/UniGetUI/src/UniGetUI/UniGetUI.csproj]
/home/runner/work/UniGetUI/UniGetUI/src/UniGetUI/Pages/DialogPages/InstallOptions_Package.xaml.cs(446,36): error CS1061: 'object' does not contain a definition for 'TokenText' and no accessible extension method 'TokenText' accepting a first argument of type 'object' could be found (are you missing a using directive or an assembly reference?) [/home/runner/work/UniGetUI/UniGetUI/src/UniGetUI/UniGetUI.csproj]
/home/runner/work/UniGetUI/UniGetUI/src/UniGetUI/Pages/DialogPages/InstallOptions_Package.xaml.cs(448,22): error CS1061: 'object' does not contain a definition for 'Item' and no accessible extension method 'Item' accepting a first argument of type 'object' could be found (are you missing a using directive or an assembly reference?) [/home/runner/work/UniGetUI/UniGetUI/src/UniGetUI/UniGetUI.csproj]
/home/runner/work/UniGetUI/UniGetUI/src/UniGetUI/Pages/DialogPages/InstallOptions_Package.xaml.cs(455,24): error CS0103: The name 'KillProcessesBox' does not exist in the current context [/home/runner/work/UniGetUI/UniGetUI/src/UniGetUI/UniGetUI.csproj]
/home/runner/work/UniGetUI/UniGetUI/src/UniGetUI/Pages/DialogPages/InstallOptions_Package.xaml.cs(457,25): error CS0103: The name 'KillProcessesBox' does not exist in the current context [/home/runner/work/UniGetUI/UniGetUI/src/UniGetUI/UniGetUI.csproj]
/home/runner/work/UniGetUI/UniGetUI/src/UniGetUI/Pages/DialogPages/InstallOptions_Package.xaml.cs(466,83): error CS0103: The name 'KillProcessesBox' does not exist in the current context [/home/runner/work/UniGetUI/UniGetUI/src/UniGetUI/UniGetUI.csproj]
/home/runner/work/UniGetUI/UniGetUI/src/UniGetUI/Pages/DialogPages/InstallOptions_Package.xaml.cs(475,13): error CS0103: The name 'CommandLineViewBox' does not exist in the current context [/home/runner/work/UniGetUI/UniGetUI/src/UniGetUI/UniGetUI.csproj]
/home/runner/work/UniGetUI/UniGetUI/src/UniGetUI/Pages/DialogPages/InstallOptions_Package.xaml.cs(475,44): error CS0103: The name 'SettingsTabBar' does not exist in the current context [/home/runner/work/UniGetUI/UniGetUI/src/UniGetUI/UniGetUI.csproj]
/home/runner/work/UniGetUI/UniGetUI/src/UniGetUI/Pages/DialogPages/InstallOptions_Package.xaml.cs(480,13): error CS0103: The name 'CloseButton' does not exist in the current context [/home/runner/work/UniGetUI/UniGetUI/src/UniGetUI/UniGetUI.csproj]
/home/runner/work/UniGetUI/UniGetUI/src/UniGetUI/Pages/DialogPages/InstallOptions_Package.xaml.cs(481,13): error CS0103: The name 'CloseButton' does not exist in the current context [/home/runner/work/UniGetUI/UniGetUI/src/UniGetUI/UniGetUI.csproj]
    362 Warning(s)
    656 Error(s)

Time Elapsed 00:00:14.78
